fail: 2023-09-13 21:08:39.2651208 +08:00 星期三 L Admin.NET.Core.Service.QiNiuFileExtendService[0] #30
      [Microsoft.Extensions.Logging.Abstractions.dll] void Microsoft.Extensions.Logging.LoggerExtensions.LogError(ILogger logger, string message, params object[] args)
      同步文件出错612
fail: 2023-09-13 22:01:05.8422188 +08:00 星期三 L Microsoft.AspNetCore.Diagnostics.DeveloperExceptionPageMiddleware[1] #31
      [Microsoft.AspNetCore.Diagnostics.dll] void Microsoft.AspNetCore.Diagnostics.DiagnosticsLoggerExtensions.UnhandledException(ILogger logger, Exception exception)
      An unhandled exception has occurred while executing the request.      
      ++++++++++++++++++++++++++++++++++++++++++++++++++++++++
      Swashbuckle.AspNetCore.SwaggerGen.SwaggerGeneratorException: Conflicting method/path combination "POST app/api/Mid" for actions - Admin.NET.Web.Entry.Controllers.MidController.FetchMidUrlToQiniu (Admin.NET.Web.Entry),Admin.NET.Web.Entry.Controllers.MidController.FetchMidUrlToQiniu (Admin.NET.Web.Entry). Actions require a unique method/path combination for Swagger/OpenAPI 3.0. Use ConflictingActionsResolver as a workaround
         at Swashbuckle.AspNetCore.SwaggerGen.SwaggerGenerator.GenerateOperations(IEnumerable`1 apiDescriptions, SchemaRepository schemaRepository)
         at Swashbuckle.AspNetCore.SwaggerGen.SwaggerGenerator.GeneratePaths(IEnumerable`1 apiDescriptions, SchemaRepository schemaRepository)
         at Swashbuckle.AspNetCore.SwaggerGen.SwaggerGenerator.GetSwaggerDocumentWithoutFilters(String documentName, String host, String basePath)
         at Swashbuckle.AspNetCore.SwaggerGen.SwaggerGenerator.GetSwaggerAsync(String documentName, String host, String basePath)
         at Swashbuckle.AspNetCore.Swagger.SwaggerMiddleware.Invoke(HttpContext httpContext, ISwaggerProvider swaggerProvider)
         at IGeekFan.AspNetCore.Knife4jUI.Knife4jUIMiddleware.Invoke(HttpContext httpContext)
         at Furion.Schedule.ScheduleUIMiddleware.InvokeAsync(HttpContext context)
         at Microsoft.AspNetCore.Authorization.AuthorizationMiddleware.Invoke(HttpContext context)
         at Microsoft.AspNetCore.Authentication.AuthenticationMiddleware.Invoke(HttpContext context)
         at AspNetCoreRateLimit.RateLimitMiddleware`1.Invoke(HttpContext context) in C:\Users\User\Documents\Github\AspNetCoreRateLimit\src\AspNetCoreRateLimit\Middleware\RateLimitMiddleware.cs:line 124
         at AspNetCoreRateLimit.RateLimitMiddleware`1.Invoke(HttpContext context) in C:\Users\User\Documents\Github\AspNetCoreRateLimit\src\AspNetCoreRateLimit\Middleware\RateLimitMiddleware.cs:line 124
         at Microsoft.AspNetCore.Localization.RequestLocalizationMiddleware.Invoke(HttpContext context)
         at Furion.UnifyResult.UnifyResultStatusCodesMiddleware.InvokeAsync(HttpContext context)
         at Microsoft.AspNetCore.Diagnostics.DeveloperExceptionPageMiddleware.Invoke(HttpContext context)
      ++++++++++++++++++++++++++++++++++++++++++++++++++++++++
fail: 2023-09-13 22:01:55.2557124 +08:00 星期三 L Microsoft.AspNetCore.Diagnostics.DeveloperExceptionPageMiddleware[1] #3
      [Microsoft.AspNetCore.Diagnostics.dll] void Microsoft.AspNetCore.Diagnostics.DiagnosticsLoggerExtensions.UnhandledException(ILogger logger, Exception exception)
      An unhandled exception has occurred while executing the request.      
      ++++++++++++++++++++++++++++++++++++++++++++++++++++++++
      Swashbuckle.AspNetCore.SwaggerGen.SwaggerGeneratorException: Conflicting method/path combination "POST app/api/Mid" for actions - Admin.NET.Web.Entry.Controllers.MidController.FetchMidUrlToQiniu (Admin.NET.Web.Entry),Admin.NET.Web.Entry.Controllers.MidController.FetchMidUrlsToQiniu (Admin.NET.Web.Entry). Actions require a unique method/path combination for Swagger/OpenAPI 3.0. Use ConflictingActionsResolver as a workaround
         at Swashbuckle.AspNetCore.SwaggerGen.SwaggerGenerator.GenerateOperations(IEnumerable`1 apiDescriptions, SchemaRepository schemaRepository)
         at Swashbuckle.AspNetCore.SwaggerGen.SwaggerGenerator.GeneratePaths(IEnumerable`1 apiDescriptions, SchemaRepository schemaRepository)
         at Swashbuckle.AspNetCore.SwaggerGen.SwaggerGenerator.GetSwaggerDocumentWithoutFilters(String documentName, String host, String basePath)
         at Swashbuckle.AspNetCore.SwaggerGen.SwaggerGenerator.GetSwaggerAsync(String documentName, String host, String basePath)
         at Swashbuckle.AspNetCore.Swagger.SwaggerMiddleware.Invoke(HttpContext httpContext, ISwaggerProvider swaggerProvider)
         at IGeekFan.AspNetCore.Knife4jUI.Knife4jUIMiddleware.Invoke(HttpContext httpContext)
         at Furion.Schedule.ScheduleUIMiddleware.InvokeAsync(HttpContext context)
         at Microsoft.AspNetCore.Authorization.AuthorizationMiddleware.Invoke(HttpContext context)
         at Microsoft.AspNetCore.Authentication.AuthenticationMiddleware.Invoke(HttpContext context)
         at AspNetCoreRateLimit.RateLimitMiddleware`1.Invoke(HttpContext context) in C:\Users\User\Documents\Github\AspNetCoreRateLimit\src\AspNetCoreRateLimit\Middleware\RateLimitMiddleware.cs:line 124
         at AspNetCoreRateLimit.RateLimitMiddleware`1.Invoke(HttpContext context) in C:\Users\User\Documents\Github\AspNetCoreRateLimit\src\AspNetCoreRateLimit\Middleware\RateLimitMiddleware.cs:line 124
         at Microsoft.AspNetCore.Localization.RequestLocalizationMiddleware.Invoke(HttpContext context)
         at Furion.UnifyResult.UnifyResultStatusCodesMiddleware.InvokeAsync(HttpContext context)
         at Microsoft.AspNetCore.Diagnostics.DeveloperExceptionPageMiddleware.Invoke(HttpContext context)
      ++++++++++++++++++++++++++++++++++++++++++++++++++++++++
fail: 2023-09-13 22:05:31.8639763 +08:00 星期三 L System.Logging.LoggingMonitor[0] #27
      [Microsoft.Extensions.Logging.Abstractions.dll] void Microsoft.Extensions.Logging.LoggerExtensions.LogError(ILogger logger, Exception exception, string message, params object[] args)
      ┏━━━━━━━━━━━  Logging Monitor ━━━━━━━━━━━
      ┣ Admin.NET.Web.Entry.Controllers.MidController.PostMidUrlsToQiniu
      ┣ 
      ┣ 控制器名称：                   MidController
      ┣ 操作名称：                     PostMidUrlsToQiniu
      ┣ 显示名称：                     批量上传Midjourney文件到七牛云
      ┣ 路由信息：                     [area]: ; [controller]: Mid; [action]: PostMidUrlsToQiniu
      ┣ 请求方式：                     POST
      ┣ 请求地址：                     http://localhost:5005/app/api/Mid/qiniu/sync/batch
      ┣ 来源地址：                     http://localhost:5005/index.html?urls.primaryName=app:
      ┣ 请求端源：                     swagger
      ┣ 浏览器标识：                   Mozilla/5.0 (Windows NT 10.0; Win64; x64) AppleWebKit/537.36 (KHTML, like Gecko) Chrome/116.0.0.0 Safari/537.36
      ┣ 客户端区域语言：               zh-CN,zh;q=0.9
      ┣ 客户端 IP 地址：               0.0.0.1
      ┣ 服务端 IP 地址：               0.0.0.1
      ┣ 客户端连接 ID：                00-76d05113301d22281a6e214c5a3fabe4-ac5f3c2eaefade94-00
      ┣ 服务线程 ID：                  #31
      ┣ 执行耗时：                     28260ms
      ┣ ━━━━━━━━━━━━━━━  Cookies ━━━━━━━━━━━━━━━
      ┣ 请求端：                       
      ┣ 响应端：                       
      ┣ ━━━━━━━━━━━━━━━  系统信息 ━━━━━━━━━━━━━━━
      ┣ 系统名称：                     Microsoft Windows 10.0.19044
      ┣ 系统架构：                     X64
      ┣ 基础框架：                     Furion.Pure v4.8.8.42
      ┣ .NET 架构：                    .NET 6.0.16
      ┣ ━━━━━━━━━━━━━━━  启动信息 ━━━━━━━━━━━━━━━
      ┣ 运行环境：                     Development
      ┣ 启动程序集：                   Admin.NET.Web.Entry
      ┣ 进程名称：                     Admin.NET.Web.Entry
      ┣ 托管程序：                     Kestrel
      ┣ ━━━━━━━━━━━━━━━  授权信息 ━━━━━━━━━━━━━━━
      ┣ JWT Token：                    Bearer eyJhbGciOiJIUzI1NiIsInR5cCI6IkpXVCJ9.eyJVc2VySWQiOjEzMDAwMDAwMDAxMTEsIlRlbmFudElkIjoxMzAwMDAwMDAwMDAxLCJBY2NvdW50IjoiYWRtaW4iLCJSZWFsTmFtZSI6Iuezu-e7n-euoeeQhuWRmCIsIkFjY291bnRUeXBlIjo0LCJPcmdJZCI6MTMwMDAwMDAwMDEwMSwiT3JnTmFtZSI6IuWkp-WQjeenkeaKgCIsIk9yZ1R5cGUiOiIxMDEiLCJpYXQiOjE2OTQwMTE4NjMsIm5iZiI6MTY5NDAxMTg2MywiZXhwIjoxNjk0NjE2NjYzLCJpc3MiOiJBZG1pbi5ORVQiLCJhdWQiOiJBZG1pbi5ORVQifQ.OMD_aquUILU9aDUAE5o_SfK53eZQaNL4WK8EeVGQfx0
      ┣ 
      ┣ UserId (integer64)：           1300000000111
      ┣ TenantId (integer64)：         1300000000001
      ┣ Account (string)：             admin
      ┣ RealName (string)：            系统管理员
      ┣ AccountType (integer)：        4
      ┣ OrgId (integer64)：            1300000000101
      ┣ OrgName (string)：             大名科技
      ┣ OrgType (string)：             101
      ┣ iat (integer)：                1694011863 (2023-09-06 22:51:03:0000(+08:00) 星期三 L)
      ┣ nbf (integer)：                1694011863 (2023-09-06 22:51:03:0000(+08:00) 星期三 L)
      ┣ exp (integer)：                1694616663 (2023-09-13 22:51:03:0000(+08:00) 星期三 L)
      ┣ iss (string)：                 Admin.NET
      ┣ aud (string)：                 Admin.NET
      ┣ ━━━━━━━━━━━━━━━  返回信息 ━━━━━━━━━━━━━━━
      ┣ HTTP响应状态码：               200
      ┣ 原始类型：                     System.Threading.Tasks.Task
      ┣ 最终类型：                     
      ┣ 最终返回值：                   null
      ┣ ━━━━━━━━━━━━━━━  异常信息 ━━━━━━━━━━━━━━━
      ┣ 类型：                         SqlSugar.SqlSugarException
      ┣ 消息：                         中文提示 : 当前表达式m.OssUrl.IsNullOrWhiteSpace() 不支持，查看导航是否配置正确等 
      English Message : m.OssUrl.IsNullOrWhiteSpace()no support
      ┣ 错误堆栈：                     at SqlSugar.Check.Exception(Boolean isException, String message, String[] args)
         at SqlSugar.MethodCallExpressionResolve.CusMethod(ExpressionParameter parameter, MethodCallExpression express, Nullable`1 isLeft)
         at SqlSugar.MethodCallExpressionResolve.SqlFuncMethod(ExpressionParameter parameter, MethodCallExpression express, Nullable`1 isLeft)
         at SqlSugar.MethodCallExpressionResolve..ctor(ExpressionParameter parameter)
         at SqlSugar.BaseResolve.Start()
         at SqlSugar.UnaryExpressionResolve.Append(ExpressionParameter parameter, ExpressionType nodeType)
         at SqlSugar.UnaryExpressionResolve..ctor(ExpressionParameter parameter)
         at SqlSugar.BaseResolve.Start()
         at SqlSugar.LambdaExpressionResolve..ctor(ExpressionParameter parameter)
         at SqlSugar.BaseResolve.Start()
         at SqlSugar.ExpressionContext.Resolve(Expression expression, ResolveExpressType resolveType)
         at SqlSugar.QueryBuilder.GetExpressionValue(Expression expression, ResolveExpressType resolveType)
         at SqlSugar.QueryableProvider`1._Where(Expression expression)
         at SqlSugar.QueryableProvider`1.Where(Expression`1 expression)
         at SqlSugar.SimpleClient`1.GetListAsync(Expression`1 whereExpression)
         at Admin.NET.Core.JuAI.Service.MidjourneyService.GetOssNoticeTask() in C:\work\juai\api\Admin.NET.Core.JuAi\Service\Midjourney\MidjourneyService.cs:line 77
         at Admin.NET.Web.Entry.Controllers.MidController.PostMidUrlsToQiniu() in C:\work\juai\api\Admin.NET.Web.Entry\Controllers\MidjourneyController.cs:line 233
         at lambda_method144(Closure , Object )
         at Microsoft.AspNetCore.Mvc.Infrastructure.ActionMethodExecutor.AwaitableResultExecutor.Execute(IActionResultTypeMapper mapper, ObjectMethodExecutor executor, Object controller, Object[] arguments)
         at Microsoft.AspNetCore.Mvc.Infrastructure.ControllerActionInvoker.<InvokeActionMethodAsync>g__Logged|12_1(ControllerActionInvoker invoker)
         at Microsoft.AspNetCore.Mvc.Infrastructure.ControllerActionInvoker.<InvokeNextActionFilterAsync>g__Awaited|10_0(ControllerActionInvoker invoker, Task lastTask, State next, Scope scope, Object state, Boolean isCompleted)
      ┗━━━━━━━━━━━  Logging Monitor ━━━━━━━━━━━      
      ++++++++++++++++++++++++++++++++++++++++++++++++++++++++
      SqlSugar.SqlSugarException: 中文提示 : 当前表达式m.OssUrl.IsNullOrWhiteSpace() 不支持，查看导航是否配置正确等 
      English Message : m.OssUrl.IsNullOrWhiteSpace()no support
         at SqlSugar.Check.Exception(Boolean isException, String message, String[] args)
         at SqlSugar.MethodCallExpressionResolve.CusMethod(ExpressionParameter parameter, MethodCallExpression express, Nullable`1 isLeft)
         at SqlSugar.MethodCallExpressionResolve.SqlFuncMethod(ExpressionParameter parameter, MethodCallExpression express, Nullable`1 isLeft)
         at SqlSugar.MethodCallExpressionResolve..ctor(ExpressionParameter parameter)
         at SqlSugar.BaseResolve.Start()
         at SqlSugar.UnaryExpressionResolve.Append(ExpressionParameter parameter, ExpressionType nodeType)
         at SqlSugar.UnaryExpressionResolve..ctor(ExpressionParameter parameter)
         at SqlSugar.BaseResolve.Start()
         at SqlSugar.LambdaExpressionResolve..ctor(ExpressionParameter parameter)
         at SqlSugar.BaseResolve.Start()
         at SqlSugar.ExpressionContext.Resolve(Expression expression, ResolveExpressType resolveType)
         at SqlSugar.QueryBuilder.GetExpressionValue(Expression expression, ResolveExpressType resolveType)
         at SqlSugar.QueryableProvider`1._Where(Expression expression)
         at SqlSugar.QueryableProvider`1.Where(Expression`1 expression)
         at SqlSugar.SimpleClient`1.GetListAsync(Expression`1 whereExpression)
         at Admin.NET.Core.JuAI.Service.MidjourneyService.GetOssNoticeTask() in C:\work\juai\api\Admin.NET.Core.JuAi\Service\Midjourney\MidjourneyService.cs:line 77
         at Admin.NET.Web.Entry.Controllers.MidController.PostMidUrlsToQiniu() in C:\work\juai\api\Admin.NET.Web.Entry\Controllers\MidjourneyController.cs:line 233
         at lambda_method144(Closure , Object )
         at Microsoft.AspNetCore.Mvc.Infrastructure.ActionMethodExecutor.AwaitableResultExecutor.Execute(IActionResultTypeMapper mapper, ObjectMethodExecutor executor, Object controller, Object[] arguments)
         at Microsoft.AspNetCore.Mvc.Infrastructure.ControllerActionInvoker.<InvokeActionMethodAsync>g__Logged|12_1(ControllerActionInvoker invoker)
         at Microsoft.AspNetCore.Mvc.Infrastructure.ControllerActionInvoker.<InvokeNextActionFilterAsync>g__Awaited|10_0(ControllerActionInvoker invoker, Task lastTask, State next, Scope scope, Object state, Boolean isCompleted)
      ++++++++++++++++++++++++++++++++++++++++++++++++++++++++
fail: 2023-09-13 22:08:08.1963120 +08:00 星期三 L System.Logging.LoggingMonitor[0] #7
      [Microsoft.Extensions.Logging.Abstractions.dll] void Microsoft.Extensions.Logging.LoggerExtensions.LogError(ILogger logger, Exception exception, string message, params object[] args)
      ┏━━━━━━━━━━━  Logging Monitor ━━━━━━━━━━━
      ┣ Admin.NET.Web.Entry.Controllers.MidController.PostMidUrlsToQiniu
      ┣ 
      ┣ 控制器名称：                   MidController
      ┣ 操作名称：                     PostMidUrlsToQiniu
      ┣ 显示名称：                     批量上传Midjourney文件到七牛云
      ┣ 路由信息：                     [area]: ; [controller]: Mid; [action]: PostMidUrlsToQiniu
      ┣ 请求方式：                     POST
      ┣ 请求地址：                     http://localhost:5005/app/api/Mid/qiniu/sync/batch
      ┣ 来源地址：                     http://localhost:5005/index.html?urls.primaryName=app:
      ┣ 请求端源：                     swagger
      ┣ 浏览器标识：                   Mozilla/5.0 (Windows NT 10.0; Win64; x64) AppleWebKit/537.36 (KHTML, like Gecko) Chrome/116.0.0.0 Safari/537.36
      ┣ 客户端区域语言：               zh-CN,zh;q=0.9
      ┣ 客户端 IP 地址：               0.0.0.1
      ┣ 服务端 IP 地址：               0.0.0.1
      ┣ 客户端连接 ID：                00-99131909f4732bed5f6c9500cbdd3b69-e9498e52dcbe5251-00
      ┣ 服务线程 ID：                  #26
      ┣ 执行耗时：                     22728ms
      ┣ ━━━━━━━━━━━━━━━  Cookies ━━━━━━━━━━━━━━━
      ┣ 请求端：                       
      ┣ 响应端：                       
      ┣ ━━━━━━━━━━━━━━━  系统信息 ━━━━━━━━━━━━━━━
      ┣ 系统名称：                     Microsoft Windows 10.0.19044
      ┣ 系统架构：                     X64
      ┣ 基础框架：                     Furion.Pure v4.8.8.42
      ┣ .NET 架构：                    .NET 6.0.16
      ┣ ━━━━━━━━━━━━━━━  启动信息 ━━━━━━━━━━━━━━━
      ┣ 运行环境：                     Development
      ┣ 启动程序集：                   Admin.NET.Web.Entry
      ┣ 进程名称：                     Admin.NET.Web.Entry
      ┣ 托管程序：                     Kestrel
      ┣ ━━━━━━━━━━━━━━━  授权信息 ━━━━━━━━━━━━━━━
      ┣ JWT Token：                    Bearer eyJhbGciOiJIUzI1NiIsInR5cCI6IkpXVCJ9.eyJVc2VySWQiOjEzMDAwMDAwMDAxMTEsIlRlbmFudElkIjoxMzAwMDAwMDAwMDAxLCJBY2NvdW50IjoiYWRtaW4iLCJSZWFsTmFtZSI6Iuezu-e7n-euoeeQhuWRmCIsIkFjY291bnRUeXBlIjo0LCJPcmdJZCI6MTMwMDAwMDAwMDEwMSwiT3JnTmFtZSI6IuWkp-WQjeenkeaKgCIsIk9yZ1R5cGUiOiIxMDEiLCJpYXQiOjE2OTQwMTE4NjMsIm5iZiI6MTY5NDAxMTg2MywiZXhwIjoxNjk0NjE2NjYzLCJpc3MiOiJBZG1pbi5ORVQiLCJhdWQiOiJBZG1pbi5ORVQifQ.OMD_aquUILU9aDUAE5o_SfK53eZQaNL4WK8EeVGQfx0
      ┣ 
      ┣ UserId (integer64)：           1300000000111
      ┣ TenantId (integer64)：         1300000000001
      ┣ Account (string)：             admin
      ┣ RealName (string)：            系统管理员
      ┣ AccountType (integer)：        4
      ┣ OrgId (integer64)：            1300000000101
      ┣ OrgName (string)：             大名科技
      ┣ OrgType (string)：             101
      ┣ iat (integer)：                1694011863 (2023-09-06 22:51:03:0000(+08:00) 星期三 L)
      ┣ nbf (integer)：                1694011863 (2023-09-06 22:51:03:0000(+08:00) 星期三 L)
      ┣ exp (integer)：                1694616663 (2023-09-13 22:51:03:0000(+08:00) 星期三 L)
      ┣ iss (string)：                 Admin.NET
      ┣ aud (string)：                 Admin.NET
      ┣ ━━━━━━━━━━━━━━━  返回信息 ━━━━━━━━━━━━━━━
      ┣ HTTP响应状态码：               200
      ┣ 原始类型：                     System.Threading.Tasks.Task
      ┣ 最终类型：                     
      ┣ 最终返回值：                   null
      ┣ ━━━━━━━━━━━━━━━  异常信息 ━━━━━━━━━━━━━━━
      ┣ 类型：                         MySqlConnector.MySqlException
      ┣ 消息：                         Unknown column 'OssUrl' in 'field list'
      ┣ 错误堆栈：                     at SqlSugar.MySqlProvider.GetDataReaderAsync(String sql, SugarParameter[] parameters)
         at SqlSugar.QueryableProvider`1.GetDataAsync[TResult](KeyValuePair`2 sqlObj)
         at SqlSugar.QueryableProvider`1._ToListAsync[TResult]()
         at Admin.NET.Core.JuAI.Service.MidjourneyService.GetOssNoticeTask() in C:\work\juai\api\Admin.NET.Core.JuAi\Service\Midjourney\MidjourneyService.cs:line 81
         at Admin.NET.Web.Entry.Controllers.MidController.PostMidUrlsToQiniu() in C:\work\juai\api\Admin.NET.Web.Entry\Controllers\MidjourneyController.cs:line 231
         at lambda_method144(Closure , Object )
         at Microsoft.AspNetCore.Mvc.Infrastructure.ActionMethodExecutor.AwaitableResultExecutor.Execute(IActionResultTypeMapper mapper, ObjectMethodExecutor executor, Object controller, Object[] arguments)
         at Microsoft.AspNetCore.Mvc.Infrastructure.ControllerActionInvoker.<InvokeActionMethodAsync>g__Logged|12_1(ControllerActionInvoker invoker)
         at Microsoft.AspNetCore.Mvc.Infrastructure.ControllerActionInvoker.<InvokeNextActionFilterAsync>g__Awaited|10_0(ControllerActionInvoker invoker, Task lastTask, State next, Scope scope, Object state, Boolean isCompleted)
      ┗━━━━━━━━━━━  Logging Monitor ━━━━━━━━━━━      
      ++++++++++++++++++++++++++++++++++++++++++++++++++++++++
      MySqlConnector.MySqlException (0x80004005): Unknown column 'OssUrl' in 'field list'
         at SqlSugar.MySqlProvider.GetDataReaderAsync(String sql, SugarParameter[] parameters)
         at SqlSugar.QueryableProvider`1.GetDataAsync[TResult](KeyValuePair`2 sqlObj)
         at SqlSugar.QueryableProvider`1._ToListAsync[TResult]()
         at Admin.NET.Core.JuAI.Service.MidjourneyService.GetOssNoticeTask() in C:\work\juai\api\Admin.NET.Core.JuAi\Service\Midjourney\MidjourneyService.cs:line 81
         at Admin.NET.Web.Entry.Controllers.MidController.PostMidUrlsToQiniu() in C:\work\juai\api\Admin.NET.Web.Entry\Controllers\MidjourneyController.cs:line 231
         at lambda_method144(Closure , Object )
         at Microsoft.AspNetCore.Mvc.Infrastructure.ActionMethodExecutor.AwaitableResultExecutor.Execute(IActionResultTypeMapper mapper, ObjectMethodExecutor executor, Object controller, Object[] arguments)
         at Microsoft.AspNetCore.Mvc.Infrastructure.ControllerActionInvoker.<InvokeActionMethodAsync>g__Logged|12_1(ControllerActionInvoker invoker)
         at Microsoft.AspNetCore.Mvc.Infrastructure.ControllerActionInvoker.<InvokeNextActionFilterAsync>g__Awaited|10_0(ControllerActionInvoker invoker, Task lastTask, State next, Scope scope, Object state, Boolean isCompleted)
      ++++++++++++++++++++++++++++++++++++++++++++++++++++++++
fail: 2023-09-13 22:10:03.8507894 +08:00 星期三 L System.Logging.LoggingMonitor[0] #29
      [Microsoft.Extensions.Logging.Abstractions.dll] void Microsoft.Extensions.Logging.LoggerExtensions.LogError(ILogger logger, Exception exception, string message, params object[] args)
      ┏━━━━━━━━━━━  Logging Monitor ━━━━━━━━━━━
      ┣ Admin.NET.Web.Entry.Controllers.MidController.PostMidUrlsToQiniu
      ┣ 
      ┣ 控制器名称：                   MidController
      ┣ 操作名称：                     PostMidUrlsToQiniu
      ┣ 显示名称：                     批量上传Midjourney文件到七牛云
      ┣ 路由信息：                     [area]: ; [controller]: Mid; [action]: PostMidUrlsToQiniu
      ┣ 请求方式：                     POST
      ┣ 请求地址：                     http://localhost:5005/app/api/Mid/qiniu/sync/batch
      ┣ 来源地址：                     http://localhost:5005/index.html?urls.primaryName=app:
      ┣ 请求端源：                     swagger
      ┣ 浏览器标识：                   Mozilla/5.0 (Windows NT 10.0; Win64; x64) AppleWebKit/537.36 (KHTML, like Gecko) Chrome/116.0.0.0 Safari/537.36
      ┣ 客户端区域语言：               zh-CN,zh;q=0.9
      ┣ 客户端 IP 地址：               0.0.0.1
      ┣ 服务端 IP 地址：               0.0.0.1
      ┣ 客户端连接 ID：                00-c85a9f19d6c66d39d0949dafee332abd-9cf120f10cd6fab4-00
      ┣ 服务线程 ID：                  #29
      ┣ 执行耗时：                     13455ms
      ┣ ━━━━━━━━━━━━━━━  Cookies ━━━━━━━━━━━━━━━
      ┣ 请求端：                       
      ┣ 响应端：                       
      ┣ ━━━━━━━━━━━━━━━  系统信息 ━━━━━━━━━━━━━━━
      ┣ 系统名称：                     Microsoft Windows 10.0.19044
      ┣ 系统架构：                     X64
      ┣ 基础框架：                     Furion.Pure v4.8.8.42
      ┣ .NET 架构：                    .NET 6.0.16
      ┣ ━━━━━━━━━━━━━━━  启动信息 ━━━━━━━━━━━━━━━
      ┣ 运行环境：                     Development
      ┣ 启动程序集：                   Admin.NET.Web.Entry
      ┣ 进程名称：                     Admin.NET.Web.Entry
      ┣ 托管程序：                     Kestrel
      ┣ ━━━━━━━━━━━━━━━  授权信息 ━━━━━━━━━━━━━━━
      ┣ JWT Token：                    Bearer eyJhbGciOiJIUzI1NiIsInR5cCI6IkpXVCJ9.eyJVc2VySWQiOjEzMDAwMDAwMDAxMTEsIlRlbmFudElkIjoxMzAwMDAwMDAwMDAxLCJBY2NvdW50IjoiYWRtaW4iLCJSZWFsTmFtZSI6Iuezu-e7n-euoeeQhuWRmCIsIkFjY291bnRUeXBlIjo0LCJPcmdJZCI6MTMwMDAwMDAwMDEwMSwiT3JnTmFtZSI6IuWkp-WQjeenkeaKgCIsIk9yZ1R5cGUiOiIxMDEiLCJpYXQiOjE2OTQwMTE4NjMsIm5iZiI6MTY5NDAxMTg2MywiZXhwIjoxNjk0NjE2NjYzLCJpc3MiOiJBZG1pbi5ORVQiLCJhdWQiOiJBZG1pbi5ORVQifQ.OMD_aquUILU9aDUAE5o_SfK53eZQaNL4WK8EeVGQfx0
      ┣ 
      ┣ UserId (integer64)：           1300000000111
      ┣ TenantId (integer64)：         1300000000001
      ┣ Account (string)：             admin
      ┣ RealName (string)：            系统管理员
      ┣ AccountType (integer)：        4
      ┣ OrgId (integer64)：            1300000000101
      ┣ OrgName (string)：             大名科技
      ┣ OrgType (string)：             101
      ┣ iat (integer)：                1694011863 (2023-09-06 22:51:03:0000(+08:00) 星期三 L)
      ┣ nbf (integer)：                1694011863 (2023-09-06 22:51:03:0000(+08:00) 星期三 L)
      ┣ exp (integer)：                1694616663 (2023-09-13 22:51:03:0000(+08:00) 星期三 L)
      ┣ iss (string)：                 Admin.NET
      ┣ aud (string)：                 Admin.NET
      ┣ ━━━━━━━━━━━━━━━  返回信息 ━━━━━━━━━━━━━━━
      ┣ HTTP响应状态码：               200
      ┣ 原始类型：                     System.Threading.Tasks.Task
      ┣ 最终类型：                     
      ┣ 最终返回值：                   null
      ┣ ━━━━━━━━━━━━━━━  异常信息 ━━━━━━━━━━━━━━━
      ┣ 类型：                         MySqlConnector.MySqlException
      ┣ 消息：                         Unknown column 'OssUrl' in 'field list'
      ┣ 错误堆栈：                     at SqlSugar.MySqlProvider.GetDataReaderAsync(String sql, SugarParameter[] parameters)
         at SqlSugar.QueryableProvider`1.GetDataAsync[TResult](KeyValuePair`2 sqlObj)
         at SqlSugar.QueryableProvider`1._ToListAsync[TResult]()
         at Admin.NET.Core.JuAI.Service.MidjourneyService.GetOssNoticeTask() in C:\work\juai\api\Admin.NET.Core.JuAi\Service\Midjourney\MidjourneyService.cs:line 81
         at Admin.NET.Web.Entry.Controllers.MidController.PostMidUrlsToQiniu() in C:\work\juai\api\Admin.NET.Web.Entry\Controllers\MidjourneyController.cs:line 231
         at lambda_method144(Closure , Object )
         at Microsoft.AspNetCore.Mvc.Infrastructure.ActionMethodExecutor.AwaitableResultExecutor.Execute(IActionResultTypeMapper mapper, ObjectMethodExecutor executor, Object controller, Object[] arguments)
         at Microsoft.AspNetCore.Mvc.Infrastructure.ControllerActionInvoker.<InvokeActionMethodAsync>g__Logged|12_1(ControllerActionInvoker invoker)
         at Microsoft.AspNetCore.Mvc.Infrastructure.ControllerActionInvoker.<InvokeNextActionFilterAsync>g__Awaited|10_0(ControllerActionInvoker invoker, Task lastTask, State next, Scope scope, Object state, Boolean isCompleted)
      ┗━━━━━━━━━━━  Logging Monitor ━━━━━━━━━━━      
      ++++++++++++++++++++++++++++++++++++++++++++++++++++++++
      MySqlConnector.MySqlException (0x80004005): Unknown column 'OssUrl' in 'field list'
         at SqlSugar.MySqlProvider.GetDataReaderAsync(String sql, SugarParameter[] parameters)
         at SqlSugar.QueryableProvider`1.GetDataAsync[TResult](KeyValuePair`2 sqlObj)
         at SqlSugar.QueryableProvider`1._ToListAsync[TResult]()
         at Admin.NET.Core.JuAI.Service.MidjourneyService.GetOssNoticeTask() in C:\work\juai\api\Admin.NET.Core.JuAi\Service\Midjourney\MidjourneyService.cs:line 81
         at Admin.NET.Web.Entry.Controllers.MidController.PostMidUrlsToQiniu() in C:\work\juai\api\Admin.NET.Web.Entry\Controllers\MidjourneyController.cs:line 231
         at lambda_method144(Closure , Object )
         at Microsoft.AspNetCore.Mvc.Infrastructure.ActionMethodExecutor.AwaitableResultExecutor.Execute(IActionResultTypeMapper mapper, ObjectMethodExecutor executor, Object controller, Object[] arguments)
         at Microsoft.AspNetCore.Mvc.Infrastructure.ControllerActionInvoker.<InvokeActionMethodAsync>g__Logged|12_1(ControllerActionInvoker invoker)
         at Microsoft.AspNetCore.Mvc.Infrastructure.ControllerActionInvoker.<InvokeNextActionFilterAsync>g__Awaited|10_0(ControllerActionInvoker invoker, Task lastTask, State next, Scope scope, Object state, Boolean isCompleted)
      ++++++++++++++++++++++++++++++++++++++++++++++++++++++++
fail: 2023-09-13 22:18:47.5572081 +08:00 星期三 L Admin.NET.Application.QiNiuFileService[0] #7
      [Microsoft.Extensions.Logging.Abstractions.dll] void Microsoft.Extensions.Logging.LoggerExtensions.LogError(ILogger logger, string message, params object[] args)
      同步文件出错504
fail: 2023-09-13 22:47:25.6563453 +08:00 星期三 L Admin.NET.Application.QiNiuFileService[0] #6
      [Microsoft.Extensions.Logging.Abstractions.dll] void Microsoft.Extensions.Logging.LoggerExtensions.LogError(ILogger logger, string message, params object[] args)
      同步文件出错504
fail: 2023-09-13 22:50:06.3407012 +08:00 星期三 L Admin.NET.Application.QiNiuFileService[0] #6
      [Microsoft.Extensions.Logging.Abstractions.dll] void Microsoft.Extensions.Logging.LoggerExtensions.LogError(ILogger logger, string message, params object[] args)
      同步文件出错504
fail: 2023-09-13 22:57:49.7275407 +08:00 星期三 L Admin.NET.Application.QiNiuFileService[0] #30
      [Microsoft.Extensions.Logging.Abstractions.dll] void Microsoft.Extensions.Logging.LoggerExtensions.LogError(ILogger logger, string message, params object[] args)
      同步文件出错504
