warn: 2023-11-18 15:15:08.2406522 +08:00 星期六 L System.Logging.ScheduleService[0] #1
      [Furion.Pure.dll] void Furion.Schedule.ScheduleLogger.Log(LogLevel logLevel, string message, object[] args, Exception ex)
      Schedule hosted service preload completed, and a total of <2> schedulers are appended.
warn: 2023-11-18 15:18:21.6632595 +08:00 星期六 L System.Logging.ScheduleService[0] #1
      [Furion.Pure.dll] void Furion.Schedule.ScheduleLogger.Log(LogLevel logLevel, string message, object[] args, Exception ex)
      Schedule hosted service preload completed, and a total of <2> schedulers are appended.
warn: 2023-11-18 17:21:13.5913759 +08:00 星期六 L System.Logging.ScheduleService[0] #1
      [Furion.Pure.dll] void Furion.Schedule.ScheduleLogger.Log(LogLevel logLevel, string message, object[] args, Exception ex)
      Schedule hosted service preload completed, and a total of <2> schedulers are appended.
warn: 2023-11-18 21:09:15.3096158 +08:00 星期六 L System.Logging.ScheduleService[0] #1
      [Furion.Pure.dll] void Furion.Schedule.ScheduleLogger.LogWarning(string message, params object[] args)
      Schedule hosted service preload completed, and a total of <2> schedulers are appended.
warn: 2023-11-18 21:10:18.8398468 +08:00 星期六 L System.Logging.ScheduleService[0] #1
      [Furion.Pure.dll] void Furion.Schedule.ScheduleLogger.LogWarning(string message, params object[] args)
      Schedule hosted service preload completed, and a total of <2> schedulers are appended.
warn: 2023-11-18 22:28:04.2848124 +08:00 星期六 L System.Logging.ScheduleService[0] #1
      [Furion.Pure.dll] void Furion.Schedule.ScheduleLogger.LogWarning(string message, params object[] args)
      Schedule hosted service preload completed, and a total of <2> schedulers are appended.
warn: 2023-11-18 22:33:19.0076801 +08:00 星期六 L System.Logging.ScheduleService[0] #1
      [Furion.Pure.dll] void Furion.Schedule.ScheduleLogger.LogWarning(string message, params object[] args)
      Schedule hosted service preload completed, and a total of <2> schedulers are appended.
warn: 2023-11-18 22:40:42.7607810 +08:00 星期六 L System.Logging.ScheduleService[0] #1
      [Furion.Pure.dll] void Furion.Schedule.ScheduleLogger.LogWarning(string message, params object[] args)
      Schedule hosted service preload completed, and a total of <2> schedulers are appended.
warn: 2023-11-18 22:41:48.0262596 +08:00 星期六 L Microsoft.AspNetCore.Diagnostics.DeveloperExceptionPageMiddleware[2] #19 '00-5698a9d4a0bfcc0a2ca1c794cd497163-dd0eadb344d10df0-00'
      [Microsoft.AspNetCore.Diagnostics.dll] void Microsoft.AspNetCore.Diagnostics.DeveloperExceptionPageMiddlewareLoggerExtensions.ResponseStartedErrorPageMiddleware(ILogger logger)
      The response has already started, the error page middleware will not be executed.
warn: 2023-11-18 22:58:37.3831714 +08:00 星期六 L System.Logging.ScheduleService[0] #1
      [Furion.Pure.dll] void Furion.Schedule.ScheduleLogger.Log(LogLevel logLevel, string message, object[] args, Exception ex)
      Schedule hosted service preload completed, and a total of <2> schedulers are appended.
warn: 2023-11-18 23:24:37.4673039 +08:00 星期六 L System.Logging.ScheduleService[0] #1
      [Furion.Pure.dll] void Furion.Schedule.ScheduleLogger.Log(LogLevel logLevel, string message, object[] args, Exception ex)
      Schedule hosted service preload completed, and a total of <2> schedulers are appended.
warn: 2023-11-18 23:28:42.1590678 +08:00 星期六 L System.Logging.ScheduleService[0] #1
      [Furion.Pure.dll] void Furion.Schedule.ScheduleLogger.Log(LogLevel logLevel, string message, object[] args, Exception ex)
      Schedule hosted service preload completed, and a total of <2> schedulers are appended.
warn: 2023-11-18 23:29:37.2148532 +08:00 星期六 L Microsoft.AspNetCore.Diagnostics.ExceptionHandlerMiddleware[2] #23 '00-d1612ea61a03000dd7718de23fa53f51-909fd3c6ff1ebd60-00'
      [Microsoft.AspNetCore.Diagnostics.dll] void Microsoft.AspNetCore.Diagnostics.DiagnosticsLoggerExtensions.ResponseStartedErrorHandler(ILogger logger)
      The response has already started, the error handler will not be executed.
warn: 2023-11-18 23:31:56.4200564 +08:00 星期六 L Microsoft.AspNetCore.Diagnostics.ExceptionHandlerMiddleware[2] #3 '00-84309ec29f20121e66f5cc18cc78557c-11aa68207e4cc7c3-00'
      [Microsoft.AspNetCore.Diagnostics.dll] void Microsoft.AspNetCore.Diagnostics.DiagnosticsLoggerExtensions.ResponseStartedErrorHandler(ILogger logger)
      The response has already started, the error handler will not be executed.
warn: 2023-11-18 23:37:46.8789773 +08:00 星期六 L Microsoft.AspNetCore.Diagnostics.ExceptionHandlerMiddleware[2] #3 '00-a066588e467d9bc4297177a26e82e57d-59c7088b17b18884-00'
      [Microsoft.AspNetCore.Diagnostics.dll] void Microsoft.AspNetCore.Diagnostics.DiagnosticsLoggerExtensions.ResponseStartedErrorHandler(ILogger logger)
      The response has already started, the error handler will not be executed.
