info: 2023-11-13 20:03:01.1740157 +08:00 星期一 L System.Logging.LoggingMonitor[0] #90 '00-a125f5bbd88c648e22bff86f6ee431bc-5eff18c7724db18a-00'
      [System.Private.CoreLib.dll] void System.Runtime.CompilerServices.AsyncTaskMethodBuilder<TResult>+AsyncStateMachineBox<TStateMachine>.MoveNext(Thread threadPoolThread)
      ┏━━━━━━━━━━━  Logging Monitor ━━━━━━━━━━━
      ┣ Admin.NET.Core.JuAI.Service.UserLoginService.GetInfo
      ┣ 
      ┣ 控制器名称：                   UserLoginService
      ┣ 操作名称：                     GetInfo
      ┣ 显示名称：                     获取用户信息
      ┣ 路由信息：                     [area]: ; [controller]: userLogin; [action]: info
      ┣ 请求方式：                     GET
      ┣ 请求地址：                     http://localhost:5005/app/api/userLogin/info
      ┣ 来源地址：                     http://localhost:3000/
      ┣ 请求端源：                     client
      ┣ 浏览器标识：                   Mozilla/5.0 (Windows NT 10.0; Win64; x64) AppleWebKit/537.36 (KHTML, like Gecko) Chrome/119.0.0.0 Safari/537.36
      ┣ 客户端区域语言：               zh-CN,zh;q=0.9
      ┣ 客户端 IP 地址：               0.0.0.1
      ┣ 服务端 IP 地址：               0.0.0.1
      ┣ 客户端连接 ID：                00-a125f5bbd88c648e22bff86f6ee431bc-5eff18c7724db18a-00
      ┣ 服务线程 ID：                  #42
      ┣ 执行耗时：                     621ms
      ┣ ━━━━━━━━━━━━━━━  Cookies ━━━━━━━━━━━━━━━
      ┣ 请求端：                       
      ┣ 响应端：                       
      ┣ ━━━━━━━━━━━━━━━  系统信息 ━━━━━━━━━━━━━━━
      ┣ 系统名称：                     Microsoft Windows 10.0.19045
      ┣ 系统架构：                     X64
      ┣ 基础框架：                     Furion.Pure v4.8.8.44
      ┣ .NET 架构：                    .NET 6.0.16
      ┣ ━━━━━━━━━━━━━━━  启动信息 ━━━━━━━━━━━━━━━
      ┣ 运行环境：                     Production
      ┣ 启动程序集：                   Admin.NET.Web.Entry
      ┣ 进程名称：                     Admin.NET.Web.Entry
      ┣ 托管程序：                     Kestrel
      ┣ ━━━━━━━━━━━━━━━  授权信息 ━━━━━━━━━━━━━━━
      ┣ JWT Token：                    Bearer eyJhbGciOiJIUzI1NiIsInR5cCI6IkpXVCJ9.eyJVc2VySWQiOjE0MjEzNDI2MzI3ODc3LCJUZW5hbnRJZCI6MTMwMDAwMDAwMDAwMSwiQWNjb3VudCI6ImExMTE0IiwiTmlja05hbWUiOiJhMTIzIiwiQWNjb3VudFR5cGUiOjc3NywiaWF0IjoxNjk5Nzc2NDgxLCJuYmYiOjE2OTk3NzY0ODEsImV4cCI6MTcwMDM4MTI4MSwiaXNzIjoiQWRtaW4uTkVUIiwiYXVkIjoiQWRtaW4uTkVUIn0.b3TD8R5CeAEbxKVnwTofRYEKr-wKTwXqIXL9yNewZik
      ┣ 
      ┣ UserId (integer64)：           14213426327877
      ┣ TenantId (integer64)：         1300000000001
      ┣ Account (string)：             a1114
      ┣ NickName (string)：            a123
      ┣ AccountType (integer)：        777
      ┣ iat (integer)：                1699776481 (2023-11-12 16:08:01:0000(+08:00) 星期日 L)
      ┣ nbf (integer)：                1699776481 (2023-11-12 16:08:01:0000(+08:00) 星期日 L)
      ┣ exp (integer)：                1700381281 (2023-11-19 16:08:01:0000(+08:00) 星期日 L)
      ┣ iss (string)：                 Admin.NET
      ┣ aud (string)：                 Admin.NET
      ┣ ━━━━━━━━━━━━━━━  返回信息 ━━━━━━━━━━━━━━━
      ┣ HTTP响应状态码：               200
      ┣ 原始类型：                     System.Threading.Tasks.Task<Admin.NET.Core.JuAI.Service.AppUserInfo>
      ┣ 最终类型：                     Admin.NET.Core.AdminResult<System.Object>
      ┣ 最终返回值：                   {"code":200,"type":"success","message":"","result":{"account":"a1114","nickName":"a123","avatar":"Upload/Avatar/15029096932037.png","phone":"18600766045","email":"chenwei_zq@163.com","remark":null,"sex":2,"tokenNum":"11083027","payType":222},"extras":null,"time":"2023-11-13T20:03:01.1621299+08:00"}
      ┗━━━━━━━━━━━  Logging Monitor ━━━━━━━━━━━
info: 2023-11-13 20:03:35.1425236 +08:00 星期一 L System.Logging.LoggingMonitor[0] #41 '00-c95077278edbb6457ef1bd565a7b7edc-6b913808c0bcc27e-00'
      [System.Private.CoreLib.dll] void System.Runtime.CompilerServices.AsyncTaskMethodBuilder<TResult>+AsyncStateMachineBox<TStateMachine>.MoveNext(Thread threadPoolThread)
      ┏━━━━━━━━━━━  Logging Monitor ━━━━━━━━━━━
      ┣ Admin.NET.Core.JuAI.Service.UserLoginService.GetInfo
      ┣ 
      ┣ 控制器名称：                   UserLoginService
      ┣ 操作名称：                     GetInfo
      ┣ 显示名称：                     获取用户信息
      ┣ 路由信息：                     [area]: ; [controller]: userLogin; [action]: info
      ┣ 请求方式：                     GET
      ┣ 请求地址：                     http://localhost:5005/app/api/userLogin/info
      ┣ 来源地址：                     http://localhost:3000/
      ┣ 请求端源：                     client
      ┣ 浏览器标识：                   Mozilla/5.0 (Windows NT 10.0; Win64; x64) AppleWebKit/537.36 (KHTML, like Gecko) Chrome/119.0.0.0 Safari/537.36
      ┣ 客户端区域语言：               zh-CN,zh;q=0.9
      ┣ 客户端 IP 地址：               0.0.0.1
      ┣ 服务端 IP 地址：               0.0.0.1
      ┣ 客户端连接 ID：                00-c95077278edbb6457ef1bd565a7b7edc-6b913808c0bcc27e-00
      ┣ 服务线程 ID：                  #67
      ┣ 执行耗时：                     63ms
      ┣ ━━━━━━━━━━━━━━━  Cookies ━━━━━━━━━━━━━━━
      ┣ 请求端：                       
      ┣ 响应端：                       
      ┣ ━━━━━━━━━━━━━━━  系统信息 ━━━━━━━━━━━━━━━
      ┣ 系统名称：                     Microsoft Windows 10.0.19045
      ┣ 系统架构：                     X64
      ┣ 基础框架：                     Furion.Pure v4.8.8.44
      ┣ .NET 架构：                    .NET 6.0.16
      ┣ ━━━━━━━━━━━━━━━  启动信息 ━━━━━━━━━━━━━━━
      ┣ 运行环境：                     Production
      ┣ 启动程序集：                   Admin.NET.Web.Entry
      ┣ 进程名称：                     Admin.NET.Web.Entry
      ┣ 托管程序：                     Kestrel
      ┣ ━━━━━━━━━━━━━━━  授权信息 ━━━━━━━━━━━━━━━
      ┣ JWT Token：                    Bearer eyJhbGciOiJIUzI1NiIsInR5cCI6IkpXVCJ9.eyJVc2VySWQiOjE0MjEzNDI2MzI3ODc3LCJUZW5hbnRJZCI6MTMwMDAwMDAwMDAwMSwiQWNjb3VudCI6ImExMTE0IiwiTmlja05hbWUiOiJhMTIzIiwiQWNjb3VudFR5cGUiOjc3NywiaWF0IjoxNjk5Nzc2NDgxLCJuYmYiOjE2OTk3NzY0ODEsImV4cCI6MTcwMDM4MTI4MSwiaXNzIjoiQWRtaW4uTkVUIiwiYXVkIjoiQWRtaW4uTkVUIn0.b3TD8R5CeAEbxKVnwTofRYEKr-wKTwXqIXL9yNewZik
      ┣ 
      ┣ UserId (integer64)：           14213426327877
      ┣ TenantId (integer64)：         1300000000001
      ┣ Account (string)：             a1114
      ┣ NickName (string)：            a123
      ┣ AccountType (integer)：        777
      ┣ iat (integer)：                1699776481 (2023-11-12 16:08:01:0000(+08:00) 星期日 L)
      ┣ nbf (integer)：                1699776481 (2023-11-12 16:08:01:0000(+08:00) 星期日 L)
      ┣ exp (integer)：                1700381281 (2023-11-19 16:08:01:0000(+08:00) 星期日 L)
      ┣ iss (string)：                 Admin.NET
      ┣ aud (string)：                 Admin.NET
      ┣ ━━━━━━━━━━━━━━━  返回信息 ━━━━━━━━━━━━━━━
      ┣ HTTP响应状态码：               200
      ┣ 原始类型：                     System.Threading.Tasks.Task<Admin.NET.Core.JuAI.Service.AppUserInfo>
      ┣ 最终类型：                     Admin.NET.Core.AdminResult<System.Object>
      ┣ 最终返回值：                   {"code":200,"type":"success","message":"","result":{"account":"a1114","nickName":"a123","avatar":"Upload/Avatar/15029096932037.png","phone":"18600766045","email":"chenwei_zq@163.com","remark":null,"sex":2,"tokenNum":"11083027","payType":222},"extras":null,"time":"2023-11-13T20:03:35.1389828+08:00"}
      ┗━━━━━━━━━━━  Logging Monitor ━━━━━━━━━━━
info: 2023-11-13 20:03:55.8205827 +08:00 星期一 L System.Logging.LoggingMonitor[0] #42 '00-dc666c2f7f04e097a912ecc625b45fee-5ef2570a90a9e208-00'
      [System.Private.CoreLib.dll] void System.Runtime.CompilerServices.AsyncTaskMethodBuilder<TResult>+AsyncStateMachineBox<TStateMachine>.MoveNext(Thread threadPoolThread)
      ┏━━━━━━━━━━━  Logging Monitor ━━━━━━━━━━━
      ┣ Admin.NET.Core.JuAI.Service.UserLoginService.GetInfo
      ┣ 
      ┣ 控制器名称：                   UserLoginService
      ┣ 操作名称：                     GetInfo
      ┣ 显示名称：                     获取用户信息
      ┣ 路由信息：                     [area]: ; [controller]: userLogin; [action]: info
      ┣ 请求方式：                     GET
      ┣ 请求地址：                     http://localhost:5005/app/api/userLogin/info
      ┣ 来源地址：                     http://localhost:3000/
      ┣ 请求端源：                     client
      ┣ 浏览器标识：                   Mozilla/5.0 (Windows NT 10.0; Win64; x64) AppleWebKit/537.36 (KHTML, like Gecko) Chrome/119.0.0.0 Safari/537.36
      ┣ 客户端区域语言：               zh-CN,zh;q=0.9
      ┣ 客户端 IP 地址：               0.0.0.1
      ┣ 服务端 IP 地址：               0.0.0.1
      ┣ 客户端连接 ID：                00-dc666c2f7f04e097a912ecc625b45fee-5ef2570a90a9e208-00
      ┣ 服务线程 ID：                  #67
      ┣ 执行耗时：                     59ms
      ┣ ━━━━━━━━━━━━━━━  Cookies ━━━━━━━━━━━━━━━
      ┣ 请求端：                       
      ┣ 响应端：                       
      ┣ ━━━━━━━━━━━━━━━  系统信息 ━━━━━━━━━━━━━━━
      ┣ 系统名称：                     Microsoft Windows 10.0.19045
      ┣ 系统架构：                     X64
      ┣ 基础框架：                     Furion.Pure v4.8.8.44
      ┣ .NET 架构：                    .NET 6.0.16
      ┣ ━━━━━━━━━━━━━━━  启动信息 ━━━━━━━━━━━━━━━
      ┣ 运行环境：                     Production
      ┣ 启动程序集：                   Admin.NET.Web.Entry
      ┣ 进程名称：                     Admin.NET.Web.Entry
      ┣ 托管程序：                     Kestrel
      ┣ ━━━━━━━━━━━━━━━  授权信息 ━━━━━━━━━━━━━━━
      ┣ JWT Token：                    Bearer eyJhbGciOiJIUzI1NiIsInR5cCI6IkpXVCJ9.eyJVc2VySWQiOjE0MjEzNDI2MzI3ODc3LCJUZW5hbnRJZCI6MTMwMDAwMDAwMDAwMSwiQWNjb3VudCI6ImExMTE0IiwiTmlja05hbWUiOiJhMTIzIiwiQWNjb3VudFR5cGUiOjc3NywiaWF0IjoxNjk5Nzc2NDgxLCJuYmYiOjE2OTk3NzY0ODEsImV4cCI6MTcwMDM4MTI4MSwiaXNzIjoiQWRtaW4uTkVUIiwiYXVkIjoiQWRtaW4uTkVUIn0.b3TD8R5CeAEbxKVnwTofRYEKr-wKTwXqIXL9yNewZik
      ┣ 
      ┣ UserId (integer64)：           14213426327877
      ┣ TenantId (integer64)：         1300000000001
      ┣ Account (string)：             a1114
      ┣ NickName (string)：            a123
      ┣ AccountType (integer)：        777
      ┣ iat (integer)：                1699776481 (2023-11-12 16:08:01:0000(+08:00) 星期日 L)
      ┣ nbf (integer)：                1699776481 (2023-11-12 16:08:01:0000(+08:00) 星期日 L)
      ┣ exp (integer)：                1700381281 (2023-11-19 16:08:01:0000(+08:00) 星期日 L)
      ┣ iss (string)：                 Admin.NET
      ┣ aud (string)：                 Admin.NET
      ┣ ━━━━━━━━━━━━━━━  返回信息 ━━━━━━━━━━━━━━━
      ┣ HTTP响应状态码：               200
      ┣ 原始类型：                     System.Threading.Tasks.Task<Admin.NET.Core.JuAI.Service.AppUserInfo>
      ┣ 最终类型：                     Admin.NET.Core.AdminResult<System.Object>
      ┣ 最终返回值：                   {"code":200,"type":"success","message":"","result":{"account":"a1114","nickName":"a123","avatar":"Upload/Avatar/15029096932037.png","phone":"18600766045","email":"chenwei_zq@163.com","remark":null,"sex":2,"tokenNum":"11083027","payType":222},"extras":null,"time":"2023-11-13T20:03:55.8180723+08:00"}
      ┗━━━━━━━━━━━  Logging Monitor ━━━━━━━━━━━
info: 2023-11-13 20:04:50.7891798 +08:00 星期一 L System.Logging.LoggingMonitor[0] #67 '00-2443f3c51086c29ba97f3f3a0bfccda3-c5893fdce05987db-00'
      [System.Private.CoreLib.dll] void System.Runtime.CompilerServices.AsyncTaskMethodBuilder<TResult>+AsyncStateMachineBox<TStateMachine>.MoveNext(Thread threadPoolThread)
      ┏━━━━━━━━━━━  Logging Monitor ━━━━━━━━━━━
      ┣ Admin.NET.Core.JuAI.Service.UserLoginService.GetInfo
      ┣ 
      ┣ 控制器名称：                   UserLoginService
      ┣ 操作名称：                     GetInfo
      ┣ 显示名称：                     获取用户信息
      ┣ 路由信息：                     [area]: ; [controller]: userLogin; [action]: info
      ┣ 请求方式：                     GET
      ┣ 请求地址：                     http://localhost:5005/app/api/userLogin/info
      ┣ 来源地址：                     http://localhost:3000/
      ┣ 请求端源：                     client
      ┣ 浏览器标识：                   Mozilla/5.0 (Windows NT 10.0; Win64; x64) AppleWebKit/537.36 (KHTML, like Gecko) Chrome/119.0.0.0 Safari/537.36
      ┣ 客户端区域语言：               zh-CN,zh;q=0.9
      ┣ 客户端 IP 地址：               0.0.0.1
      ┣ 服务端 IP 地址：               0.0.0.1
      ┣ 客户端连接 ID：                00-2443f3c51086c29ba97f3f3a0bfccda3-c5893fdce05987db-00
      ┣ 服务线程 ID：                  #82
      ┣ 执行耗时：                     65ms
      ┣ ━━━━━━━━━━━━━━━  Cookies ━━━━━━━━━━━━━━━
      ┣ 请求端：                       
      ┣ 响应端：                       
      ┣ ━━━━━━━━━━━━━━━  系统信息 ━━━━━━━━━━━━━━━
      ┣ 系统名称：                     Microsoft Windows 10.0.19045
      ┣ 系统架构：                     X64
      ┣ 基础框架：                     Furion.Pure v4.8.8.44
      ┣ .NET 架构：                    .NET 6.0.16
      ┣ ━━━━━━━━━━━━━━━  启动信息 ━━━━━━━━━━━━━━━
      ┣ 运行环境：                     Production
      ┣ 启动程序集：                   Admin.NET.Web.Entry
      ┣ 进程名称：                     Admin.NET.Web.Entry
      ┣ 托管程序：                     Kestrel
      ┣ ━━━━━━━━━━━━━━━  授权信息 ━━━━━━━━━━━━━━━
      ┣ JWT Token：                    Bearer eyJhbGciOiJIUzI1NiIsInR5cCI6IkpXVCJ9.eyJVc2VySWQiOjE0MjEzNDI2MzI3ODc3LCJUZW5hbnRJZCI6MTMwMDAwMDAwMDAwMSwiQWNjb3VudCI6ImExMTE0IiwiTmlja05hbWUiOiJhMTIzIiwiQWNjb3VudFR5cGUiOjc3NywiaWF0IjoxNjk5Nzc2NDgxLCJuYmYiOjE2OTk3NzY0ODEsImV4cCI6MTcwMDM4MTI4MSwiaXNzIjoiQWRtaW4uTkVUIiwiYXVkIjoiQWRtaW4uTkVUIn0.b3TD8R5CeAEbxKVnwTofRYEKr-wKTwXqIXL9yNewZik
      ┣ 
      ┣ UserId (integer64)：           14213426327877
      ┣ TenantId (integer64)：         1300000000001
      ┣ Account (string)：             a1114
      ┣ NickName (string)：            a123
      ┣ AccountType (integer)：        777
      ┣ iat (integer)：                1699776481 (2023-11-12 16:08:01:0000(+08:00) 星期日 L)
      ┣ nbf (integer)：                1699776481 (2023-11-12 16:08:01:0000(+08:00) 星期日 L)
      ┣ exp (integer)：                1700381281 (2023-11-19 16:08:01:0000(+08:00) 星期日 L)
      ┣ iss (string)：                 Admin.NET
      ┣ aud (string)：                 Admin.NET
      ┣ ━━━━━━━━━━━━━━━  返回信息 ━━━━━━━━━━━━━━━
      ┣ HTTP响应状态码：               200
      ┣ 原始类型：                     System.Threading.Tasks.Task<Admin.NET.Core.JuAI.Service.AppUserInfo>
      ┣ 最终类型：                     Admin.NET.Core.AdminResult<System.Object>
      ┣ 最终返回值：                   {"code":200,"type":"success","message":"","result":{"account":"a1114","nickName":"a123","avatar":"Upload/Avatar/15029096932037.png","phone":"18600766045","email":"chenwei_zq@163.com","remark":null,"sex":2,"tokenNum":"11083027","payType":222},"extras":null,"time":"2023-11-13T20:04:50.7828714+08:00"}
      ┗━━━━━━━━━━━  Logging Monitor ━━━━━━━━━━━
info: 2023-11-13 20:05:09.2899122 +08:00 星期一 L System.Logging.LoggingMonitor[0] #60 '00-12543dada0ba7848b03fac093fe99035-5653c75f5b875f8a-00'
      [System.Private.CoreLib.dll] void System.Runtime.CompilerServices.AsyncTaskMethodBuilder<TResult>+AsyncStateMachineBox<TStateMachine>.MoveNext(Thread threadPoolThread)
      ┏━━━━━━━━━━━  Logging Monitor ━━━━━━━━━━━
      ┣ Admin.NET.Core.JuAI.Service.UserLoginService.GetInfo
      ┣ 
      ┣ 控制器名称：                   UserLoginService
      ┣ 操作名称：                     GetInfo
      ┣ 显示名称：                     获取用户信息
      ┣ 路由信息：                     [area]: ; [controller]: userLogin; [action]: info
      ┣ 请求方式：                     GET
      ┣ 请求地址：                     http://localhost:5005/app/api/userLogin/info
      ┣ 来源地址：                     http://localhost:3000/
      ┣ 请求端源：                     client
      ┣ 浏览器标识：                   Mozilla/5.0 (Windows NT 10.0; Win64; x64) AppleWebKit/537.36 (KHTML, like Gecko) Chrome/119.0.0.0 Safari/537.36
      ┣ 客户端区域语言：               zh-CN,zh;q=0.9
      ┣ 客户端 IP 地址：               0.0.0.1
      ┣ 服务端 IP 地址：               0.0.0.1
      ┣ 客户端连接 ID：                00-12543dada0ba7848b03fac093fe99035-5653c75f5b875f8a-00
      ┣ 服务线程 ID：                  #90
      ┣ 执行耗时：                     62ms
      ┣ ━━━━━━━━━━━━━━━  Cookies ━━━━━━━━━━━━━━━
      ┣ 请求端：                       
      ┣ 响应端：                       
      ┣ ━━━━━━━━━━━━━━━  系统信息 ━━━━━━━━━━━━━━━
      ┣ 系统名称：                     Microsoft Windows 10.0.19045
      ┣ 系统架构：                     X64
      ┣ 基础框架：                     Furion.Pure v4.8.8.44
      ┣ .NET 架构：                    .NET 6.0.16
      ┣ ━━━━━━━━━━━━━━━  启动信息 ━━━━━━━━━━━━━━━
      ┣ 运行环境：                     Production
      ┣ 启动程序集：                   Admin.NET.Web.Entry
      ┣ 进程名称：                     Admin.NET.Web.Entry
      ┣ 托管程序：                     Kestrel
      ┣ ━━━━━━━━━━━━━━━  授权信息 ━━━━━━━━━━━━━━━
      ┣ JWT Token：                    Bearer eyJhbGciOiJIUzI1NiIsInR5cCI6IkpXVCJ9.eyJVc2VySWQiOjE0MjEzNDI2MzI3ODc3LCJUZW5hbnRJZCI6MTMwMDAwMDAwMDAwMSwiQWNjb3VudCI6ImExMTE0IiwiTmlja05hbWUiOiJhMTIzIiwiQWNjb3VudFR5cGUiOjc3NywiaWF0IjoxNjk5Nzc2NDgxLCJuYmYiOjE2OTk3NzY0ODEsImV4cCI6MTcwMDM4MTI4MSwiaXNzIjoiQWRtaW4uTkVUIiwiYXVkIjoiQWRtaW4uTkVUIn0.b3TD8R5CeAEbxKVnwTofRYEKr-wKTwXqIXL9yNewZik
      ┣ 
      ┣ UserId (integer64)：           14213426327877
      ┣ TenantId (integer64)：         1300000000001
      ┣ Account (string)：             a1114
      ┣ NickName (string)：            a123
      ┣ AccountType (integer)：        777
      ┣ iat (integer)：                1699776481 (2023-11-12 16:08:01:0000(+08:00) 星期日 L)
      ┣ nbf (integer)：                1699776481 (2023-11-12 16:08:01:0000(+08:00) 星期日 L)
      ┣ exp (integer)：                1700381281 (2023-11-19 16:08:01:0000(+08:00) 星期日 L)
      ┣ iss (string)：                 Admin.NET
      ┣ aud (string)：                 Admin.NET
      ┣ ━━━━━━━━━━━━━━━  返回信息 ━━━━━━━━━━━━━━━
      ┣ HTTP响应状态码：               200
      ┣ 原始类型：                     System.Threading.Tasks.Task<Admin.NET.Core.JuAI.Service.AppUserInfo>
      ┣ 最终类型：                     Admin.NET.Core.AdminResult<System.Object>
      ┣ 最终返回值：                   {"code":200,"type":"success","message":"","result":{"account":"a1114","nickName":"a123","avatar":"Upload/Avatar/15029096932037.png","phone":"18600766045","email":"chenwei_zq@163.com","remark":null,"sex":2,"tokenNum":"11083027","payType":222},"extras":null,"time":"2023-11-13T20:05:09.2866481+08:00"}
      ┗━━━━━━━━━━━  Logging Monitor ━━━━━━━━━━━
info: 2023-11-13 20:11:28.1930080 +08:00 星期一 L System.Logging.LoggingMonitor[0] #42 '00-7864f5c5fd5eae5dc1aff63deb0b335f-7d0054d9252b7859-00'
      [System.Private.CoreLib.dll] void System.Runtime.CompilerServices.AsyncTaskMethodBuilder<TResult>+AsyncStateMachineBox<TStateMachine>.MoveNext(Thread threadPoolThread)
      ┏━━━━━━━━━━━  Logging Monitor ━━━━━━━━━━━
      ┣ Admin.NET.Core.JuAI.Service.UserLoginService.GetInfo
      ┣ 
      ┣ 控制器名称：                   UserLoginService
      ┣ 操作名称：                     GetInfo
      ┣ 显示名称：                     获取用户信息
      ┣ 路由信息：                     [area]: ; [controller]: userLogin; [action]: info
      ┣ 请求方式：                     GET
      ┣ 请求地址：                     http://localhost:5005/app/api/userLogin/info
      ┣ 来源地址：                     http://localhost:3000/
      ┣ 请求端源：                     client
      ┣ 浏览器标识：                   Mozilla/5.0 (Windows NT 10.0; Win64; x64) AppleWebKit/537.36 (KHTML, like Gecko) Chrome/119.0.0.0 Safari/537.36
      ┣ 客户端区域语言：               zh-CN,zh;q=0.9
      ┣ 客户端 IP 地址：               0.0.0.1
      ┣ 服务端 IP 地址：               0.0.0.1
      ┣ 客户端连接 ID：                00-7864f5c5fd5eae5dc1aff63deb0b335f-7d0054d9252b7859-00
      ┣ 服务线程 ID：                  #89
      ┣ 执行耗时：                     417ms
      ┣ ━━━━━━━━━━━━━━━  Cookies ━━━━━━━━━━━━━━━
      ┣ 请求端：                       
      ┣ 响应端：                       
      ┣ ━━━━━━━━━━━━━━━  系统信息 ━━━━━━━━━━━━━━━
      ┣ 系统名称：                     Microsoft Windows 10.0.19045
      ┣ 系统架构：                     X64
      ┣ 基础框架：                     Furion.Pure v4.8.8.44
      ┣ .NET 架构：                    .NET 6.0.16
      ┣ ━━━━━━━━━━━━━━━  启动信息 ━━━━━━━━━━━━━━━
      ┣ 运行环境：                     Production
      ┣ 启动程序集：                   Admin.NET.Web.Entry
      ┣ 进程名称：                     Admin.NET.Web.Entry
      ┣ 托管程序：                     Kestrel
      ┣ ━━━━━━━━━━━━━━━  授权信息 ━━━━━━━━━━━━━━━
      ┣ JWT Token：                    Bearer eyJhbGciOiJIUzI1NiIsInR5cCI6IkpXVCJ9.eyJVc2VySWQiOjE0MjEzNDI2MzI3ODc3LCJUZW5hbnRJZCI6MTMwMDAwMDAwMDAwMSwiQWNjb3VudCI6ImExMTE0IiwiTmlja05hbWUiOiJhMTIzIiwiQWNjb3VudFR5cGUiOjc3NywiaWF0IjoxNjk5Nzc2NDgxLCJuYmYiOjE2OTk3NzY0ODEsImV4cCI6MTcwMDM4MTI4MSwiaXNzIjoiQWRtaW4uTkVUIiwiYXVkIjoiQWRtaW4uTkVUIn0.b3TD8R5CeAEbxKVnwTofRYEKr-wKTwXqIXL9yNewZik
      ┣ 
      ┣ UserId (integer64)：           14213426327877
      ┣ TenantId (integer64)：         1300000000001
      ┣ Account (string)：             a1114
      ┣ NickName (string)：            a123
      ┣ AccountType (integer)：        777
      ┣ iat (integer)：                1699776481 (2023-11-12 16:08:01:0000(+08:00) 星期日 L)
      ┣ nbf (integer)：                1699776481 (2023-11-12 16:08:01:0000(+08:00) 星期日 L)
      ┣ exp (integer)：                1700381281 (2023-11-19 16:08:01:0000(+08:00) 星期日 L)
      ┣ iss (string)：                 Admin.NET
      ┣ aud (string)：                 Admin.NET
      ┣ ━━━━━━━━━━━━━━━  返回信息 ━━━━━━━━━━━━━━━
      ┣ HTTP响应状态码：               200
      ┣ 原始类型：                     System.Threading.Tasks.Task<Admin.NET.Core.JuAI.Service.AppUserInfo>
      ┣ 最终类型：                     Admin.NET.Core.AdminResult<System.Object>
      ┣ 最终返回值：                   {"code":200,"type":"success","message":"","result":{"account":"a1114","nickName":"a123","avatar":"Upload/Avatar/15029096932037.png","phone":"18600766045","email":"chenwei_zq@163.com","remark":null,"sex":2,"tokenNum":"11083027","payType":222},"extras":null,"time":"2023-11-13T20:11:28.187865+08:00"}
      ┗━━━━━━━━━━━  Logging Monitor ━━━━━━━━━━━
info: 2023-11-13 22:32:01.5496352 +08:00 星期一 L System.Logging.LoggingMonitor[0] #42 '00-4c21020287f489299cc141efd807ba55-ac85ed8bac7d9d14-00'
      [System.Private.CoreLib.dll] void System.Runtime.CompilerServices.AsyncTaskMethodBuilder<TResult>+AsyncStateMachineBox<TStateMachine>.MoveNext(Thread threadPoolThread)
      ┏━━━━━━━━━━━  Logging Monitor ━━━━━━━━━━━
      ┣ Admin.NET.Core.JuAI.Service.UserLoginService.GetInfo
      ┣ 
      ┣ 控制器名称：                   UserLoginService
      ┣ 操作名称：                     GetInfo
      ┣ 显示名称：                     获取用户信息
      ┣ 路由信息：                     [area]: ; [controller]: userLogin; [action]: info
      ┣ 请求方式：                     GET
      ┣ 请求地址：                     http://localhost:5005/app/api/userLogin/info
      ┣ 来源地址：                     http://localhost:3000/
      ┣ 请求端源：                     client
      ┣ 浏览器标识：                   Mozilla/5.0 (Windows NT 10.0; Win64; x64) AppleWebKit/537.36 (KHTML, like Gecko) Chrome/119.0.0.0 Safari/537.36
      ┣ 客户端区域语言：               zh-CN,zh;q=0.9
      ┣ 客户端 IP 地址：               0.0.0.1
      ┣ 服务端 IP 地址：               0.0.0.1
      ┣ 客户端连接 ID：                00-4c21020287f489299cc141efd807ba55-ac85ed8bac7d9d14-00
      ┣ 服务线程 ID：                  #73
      ┣ 执行耗时：                     645ms
      ┣ ━━━━━━━━━━━━━━━  Cookies ━━━━━━━━━━━━━━━
      ┣ 请求端：                       
      ┣ 响应端：                       
      ┣ ━━━━━━━━━━━━━━━  系统信息 ━━━━━━━━━━━━━━━
      ┣ 系统名称：                     Microsoft Windows 10.0.19045
      ┣ 系统架构：                     X64
      ┣ 基础框架：                     Furion.Pure v4.8.8.44
      ┣ .NET 架构：                    .NET 6.0.16
      ┣ ━━━━━━━━━━━━━━━  启动信息 ━━━━━━━━━━━━━━━
      ┣ 运行环境：                     Production
      ┣ 启动程序集：                   Admin.NET.Web.Entry
      ┣ 进程名称：                     Admin.NET.Web.Entry
      ┣ 托管程序：                     Kestrel
      ┣ ━━━━━━━━━━━━━━━  授权信息 ━━━━━━━━━━━━━━━
      ┣ JWT Token：                    Bearer eyJhbGciOiJIUzI1NiIsInR5cCI6IkpXVCJ9.eyJVc2VySWQiOjE0MjEzNDI2MzI3ODc3LCJUZW5hbnRJZCI6MTMwMDAwMDAwMDAwMSwiQWNjb3VudCI6ImExMTE0IiwiTmlja05hbWUiOiJhMTIzIiwiQWNjb3VudFR5cGUiOjc3NywiaWF0IjoxNjk5Nzc2NDgxLCJuYmYiOjE2OTk3NzY0ODEsImV4cCI6MTcwMDM4MTI4MSwiaXNzIjoiQWRtaW4uTkVUIiwiYXVkIjoiQWRtaW4uTkVUIn0.b3TD8R5CeAEbxKVnwTofRYEKr-wKTwXqIXL9yNewZik
      ┣ 
      ┣ UserId (integer64)：           14213426327877
      ┣ TenantId (integer64)：         1300000000001
      ┣ Account (string)：             a1114
      ┣ NickName (string)：            a123
      ┣ AccountType (integer)：        777
      ┣ iat (integer)：                1699776481 (2023-11-12 16:08:01:0000(+08:00) 星期日 L)
      ┣ nbf (integer)：                1699776481 (2023-11-12 16:08:01:0000(+08:00) 星期日 L)
      ┣ exp (integer)：                1700381281 (2023-11-19 16:08:01:0000(+08:00) 星期日 L)
      ┣ iss (string)：                 Admin.NET
      ┣ aud (string)：                 Admin.NET
      ┣ ━━━━━━━━━━━━━━━  返回信息 ━━━━━━━━━━━━━━━
      ┣ HTTP响应状态码：               200
      ┣ 原始类型：                     System.Threading.Tasks.Task<Admin.NET.Core.JuAI.Service.AppUserInfo>
      ┣ 最终类型：                     Admin.NET.Core.AdminResult<System.Object>
      ┣ 最终返回值：                   {"code":200,"type":"success","message":"","result":{"account":"a1114","nickName":"a123","avatar":"Upload/Avatar/15029096932037.png","phone":"18600766045","email":"chenwei_zq@163.com","remark":null,"sex":2,"tokenNum":"11083027","payType":222},"extras":null,"time":"2023-11-13T22:32:01.5317399+08:00"}
      ┗━━━━━━━━━━━  Logging Monitor ━━━━━━━━━━━
info: 2023-11-13 22:33:21.1154269 +08:00 星期一 L System.Logging.LoggingMonitor[0] #7 '00-ecfad60e20908cd94cbbf777601304ea-9932f1f3669553a8-00'
      [System.Private.CoreLib.dll] void System.Runtime.CompilerServices.AsyncTaskMethodBuilder<TResult>+AsyncStateMachineBox<TStateMachine>.MoveNext(Thread threadPoolThread)
      ┏━━━━━━━━━━━  Logging Monitor ━━━━━━━━━━━
      ┣ Admin.NET.Core.JuAI.Service.UserLoginService.GetInfo
      ┣ 
      ┣ 控制器名称：                   UserLoginService
      ┣ 操作名称：                     GetInfo
      ┣ 显示名称：                     获取用户信息
      ┣ 路由信息：                     [area]: ; [controller]: userLogin; [action]: info
      ┣ 请求方式：                     GET
      ┣ 请求地址：                     http://localhost:5005/app/api/userLogin/info
      ┣ 来源地址：                     http://localhost:3000/
      ┣ 请求端源：                     client
      ┣ 浏览器标识：                   Mozilla/5.0 (Windows NT 10.0; Win64; x64) AppleWebKit/537.36 (KHTML, like Gecko) Chrome/119.0.0.0 Safari/537.36
      ┣ 客户端区域语言：               zh-CN,zh;q=0.9
      ┣ 客户端 IP 地址：               0.0.0.1
      ┣ 服务端 IP 地址：               0.0.0.1
      ┣ 客户端连接 ID：                00-ecfad60e20908cd94cbbf777601304ea-9932f1f3669553a8-00
      ┣ 服务线程 ID：                  #33
      ┣ 执行耗时：                     61ms
      ┣ ━━━━━━━━━━━━━━━  Cookies ━━━━━━━━━━━━━━━
      ┣ 请求端：                       
      ┣ 响应端：                       
      ┣ ━━━━━━━━━━━━━━━  系统信息 ━━━━━━━━━━━━━━━
      ┣ 系统名称：                     Microsoft Windows 10.0.19045
      ┣ 系统架构：                     X64
      ┣ 基础框架：                     Furion.Pure v4.8.8.44
      ┣ .NET 架构：                    .NET 6.0.16
      ┣ ━━━━━━━━━━━━━━━  启动信息 ━━━━━━━━━━━━━━━
      ┣ 运行环境：                     Production
      ┣ 启动程序集：                   Admin.NET.Web.Entry
      ┣ 进程名称：                     Admin.NET.Web.Entry
      ┣ 托管程序：                     Kestrel
      ┣ ━━━━━━━━━━━━━━━  授权信息 ━━━━━━━━━━━━━━━
      ┣ JWT Token：                    Bearer eyJhbGciOiJIUzI1NiIsInR5cCI6IkpXVCJ9.eyJVc2VySWQiOjE0MjEzNDI2MzI3ODc3LCJUZW5hbnRJZCI6MTMwMDAwMDAwMDAwMSwiQWNjb3VudCI6ImExMTE0IiwiTmlja05hbWUiOiJhMTIzIiwiQWNjb3VudFR5cGUiOjc3NywiaWF0IjoxNjk5Nzc2NDgxLCJuYmYiOjE2OTk3NzY0ODEsImV4cCI6MTcwMDM4MTI4MSwiaXNzIjoiQWRtaW4uTkVUIiwiYXVkIjoiQWRtaW4uTkVUIn0.b3TD8R5CeAEbxKVnwTofRYEKr-wKTwXqIXL9yNewZik
      ┣ 
      ┣ UserId (integer64)：           14213426327877
      ┣ TenantId (integer64)：         1300000000001
      ┣ Account (string)：             a1114
      ┣ NickName (string)：            a123
      ┣ AccountType (integer)：        777
      ┣ iat (integer)：                1699776481 (2023-11-12 16:08:01:0000(+08:00) 星期日 L)
      ┣ nbf (integer)：                1699776481 (2023-11-12 16:08:01:0000(+08:00) 星期日 L)
      ┣ exp (integer)：                1700381281 (2023-11-19 16:08:01:0000(+08:00) 星期日 L)
      ┣ iss (string)：                 Admin.NET
      ┣ aud (string)：                 Admin.NET
      ┣ ━━━━━━━━━━━━━━━  返回信息 ━━━━━━━━━━━━━━━
      ┣ HTTP响应状态码：               200
      ┣ 原始类型：                     System.Threading.Tasks.Task<Admin.NET.Core.JuAI.Service.AppUserInfo>
      ┣ 最终类型：                     Admin.NET.Core.AdminResult<System.Object>
      ┣ 最终返回值：                   {"code":200,"type":"success","message":"","result":{"account":"a1114","nickName":"a123","avatar":"Upload/Avatar/15029096932037.png","phone":"18600766045","email":"chenwei_zq@163.com","remark":null,"sex":2,"tokenNum":"11083027","payType":222},"extras":null,"time":"2023-11-13T22:33:21.1076572+08:00"}
      ┗━━━━━━━━━━━  Logging Monitor ━━━━━━━━━━━
info: 2023-11-13 22:34:04.5827136 +08:00 星期一 L System.Logging.LoggingMonitor[0] #7 '00-5dce50177fddcf63125a3e47e521166b-16195327abbd95f5-00'
      [System.Private.CoreLib.dll] void System.Runtime.CompilerServices.AsyncTaskMethodBuilder<TResult>+AsyncStateMachineBox<TStateMachine>.MoveNext(Thread threadPoolThread)
      ┏━━━━━━━━━━━  Logging Monitor ━━━━━━━━━━━
      ┣ Admin.NET.Core.JuAI.Service.UserLoginService.GetInfo
      ┣ 
      ┣ 控制器名称：                   UserLoginService
      ┣ 操作名称：                     GetInfo
      ┣ 显示名称：                     获取用户信息
      ┣ 路由信息：                     [area]: ; [controller]: userLogin; [action]: info
      ┣ 请求方式：                     GET
      ┣ 请求地址：                     http://localhost:5005/app/api/userLogin/info
      ┣ 来源地址：                     http://localhost:3000/
      ┣ 请求端源：                     client
      ┣ 浏览器标识：                   Mozilla/5.0 (Windows NT 10.0; Win64; x64) AppleWebKit/537.36 (KHTML, like Gecko) Chrome/119.0.0.0 Safari/537.36
      ┣ 客户端区域语言：               zh-CN,zh;q=0.9
      ┣ 客户端 IP 地址：               0.0.0.1
      ┣ 服务端 IP 地址：               0.0.0.1
      ┣ 客户端连接 ID：                00-5dce50177fddcf63125a3e47e521166b-16195327abbd95f5-00
      ┣ 服务线程 ID：                  #73
      ┣ 执行耗时：                     56ms
      ┣ ━━━━━━━━━━━━━━━  Cookies ━━━━━━━━━━━━━━━
      ┣ 请求端：                       
      ┣ 响应端：                       
      ┣ ━━━━━━━━━━━━━━━  系统信息 ━━━━━━━━━━━━━━━
      ┣ 系统名称：                     Microsoft Windows 10.0.19045
      ┣ 系统架构：                     X64
      ┣ 基础框架：                     Furion.Pure v4.8.8.44
      ┣ .NET 架构：                    .NET 6.0.16
      ┣ ━━━━━━━━━━━━━━━  启动信息 ━━━━━━━━━━━━━━━
      ┣ 运行环境：                     Production
      ┣ 启动程序集：                   Admin.NET.Web.Entry
      ┣ 进程名称：                     Admin.NET.Web.Entry
      ┣ 托管程序：                     Kestrel
      ┣ ━━━━━━━━━━━━━━━  授权信息 ━━━━━━━━━━━━━━━
      ┣ JWT Token：                    Bearer eyJhbGciOiJIUzI1NiIsInR5cCI6IkpXVCJ9.eyJVc2VySWQiOjE0MjEzNDI2MzI3ODc3LCJUZW5hbnRJZCI6MTMwMDAwMDAwMDAwMSwiQWNjb3VudCI6ImExMTE0IiwiTmlja05hbWUiOiJhMTIzIiwiQWNjb3VudFR5cGUiOjc3NywiaWF0IjoxNjk5Nzc2NDgxLCJuYmYiOjE2OTk3NzY0ODEsImV4cCI6MTcwMDM4MTI4MSwiaXNzIjoiQWRtaW4uTkVUIiwiYXVkIjoiQWRtaW4uTkVUIn0.b3TD8R5CeAEbxKVnwTofRYEKr-wKTwXqIXL9yNewZik
      ┣ 
      ┣ UserId (integer64)：           14213426327877
      ┣ TenantId (integer64)：         1300000000001
      ┣ Account (string)：             a1114
      ┣ NickName (string)：            a123
      ┣ AccountType (integer)：        777
      ┣ iat (integer)：                1699776481 (2023-11-12 16:08:01:0000(+08:00) 星期日 L)
      ┣ nbf (integer)：                1699776481 (2023-11-12 16:08:01:0000(+08:00) 星期日 L)
      ┣ exp (integer)：                1700381281 (2023-11-19 16:08:01:0000(+08:00) 星期日 L)
      ┣ iss (string)：                 Admin.NET
      ┣ aud (string)：                 Admin.NET
      ┣ ━━━━━━━━━━━━━━━  返回信息 ━━━━━━━━━━━━━━━
      ┣ HTTP响应状态码：               200
      ┣ 原始类型：                     System.Threading.Tasks.Task<Admin.NET.Core.JuAI.Service.AppUserInfo>
      ┣ 最终类型：                     Admin.NET.Core.AdminResult<System.Object>
      ┣ 最终返回值：                   {"code":200,"type":"success","message":"","result":{"account":"a1114","nickName":"a123","avatar":"Upload/Avatar/15029096932037.png","phone":"18600766045","email":"chenwei_zq@163.com","remark":null,"sex":2,"tokenNum":"11083027","payType":222},"extras":null,"time":"2023-11-13T22:34:04.5800858+08:00"}
      ┗━━━━━━━━━━━  Logging Monitor ━━━━━━━━━━━
info: 2023-11-13 22:34:25.0841800 +08:00 星期一 L System.Logging.LoggingMonitor[0] #7 '00-19461ab7edd2e9c4f18485555b85144c-5c887a6a93514573-00'
      [System.Private.CoreLib.dll] void System.Runtime.CompilerServices.AsyncTaskMethodBuilder<TResult>+AsyncStateMachineBox<TStateMachine>.MoveNext(Thread threadPoolThread)
      ┏━━━━━━━━━━━  Logging Monitor ━━━━━━━━━━━
      ┣ Admin.NET.Core.JuAI.Service.UserLoginService.GetInfo
      ┣ 
      ┣ 控制器名称：                   UserLoginService
      ┣ 操作名称：                     GetInfo
      ┣ 显示名称：                     获取用户信息
      ┣ 路由信息：                     [area]: ; [controller]: userLogin; [action]: info
      ┣ 请求方式：                     GET
      ┣ 请求地址：                     http://localhost:5005/app/api/userLogin/info
      ┣ 来源地址：                     http://localhost:3000/
      ┣ 请求端源：                     client
      ┣ 浏览器标识：                   Mozilla/5.0 (Windows NT 10.0; Win64; x64) AppleWebKit/537.36 (KHTML, like Gecko) Chrome/119.0.0.0 Safari/537.36
      ┣ 客户端区域语言：               zh-CN,zh;q=0.9
      ┣ 客户端 IP 地址：               0.0.0.1
      ┣ 服务端 IP 地址：               0.0.0.1
      ┣ 客户端连接 ID：                00-19461ab7edd2e9c4f18485555b85144c-5c887a6a93514573-00
      ┣ 服务线程 ID：                  #42
      ┣ 执行耗时：                     61ms
      ┣ ━━━━━━━━━━━━━━━  Cookies ━━━━━━━━━━━━━━━
      ┣ 请求端：                       
      ┣ 响应端：                       
      ┣ ━━━━━━━━━━━━━━━  系统信息 ━━━━━━━━━━━━━━━
      ┣ 系统名称：                     Microsoft Windows 10.0.19045
      ┣ 系统架构：                     X64
      ┣ 基础框架：                     Furion.Pure v4.8.8.44
      ┣ .NET 架构：                    .NET 6.0.16
      ┣ ━━━━━━━━━━━━━━━  启动信息 ━━━━━━━━━━━━━━━
      ┣ 运行环境：                     Production
      ┣ 启动程序集：                   Admin.NET.Web.Entry
      ┣ 进程名称：                     Admin.NET.Web.Entry
      ┣ 托管程序：                     Kestrel
      ┣ ━━━━━━━━━━━━━━━  授权信息 ━━━━━━━━━━━━━━━
      ┣ JWT Token：                    Bearer eyJhbGciOiJIUzI1NiIsInR5cCI6IkpXVCJ9.eyJVc2VySWQiOjE0MjEzNDI2MzI3ODc3LCJUZW5hbnRJZCI6MTMwMDAwMDAwMDAwMSwiQWNjb3VudCI6ImExMTE0IiwiTmlja05hbWUiOiJhMTIzIiwiQWNjb3VudFR5cGUiOjc3NywiaWF0IjoxNjk5Nzc2NDgxLCJuYmYiOjE2OTk3NzY0ODEsImV4cCI6MTcwMDM4MTI4MSwiaXNzIjoiQWRtaW4uTkVUIiwiYXVkIjoiQWRtaW4uTkVUIn0.b3TD8R5CeAEbxKVnwTofRYEKr-wKTwXqIXL9yNewZik
      ┣ 
      ┣ UserId (integer64)：           14213426327877
      ┣ TenantId (integer64)：         1300000000001
      ┣ Account (string)：             a1114
      ┣ NickName (string)：            a123
      ┣ AccountType (integer)：        777
      ┣ iat (integer)：                1699776481 (2023-11-12 16:08:01:0000(+08:00) 星期日 L)
      ┣ nbf (integer)：                1699776481 (2023-11-12 16:08:01:0000(+08:00) 星期日 L)
      ┣ exp (integer)：                1700381281 (2023-11-19 16:08:01:0000(+08:00) 星期日 L)
      ┣ iss (string)：                 Admin.NET
      ┣ aud (string)：                 Admin.NET
      ┣ ━━━━━━━━━━━━━━━  返回信息 ━━━━━━━━━━━━━━━
      ┣ HTTP响应状态码：               200
      ┣ 原始类型：                     System.Threading.Tasks.Task<Admin.NET.Core.JuAI.Service.AppUserInfo>
      ┣ 最终类型：                     Admin.NET.Core.AdminResult<System.Object>
      ┣ 最终返回值：                   {"code":200,"type":"success","message":"","result":{"account":"a1114","nickName":"a123","avatar":"Upload/Avatar/15029096932037.png","phone":"18600766045","email":"chenwei_zq@163.com","remark":null,"sex":2,"tokenNum":"11083027","payType":222},"extras":null,"time":"2023-11-13T22:34:25.0788468+08:00"}
      ┗━━━━━━━━━━━  Logging Monitor ━━━━━━━━━━━
info: 2023-11-13 22:34:39.3730936 +08:00 星期一 L System.Logging.LoggingMonitor[0] #7 '00-cb02eba925962bc7a1b5e394d32d78db-d8d5ea7bbc13fd3f-00'
      [System.Private.CoreLib.dll] void System.Runtime.CompilerServices.AsyncTaskMethodBuilder<TResult>+AsyncStateMachineBox<TStateMachine>.MoveNext(Thread threadPoolThread)
      ┏━━━━━━━━━━━  Logging Monitor ━━━━━━━━━━━
      ┣ Admin.NET.Core.JuAI.Service.UserLoginService.GetInfo
      ┣ 
      ┣ 控制器名称：                   UserLoginService
      ┣ 操作名称：                     GetInfo
      ┣ 显示名称：                     获取用户信息
      ┣ 路由信息：                     [area]: ; [controller]: userLogin; [action]: info
      ┣ 请求方式：                     GET
      ┣ 请求地址：                     http://localhost:5005/app/api/userLogin/info
      ┣ 来源地址：                     http://localhost:3000/
      ┣ 请求端源：                     client
      ┣ 浏览器标识：                   Mozilla/5.0 (Windows NT 10.0; Win64; x64) AppleWebKit/537.36 (KHTML, like Gecko) Chrome/119.0.0.0 Safari/537.36
      ┣ 客户端区域语言：               zh-CN,zh;q=0.9
      ┣ 客户端 IP 地址：               0.0.0.1
      ┣ 服务端 IP 地址：               0.0.0.1
      ┣ 客户端连接 ID：                00-cb02eba925962bc7a1b5e394d32d78db-d8d5ea7bbc13fd3f-00
      ┣ 服务线程 ID：                  #33
      ┣ 执行耗时：                     57ms
      ┣ ━━━━━━━━━━━━━━━  Cookies ━━━━━━━━━━━━━━━
      ┣ 请求端：                       
      ┣ 响应端：                       
      ┣ ━━━━━━━━━━━━━━━  系统信息 ━━━━━━━━━━━━━━━
      ┣ 系统名称：                     Microsoft Windows 10.0.19045
      ┣ 系统架构：                     X64
      ┣ 基础框架：                     Furion.Pure v4.8.8.44
      ┣ .NET 架构：                    .NET 6.0.16
      ┣ ━━━━━━━━━━━━━━━  启动信息 ━━━━━━━━━━━━━━━
      ┣ 运行环境：                     Production
      ┣ 启动程序集：                   Admin.NET.Web.Entry
      ┣ 进程名称：                     Admin.NET.Web.Entry
      ┣ 托管程序：                     Kestrel
      ┣ ━━━━━━━━━━━━━━━  授权信息 ━━━━━━━━━━━━━━━
      ┣ JWT Token：                    Bearer eyJhbGciOiJIUzI1NiIsInR5cCI6IkpXVCJ9.eyJVc2VySWQiOjE0MjEzNDI2MzI3ODc3LCJUZW5hbnRJZCI6MTMwMDAwMDAwMDAwMSwiQWNjb3VudCI6ImExMTE0IiwiTmlja05hbWUiOiJhMTIzIiwiQWNjb3VudFR5cGUiOjc3NywiaWF0IjoxNjk5Nzc2NDgxLCJuYmYiOjE2OTk3NzY0ODEsImV4cCI6MTcwMDM4MTI4MSwiaXNzIjoiQWRtaW4uTkVUIiwiYXVkIjoiQWRtaW4uTkVUIn0.b3TD8R5CeAEbxKVnwTofRYEKr-wKTwXqIXL9yNewZik
      ┣ 
      ┣ UserId (integer64)：           14213426327877
      ┣ TenantId (integer64)：         1300000000001
      ┣ Account (string)：             a1114
      ┣ NickName (string)：            a123
      ┣ AccountType (integer)：        777
      ┣ iat (integer)：                1699776481 (2023-11-12 16:08:01:0000(+08:00) 星期日 L)
      ┣ nbf (integer)：                1699776481 (2023-11-12 16:08:01:0000(+08:00) 星期日 L)
      ┣ exp (integer)：                1700381281 (2023-11-19 16:08:01:0000(+08:00) 星期日 L)
      ┣ iss (string)：                 Admin.NET
      ┣ aud (string)：                 Admin.NET
      ┣ ━━━━━━━━━━━━━━━  返回信息 ━━━━━━━━━━━━━━━
      ┣ HTTP响应状态码：               200
      ┣ 原始类型：                     System.Threading.Tasks.Task<Admin.NET.Core.JuAI.Service.AppUserInfo>
      ┣ 最终类型：                     Admin.NET.Core.AdminResult<System.Object>
      ┣ 最终返回值：                   {"code":200,"type":"success","message":"","result":{"account":"a1114","nickName":"a123","avatar":"Upload/Avatar/15029096932037.png","phone":"18600766045","email":"chenwei_zq@163.com","remark":null,"sex":2,"tokenNum":"11083027","payType":222},"extras":null,"time":"2023-11-13T22:34:39.3675658+08:00"}
      ┗━━━━━━━━━━━  Logging Monitor ━━━━━━━━━━━
info: 2023-11-13 22:34:50.0099939 +08:00 星期一 L System.Logging.LoggingMonitor[0] #7 '00-857fe71f893e003fdcc1bacef19b39f6-d691d7dca0261f59-00'
      [System.Private.CoreLib.dll] void System.Runtime.CompilerServices.AsyncTaskMethodBuilder<TResult>+AsyncStateMachineBox<TStateMachine>.MoveNext(Thread threadPoolThread)
      ┏━━━━━━━━━━━  Logging Monitor ━━━━━━━━━━━
      ┣ Admin.NET.Core.JuAI.Service.UserLoginService.GetInfo
      ┣ 
      ┣ 控制器名称：                   UserLoginService
      ┣ 操作名称：                     GetInfo
      ┣ 显示名称：                     获取用户信息
      ┣ 路由信息：                     [area]: ; [controller]: userLogin; [action]: info
      ┣ 请求方式：                     GET
      ┣ 请求地址：                     http://localhost:5005/app/api/userLogin/info
      ┣ 来源地址：                     http://localhost:3000/
      ┣ 请求端源：                     client
      ┣ 浏览器标识：                   Mozilla/5.0 (Windows NT 10.0; Win64; x64) AppleWebKit/537.36 (KHTML, like Gecko) Chrome/119.0.0.0 Safari/537.36
      ┣ 客户端区域语言：               zh-CN,zh;q=0.9
      ┣ 客户端 IP 地址：               0.0.0.1
      ┣ 服务端 IP 地址：               0.0.0.1
      ┣ 客户端连接 ID：                00-857fe71f893e003fdcc1bacef19b39f6-d691d7dca0261f59-00
      ┣ 服务线程 ID：                  #93
      ┣ 执行耗时：                     63ms
      ┣ ━━━━━━━━━━━━━━━  Cookies ━━━━━━━━━━━━━━━
      ┣ 请求端：                       
      ┣ 响应端：                       
      ┣ ━━━━━━━━━━━━━━━  系统信息 ━━━━━━━━━━━━━━━
      ┣ 系统名称：                     Microsoft Windows 10.0.19045
      ┣ 系统架构：                     X64
      ┣ 基础框架：                     Furion.Pure v4.8.8.44
      ┣ .NET 架构：                    .NET 6.0.16
      ┣ ━━━━━━━━━━━━━━━  启动信息 ━━━━━━━━━━━━━━━
      ┣ 运行环境：                     Production
      ┣ 启动程序集：                   Admin.NET.Web.Entry
      ┣ 进程名称：                     Admin.NET.Web.Entry
      ┣ 托管程序：                     Kestrel
      ┣ ━━━━━━━━━━━━━━━  授权信息 ━━━━━━━━━━━━━━━
      ┣ JWT Token：                    Bearer eyJhbGciOiJIUzI1NiIsInR5cCI6IkpXVCJ9.eyJVc2VySWQiOjE0MjEzNDI2MzI3ODc3LCJUZW5hbnRJZCI6MTMwMDAwMDAwMDAwMSwiQWNjb3VudCI6ImExMTE0IiwiTmlja05hbWUiOiJhMTIzIiwiQWNjb3VudFR5cGUiOjc3NywiaWF0IjoxNjk5Nzc2NDgxLCJuYmYiOjE2OTk3NzY0ODEsImV4cCI6MTcwMDM4MTI4MSwiaXNzIjoiQWRtaW4uTkVUIiwiYXVkIjoiQWRtaW4uTkVUIn0.b3TD8R5CeAEbxKVnwTofRYEKr-wKTwXqIXL9yNewZik
      ┣ 
      ┣ UserId (integer64)：           14213426327877
      ┣ TenantId (integer64)：         1300000000001
      ┣ Account (string)：             a1114
      ┣ NickName (string)：            a123
      ┣ AccountType (integer)：        777
      ┣ iat (integer)：                1699776481 (2023-11-12 16:08:01:0000(+08:00) 星期日 L)
      ┣ nbf (integer)：                1699776481 (2023-11-12 16:08:01:0000(+08:00) 星期日 L)
      ┣ exp (integer)：                1700381281 (2023-11-19 16:08:01:0000(+08:00) 星期日 L)
      ┣ iss (string)：                 Admin.NET
      ┣ aud (string)：                 Admin.NET
      ┣ ━━━━━━━━━━━━━━━  返回信息 ━━━━━━━━━━━━━━━
      ┣ HTTP响应状态码：               200
      ┣ 原始类型：                     System.Threading.Tasks.Task<Admin.NET.Core.JuAI.Service.AppUserInfo>
      ┣ 最终类型：                     Admin.NET.Core.AdminResult<System.Object>
      ┣ 最终返回值：                   {"code":200,"type":"success","message":"","result":{"account":"a1114","nickName":"a123","avatar":"Upload/Avatar/15029096932037.png","phone":"18600766045","email":"chenwei_zq@163.com","remark":null,"sex":2,"tokenNum":"11083027","payType":222},"extras":null,"time":"2023-11-13T22:34:50.0064558+08:00"}
      ┗━━━━━━━━━━━  Logging Monitor ━━━━━━━━━━━
info: 2023-11-13 22:37:44.1890287 +08:00 星期一 L System.Logging.LoggingMonitor[0] #38 '00-08ddbb29985bd319d4210cd17a6e18b7-b6a0e29fa48563be-00'
      [System.Private.CoreLib.dll] void System.Runtime.CompilerServices.AsyncTaskMethodBuilder<TResult>+AsyncStateMachineBox<TStateMachine>.MoveNext(Thread threadPoolThread)
      ┏━━━━━━━━━━━  Logging Monitor ━━━━━━━━━━━
      ┣ Admin.NET.Core.JuAI.Service.UserLoginService.GetInfo
      ┣ 
      ┣ 控制器名称：                   UserLoginService
      ┣ 操作名称：                     GetInfo
      ┣ 显示名称：                     获取用户信息
      ┣ 路由信息：                     [area]: ; [controller]: userLogin; [action]: info
      ┣ 请求方式：                     GET
      ┣ 请求地址：                     http://localhost:5005/app/api/userLogin/info
      ┣ 来源地址：                     http://localhost:3000/
      ┣ 请求端源：                     client
      ┣ 浏览器标识：                   Mozilla/5.0 (Windows NT 10.0; Win64; x64) AppleWebKit/537.36 (KHTML, like Gecko) Chrome/119.0.0.0 Safari/537.36
      ┣ 客户端区域语言：               zh-CN,zh;q=0.9
      ┣ 客户端 IP 地址：               0.0.0.1
      ┣ 服务端 IP 地址：               0.0.0.1
      ┣ 客户端连接 ID：                00-08ddbb29985bd319d4210cd17a6e18b7-b6a0e29fa48563be-00
      ┣ 服务线程 ID：                  #93
      ┣ 执行耗时：                     58ms
      ┣ ━━━━━━━━━━━━━━━  Cookies ━━━━━━━━━━━━━━━
      ┣ 请求端：                       
      ┣ 响应端：                       
      ┣ ━━━━━━━━━━━━━━━  系统信息 ━━━━━━━━━━━━━━━
      ┣ 系统名称：                     Microsoft Windows 10.0.19045
      ┣ 系统架构：                     X64
      ┣ 基础框架：                     Furion.Pure v4.8.8.44
      ┣ .NET 架构：                    .NET 6.0.16
      ┣ ━━━━━━━━━━━━━━━  启动信息 ━━━━━━━━━━━━━━━
      ┣ 运行环境：                     Production
      ┣ 启动程序集：                   Admin.NET.Web.Entry
      ┣ 进程名称：                     Admin.NET.Web.Entry
      ┣ 托管程序：                     Kestrel
      ┣ ━━━━━━━━━━━━━━━  授权信息 ━━━━━━━━━━━━━━━
      ┣ JWT Token：                    Bearer eyJhbGciOiJIUzI1NiIsInR5cCI6IkpXVCJ9.eyJVc2VySWQiOjE0MjEzNDI2MzI3ODc3LCJUZW5hbnRJZCI6MTMwMDAwMDAwMDAwMSwiQWNjb3VudCI6ImExMTE0IiwiTmlja05hbWUiOiJhMTIzIiwiQWNjb3VudFR5cGUiOjc3NywiaWF0IjoxNjk5Nzc2NDgxLCJuYmYiOjE2OTk3NzY0ODEsImV4cCI6MTcwMDM4MTI4MSwiaXNzIjoiQWRtaW4uTkVUIiwiYXVkIjoiQWRtaW4uTkVUIn0.b3TD8R5CeAEbxKVnwTofRYEKr-wKTwXqIXL9yNewZik
      ┣ 
      ┣ UserId (integer64)：           14213426327877
      ┣ TenantId (integer64)：         1300000000001
      ┣ Account (string)：             a1114
      ┣ NickName (string)：            a123
      ┣ AccountType (integer)：        777
      ┣ iat (integer)：                1699776481 (2023-11-12 16:08:01:0000(+08:00) 星期日 L)
      ┣ nbf (integer)：                1699776481 (2023-11-12 16:08:01:0000(+08:00) 星期日 L)
      ┣ exp (integer)：                1700381281 (2023-11-19 16:08:01:0000(+08:00) 星期日 L)
      ┣ iss (string)：                 Admin.NET
      ┣ aud (string)：                 Admin.NET
      ┣ ━━━━━━━━━━━━━━━  返回信息 ━━━━━━━━━━━━━━━
      ┣ HTTP响应状态码：               200
      ┣ 原始类型：                     System.Threading.Tasks.Task<Admin.NET.Core.JuAI.Service.AppUserInfo>
      ┣ 最终类型：                     Admin.NET.Core.AdminResult<System.Object>
      ┣ 最终返回值：                   {"code":200,"type":"success","message":"","result":{"account":"a1114","nickName":"a123","avatar":"Upload/Avatar/15029096932037.png","phone":"18600766045","email":"chenwei_zq@163.com","remark":null,"sex":2,"tokenNum":"11083027","payType":222},"extras":null,"time":"2023-11-13T22:37:44.185693+08:00"}
      ┗━━━━━━━━━━━  Logging Monitor ━━━━━━━━━━━
info: 2023-11-13 22:38:45.9078671 +08:00 星期一 L System.Logging.LoggingMonitor[0] #7 '00-b2244b6fbca5367416d5755e04b843cc-7a847c3f2e77c938-00'
      [System.Private.CoreLib.dll] void System.Runtime.CompilerServices.AsyncTaskMethodBuilder<TResult>+AsyncStateMachineBox<TStateMachine>.MoveNext(Thread threadPoolThread)
      ┏━━━━━━━━━━━  Logging Monitor ━━━━━━━━━━━
      ┣ Admin.NET.Core.JuAI.Service.UserLoginService.GetInfo
      ┣ 
      ┣ 控制器名称：                   UserLoginService
      ┣ 操作名称：                     GetInfo
      ┣ 显示名称：                     获取用户信息
      ┣ 路由信息：                     [area]: ; [controller]: userLogin; [action]: info
      ┣ 请求方式：                     GET
      ┣ 请求地址：                     http://localhost:5005/app/api/userLogin/info
      ┣ 来源地址：                     http://localhost:3000/
      ┣ 请求端源：                     client
      ┣ 浏览器标识：                   Mozilla/5.0 (Windows NT 10.0; Win64; x64) AppleWebKit/537.36 (KHTML, like Gecko) Chrome/119.0.0.0 Safari/537.36
      ┣ 客户端区域语言：               zh-CN,zh;q=0.9
      ┣ 客户端 IP 地址：               0.0.0.1
      ┣ 服务端 IP 地址：               0.0.0.1
      ┣ 客户端连接 ID：                00-b2244b6fbca5367416d5755e04b843cc-7a847c3f2e77c938-00
      ┣ 服务线程 ID：                  #42
      ┣ 执行耗时：                     60ms
      ┣ ━━━━━━━━━━━━━━━  Cookies ━━━━━━━━━━━━━━━
      ┣ 请求端：                       
      ┣ 响应端：                       
      ┣ ━━━━━━━━━━━━━━━  系统信息 ━━━━━━━━━━━━━━━
      ┣ 系统名称：                     Microsoft Windows 10.0.19045
      ┣ 系统架构：                     X64
      ┣ 基础框架：                     Furion.Pure v4.8.8.44
      ┣ .NET 架构：                    .NET 6.0.16
      ┣ ━━━━━━━━━━━━━━━  启动信息 ━━━━━━━━━━━━━━━
      ┣ 运行环境：                     Production
      ┣ 启动程序集：                   Admin.NET.Web.Entry
      ┣ 进程名称：                     Admin.NET.Web.Entry
      ┣ 托管程序：                     Kestrel
      ┣ ━━━━━━━━━━━━━━━  授权信息 ━━━━━━━━━━━━━━━
      ┣ JWT Token：                    Bearer eyJhbGciOiJIUzI1NiIsInR5cCI6IkpXVCJ9.eyJVc2VySWQiOjE0MjEzNDI2MzI3ODc3LCJUZW5hbnRJZCI6MTMwMDAwMDAwMDAwMSwiQWNjb3VudCI6ImExMTE0IiwiTmlja05hbWUiOiJhMTIzIiwiQWNjb3VudFR5cGUiOjc3NywiaWF0IjoxNjk5Nzc2NDgxLCJuYmYiOjE2OTk3NzY0ODEsImV4cCI6MTcwMDM4MTI4MSwiaXNzIjoiQWRtaW4uTkVUIiwiYXVkIjoiQWRtaW4uTkVUIn0.b3TD8R5CeAEbxKVnwTofRYEKr-wKTwXqIXL9yNewZik
      ┣ 
      ┣ UserId (integer64)：           14213426327877
      ┣ TenantId (integer64)：         1300000000001
      ┣ Account (string)：             a1114
      ┣ NickName (string)：            a123
      ┣ AccountType (integer)：        777
      ┣ iat (integer)：                1699776481 (2023-11-12 16:08:01:0000(+08:00) 星期日 L)
      ┣ nbf (integer)：                1699776481 (2023-11-12 16:08:01:0000(+08:00) 星期日 L)
      ┣ exp (integer)：                1700381281 (2023-11-19 16:08:01:0000(+08:00) 星期日 L)
      ┣ iss (string)：                 Admin.NET
      ┣ aud (string)：                 Admin.NET
      ┣ ━━━━━━━━━━━━━━━  返回信息 ━━━━━━━━━━━━━━━
      ┣ HTTP响应状态码：               200
      ┣ 原始类型：                     System.Threading.Tasks.Task<Admin.NET.Core.JuAI.Service.AppUserInfo>
      ┣ 最终类型：                     Admin.NET.Core.AdminResult<System.Object>
      ┣ 最终返回值：                   {"code":200,"type":"success","message":"","result":{"account":"a1114","nickName":"a123","avatar":"Upload/Avatar/15029096932037.png","phone":"18600766045","email":"chenwei_zq@163.com","remark":null,"sex":2,"tokenNum":"11083027","payType":222},"extras":null,"time":"2023-11-13T22:38:45.9048199+08:00"}
      ┗━━━━━━━━━━━  Logging Monitor ━━━━━━━━━━━
info: 2023-11-13 22:40:47.5539507 +08:00 星期一 L System.Logging.LoggingMonitor[0] #42 '00-94153acc02fc3808ba0433747e9d460f-a65b75613b3bdc9d-00'
      [System.Private.CoreLib.dll] void System.Runtime.CompilerServices.AsyncTaskMethodBuilder<TResult>+AsyncStateMachineBox<TStateMachine>.MoveNext(Thread threadPoolThread)
      ┏━━━━━━━━━━━  Logging Monitor ━━━━━━━━━━━
      ┣ Admin.NET.Core.JuAI.Service.UserLoginService.GetInfo
      ┣ 
      ┣ 控制器名称：                   UserLoginService
      ┣ 操作名称：                     GetInfo
      ┣ 显示名称：                     获取用户信息
      ┣ 路由信息：                     [area]: ; [controller]: userLogin; [action]: info
      ┣ 请求方式：                     GET
      ┣ 请求地址：                     http://localhost:5005/app/api/userLogin/info
      ┣ 来源地址：                     http://localhost:3000/
      ┣ 请求端源：                     client
      ┣ 浏览器标识：                   Mozilla/5.0 (Windows NT 10.0; Win64; x64) AppleWebKit/537.36 (KHTML, like Gecko) Chrome/119.0.0.0 Safari/537.36
      ┣ 客户端区域语言：               zh-CN,zh;q=0.9
      ┣ 客户端 IP 地址：               0.0.0.1
      ┣ 服务端 IP 地址：               0.0.0.1
      ┣ 客户端连接 ID：                00-94153acc02fc3808ba0433747e9d460f-a65b75613b3bdc9d-00
      ┣ 服务线程 ID：                  #79
      ┣ 执行耗时：                     60ms
      ┣ ━━━━━━━━━━━━━━━  Cookies ━━━━━━━━━━━━━━━
      ┣ 请求端：                       
      ┣ 响应端：                       
      ┣ ━━━━━━━━━━━━━━━  系统信息 ━━━━━━━━━━━━━━━
      ┣ 系统名称：                     Microsoft Windows 10.0.19045
      ┣ 系统架构：                     X64
      ┣ 基础框架：                     Furion.Pure v4.8.8.44
      ┣ .NET 架构：                    .NET 6.0.16
      ┣ ━━━━━━━━━━━━━━━  启动信息 ━━━━━━━━━━━━━━━
      ┣ 运行环境：                     Production
      ┣ 启动程序集：                   Admin.NET.Web.Entry
      ┣ 进程名称：                     Admin.NET.Web.Entry
      ┣ 托管程序：                     Kestrel
      ┣ ━━━━━━━━━━━━━━━  授权信息 ━━━━━━━━━━━━━━━
      ┣ JWT Token：                    Bearer eyJhbGciOiJIUzI1NiIsInR5cCI6IkpXVCJ9.eyJVc2VySWQiOjE0MjEzNDI2MzI3ODc3LCJUZW5hbnRJZCI6MTMwMDAwMDAwMDAwMSwiQWNjb3VudCI6ImExMTE0IiwiTmlja05hbWUiOiJhMTIzIiwiQWNjb3VudFR5cGUiOjc3NywiaWF0IjoxNjk5Nzc2NDgxLCJuYmYiOjE2OTk3NzY0ODEsImV4cCI6MTcwMDM4MTI4MSwiaXNzIjoiQWRtaW4uTkVUIiwiYXVkIjoiQWRtaW4uTkVUIn0.b3TD8R5CeAEbxKVnwTofRYEKr-wKTwXqIXL9yNewZik
      ┣ 
      ┣ UserId (integer64)：           14213426327877
      ┣ TenantId (integer64)：         1300000000001
      ┣ Account (string)：             a1114
      ┣ NickName (string)：            a123
      ┣ AccountType (integer)：        777
      ┣ iat (integer)：                1699776481 (2023-11-12 16:08:01:0000(+08:00) 星期日 L)
      ┣ nbf (integer)：                1699776481 (2023-11-12 16:08:01:0000(+08:00) 星期日 L)
      ┣ exp (integer)：                1700381281 (2023-11-19 16:08:01:0000(+08:00) 星期日 L)
      ┣ iss (string)：                 Admin.NET
      ┣ aud (string)：                 Admin.NET
      ┣ ━━━━━━━━━━━━━━━  返回信息 ━━━━━━━━━━━━━━━
      ┣ HTTP响应状态码：               200
      ┣ 原始类型：                     System.Threading.Tasks.Task<Admin.NET.Core.JuAI.Service.AppUserInfo>
      ┣ 最终类型：                     Admin.NET.Core.AdminResult<System.Object>
      ┣ 最终返回值：                   {"code":200,"type":"success","message":"","result":{"account":"a1114","nickName":"a123","avatar":"Upload/Avatar/15029096932037.png","phone":"18600766045","email":"chenwei_zq@163.com","remark":null,"sex":2,"tokenNum":"11083027","payType":222},"extras":null,"time":"2023-11-13T22:40:47.5512116+08:00"}
      ┗━━━━━━━━━━━  Logging Monitor ━━━━━━━━━━━
info: 2023-11-13 22:43:33.2053304 +08:00 星期一 L System.Logging.LoggingMonitor[0] #93 '00-61dfb02648359c3a1f1f9ba375e6a9c0-7ac1023efa10332b-00'
      [System.Private.CoreLib.dll] void System.Runtime.CompilerServices.AsyncTaskMethodBuilder<TResult>+AsyncStateMachineBox<TStateMachine>.MoveNext(Thread threadPoolThread)
      ┏━━━━━━━━━━━  Logging Monitor ━━━━━━━━━━━
      ┣ Admin.NET.Core.JuAI.Service.UserLoginService.GetInfo
      ┣ 
      ┣ 控制器名称：                   UserLoginService
      ┣ 操作名称：                     GetInfo
      ┣ 显示名称：                     获取用户信息
      ┣ 路由信息：                     [area]: ; [controller]: userLogin; [action]: info
      ┣ 请求方式：                     GET
      ┣ 请求地址：                     http://localhost:5005/app/api/userLogin/info
      ┣ 来源地址：                     http://localhost:3000/
      ┣ 请求端源：                     client
      ┣ 浏览器标识：                   Mozilla/5.0 (Windows NT 10.0; Win64; x64) AppleWebKit/537.36 (KHTML, like Gecko) Chrome/119.0.0.0 Safari/537.36
      ┣ 客户端区域语言：               zh-CN,zh;q=0.9
      ┣ 客户端 IP 地址：               0.0.0.1
      ┣ 服务端 IP 地址：               0.0.0.1
      ┣ 客户端连接 ID：                00-61dfb02648359c3a1f1f9ba375e6a9c0-7ac1023efa10332b-00
      ┣ 服务线程 ID：                  #85
      ┣ 执行耗时：                     58ms
      ┣ ━━━━━━━━━━━━━━━  Cookies ━━━━━━━━━━━━━━━
      ┣ 请求端：                       
      ┣ 响应端：                       
      ┣ ━━━━━━━━━━━━━━━  系统信息 ━━━━━━━━━━━━━━━
      ┣ 系统名称：                     Microsoft Windows 10.0.19045
      ┣ 系统架构：                     X64
      ┣ 基础框架：                     Furion.Pure v4.8.8.44
      ┣ .NET 架构：                    .NET 6.0.16
      ┣ ━━━━━━━━━━━━━━━  启动信息 ━━━━━━━━━━━━━━━
      ┣ 运行环境：                     Production
      ┣ 启动程序集：                   Admin.NET.Web.Entry
      ┣ 进程名称：                     Admin.NET.Web.Entry
      ┣ 托管程序：                     Kestrel
      ┣ ━━━━━━━━━━━━━━━  授权信息 ━━━━━━━━━━━━━━━
      ┣ JWT Token：                    Bearer eyJhbGciOiJIUzI1NiIsInR5cCI6IkpXVCJ9.eyJVc2VySWQiOjE0MjEzNDI2MzI3ODc3LCJUZW5hbnRJZCI6MTMwMDAwMDAwMDAwMSwiQWNjb3VudCI6ImExMTE0IiwiTmlja05hbWUiOiJhMTIzIiwiQWNjb3VudFR5cGUiOjc3NywiaWF0IjoxNjk5Nzc2NDgxLCJuYmYiOjE2OTk3NzY0ODEsImV4cCI6MTcwMDM4MTI4MSwiaXNzIjoiQWRtaW4uTkVUIiwiYXVkIjoiQWRtaW4uTkVUIn0.b3TD8R5CeAEbxKVnwTofRYEKr-wKTwXqIXL9yNewZik
      ┣ 
      ┣ UserId (integer64)：           14213426327877
      ┣ TenantId (integer64)：         1300000000001
      ┣ Account (string)：             a1114
      ┣ NickName (string)：            a123
      ┣ AccountType (integer)：        777
      ┣ iat (integer)：                1699776481 (2023-11-12 16:08:01:0000(+08:00) 星期日 L)
      ┣ nbf (integer)：                1699776481 (2023-11-12 16:08:01:0000(+08:00) 星期日 L)
      ┣ exp (integer)：                1700381281 (2023-11-19 16:08:01:0000(+08:00) 星期日 L)
      ┣ iss (string)：                 Admin.NET
      ┣ aud (string)：                 Admin.NET
      ┣ ━━━━━━━━━━━━━━━  返回信息 ━━━━━━━━━━━━━━━
      ┣ HTTP响应状态码：               200
      ┣ 原始类型：                     System.Threading.Tasks.Task<Admin.NET.Core.JuAI.Service.AppUserInfo>
      ┣ 最终类型：                     Admin.NET.Core.AdminResult<System.Object>
      ┣ 最终返回值：                   {"code":200,"type":"success","message":"","result":{"account":"a1114","nickName":"a123","avatar":"Upload/Avatar/15029096932037.png","phone":"18600766045","email":"chenwei_zq@163.com","remark":null,"sex":2,"tokenNum":"11083027","payType":222},"extras":null,"time":"2023-11-13T22:43:33.2014906+08:00"}
      ┗━━━━━━━━━━━  Logging Monitor ━━━━━━━━━━━
info: 2023-11-13 22:45:36.5138504 +08:00 星期一 L System.Logging.LoggingMonitor[0] #42 '00-14ad329c3063d17764aab38f35f8ac3d-4208e26d4d2b9469-00'
      [System.Private.CoreLib.dll] void System.Runtime.CompilerServices.AsyncTaskMethodBuilder<TResult>+AsyncStateMachineBox<TStateMachine>.MoveNext(Thread threadPoolThread)
      ┏━━━━━━━━━━━  Logging Monitor ━━━━━━━━━━━
      ┣ Admin.NET.Core.JuAI.Service.UserLoginService.GetInfo
      ┣ 
      ┣ 控制器名称：                   UserLoginService
      ┣ 操作名称：                     GetInfo
      ┣ 显示名称：                     获取用户信息
      ┣ 路由信息：                     [area]: ; [controller]: userLogin; [action]: info
      ┣ 请求方式：                     GET
      ┣ 请求地址：                     http://localhost:5005/app/api/userLogin/info
      ┣ 来源地址：                     http://localhost:3000/
      ┣ 请求端源：                     client
      ┣ 浏览器标识：                   Mozilla/5.0 (Windows NT 10.0; Win64; x64) AppleWebKit/537.36 (KHTML, like Gecko) Chrome/119.0.0.0 Safari/537.36
      ┣ 客户端区域语言：               zh-CN,zh;q=0.9
      ┣ 客户端 IP 地址：               0.0.0.1
      ┣ 服务端 IP 地址：               0.0.0.1
      ┣ 客户端连接 ID：                00-14ad329c3063d17764aab38f35f8ac3d-4208e26d4d2b9469-00
      ┣ 服务线程 ID：                  #79
      ┣ 执行耗时：                     315ms
      ┣ ━━━━━━━━━━━━━━━  Cookies ━━━━━━━━━━━━━━━
      ┣ 请求端：                       
      ┣ 响应端：                       
      ┣ ━━━━━━━━━━━━━━━  系统信息 ━━━━━━━━━━━━━━━
      ┣ 系统名称：                     Microsoft Windows 10.0.19045
      ┣ 系统架构：                     X64
      ┣ 基础框架：                     Furion.Pure v4.8.8.44
      ┣ .NET 架构：                    .NET 6.0.16
      ┣ ━━━━━━━━━━━━━━━  启动信息 ━━━━━━━━━━━━━━━
      ┣ 运行环境：                     Production
      ┣ 启动程序集：                   Admin.NET.Web.Entry
      ┣ 进程名称：                     Admin.NET.Web.Entry
      ┣ 托管程序：                     Kestrel
      ┣ ━━━━━━━━━━━━━━━  授权信息 ━━━━━━━━━━━━━━━
      ┣ JWT Token：                    Bearer eyJhbGciOiJIUzI1NiIsInR5cCI6IkpXVCJ9.eyJVc2VySWQiOjE0MjEzNDI2MzI3ODc3LCJUZW5hbnRJZCI6MTMwMDAwMDAwMDAwMSwiQWNjb3VudCI6ImExMTE0IiwiTmlja05hbWUiOiJhMTIzIiwiQWNjb3VudFR5cGUiOjc3NywiaWF0IjoxNjk5Nzc2NDgxLCJuYmYiOjE2OTk3NzY0ODEsImV4cCI6MTcwMDM4MTI4MSwiaXNzIjoiQWRtaW4uTkVUIiwiYXVkIjoiQWRtaW4uTkVUIn0.b3TD8R5CeAEbxKVnwTofRYEKr-wKTwXqIXL9yNewZik
      ┣ 
      ┣ UserId (integer64)：           14213426327877
      ┣ TenantId (integer64)：         1300000000001
      ┣ Account (string)：             a1114
      ┣ NickName (string)：            a123
      ┣ AccountType (integer)：        777
      ┣ iat (integer)：                1699776481 (2023-11-12 16:08:01:0000(+08:00) 星期日 L)
      ┣ nbf (integer)：                1699776481 (2023-11-12 16:08:01:0000(+08:00) 星期日 L)
      ┣ exp (integer)：                1700381281 (2023-11-19 16:08:01:0000(+08:00) 星期日 L)
      ┣ iss (string)：                 Admin.NET
      ┣ aud (string)：                 Admin.NET
      ┣ ━━━━━━━━━━━━━━━  返回信息 ━━━━━━━━━━━━━━━
      ┣ HTTP响应状态码：               200
      ┣ 原始类型：                     System.Threading.Tasks.Task<Admin.NET.Core.JuAI.Service.AppUserInfo>
      ┣ 最终类型：                     Admin.NET.Core.AdminResult<System.Object>
      ┣ 最终返回值：                   {"code":200,"type":"success","message":"","result":{"account":"a1114","nickName":"a123","avatar":"Upload/Avatar/15029096932037.png","phone":"18600766045","email":"chenwei_zq@163.com","remark":null,"sex":2,"tokenNum":"11083027","payType":222},"extras":null,"time":"2023-11-13T22:45:36.5116329+08:00"}
      ┗━━━━━━━━━━━  Logging Monitor ━━━━━━━━━━━
info: 2023-11-13 22:45:46.6065447 +08:00 星期一 L System.Logging.LoggingMonitor[0] #93 '00-5cc48e3c0db42e8c44672235ffe4009e-d2fb7d1471319c7e-00'
      [System.Private.CoreLib.dll] void System.Runtime.CompilerServices.AsyncTaskMethodBuilder<TResult>+AsyncStateMachineBox<TStateMachine>.MoveNext(Thread threadPoolThread)
      ┏━━━━━━━━━━━  Logging Monitor ━━━━━━━━━━━
      ┣ Admin.NET.Core.JuAI.Service.UserLoginService.GetInfo
      ┣ 
      ┣ 控制器名称：                   UserLoginService
      ┣ 操作名称：                     GetInfo
      ┣ 显示名称：                     获取用户信息
      ┣ 路由信息：                     [area]: ; [controller]: userLogin; [action]: info
      ┣ 请求方式：                     GET
      ┣ 请求地址：                     http://localhost:5005/app/api/userLogin/info
      ┣ 来源地址：                     http://localhost:3000/
      ┣ 请求端源：                     client
      ┣ 浏览器标识：                   Mozilla/5.0 (Windows NT 10.0; Win64; x64) AppleWebKit/537.36 (KHTML, like Gecko) Chrome/119.0.0.0 Safari/537.36
      ┣ 客户端区域语言：               zh-CN,zh;q=0.9
      ┣ 客户端 IP 地址：               0.0.0.1
      ┣ 服务端 IP 地址：               0.0.0.1
      ┣ 客户端连接 ID：                00-5cc48e3c0db42e8c44672235ffe4009e-d2fb7d1471319c7e-00
      ┣ 服务线程 ID：                  #36
      ┣ 执行耗时：                     61ms
      ┣ ━━━━━━━━━━━━━━━  Cookies ━━━━━━━━━━━━━━━
      ┣ 请求端：                       
      ┣ 响应端：                       
      ┣ ━━━━━━━━━━━━━━━  系统信息 ━━━━━━━━━━━━━━━
      ┣ 系统名称：                     Microsoft Windows 10.0.19045
      ┣ 系统架构：                     X64
      ┣ 基础框架：                     Furion.Pure v4.8.8.44
      ┣ .NET 架构：                    .NET 6.0.16
      ┣ ━━━━━━━━━━━━━━━  启动信息 ━━━━━━━━━━━━━━━
      ┣ 运行环境：                     Production
      ┣ 启动程序集：                   Admin.NET.Web.Entry
      ┣ 进程名称：                     Admin.NET.Web.Entry
      ┣ 托管程序：                     Kestrel
      ┣ ━━━━━━━━━━━━━━━  授权信息 ━━━━━━━━━━━━━━━
      ┣ JWT Token：                    Bearer eyJhbGciOiJIUzI1NiIsInR5cCI6IkpXVCJ9.eyJVc2VySWQiOjE0MjEzNDI2MzI3ODc3LCJUZW5hbnRJZCI6MTMwMDAwMDAwMDAwMSwiQWNjb3VudCI6ImExMTE0IiwiTmlja05hbWUiOiJhMTIzIiwiQWNjb3VudFR5cGUiOjc3NywiaWF0IjoxNjk5Nzc2NDgxLCJuYmYiOjE2OTk3NzY0ODEsImV4cCI6MTcwMDM4MTI4MSwiaXNzIjoiQWRtaW4uTkVUIiwiYXVkIjoiQWRtaW4uTkVUIn0.b3TD8R5CeAEbxKVnwTofRYEKr-wKTwXqIXL9yNewZik
      ┣ 
      ┣ UserId (integer64)：           14213426327877
      ┣ TenantId (integer64)：         1300000000001
      ┣ Account (string)：             a1114
      ┣ NickName (string)：            a123
      ┣ AccountType (integer)：        777
      ┣ iat (integer)：                1699776481 (2023-11-12 16:08:01:0000(+08:00) 星期日 L)
      ┣ nbf (integer)：                1699776481 (2023-11-12 16:08:01:0000(+08:00) 星期日 L)
      ┣ exp (integer)：                1700381281 (2023-11-19 16:08:01:0000(+08:00) 星期日 L)
      ┣ iss (string)：                 Admin.NET
      ┣ aud (string)：                 Admin.NET
      ┣ ━━━━━━━━━━━━━━━  返回信息 ━━━━━━━━━━━━━━━
      ┣ HTTP响应状态码：               200
      ┣ 原始类型：                     System.Threading.Tasks.Task<Admin.NET.Core.JuAI.Service.AppUserInfo>
      ┣ 最终类型：                     Admin.NET.Core.AdminResult<System.Object>
      ┣ 最终返回值：                   {"code":200,"type":"success","message":"","result":{"account":"a1114","nickName":"a123","avatar":"Upload/Avatar/15029096932037.png","phone":"18600766045","email":"chenwei_zq@163.com","remark":null,"sex":2,"tokenNum":"11083027","payType":222},"extras":null,"time":"2023-11-13T22:45:46.6040455+08:00"}
      ┗━━━━━━━━━━━  Logging Monitor ━━━━━━━━━━━
info: 2023-11-13 22:46:44.3885010 +08:00 星期一 L System.Logging.LoggingMonitor[0] #7 '00-836539696cf8fb0ad6577ff7142ac0d7-d8db7648d93e09d0-00'
      [System.Private.CoreLib.dll] void System.Runtime.CompilerServices.AsyncTaskMethodBuilder<TResult>+AsyncStateMachineBox<TStateMachine>.MoveNext(Thread threadPoolThread)
      ┏━━━━━━━━━━━  Logging Monitor ━━━━━━━━━━━
      ┣ Admin.NET.Core.JuAI.Service.UserLoginService.GetInfo
      ┣ 
      ┣ 控制器名称：                   UserLoginService
      ┣ 操作名称：                     GetInfo
      ┣ 显示名称：                     获取用户信息
      ┣ 路由信息：                     [area]: ; [controller]: userLogin; [action]: info
      ┣ 请求方式：                     GET
      ┣ 请求地址：                     http://localhost:5005/app/api/userLogin/info
      ┣ 来源地址：                     http://localhost:3000/
      ┣ 请求端源：                     client
      ┣ 浏览器标识：                   Mozilla/5.0 (Windows NT 10.0; Win64; x64) AppleWebKit/537.36 (KHTML, like Gecko) Chrome/119.0.0.0 Safari/537.36
      ┣ 客户端区域语言：               zh-CN,zh;q=0.9
      ┣ 客户端 IP 地址：               0.0.0.1
      ┣ 服务端 IP 地址：               0.0.0.1
      ┣ 客户端连接 ID：                00-836539696cf8fb0ad6577ff7142ac0d7-d8db7648d93e09d0-00
      ┣ 服务线程 ID：                  #73
      ┣ 执行耗时：                     59ms
      ┣ ━━━━━━━━━━━━━━━  Cookies ━━━━━━━━━━━━━━━
      ┣ 请求端：                       
      ┣ 响应端：                       
      ┣ ━━━━━━━━━━━━━━━  系统信息 ━━━━━━━━━━━━━━━
      ┣ 系统名称：                     Microsoft Windows 10.0.19045
      ┣ 系统架构：                     X64
      ┣ 基础框架：                     Furion.Pure v4.8.8.44
      ┣ .NET 架构：                    .NET 6.0.16
      ┣ ━━━━━━━━━━━━━━━  启动信息 ━━━━━━━━━━━━━━━
      ┣ 运行环境：                     Production
      ┣ 启动程序集：                   Admin.NET.Web.Entry
      ┣ 进程名称：                     Admin.NET.Web.Entry
      ┣ 托管程序：                     Kestrel
      ┣ ━━━━━━━━━━━━━━━  授权信息 ━━━━━━━━━━━━━━━
      ┣ JWT Token：                    Bearer eyJhbGciOiJIUzI1NiIsInR5cCI6IkpXVCJ9.eyJVc2VySWQiOjE0MjEzNDI2MzI3ODc3LCJUZW5hbnRJZCI6MTMwMDAwMDAwMDAwMSwiQWNjb3VudCI6ImExMTE0IiwiTmlja05hbWUiOiJhMTIzIiwiQWNjb3VudFR5cGUiOjc3NywiaWF0IjoxNjk5Nzc2NDgxLCJuYmYiOjE2OTk3NzY0ODEsImV4cCI6MTcwMDM4MTI4MSwiaXNzIjoiQWRtaW4uTkVUIiwiYXVkIjoiQWRtaW4uTkVUIn0.b3TD8R5CeAEbxKVnwTofRYEKr-wKTwXqIXL9yNewZik
      ┣ 
      ┣ UserId (integer64)：           14213426327877
      ┣ TenantId (integer64)：         1300000000001
      ┣ Account (string)：             a1114
      ┣ NickName (string)：            a123
      ┣ AccountType (integer)：        777
      ┣ iat (integer)：                1699776481 (2023-11-12 16:08:01:0000(+08:00) 星期日 L)
      ┣ nbf (integer)：                1699776481 (2023-11-12 16:08:01:0000(+08:00) 星期日 L)
      ┣ exp (integer)：                1700381281 (2023-11-19 16:08:01:0000(+08:00) 星期日 L)
      ┣ iss (string)：                 Admin.NET
      ┣ aud (string)：                 Admin.NET
      ┣ ━━━━━━━━━━━━━━━  返回信息 ━━━━━━━━━━━━━━━
      ┣ HTTP响应状态码：               200
      ┣ 原始类型：                     System.Threading.Tasks.Task<Admin.NET.Core.JuAI.Service.AppUserInfo>
      ┣ 最终类型：                     Admin.NET.Core.AdminResult<System.Object>
      ┣ 最终返回值：                   {"code":200,"type":"success","message":"","result":{"account":"a1114","nickName":"a123","avatar":"Upload/Avatar/15029096932037.png","phone":"18600766045","email":"chenwei_zq@163.com","remark":null,"sex":2,"tokenNum":"11083027","payType":222},"extras":null,"time":"2023-11-13T22:46:44.3860721+08:00"}
      ┗━━━━━━━━━━━  Logging Monitor ━━━━━━━━━━━
info: 2023-11-13 23:05:05.2158144 +08:00 星期一 L System.Logging.LoggingMonitor[0] #33 '00-c8acc2fe3cfe5c47d613f8c087ed73c1-4f5eca0cc44f0dd5-00'
      [System.Private.CoreLib.dll] void System.Runtime.CompilerServices.AsyncTaskMethodBuilder<TResult>+AsyncStateMachineBox<TStateMachine>.MoveNext(Thread threadPoolThread)
      ┏━━━━━━━━━━━  Logging Monitor ━━━━━━━━━━━
      ┣ Admin.NET.Core.JuAI.Service.UserLoginService.GetInfo
      ┣ 
      ┣ 控制器名称：                   UserLoginService
      ┣ 操作名称：                     GetInfo
      ┣ 显示名称：                     获取用户信息
      ┣ 路由信息：                     [area]: ; [controller]: userLogin; [action]: info
      ┣ 请求方式：                     GET
      ┣ 请求地址：                     http://localhost:5005/app/api/userLogin/info
      ┣ 来源地址：                     http://localhost:3000/
      ┣ 请求端源：                     client
      ┣ 浏览器标识：                   Mozilla/5.0 (Windows NT 10.0; Win64; x64) AppleWebKit/537.36 (KHTML, like Gecko) Chrome/119.0.0.0 Safari/537.36
      ┣ 客户端区域语言：               zh-CN,zh;q=0.9
      ┣ 客户端 IP 地址：               0.0.0.1
      ┣ 服务端 IP 地址：               0.0.0.1
      ┣ 客户端连接 ID：                00-c8acc2fe3cfe5c47d613f8c087ed73c1-4f5eca0cc44f0dd5-00
      ┣ 服务线程 ID：                  #36
      ┣ 执行耗时：                     499ms
      ┣ ━━━━━━━━━━━━━━━  Cookies ━━━━━━━━━━━━━━━
      ┣ 请求端：                       
      ┣ 响应端：                       
      ┣ ━━━━━━━━━━━━━━━  系统信息 ━━━━━━━━━━━━━━━
      ┣ 系统名称：                     Microsoft Windows 10.0.19045
      ┣ 系统架构：                     X64
      ┣ 基础框架：                     Furion.Pure v4.8.8.44
      ┣ .NET 架构：                    .NET 6.0.16
      ┣ ━━━━━━━━━━━━━━━  启动信息 ━━━━━━━━━━━━━━━
      ┣ 运行环境：                     Production
      ┣ 启动程序集：                   Admin.NET.Web.Entry
      ┣ 进程名称：                     Admin.NET.Web.Entry
      ┣ 托管程序：                     Kestrel
      ┣ ━━━━━━━━━━━━━━━  授权信息 ━━━━━━━━━━━━━━━
      ┣ JWT Token：                    Bearer eyJhbGciOiJIUzI1NiIsInR5cCI6IkpXVCJ9.eyJVc2VySWQiOjE0MjEzNDI2MzI3ODc3LCJUZW5hbnRJZCI6MTMwMDAwMDAwMDAwMSwiQWNjb3VudCI6ImExMTE0IiwiTmlja05hbWUiOiJhMTIzIiwiQWNjb3VudFR5cGUiOjc3NywiaWF0IjoxNjk5Nzc2NDgxLCJuYmYiOjE2OTk3NzY0ODEsImV4cCI6MTcwMDM4MTI4MSwiaXNzIjoiQWRtaW4uTkVUIiwiYXVkIjoiQWRtaW4uTkVUIn0.b3TD8R5CeAEbxKVnwTofRYEKr-wKTwXqIXL9yNewZik
      ┣ 
      ┣ UserId (integer64)：           14213426327877
      ┣ TenantId (integer64)：         1300000000001
      ┣ Account (string)：             a1114
      ┣ NickName (string)：            a123
      ┣ AccountType (integer)：        777
      ┣ iat (integer)：                1699776481 (2023-11-12 16:08:01:0000(+08:00) 星期日 L)
      ┣ nbf (integer)：                1699776481 (2023-11-12 16:08:01:0000(+08:00) 星期日 L)
      ┣ exp (integer)：                1700381281 (2023-11-19 16:08:01:0000(+08:00) 星期日 L)
      ┣ iss (string)：                 Admin.NET
      ┣ aud (string)：                 Admin.NET
      ┣ ━━━━━━━━━━━━━━━  返回信息 ━━━━━━━━━━━━━━━
      ┣ HTTP响应状态码：               200
      ┣ 原始类型：                     System.Threading.Tasks.Task<Admin.NET.Core.JuAI.Service.AppUserInfo>
      ┣ 最终类型：                     Admin.NET.Core.AdminResult<System.Object>
      ┣ 最终返回值：                   {"code":200,"type":"success","message":"","result":{"account":"a1114","nickName":"a123","avatar":"Upload/Avatar/15029096932037.png","phone":"18600766045","email":"chenwei_zq@163.com","remark":null,"sex":2,"tokenNum":"11083027","payType":222},"extras":null,"time":"2023-11-13T23:05:05.2134504+08:00"}
      ┗━━━━━━━━━━━  Logging Monitor ━━━━━━━━━━━
info: 2023-11-13 23:05:09.9619140 +08:00 星期一 L System.Logging.LoggingMonitor[0] #7 '00-4d8ffd64a488a9c910a1eb02bab364bb-f2fcd87d3aafb8f8-00'
      [System.Private.CoreLib.dll] void System.Runtime.CompilerServices.AsyncTaskMethodBuilder<TResult>+AsyncStateMachineBox<TStateMachine>.MoveNext(Thread threadPoolThread)
      ┏━━━━━━━━━━━  Logging Monitor ━━━━━━━━━━━
      ┣ Admin.NET.Core.JuAI.Service.UserLoginService.GetInfo
      ┣ 
      ┣ 控制器名称：                   UserLoginService
      ┣ 操作名称：                     GetInfo
      ┣ 显示名称：                     获取用户信息
      ┣ 路由信息：                     [area]: ; [controller]: userLogin; [action]: info
      ┣ 请求方式：                     GET
      ┣ 请求地址：                     http://localhost:5005/app/api/userLogin/info
      ┣ 来源地址：                     http://localhost:3000/
      ┣ 请求端源：                     client
      ┣ 浏览器标识：                   Mozilla/5.0 (Windows NT 10.0; Win64; x64) AppleWebKit/537.36 (KHTML, like Gecko) Chrome/119.0.0.0 Safari/537.36
      ┣ 客户端区域语言：               zh-CN,zh;q=0.9
      ┣ 客户端 IP 地址：               0.0.0.1
      ┣ 服务端 IP 地址：               0.0.0.1
      ┣ 客户端连接 ID：                00-4d8ffd64a488a9c910a1eb02bab364bb-f2fcd87d3aafb8f8-00
      ┣ 服务线程 ID：                  #36
      ┣ 执行耗时：                     61ms
      ┣ ━━━━━━━━━━━━━━━  Cookies ━━━━━━━━━━━━━━━
      ┣ 请求端：                       
      ┣ 响应端：                       
      ┣ ━━━━━━━━━━━━━━━  系统信息 ━━━━━━━━━━━━━━━
      ┣ 系统名称：                     Microsoft Windows 10.0.19045
      ┣ 系统架构：                     X64
      ┣ 基础框架：                     Furion.Pure v4.8.8.44
      ┣ .NET 架构：                    .NET 6.0.16
      ┣ ━━━━━━━━━━━━━━━  启动信息 ━━━━━━━━━━━━━━━
      ┣ 运行环境：                     Production
      ┣ 启动程序集：                   Admin.NET.Web.Entry
      ┣ 进程名称：                     Admin.NET.Web.Entry
      ┣ 托管程序：                     Kestrel
      ┣ ━━━━━━━━━━━━━━━  授权信息 ━━━━━━━━━━━━━━━
      ┣ JWT Token：                    Bearer eyJhbGciOiJIUzI1NiIsInR5cCI6IkpXVCJ9.eyJVc2VySWQiOjE0MjEzNDI2MzI3ODc3LCJUZW5hbnRJZCI6MTMwMDAwMDAwMDAwMSwiQWNjb3VudCI6ImExMTE0IiwiTmlja05hbWUiOiJhMTIzIiwiQWNjb3VudFR5cGUiOjc3NywiaWF0IjoxNjk5Nzc2NDgxLCJuYmYiOjE2OTk3NzY0ODEsImV4cCI6MTcwMDM4MTI4MSwiaXNzIjoiQWRtaW4uTkVUIiwiYXVkIjoiQWRtaW4uTkVUIn0.b3TD8R5CeAEbxKVnwTofRYEKr-wKTwXqIXL9yNewZik
      ┣ 
      ┣ UserId (integer64)：           14213426327877
      ┣ TenantId (integer64)：         1300000000001
      ┣ Account (string)：             a1114
      ┣ NickName (string)：            a123
      ┣ AccountType (integer)：        777
      ┣ iat (integer)：                1699776481 (2023-11-12 16:08:01:0000(+08:00) 星期日 L)
      ┣ nbf (integer)：                1699776481 (2023-11-12 16:08:01:0000(+08:00) 星期日 L)
      ┣ exp (integer)：                1700381281 (2023-11-19 16:08:01:0000(+08:00) 星期日 L)
      ┣ iss (string)：                 Admin.NET
      ┣ aud (string)：                 Admin.NET
      ┣ ━━━━━━━━━━━━━━━  返回信息 ━━━━━━━━━━━━━━━
      ┣ HTTP响应状态码：               200
      ┣ 原始类型：                     System.Threading.Tasks.Task<Admin.NET.Core.JuAI.Service.AppUserInfo>
      ┣ 最终类型：                     Admin.NET.Core.AdminResult<System.Object>
      ┣ 最终返回值：                   {"code":200,"type":"success","message":"","result":{"account":"a1114","nickName":"a123","avatar":"Upload/Avatar/15029096932037.png","phone":"18600766045","email":"chenwei_zq@163.com","remark":null,"sex":2,"tokenNum":"11083027","payType":222},"extras":null,"time":"2023-11-13T23:05:09.95952+08:00"}
      ┗━━━━━━━━━━━  Logging Monitor ━━━━━━━━━━━
info: 2023-11-13 23:06:12.8946185 +08:00 星期一 L System.Logging.LoggingMonitor[0] #85 '00-7c2b08c19450973b03aea8caf4880c6a-e9c80ab7457a85a3-00'
      [System.Private.CoreLib.dll] void System.Runtime.CompilerServices.AsyncTaskMethodBuilder<TResult>+AsyncStateMachineBox<TStateMachine>.MoveNext(Thread threadPoolThread)
      ┏━━━━━━━━━━━  Logging Monitor ━━━━━━━━━━━
      ┣ Admin.NET.Core.JuAI.Service.UserLoginService.GetInfo
      ┣ 
      ┣ 控制器名称：                   UserLoginService
      ┣ 操作名称：                     GetInfo
      ┣ 显示名称：                     获取用户信息
      ┣ 路由信息：                     [area]: ; [controller]: userLogin; [action]: info
      ┣ 请求方式：                     GET
      ┣ 请求地址：                     http://localhost:5005/app/api/userLogin/info
      ┣ 来源地址：                     http://localhost:3000/
      ┣ 请求端源：                     client
      ┣ 浏览器标识：                   Mozilla/5.0 (Windows NT 10.0; Win64; x64) AppleWebKit/537.36 (KHTML, like Gecko) Chrome/119.0.0.0 Safari/537.36
      ┣ 客户端区域语言：               zh-CN,zh;q=0.9
      ┣ 客户端 IP 地址：               0.0.0.1
      ┣ 服务端 IP 地址：               0.0.0.1
      ┣ 客户端连接 ID：                00-7c2b08c19450973b03aea8caf4880c6a-e9c80ab7457a85a3-00
      ┣ 服务线程 ID：                  #33
      ┣ 执行耗时：                     79ms
      ┣ ━━━━━━━━━━━━━━━  Cookies ━━━━━━━━━━━━━━━
      ┣ 请求端：                       
      ┣ 响应端：                       
      ┣ ━━━━━━━━━━━━━━━  系统信息 ━━━━━━━━━━━━━━━
      ┣ 系统名称：                     Microsoft Windows 10.0.19045
      ┣ 系统架构：                     X64
      ┣ 基础框架：                     Furion.Pure v4.8.8.44
      ┣ .NET 架构：                    .NET 6.0.16
      ┣ ━━━━━━━━━━━━━━━  启动信息 ━━━━━━━━━━━━━━━
      ┣ 运行环境：                     Production
      ┣ 启动程序集：                   Admin.NET.Web.Entry
      ┣ 进程名称：                     Admin.NET.Web.Entry
      ┣ 托管程序：                     Kestrel
      ┣ ━━━━━━━━━━━━━━━  授权信息 ━━━━━━━━━━━━━━━
      ┣ JWT Token：                    Bearer eyJhbGciOiJIUzI1NiIsInR5cCI6IkpXVCJ9.eyJVc2VySWQiOjE0MjEzNDI2MzI3ODc3LCJUZW5hbnRJZCI6MTMwMDAwMDAwMDAwMSwiQWNjb3VudCI6ImExMTE0IiwiTmlja05hbWUiOiJhMTIzIiwiQWNjb3VudFR5cGUiOjc3NywiaWF0IjoxNjk5Nzc2NDgxLCJuYmYiOjE2OTk3NzY0ODEsImV4cCI6MTcwMDM4MTI4MSwiaXNzIjoiQWRtaW4uTkVUIiwiYXVkIjoiQWRtaW4uTkVUIn0.b3TD8R5CeAEbxKVnwTofRYEKr-wKTwXqIXL9yNewZik
      ┣ 
      ┣ UserId (integer64)：           14213426327877
      ┣ TenantId (integer64)：         1300000000001
      ┣ Account (string)：             a1114
      ┣ NickName (string)：            a123
      ┣ AccountType (integer)：        777
      ┣ iat (integer)：                1699776481 (2023-11-12 16:08:01:0000(+08:00) 星期日 L)
      ┣ nbf (integer)：                1699776481 (2023-11-12 16:08:01:0000(+08:00) 星期日 L)
      ┣ exp (integer)：                1700381281 (2023-11-19 16:08:01:0000(+08:00) 星期日 L)
      ┣ iss (string)：                 Admin.NET
      ┣ aud (string)：                 Admin.NET
      ┣ ━━━━━━━━━━━━━━━  返回信息 ━━━━━━━━━━━━━━━
      ┣ HTTP响应状态码：               200
      ┣ 原始类型：                     System.Threading.Tasks.Task<Admin.NET.Core.JuAI.Service.AppUserInfo>
      ┣ 最终类型：                     Admin.NET.Core.AdminResult<System.Object>
      ┣ 最终返回值：                   {"code":200,"type":"success","message":"","result":{"account":"a1114","nickName":"a123","avatar":"Upload/Avatar/15029096932037.png","phone":"18600766045","email":"chenwei_zq@163.com","remark":null,"sex":2,"tokenNum":"11083027","payType":222},"extras":null,"time":"2023-11-13T23:06:12.8888012+08:00"}
      ┗━━━━━━━━━━━  Logging Monitor ━━━━━━━━━━━
