fail: 2023-09-18 20:48:47.0370937 +08:00 星期一 L Microsoft.AspNetCore.SignalR.HubConnectionHandler[1] #30
      [Microsoft.Extensions.Logging.Abstractions.dll] Action<ILogger, Exception> Microsoft.Extensions.Logging.LoggerMessage.Define(LogLevel logLevel, EventId eventId, string formatString, LogDefineOptions options)+(ILogger logger, T1 arg1, Exception exception) => { }
      Error when dispatching 'OnConnectedAsync' on hub.      
      ++++++++++++++++++++++++++++++++++++++++++++++++++++++++
      System.ArgumentNullException: Value cannot be null. (Parameter 'source')
         at System.Linq.ThrowHelper.ThrowArgumentNullException(ExceptionArgument argument)
         at System.Linq.Enumerable.TryGetFirst[TSource](IEnumerable`1 source, Func`2 predicate, Boolean& found)
         at System.Linq.Enumerable.FirstOrDefault[TSource](IEnumerable`1 source, Func`2 predicate)
         at Admin.NET.Core.OnlineUserHub.OnConnectedAsync() in C:\work\juai\api\Admin.NET.Core\Hub\OnlineUserHub.cs:line 49
         at Microsoft.AspNetCore.SignalR.Internal.DefaultHubDispatcher`1.OnConnectedAsync(HubConnectionContext connection)
         at Microsoft.AspNetCore.SignalR.Internal.DefaultHubDispatcher`1.OnConnectedAsync(HubConnectionContext connection)
         at Microsoft.AspNetCore.SignalR.HubConnectionHandler`1.RunHubAsync(HubConnectionContext connection)
      ++++++++++++++++++++++++++++++++++++++++++++++++++++++++
fail: 2023-09-18 20:48:59.1060031 +08:00 星期一 L Microsoft.AspNetCore.SignalR.HubConnectionHandler[1] #19
      [Microsoft.Extensions.Logging.Abstractions.dll] Action<ILogger, Exception> Microsoft.Extensions.Logging.LoggerMessage.Define(LogLevel logLevel, EventId eventId, string formatString, LogDefineOptions options)+(ILogger logger, T1 arg1, Exception exception) => { }
      Error when dispatching 'OnConnectedAsync' on hub.      
      ++++++++++++++++++++++++++++++++++++++++++++++++++++++++
      System.ArgumentNullException: Value cannot be null. (Parameter 'source')
         at System.Linq.ThrowHelper.ThrowArgumentNullException(ExceptionArgument argument)
         at System.Linq.Enumerable.TryGetFirst[TSource](IEnumerable`1 source, Func`2 predicate, Boolean& found)
         at System.Linq.Enumerable.FirstOrDefault[TSource](IEnumerable`1 source, Func`2 predicate)
         at Admin.NET.Core.OnlineUserHub.OnConnectedAsync() in C:\work\juai\api\Admin.NET.Core\Hub\OnlineUserHub.cs:line 49
         at Microsoft.AspNetCore.SignalR.Internal.DefaultHubDispatcher`1.OnConnectedAsync(HubConnectionContext connection)
         at Microsoft.AspNetCore.SignalR.Internal.DefaultHubDispatcher`1.OnConnectedAsync(HubConnectionContext connection)
         at Microsoft.AspNetCore.SignalR.HubConnectionHandler`1.RunHubAsync(HubConnectionContext connection)
      ++++++++++++++++++++++++++++++++++++++++++++++++++++++++
fail: 2023-09-18 20:49:01.8926243 +08:00 星期一 L Microsoft.AspNetCore.SignalR.HubConnectionHandler[1] #47
      [Microsoft.Extensions.Logging.Abstractions.dll] Action<ILogger, Exception> Microsoft.Extensions.Logging.LoggerMessage.Define(LogLevel logLevel, EventId eventId, string formatString, LogDefineOptions options)+(ILogger logger, T1 arg1, Exception exception) => { }
      Error when dispatching 'OnConnectedAsync' on hub.      
      ++++++++++++++++++++++++++++++++++++++++++++++++++++++++
      System.ArgumentNullException: Value cannot be null. (Parameter 'source')
         at System.Linq.ThrowHelper.ThrowArgumentNullException(ExceptionArgument argument)
         at System.Linq.Enumerable.TryGetFirst[TSource](IEnumerable`1 source, Func`2 predicate, Boolean& found)
         at System.Linq.Enumerable.FirstOrDefault[TSource](IEnumerable`1 source, Func`2 predicate)
         at Admin.NET.Core.OnlineUserHub.OnConnectedAsync() in C:\work\juai\api\Admin.NET.Core\Hub\OnlineUserHub.cs:line 49
         at Microsoft.AspNetCore.SignalR.Internal.DefaultHubDispatcher`1.OnConnectedAsync(HubConnectionContext connection)
         at Microsoft.AspNetCore.SignalR.Internal.DefaultHubDispatcher`1.OnConnectedAsync(HubConnectionContext connection)
         at Microsoft.AspNetCore.SignalR.HubConnectionHandler`1.RunHubAsync(HubConnectionContext connection)
      ++++++++++++++++++++++++++++++++++++++++++++++++++++++++
fail: 2023-09-18 21:07:18.3863848 +08:00 星期一 L Microsoft.AspNetCore.SignalR.HubConnectionHandler[1] #4
      [Microsoft.Extensions.Logging.Abstractions.dll] Action<ILogger, Exception> Microsoft.Extensions.Logging.LoggerMessage.Define(LogLevel logLevel, EventId eventId, string formatString, LogDefineOptions options)+(ILogger logger, T1 arg1, Exception exception) => { }
      Error when dispatching 'OnConnectedAsync' on hub.      
      ++++++++++++++++++++++++++++++++++++++++++++++++++++++++
      System.ArgumentNullException: Value cannot be null. (Parameter 'source')
         at System.Linq.ThrowHelper.ThrowArgumentNullException(ExceptionArgument argument)
         at System.Linq.Enumerable.TryGetFirst[TSource](IEnumerable`1 source, Func`2 predicate, Boolean& found)
         at System.Linq.Enumerable.FirstOrDefault[TSource](IEnumerable`1 source, Func`2 predicate)
         at Admin.NET.Core.OnlineUserHub.OnConnectedAsync() in C:\work\juai\api\Admin.NET.Core\Hub\OnlineUserHub.cs:line 49
         at Microsoft.AspNetCore.SignalR.Internal.DefaultHubDispatcher`1.OnConnectedAsync(HubConnectionContext connection)
         at Microsoft.AspNetCore.SignalR.Internal.DefaultHubDispatcher`1.OnConnectedAsync(HubConnectionContext connection)
         at Microsoft.AspNetCore.SignalR.HubConnectionHandler`1.RunHubAsync(HubConnectionContext connection)
      ++++++++++++++++++++++++++++++++++++++++++++++++++++++++
fail: 2023-09-18 21:20:03.9201782 +08:00 星期一 L Microsoft.AspNetCore.SignalR.HubConnectionHandler[1] #53
      [Microsoft.Extensions.Logging.Abstractions.dll] Action<ILogger, Exception> Microsoft.Extensions.Logging.LoggerMessage.Define(LogLevel logLevel, EventId eventId, string formatString, LogDefineOptions options)+(ILogger logger, T1 arg1, Exception exception) => { }
      Error when dispatching 'OnConnectedAsync' on hub.      
      ++++++++++++++++++++++++++++++++++++++++++++++++++++++++
      System.ArgumentNullException: Value cannot be null. (Parameter 'source')
         at System.Linq.ThrowHelper.ThrowArgumentNullException(ExceptionArgument argument)
         at System.Linq.Enumerable.TryGetFirst[TSource](IEnumerable`1 source, Func`2 predicate, Boolean& found)
         at System.Linq.Enumerable.FirstOrDefault[TSource](IEnumerable`1 source, Func`2 predicate)
         at Admin.NET.Core.OnlineUserHub.OnConnectedAsync() in C:\work\juai\api\Admin.NET.Core\Hub\OnlineUserHub.cs:line 49
         at Microsoft.AspNetCore.SignalR.Internal.DefaultHubDispatcher`1.OnConnectedAsync(HubConnectionContext connection)
         at Microsoft.AspNetCore.SignalR.Internal.DefaultHubDispatcher`1.OnConnectedAsync(HubConnectionContext connection)
         at Microsoft.AspNetCore.SignalR.HubConnectionHandler`1.RunHubAsync(HubConnectionContext connection)
      ++++++++++++++++++++++++++++++++++++++++++++++++++++++++
fail: 2023-09-18 21:21:43.3404344 +08:00 星期一 L Microsoft.AspNetCore.SignalR.HubConnectionHandler[1] #50
      [Microsoft.Extensions.Logging.Abstractions.dll] Action<ILogger, Exception> Microsoft.Extensions.Logging.LoggerMessage.Define(LogLevel logLevel, EventId eventId, string formatString, LogDefineOptions options)+(ILogger logger, T1 arg1, Exception exception) => { }
      Error when dispatching 'OnConnectedAsync' on hub.      
      ++++++++++++++++++++++++++++++++++++++++++++++++++++++++
      System.ArgumentNullException: Value cannot be null. (Parameter 'source')
         at System.Linq.ThrowHelper.ThrowArgumentNullException(ExceptionArgument argument)
         at System.Linq.Enumerable.TryGetFirst[TSource](IEnumerable`1 source, Func`2 predicate, Boolean& found)
         at System.Linq.Enumerable.FirstOrDefault[TSource](IEnumerable`1 source, Func`2 predicate)
         at Admin.NET.Core.OnlineUserHub.OnConnectedAsync() in C:\work\juai\api\Admin.NET.Core\Hub\OnlineUserHub.cs:line 49
         at Microsoft.AspNetCore.SignalR.Internal.DefaultHubDispatcher`1.OnConnectedAsync(HubConnectionContext connection)
         at Microsoft.AspNetCore.SignalR.Internal.DefaultHubDispatcher`1.OnConnectedAsync(HubConnectionContext connection)
         at Microsoft.AspNetCore.SignalR.HubConnectionHandler`1.RunHubAsync(HubConnectionContext connection)
      ++++++++++++++++++++++++++++++++++++++++++++++++++++++++
fail: 2023-09-18 21:22:07.6926841 +08:00 星期一 L Microsoft.AspNetCore.SignalR.HubConnectionHandler[1] #54
      [Microsoft.Extensions.Logging.Abstractions.dll] Action<ILogger, Exception> Microsoft.Extensions.Logging.LoggerMessage.Define(LogLevel logLevel, EventId eventId, string formatString, LogDefineOptions options)+(ILogger logger, T1 arg1, Exception exception) => { }
      Error when dispatching 'OnConnectedAsync' on hub.      
      ++++++++++++++++++++++++++++++++++++++++++++++++++++++++
      System.ArgumentNullException: Value cannot be null. (Parameter 'source')
         at System.Linq.ThrowHelper.ThrowArgumentNullException(ExceptionArgument argument)
         at System.Linq.Enumerable.TryGetFirst[TSource](IEnumerable`1 source, Func`2 predicate, Boolean& found)
         at System.Linq.Enumerable.FirstOrDefault[TSource](IEnumerable`1 source, Func`2 predicate)
         at Admin.NET.Core.OnlineUserHub.OnConnectedAsync() in C:\work\juai\api\Admin.NET.Core\Hub\OnlineUserHub.cs:line 49
         at Microsoft.AspNetCore.SignalR.Internal.DefaultHubDispatcher`1.OnConnectedAsync(HubConnectionContext connection)
         at Microsoft.AspNetCore.SignalR.Internal.DefaultHubDispatcher`1.OnConnectedAsync(HubConnectionContext connection)
         at Microsoft.AspNetCore.SignalR.HubConnectionHandler`1.RunHubAsync(HubConnectionContext connection)
      ++++++++++++++++++++++++++++++++++++++++++++++++++++++++
fail: 2023-09-18 21:22:45.7106908 +08:00 星期一 L Microsoft.AspNetCore.SignalR.HubConnectionHandler[1] #45
      [Microsoft.AspNetCore.SignalR.Core.dll] async Task Microsoft.AspNetCore.SignalR.HubConnectionHandler<THub>.RunHubAsync(HubConnectionContext connection)
      Error when dispatching 'OnConnectedAsync' on hub.      
      ++++++++++++++++++++++++++++++++++++++++++++++++++++++++
      System.ArgumentNullException: Value cannot be null. (Parameter 'source')
         at System.Linq.ThrowHelper.ThrowArgumentNullException(ExceptionArgument argument)
         at System.Linq.Enumerable.TryGetFirst[TSource](IEnumerable`1 source, Func`2 predicate, Boolean& found)
         at System.Linq.Enumerable.FirstOrDefault[TSource](IEnumerable`1 source, Func`2 predicate)
         at Admin.NET.Core.OnlineUserHub.OnConnectedAsync() in C:\work\juai\api\Admin.NET.Core\Hub\OnlineUserHub.cs:line 49
         at Microsoft.AspNetCore.SignalR.Internal.DefaultHubDispatcher`1.OnConnectedAsync(HubConnectionContext connection)
         at Microsoft.AspNetCore.SignalR.Internal.DefaultHubDispatcher`1.OnConnectedAsync(HubConnectionContext connection)
         at Microsoft.AspNetCore.SignalR.HubConnectionHandler`1.RunHubAsync(HubConnectionContext connection)
      ++++++++++++++++++++++++++++++++++++++++++++++++++++++++
fail: 2023-09-18 21:23:40.4493316 +08:00 星期一 L Microsoft.AspNetCore.SignalR.HubConnectionHandler[1] #43
      [Microsoft.AspNetCore.SignalR.Core.dll] async Task Microsoft.AspNetCore.SignalR.HubConnectionHandler<THub>.RunHubAsync(HubConnectionContext connection)
      Error when dispatching 'OnConnectedAsync' on hub.      
      ++++++++++++++++++++++++++++++++++++++++++++++++++++++++
      System.ArgumentNullException: Value cannot be null. (Parameter 'source')
         at System.Linq.ThrowHelper.ThrowArgumentNullException(ExceptionArgument argument)
         at System.Linq.Enumerable.TryGetFirst[TSource](IEnumerable`1 source, Func`2 predicate, Boolean& found)
         at System.Linq.Enumerable.FirstOrDefault[TSource](IEnumerable`1 source, Func`2 predicate)
         at Admin.NET.Core.OnlineUserHub.OnConnectedAsync() in C:\work\juai\api\Admin.NET.Core\Hub\OnlineUserHub.cs:line 49
         at Microsoft.AspNetCore.SignalR.Internal.DefaultHubDispatcher`1.OnConnectedAsync(HubConnectionContext connection)
         at Microsoft.AspNetCore.SignalR.Internal.DefaultHubDispatcher`1.OnConnectedAsync(HubConnectionContext connection)
         at Microsoft.AspNetCore.SignalR.HubConnectionHandler`1.RunHubAsync(HubConnectionContext connection)
      ++++++++++++++++++++++++++++++++++++++++++++++++++++++++
fail: 2023-09-18 21:27:35.7921309 +08:00 星期一 L Microsoft.AspNetCore.SignalR.HubConnectionHandler[1] #54
      [Microsoft.AspNetCore.SignalR.Core.dll] async Task Microsoft.AspNetCore.SignalR.HubConnectionHandler<THub>.RunHubAsync(HubConnectionContext connection)
      Error when dispatching 'OnConnectedAsync' on hub.      
      ++++++++++++++++++++++++++++++++++++++++++++++++++++++++
      System.ArgumentNullException: Value cannot be null. (Parameter 'source')
         at System.Linq.ThrowHelper.ThrowArgumentNullException(ExceptionArgument argument)
         at System.Linq.Enumerable.TryGetFirst[TSource](IEnumerable`1 source, Func`2 predicate, Boolean& found)
         at System.Linq.Enumerable.FirstOrDefault[TSource](IEnumerable`1 source, Func`2 predicate)
         at Admin.NET.Core.OnlineUserHub.OnConnectedAsync() in C:\work\juai\api\Admin.NET.Core\Hub\OnlineUserHub.cs:line 49
         at Microsoft.AspNetCore.SignalR.Internal.DefaultHubDispatcher`1.OnConnectedAsync(HubConnectionContext connection)
         at Microsoft.AspNetCore.SignalR.Internal.DefaultHubDispatcher`1.OnConnectedAsync(HubConnectionContext connection)
         at Microsoft.AspNetCore.SignalR.HubConnectionHandler`1.RunHubAsync(HubConnectionContext connection)
      ++++++++++++++++++++++++++++++++++++++++++++++++++++++++
fail: 2023-09-18 21:29:58.4641180 +08:00 星期一 L Microsoft.AspNetCore.SignalR.HubConnectionHandler[1] #48
      [Microsoft.AspNetCore.SignalR.Core.dll] async Task Microsoft.AspNetCore.SignalR.HubConnectionHandler<THub>.RunHubAsync(HubConnectionContext connection)
      Error when dispatching 'OnConnectedAsync' on hub.      
      ++++++++++++++++++++++++++++++++++++++++++++++++++++++++
      System.ArgumentNullException: Value cannot be null. (Parameter 'source')
         at System.Linq.ThrowHelper.ThrowArgumentNullException(ExceptionArgument argument)
         at System.Linq.Enumerable.TryGetFirst[TSource](IEnumerable`1 source, Func`2 predicate, Boolean& found)
         at System.Linq.Enumerable.FirstOrDefault[TSource](IEnumerable`1 source, Func`2 predicate)
         at Admin.NET.Core.OnlineUserHub.OnConnectedAsync() in C:\work\juai\api\Admin.NET.Core\Hub\OnlineUserHub.cs:line 49
         at Microsoft.AspNetCore.SignalR.Internal.DefaultHubDispatcher`1.OnConnectedAsync(HubConnectionContext connection)
         at Microsoft.AspNetCore.SignalR.Internal.DefaultHubDispatcher`1.OnConnectedAsync(HubConnectionContext connection)
         at Microsoft.AspNetCore.SignalR.HubConnectionHandler`1.RunHubAsync(HubConnectionContext connection)
      ++++++++++++++++++++++++++++++++++++++++++++++++++++++++
fail: 2023-09-18 21:31:26.3566694 +08:00 星期一 L Microsoft.AspNetCore.SignalR.HubConnectionHandler[1] #25
      [Microsoft.AspNetCore.SignalR.Core.dll] async Task Microsoft.AspNetCore.SignalR.HubConnectionHandler<THub>.RunHubAsync(HubConnectionContext connection)
      Error when dispatching 'OnConnectedAsync' on hub.      
      ++++++++++++++++++++++++++++++++++++++++++++++++++++++++
      System.ArgumentNullException: Value cannot be null. (Parameter 'source')
         at System.Linq.ThrowHelper.ThrowArgumentNullException(ExceptionArgument argument)
         at System.Linq.Enumerable.TryGetFirst[TSource](IEnumerable`1 source, Func`2 predicate, Boolean& found)
         at System.Linq.Enumerable.FirstOrDefault[TSource](IEnumerable`1 source, Func`2 predicate)
         at Admin.NET.Core.OnlineUserHub.OnConnectedAsync() in C:\work\juai\api\Admin.NET.Core\Hub\OnlineUserHub.cs:line 49
         at Microsoft.AspNetCore.SignalR.Internal.DefaultHubDispatcher`1.OnConnectedAsync(HubConnectionContext connection)
         at Microsoft.AspNetCore.SignalR.Internal.DefaultHubDispatcher`1.OnConnectedAsync(HubConnectionContext connection)
         at Microsoft.AspNetCore.SignalR.HubConnectionHandler`1.RunHubAsync(HubConnectionContext connection)
      ++++++++++++++++++++++++++++++++++++++++++++++++++++++++
fail: 2023-09-18 21:37:54.0491519 +08:00 星期一 L Microsoft.AspNetCore.SignalR.HubConnectionHandler[1] #29
      [Microsoft.AspNetCore.SignalR.Core.dll] async Task Microsoft.AspNetCore.SignalR.HubConnectionHandler<THub>.RunHubAsync(HubConnectionContext connection)
      Error when dispatching 'OnConnectedAsync' on hub.      
      ++++++++++++++++++++++++++++++++++++++++++++++++++++++++
      System.ArgumentNullException: Value cannot be null. (Parameter 'source')
         at System.Linq.ThrowHelper.ThrowArgumentNullException(ExceptionArgument argument)
         at System.Linq.Enumerable.TryGetFirst[TSource](IEnumerable`1 source, Func`2 predicate, Boolean& found)
         at System.Linq.Enumerable.FirstOrDefault[TSource](IEnumerable`1 source, Func`2 predicate)
         at Admin.NET.Core.OnlineUserHub.OnConnectedAsync() in C:\work\juai\api\Admin.NET.Core\Hub\OnlineUserHub.cs:line 49
         at Microsoft.AspNetCore.SignalR.Internal.DefaultHubDispatcher`1.OnConnectedAsync(HubConnectionContext connection)
         at Microsoft.AspNetCore.SignalR.Internal.DefaultHubDispatcher`1.OnConnectedAsync(HubConnectionContext connection)
         at Microsoft.AspNetCore.SignalR.HubConnectionHandler`1.RunHubAsync(HubConnectionContext connection)
      ++++++++++++++++++++++++++++++++++++++++++++++++++++++++
fail: 2023-09-18 21:45:25.3591940 +08:00 星期一 L Microsoft.AspNetCore.SignalR.HubConnectionHandler[1] #51
      [Microsoft.AspNetCore.SignalR.Core.dll] async Task Microsoft.AspNetCore.SignalR.HubConnectionHandler<THub>.RunHubAsync(HubConnectionContext connection)
      Error when dispatching 'OnConnectedAsync' on hub.      
      ++++++++++++++++++++++++++++++++++++++++++++++++++++++++
      System.ArgumentNullException: Value cannot be null. (Parameter 'source')
         at System.Linq.ThrowHelper.ThrowArgumentNullException(ExceptionArgument argument)
         at System.Linq.Enumerable.TryGetFirst[TSource](IEnumerable`1 source, Func`2 predicate, Boolean& found)
         at System.Linq.Enumerable.FirstOrDefault[TSource](IEnumerable`1 source, Func`2 predicate)
         at Admin.NET.Core.OnlineUserHub.OnConnectedAsync() in C:\work\juai\api\Admin.NET.Core\Hub\OnlineUserHub.cs:line 49
         at Microsoft.AspNetCore.SignalR.Internal.DefaultHubDispatcher`1.OnConnectedAsync(HubConnectionContext connection)
         at Microsoft.AspNetCore.SignalR.Internal.DefaultHubDispatcher`1.OnConnectedAsync(HubConnectionContext connection)
         at Microsoft.AspNetCore.SignalR.HubConnectionHandler`1.RunHubAsync(HubConnectionContext connection)
      ++++++++++++++++++++++++++++++++++++++++++++++++++++++++
fail: 2023-09-18 21:46:39.0660911 +08:00 星期一 L Microsoft.AspNetCore.SignalR.HubConnectionHandler[1] #53
      [Microsoft.AspNetCore.SignalR.Core.dll] async Task Microsoft.AspNetCore.SignalR.HubConnectionHandler<THub>.RunHubAsync(HubConnectionContext connection)
      Error when dispatching 'OnConnectedAsync' on hub.      
      ++++++++++++++++++++++++++++++++++++++++++++++++++++++++
      System.ArgumentNullException: Value cannot be null. (Parameter 'source')
         at System.Linq.ThrowHelper.ThrowArgumentNullException(ExceptionArgument argument)
         at System.Linq.Enumerable.TryGetFirst[TSource](IEnumerable`1 source, Func`2 predicate, Boolean& found)
         at System.Linq.Enumerable.FirstOrDefault[TSource](IEnumerable`1 source, Func`2 predicate)
         at Admin.NET.Core.OnlineUserHub.OnConnectedAsync() in C:\work\juai\api\Admin.NET.Core\Hub\OnlineUserHub.cs:line 49
         at Microsoft.AspNetCore.SignalR.Internal.DefaultHubDispatcher`1.OnConnectedAsync(HubConnectionContext connection)
         at Microsoft.AspNetCore.SignalR.Internal.DefaultHubDispatcher`1.OnConnectedAsync(HubConnectionContext connection)
         at Microsoft.AspNetCore.SignalR.HubConnectionHandler`1.RunHubAsync(HubConnectionContext connection)
      ++++++++++++++++++++++++++++++++++++++++++++++++++++++++
fail: 2023-09-18 21:58:43.4260286 +08:00 星期一 L Microsoft.AspNetCore.SignalR.HubConnectionHandler[1] #32
      [Microsoft.AspNetCore.SignalR.Core.dll] async Task Microsoft.AspNetCore.SignalR.HubConnectionHandler<THub>.RunHubAsync(HubConnectionContext connection)
      Error when dispatching 'OnConnectedAsync' on hub.      
      ++++++++++++++++++++++++++++++++++++++++++++++++++++++++
      System.ArgumentNullException: Value cannot be null. (Parameter 'source')
         at System.Linq.ThrowHelper.ThrowArgumentNullException(ExceptionArgument argument)
         at System.Linq.Enumerable.TryGetFirst[TSource](IEnumerable`1 source, Func`2 predicate, Boolean& found)
         at System.Linq.Enumerable.FirstOrDefault[TSource](IEnumerable`1 source, Func`2 predicate)
         at Admin.NET.Core.OnlineUserHub.OnConnectedAsync() in C:\work\juai\api\Admin.NET.Core\Hub\OnlineUserHub.cs:line 49
         at Microsoft.AspNetCore.SignalR.Internal.DefaultHubDispatcher`1.OnConnectedAsync(HubConnectionContext connection)
         at Microsoft.AspNetCore.SignalR.Internal.DefaultHubDispatcher`1.OnConnectedAsync(HubConnectionContext connection)
         at Microsoft.AspNetCore.SignalR.HubConnectionHandler`1.RunHubAsync(HubConnectionContext connection)
      ++++++++++++++++++++++++++++++++++++++++++++++++++++++++
