warn: 2023-11-23 10:41:40.1860556 +08:00 星期四 L System.Logging.ScheduleService[0] #1
      [Furion.Pure.dll] void Furion.Schedule.ScheduleLogger.Log(LogLevel logLevel, string message, object[] args, Exception ex)
      Schedule hosted service preload completed, and a total of <3> schedulers are appended.
warn: 2023-11-23 10:53:50.4360380 +08:00 星期四 L System.Logging.ScheduleService[0] #1
      [Furion.Pure.dll] void Furion.Schedule.ScheduleLogger.LogWarning(string message, params object[] args)
      Schedule hosted service preload completed, and a total of <3> schedulers are appended.
warn: 2023-11-23 11:00:47.3630401 +08:00 星期四 L System.Logging.ScheduleService[0] #1
      [Furion.Pure.dll] void Furion.Schedule.ScheduleLogger.LogWarning(string message, params object[] args)
      Schedule hosted service preload completed, and a total of <3> schedulers are appended.
warn: 2023-11-23 11:13:44.7283977 +08:00 星期四 L System.Logging.ScheduleService[0] #1
      [Furion.Pure.dll] void Furion.Schedule.ScheduleLogger.LogWarning(string message, params object[] args)
      Schedule hosted service preload completed, and a total of <3> schedulers are appended.
warn: 2023-11-23 11:15:28.3225760 +08:00 星期四 L System.Logging.ScheduleService[0] #1
      [Furion.Pure.dll] void Furion.Schedule.ScheduleLogger.LogWarning(string message, params object[] args)
      Schedule hosted service preload completed, and a total of <3> schedulers are appended.
warn: 2023-11-23 11:23:42.3685777 +08:00 星期四 L System.Logging.ScheduleService[0] #1
      [Furion.Pure.dll] void Furion.Schedule.ScheduleLogger.LogWarning(string message, params object[] args)
      Schedule hosted service preload completed, and a total of <3> schedulers are appended.
warn: 2023-11-23 11:31:43.6377021 +08:00 星期四 L System.Logging.ScheduleService[0] #1
      [Furion.Pure.dll] void Furion.Schedule.ScheduleLogger.LogWarning(string message, params object[] args)
      Schedule hosted service preload completed, and a total of <3> schedulers are appended.
warn: 2023-11-23 11:34:21.9363534 +08:00 星期四 L System.Logging.ScheduleService[0] #1
      [Furion.Pure.dll] void Furion.Schedule.ScheduleLogger.LogWarning(string message, params object[] args)
      Schedule hosted service preload completed, and a total of <3> schedulers are appended.
warn: 2023-11-23 11:37:34.2063157 +08:00 星期四 L System.Logging.ScheduleService[0] #1
      [Furion.Pure.dll] void Furion.Schedule.ScheduleLogger.LogWarning(string message, params object[] args)
      Schedule hosted service preload completed, and a total of <3> schedulers are appended.
warn: 2023-11-23 12:31:59.1504092 +08:00 星期四 L System.Logging.ScheduleService[0] #1
      [Furion.Pure.dll] void Furion.Schedule.ScheduleLogger.LogWarning(string message, params object[] args)
      Schedule hosted service preload completed, and a total of <3> schedulers are appended.
warn: 2023-11-23 13:01:36.0743931 +08:00 星期四 L System.Logging.ScheduleService[0] #1
      [Furion.Pure.dll] void Furion.Schedule.ScheduleLogger.Log(LogLevel logLevel, string message, object[] args, Exception ex)
      Schedule hosted service preload completed, and a total of <3> schedulers are appended.
warn: 2023-11-23 13:16:48.5270909 +08:00 星期四 L System.Logging.ScheduleService[0] #1
      [Furion.Pure.dll] void Furion.Schedule.ScheduleLogger.LogWarning(string message, params object[] args)
      Schedule hosted service preload completed, and a total of <3> schedulers are appended.
warn: 2023-11-23 13:32:14.4102422 +08:00 星期四 L System.Logging.ScheduleService[0] #1
      [Furion.Pure.dll] void Furion.Schedule.ScheduleLogger.LogWarning(string message, params object[] args)
      Schedule hosted service preload completed, and a total of <3> schedulers are appended.
warn: 2023-11-23 13:36:19.2004390 +08:00 星期四 L System.Logging.ScheduleService[0] #1
      [Furion.Pure.dll] void Furion.Schedule.ScheduleLogger.LogWarning(string message, params object[] args)
      Schedule hosted service preload completed, and a total of <3> schedulers are appended.
warn: 2023-11-23 13:38:33.6805829 +08:00 星期四 L System.Logging.ScheduleService[0] #1
      [Furion.Pure.dll] void Furion.Schedule.ScheduleLogger.LogWarning(string message, params object[] args)
      Schedule hosted service preload completed, and a total of <3> schedulers are appended.
warn: 2023-11-23 13:42:01.5316087 +08:00 星期四 L System.Logging.ScheduleService[0] #1
      [Furion.Pure.dll] void Furion.Schedule.ScheduleLogger.LogWarning(string message, params object[] args)
      Schedule hosted service preload completed, and a total of <3> schedulers are appended.
warn: 2023-11-23 13:46:01.7275519 +08:00 星期四 L System.Logging.ScheduleService[0] #1
      [Furion.Pure.dll] void Furion.Schedule.ScheduleLogger.LogWarning(string message, params object[] args)
      Schedule hosted service preload completed, and a total of <3> schedulers are appended.
warn: 2023-11-23 13:48:01.8534396 +08:00 星期四 L System.Logging.ScheduleService[0] #1
      [Furion.Pure.dll] void Furion.Schedule.ScheduleLogger.LogWarning(string message, params object[] args)
      Schedule hosted service preload completed, and a total of <3> schedulers are appended.
warn: 2023-11-23 13:50:25.1089135 +08:00 星期四 L System.Logging.ScheduleService[0] #1
      [Furion.Pure.dll] void Furion.Schedule.ScheduleLogger.LogWarning(string message, params object[] args)
      Schedule hosted service preload completed, and a total of <3> schedulers are appended.
warn: 2023-11-23 13:53:50.5180878 +08:00 星期四 L System.Logging.ScheduleService[0] #1
      [Furion.Pure.dll] void Furion.Schedule.ScheduleLogger.LogWarning(string message, params object[] args)
      Schedule hosted service preload completed, and a total of <4> schedulers are appended.
warn: 2023-11-23 13:58:11.0367059 +08:00 星期四 L System.Logging.ScheduleService[0] #1
      [Furion.Pure.dll] void Furion.Schedule.ScheduleLogger.LogWarning(string message, params object[] args)
      Schedule hosted service preload completed, and a total of <4> schedulers are appended.
warn: 2023-11-23 14:10:00.6370189 +08:00 星期四 L System.Logging.ScheduleService[0] #1
      [Furion.Pure.dll] void Furion.Schedule.ScheduleLogger.LogWarning(string message, params object[] args)
      Schedule hosted service preload completed, and a total of <4> schedulers are appended.
warn: 2023-11-23 14:18:24.8845599 +08:00 星期四 L System.Logging.ScheduleService[0] #60
      [Furion.Pure.dll] void Furion.Schedule.ScheduleLogger.LogWarning(string message, params object[] args)
      Schedule hosted service cancels hibernation.
warn: 2023-11-23 14:19:25.1193054 +08:00 星期四 L System.Logging.ScheduleService[0] #57
      [Furion.Pure.dll] void Furion.Schedule.ScheduleLogger.LogWarning(string message, params object[] args)
      Schedule hosted service cancels hibernation.
warn: 2023-11-23 15:10:44.9278314 +08:00 星期四 L System.Logging.ScheduleService[0] #57
      [Furion.Pure.dll] void Furion.Schedule.ScheduleLogger.LogWarning(string message, params object[] args)
      Schedule hosted service cancels hibernation.
warn: 2023-11-23 15:15:38.1649060 +08:00 星期四 L System.Logging.ScheduleService[0] #1
      [Furion.Pure.dll] void Furion.Schedule.ScheduleLogger.LogWarning(string message, params object[] args)
      Schedule hosted service preload completed, and a total of <4> schedulers are appended.
warn: 2023-11-23 15:25:39.2561414 +08:00 星期四 L System.Logging.ScheduleService[0] #1
      [Furion.Pure.dll] void Furion.Schedule.ScheduleLogger.LogWarning(string message, params object[] args)
      Schedule hosted service preload completed, and a total of <4> schedulers are appended.
warn: 2023-11-23 15:27:23.2472106 +08:00 星期四 L System.Logging.ScheduleService[0] #1
      [Furion.Pure.dll] void Furion.Schedule.ScheduleLogger.LogWarning(string message, params object[] args)
      Schedule hosted service preload completed, and a total of <4> schedulers are appended.
warn: 2023-11-23 15:28:21.4864452 +08:00 星期四 L System.Logging.ScheduleService[0] #1
      [Furion.Pure.dll] void Furion.Schedule.ScheduleLogger.LogWarning(string message, params object[] args)
      Schedule hosted service preload completed, and a total of <4> schedulers are appended.
warn: 2023-11-23 15:29:18.5253699 +08:00 星期四 L System.Logging.ScheduleService[0] #1
      [Furion.Pure.dll] void Furion.Schedule.ScheduleLogger.LogWarning(string message, params object[] args)
      Schedule hosted service preload completed, and a total of <4> schedulers are appended.
warn: 2023-11-23 15:32:25.3104366 +08:00 星期四 L System.Logging.ScheduleService[0] #1
      [Furion.Pure.dll] void Furion.Schedule.ScheduleLogger.LogWarning(string message, params object[] args)
      Schedule hosted service preload completed, and a total of <4> schedulers are appended.
warn: 2023-11-23 15:35:25.7805621 +08:00 星期四 L System.Logging.ScheduleService[0] #1
      [Furion.Pure.dll] void Furion.Schedule.ScheduleLogger.Log(LogLevel logLevel, string message, object[] args, Exception ex)
      Schedule hosted service preload completed, and a total of <3> schedulers are appended.
warn: 2023-11-23 15:36:02.1009812 +08:00 星期四 L Microsoft.AspNetCore.Diagnostics.ExceptionHandlerMiddleware[2] #22 '00-9569ad360d5b62cee35d34bf7e0397b3-fa99c469dfd1023a-00'
      [Microsoft.AspNetCore.Diagnostics.dll] void Microsoft.AspNetCore.Diagnostics.DiagnosticsLoggerExtensions.ResponseStartedErrorHandler(ILogger logger)
      The response has already started, the error handler will not be executed.
warn: 2023-11-23 15:39:35.2180920 +08:00 星期四 L System.Logging.ScheduleService[0] #1
      [Furion.Pure.dll] void Furion.Schedule.ScheduleLogger.Log(LogLevel logLevel, string message, object[] args, Exception ex)
      Schedule hosted service preload completed, and a total of <3> schedulers are appended.
warn: 2023-11-23 15:40:10.2507870 +08:00 星期四 L Microsoft.AspNetCore.Diagnostics.ExceptionHandlerMiddleware[2] #20 '00-b9aea9693d17a041ecc27d85fa55cdbe-3191b22b68770131-00'
      [Microsoft.AspNetCore.Diagnostics.dll] void Microsoft.AspNetCore.Diagnostics.DiagnosticsLoggerExtensions.ResponseStartedErrorHandler(ILogger logger)
      The response has already started, the error handler will not be executed.
warn: 2023-11-23 15:40:52.0755815 +08:00 星期四 L System.Logging.ScheduleService[0] #1
      [Furion.Pure.dll] void Furion.Schedule.ScheduleLogger.LogWarning(string message, params object[] args)
      Schedule hosted service preload completed, and a total of <3> schedulers are appended.
warn: 2023-11-23 15:47:48.5090909 +08:00 星期四 L System.Logging.ScheduleService[0] #1
      [Furion.Pure.dll] void Furion.Schedule.ScheduleLogger.LogWarning(string message, params object[] args)
      Schedule hosted service preload completed, and a total of <3> schedulers are appended.
warn: 2023-11-23 15:50:35.7514181 +08:00 星期四 L System.Logging.ScheduleService[0] #1
      [Furion.Pure.dll] void Furion.Schedule.ScheduleLogger.LogWarning(string message, params object[] args)
      Schedule hosted service preload completed, and a total of <3> schedulers are appended.
warn: 2023-11-23 16:10:36.2214018 +08:00 星期四 L System.Logging.ScheduleService[0] #1
      [Furion.Pure.dll] void Furion.Schedule.ScheduleLogger.LogWarning(string message, params object[] args)
      Schedule hosted service preload completed, and a total of <3> schedulers are appended.
warn: 2023-11-23 16:12:08.4263169 +08:00 星期四 L System.Logging.ScheduleService[0] #1
      [Furion.Pure.dll] void Furion.Schedule.ScheduleLogger.LogWarning(string message, params object[] args)
      Schedule hosted service preload completed, and a total of <3> schedulers are appended.
warn: 2023-11-23 16:14:18.2989631 +08:00 星期四 L System.Logging.ScheduleService[0] #1
      [Furion.Pure.dll] void Furion.Schedule.ScheduleLogger.LogWarning(string message, params object[] args)
      Schedule hosted service preload completed, and a total of <3> schedulers are appended.
warn: 2023-11-23 16:21:19.1026387 +08:00 星期四 L System.Logging.ScheduleService[0] #1
      [Furion.Pure.dll] void Furion.Schedule.ScheduleLogger.LogWarning(string message, params object[] args)
      Schedule hosted service preload completed, and a total of <3> schedulers are appended.
warn: 2023-11-23 18:12:55.2257759 +08:00 星期四 L System.Logging.ScheduleService[0] #1
      [Furion.Pure.dll] void Furion.Schedule.ScheduleLogger.LogWarning(string message, params object[] args)
      Schedule hosted service preload completed, and a total of <3> schedulers are appended.
warn: 2023-11-23 18:16:05.1004824 +08:00 星期四 L System.Logging.ScheduleService[0] #1
      [Furion.Pure.dll] void Furion.Schedule.ScheduleLogger.LogWarning(string message, params object[] args)
      Schedule hosted service preload completed, and a total of <3> schedulers are appended.
warn: 2023-11-23 18:17:19.6735193 +08:00 星期四 L System.Logging.ScheduleService[0] #1
      [Furion.Pure.dll] void Furion.Schedule.ScheduleLogger.LogWarning(string message, params object[] args)
      Schedule hosted service preload completed, and a total of <3> schedulers are appended.
warn: 2023-11-23 18:22:34.4837170 +08:00 星期四 L System.Logging.ScheduleService[0] #1
      [Furion.Pure.dll] void Furion.Schedule.ScheduleLogger.LogWarning(string message, params object[] args)
      Schedule hosted service preload completed, and a total of <3> schedulers are appended.
warn: 2023-11-23 18:32:36.3045145 +08:00 星期四 L System.Logging.ScheduleService[0] #1
      [Furion.Pure.dll] void Furion.Schedule.ScheduleLogger.LogWarning(string message, params object[] args)
      Schedule hosted service preload completed, and a total of <3> schedulers are appended.
warn: 2023-11-23 20:33:58.6420842 +08:00 星期四 L System.Logging.ScheduleService[0] #1
      [Furion.Pure.dll] void Furion.Schedule.ScheduleLogger.LogWarning(string message, params object[] args)
      Schedule hosted service preload completed, and a total of <3> schedulers are appended.
warn: 2023-11-23 20:35:20.6386622 +08:00 星期四 L System.Logging.ScheduleService[0] #1
      [Furion.Pure.dll] void Furion.Schedule.ScheduleLogger.LogWarning(string message, params object[] args)
      Schedule hosted service preload completed, and a total of <3> schedulers are appended.
warn: 2023-11-23 20:37:13.2431687 +08:00 星期四 L System.Logging.ScheduleService[0] #1
      [Furion.Pure.dll] void Furion.Schedule.ScheduleLogger.LogWarning(string message, params object[] args)
      Schedule hosted service preload completed, and a total of <3> schedulers are appended.
warn: 2023-11-23 20:38:24.8626937 +08:00 星期四 L System.Logging.ScheduleService[0] #1
      [Furion.Pure.dll] void Furion.Schedule.ScheduleLogger.LogWarning(string message, params object[] args)
      Schedule hosted service preload completed, and a total of <3> schedulers are appended.
warn: 2023-11-23 20:42:17.1183890 +08:00 星期四 L System.Logging.ScheduleService[0] #1
      [Furion.Pure.dll] void Furion.Schedule.ScheduleLogger.LogWarning(string message, params object[] args)
      Schedule hosted service preload completed, and a total of <3> schedulers are appended.
warn: 2023-11-23 20:44:38.2157433 +08:00 星期四 L System.Logging.ScheduleService[0] #1
      [Furion.Pure.dll] void Furion.Schedule.ScheduleLogger.LogWarning(string message, params object[] args)
      Schedule hosted service preload completed, and a total of <3> schedulers are appended.
