info: 2023-09-25 22:25:58.1107832 +08:00 星期一 L System.Logging.TaskQueueService[0] #1
      [Furion.Pure.dll] async Task Furion.TaskQueue.TaskQueueHostedService.ExecuteAsync(CancellationToken stoppingToken)
      TaskQueue hosted service is running.
info: 2023-09-25 22:25:58.1811758 +08:00 星期一 L System.Logging.ScheduleService[0] #1
      [Furion.Pure.dll] void Furion.Schedule.ScheduleLogger.Log(LogLevel logLevel, string message, object[] args, Exception ex)
      Schedule hosted service is running.
info: 2023-09-25 22:25:58.1836364 +08:00 星期一 L System.Logging.ScheduleService[0] #1
      [Furion.Pure.dll] void Furion.Schedule.ScheduleLogger.Log(LogLevel logLevel, string message, object[] args, Exception ex)
      Schedule hosted service is preloading...
info: 2023-09-25 22:25:59.2550987 +08:00 星期一 L System.Logging.ScheduleService[0] #1
      [Furion.Pure.dll] void Furion.Schedule.ScheduleLogger.Log(LogLevel logLevel, string message, object[] args, Exception ex)
      The <trigger_log> trigger for scheduler of <job_log> successfully appended and updated to the schedule.
info: 2023-09-25 22:25:59.2565251 +08:00 星期一 L System.Logging.ScheduleService[0] #1
      [Furion.Pure.dll] void Furion.Schedule.ScheduleLogger.Log(LogLevel logLevel, string message, object[] args, Exception ex)
      The scheduler of <job_log> successfully appended and updated to the schedule.
info: 2023-09-25 22:25:59.2590874 +08:00 星期一 L System.Logging.ScheduleService[0] #1
      [Furion.Pure.dll] void Furion.Schedule.ScheduleLogger.Log(LogLevel logLevel, string message, object[] args, Exception ex)
      The <trigger_onlineUser> trigger for scheduler of <job_onlineUser> successfully appended and updated to the schedule.
info: 2023-09-25 22:25:59.2600838 +08:00 星期一 L System.Logging.ScheduleService[0] #1
      [Furion.Pure.dll] void Furion.Schedule.ScheduleLogger.Log(LogLevel logLevel, string message, object[] args, Exception ex)
      The scheduler of <job_onlineUser> successfully appended and updated to the schedule.
