fail: 2023-09-03 21:20:49.3913489 +08:00 星期日 L Microsoft.AspNetCore.Diagnostics.ExceptionHandlerMiddleware[1] #22
      [Microsoft.AspNetCore.Diagnostics.dll] void Microsoft.AspNetCore.Diagnostics.DiagnosticsLoggerExtensions.UnhandledException(ILogger logger, Exception exception)
      An unhandled exception has occurred while executing the request.      
      ++++++++++++++++++++++++++++++++++++++++++++++++++++++++
      System.ArgumentException: The 'ClientId' option must be provided. (Parameter 'ClientId')
         at Microsoft.AspNetCore.Authentication.OAuth.OAuthOptions.Validate()
         at Microsoft.AspNetCore.Authentication.RemoteAuthenticationOptions.Validate(String scheme)
         at Microsoft.AspNetCore.Authentication.AuthenticationBuilder.<>c__DisplayClass4_0`2.<AddSchemeHelper>b__1(TOptions o)
         at Microsoft.Extensions.Options.ValidateOptions`1.Validate(String name, TOptions options)
         at Microsoft.Extensions.Options.OptionsFactory`1.Create(String name)
         at Microsoft.Extensions.Options.OptionsMonitor`1.<>c__DisplayClass10_0.<Get>b__0()
         at System.Lazy`1.ViaFactory(LazyThreadSafetyMode mode)
         at System.Lazy`1.ExecutionAndPublication(LazyHelper executionAndPublication, Boolean useDefaultConstructor)
         at System.Lazy`1.CreateValue()
         at Microsoft.AspNetCore.Authentication.AuthenticationHandler`1.InitializeAsync(AuthenticationScheme scheme, HttpContext context)
         at Microsoft.AspNetCore.Authentication.AuthenticationHandlerProvider.GetHandlerAsync(HttpContext context, String authenticationScheme)
         at Microsoft.AspNetCore.Authentication.AuthenticationMiddleware.Invoke(HttpContext context)
         at AspNetCoreRateLimit.RateLimitMiddleware`1.Invoke(HttpContext context) in C:\Users\User\Documents\Github\AspNetCoreRateLimit\src\AspNetCoreRateLimit\Middleware\RateLimitMiddleware.cs:line 124
         at AspNetCoreRateLimit.RateLimitMiddleware`1.Invoke(HttpContext context) in C:\Users\User\Documents\Github\AspNetCoreRateLimit\src\AspNetCoreRateLimit\Middleware\RateLimitMiddleware.cs:line 124
         at Microsoft.AspNetCore.Localization.RequestLocalizationMiddleware.Invoke(HttpContext context)
         at Furion.UnifyResult.UnifyResultStatusCodesMiddleware.InvokeAsync(HttpContext context)
         at Microsoft.AspNetCore.Diagnostics.ExceptionHandlerMiddleware.<Invoke>g__Awaited|6_0(ExceptionHandlerMiddleware middleware, HttpContext context, Task task)
      ++++++++++++++++++++++++++++++++++++++++++++++++++++++++
fail: 2023-09-03 21:20:49.4151375 +08:00 星期日 L Microsoft.AspNetCore.Diagnostics.ExceptionHandlerMiddleware[3] #22
      [Microsoft.AspNetCore.Diagnostics.dll] void Microsoft.AspNetCore.Diagnostics.DiagnosticsLoggerExtensions.ErrorHandlerException(ILogger logger, Exception exception)
      An exception was thrown attempting to execute the error handler.      
      ++++++++++++++++++++++++++++++++++++++++++++++++++++++++
      System.ArgumentException: The 'ClientId' option must be provided. (Parameter 'ClientId')
         at Microsoft.AspNetCore.Authentication.OAuth.OAuthOptions.Validate()
         at Microsoft.AspNetCore.Authentication.RemoteAuthenticationOptions.Validate(String scheme)
         at Microsoft.AspNetCore.Authentication.AuthenticationBuilder.<>c__DisplayClass4_0`2.<AddSchemeHelper>b__1(TOptions o)
         at Microsoft.Extensions.Options.ValidateOptions`1.Validate(String name, TOptions options)
         at Microsoft.Extensions.Options.OptionsFactory`1.Create(String name)
         at Microsoft.Extensions.Options.OptionsMonitor`1.<>c__DisplayClass10_0.<Get>b__0()
         at System.Lazy`1.ViaFactory(LazyThreadSafetyMode mode)
      --- End of stack trace from previous location ---
         at System.Lazy`1.CreateValue()
         at Microsoft.AspNetCore.Authentication.AuthenticationHandler`1.InitializeAsync(AuthenticationScheme scheme, HttpContext context)
         at Microsoft.AspNetCore.Authentication.AuthenticationHandlerProvider.GetHandlerAsync(HttpContext context, String authenticationScheme)
         at Microsoft.AspNetCore.Authentication.AuthenticationMiddleware.Invoke(HttpContext context)
         at AspNetCoreRateLimit.RateLimitMiddleware`1.Invoke(HttpContext context) in C:\Users\User\Documents\Github\AspNetCoreRateLimit\src\AspNetCoreRateLimit\Middleware\RateLimitMiddleware.cs:line 124
         at AspNetCoreRateLimit.RateLimitMiddleware`1.Invoke(HttpContext context) in C:\Users\User\Documents\Github\AspNetCoreRateLimit\src\AspNetCoreRateLimit\Middleware\RateLimitMiddleware.cs:line 124
         at Microsoft.AspNetCore.Localization.RequestLocalizationMiddleware.Invoke(HttpContext context)
         at Furion.UnifyResult.UnifyResultStatusCodesMiddleware.InvokeAsync(HttpContext context)
         at Microsoft.AspNetCore.Diagnostics.ExceptionHandlerMiddleware.HandleException(HttpContext context, ExceptionDispatchInfo edi)
      ++++++++++++++++++++++++++++++++++++++++++++++++++++++++
fail: 2023-09-03 21:20:49.4277820 +08:00 星期日 L Microsoft.AspNetCore.Server.Kestrel[13] #22
      [Microsoft.AspNetCore.Server.Kestrel.Core.dll] void Microsoft.AspNetCore.Server.Kestrel.Core.Internal.Http.HttpProtocol.ReportApplicationError(Exception ex)
      Connection id "0HMTCG2BEFR7H", Request id "0HMTCG2BEFR7H:00000003": An unhandled exception was thrown by the application.      
      ++++++++++++++++++++++++++++++++++++++++++++++++++++++++
      System.ArgumentException: The 'ClientId' option must be provided. (Parameter 'ClientId')
         at Microsoft.AspNetCore.Authentication.OAuth.OAuthOptions.Validate()
         at Microsoft.AspNetCore.Authentication.RemoteAuthenticationOptions.Validate(String scheme)
         at Microsoft.AspNetCore.Authentication.AuthenticationBuilder.<>c__DisplayClass4_0`2.<AddSchemeHelper>b__1(TOptions o)
         at Microsoft.Extensions.Options.ValidateOptions`1.Validate(String name, TOptions options)
         at Microsoft.Extensions.Options.OptionsFactory`1.Create(String name)
         at Microsoft.Extensions.Options.OptionsMonitor`1.<>c__DisplayClass10_0.<Get>b__0()
         at System.Lazy`1.ViaFactory(LazyThreadSafetyMode mode)
         at System.Lazy`1.ExecutionAndPublication(LazyHelper executionAndPublication, Boolean useDefaultConstructor)
         at System.Lazy`1.CreateValue()
         at Microsoft.AspNetCore.Authentication.AuthenticationHandler`1.InitializeAsync(AuthenticationScheme scheme, HttpContext context)
         at Microsoft.AspNetCore.Authentication.AuthenticationHandlerProvider.GetHandlerAsync(HttpContext context, String authenticationScheme)
         at Microsoft.AspNetCore.Authentication.AuthenticationMiddleware.Invoke(HttpContext context)
         at AspNetCoreRateLimit.RateLimitMiddleware`1.Invoke(HttpContext context) in C:\Users\User\Documents\Github\AspNetCoreRateLimit\src\AspNetCoreRateLimit\Middleware\RateLimitMiddleware.cs:line 124
         at AspNetCoreRateLimit.RateLimitMiddleware`1.Invoke(HttpContext context) in C:\Users\User\Documents\Github\AspNetCoreRateLimit\src\AspNetCoreRateLimit\Middleware\RateLimitMiddleware.cs:line 124
         at Microsoft.AspNetCore.Localization.RequestLocalizationMiddleware.Invoke(HttpContext context)
         at Furion.UnifyResult.UnifyResultStatusCodesMiddleware.InvokeAsync(HttpContext context)
         at Microsoft.AspNetCore.Diagnostics.ExceptionHandlerMiddleware.<Invoke>g__Awaited|6_0(ExceptionHandlerMiddleware middleware, HttpContext context, Task task)
         at Microsoft.AspNetCore.Diagnostics.ExceptionHandlerMiddleware.HandleException(HttpContext context, ExceptionDispatchInfo edi)
         at Microsoft.AspNetCore.Diagnostics.ExceptionHandlerMiddleware.<Invoke>g__Awaited|6_0(ExceptionHandlerMiddleware middleware, HttpContext context, Task task)
         at Furion.StartupFilter.<>c__DisplayClass0_1.<<Configure>b__1>d.MoveNext()
      --- End of stack trace from previous location ---
         at Microsoft.AspNetCore.Watch.BrowserRefresh.BrowserRefreshMiddleware.InvokeAsync(HttpContext context)
         at Microsoft.AspNetCore.Server.Kestrel.Core.Internal.Http.HttpProtocol.ProcessRequests[TContext](IHttpApplication`1 application)
      ++++++++++++++++++++++++++++++++++++++++++++++++++++++++
fail: 2023-09-03 21:21:29.3635185 +08:00 星期日 L Microsoft.AspNetCore.Diagnostics.ExceptionHandlerMiddleware[1] #22
      [Microsoft.AspNetCore.Diagnostics.dll] void Microsoft.AspNetCore.Diagnostics.DiagnosticsLoggerExtensions.UnhandledException(ILogger logger, Exception exception)
      An unhandled exception has occurred while executing the request.      
      ++++++++++++++++++++++++++++++++++++++++++++++++++++++++
      System.ArgumentException: The 'ClientId' option must be provided. (Parameter 'ClientId')
         at Microsoft.AspNetCore.Authentication.OAuth.OAuthOptions.Validate()
         at Microsoft.AspNetCore.Authentication.RemoteAuthenticationOptions.Validate(String scheme)
         at Microsoft.AspNetCore.Authentication.AuthenticationBuilder.<>c__DisplayClass4_0`2.<AddSchemeHelper>b__1(TOptions o)
         at Microsoft.Extensions.Options.ValidateOptions`1.Validate(String name, TOptions options)
         at Microsoft.Extensions.Options.OptionsFactory`1.Create(String name)
         at Microsoft.Extensions.Options.OptionsMonitor`1.<>c__DisplayClass10_0.<Get>b__0()
         at System.Lazy`1.ViaFactory(LazyThreadSafetyMode mode)
      --- End of stack trace from previous location ---
         at System.Lazy`1.CreateValue()
         at Microsoft.AspNetCore.Authentication.AuthenticationHandler`1.InitializeAsync(AuthenticationScheme scheme, HttpContext context)
         at Microsoft.AspNetCore.Authentication.AuthenticationHandlerProvider.GetHandlerAsync(HttpContext context, String authenticationScheme)
         at Microsoft.AspNetCore.Authentication.AuthenticationMiddleware.Invoke(HttpContext context)
         at AspNetCoreRateLimit.RateLimitMiddleware`1.Invoke(HttpContext context) in C:\Users\User\Documents\Github\AspNetCoreRateLimit\src\AspNetCoreRateLimit\Middleware\RateLimitMiddleware.cs:line 124
         at AspNetCoreRateLimit.RateLimitMiddleware`1.Invoke(HttpContext context) in C:\Users\User\Documents\Github\AspNetCoreRateLimit\src\AspNetCoreRateLimit\Middleware\RateLimitMiddleware.cs:line 124
         at Microsoft.AspNetCore.Localization.RequestLocalizationMiddleware.Invoke(HttpContext context)
         at Furion.UnifyResult.UnifyResultStatusCodesMiddleware.InvokeAsync(HttpContext context)
         at Microsoft.AspNetCore.Diagnostics.ExceptionHandlerMiddleware.<Invoke>g__Awaited|6_0(ExceptionHandlerMiddleware middleware, HttpContext context, Task task)
      ++++++++++++++++++++++++++++++++++++++++++++++++++++++++
fail: 2023-09-03 21:21:29.3705098 +08:00 星期日 L Microsoft.AspNetCore.Diagnostics.ExceptionHandlerMiddleware[3] #22
      [Microsoft.AspNetCore.Diagnostics.dll] void Microsoft.AspNetCore.Diagnostics.DiagnosticsLoggerExtensions.ErrorHandlerException(ILogger logger, Exception exception)
      An exception was thrown attempting to execute the error handler.      
      ++++++++++++++++++++++++++++++++++++++++++++++++++++++++
      System.ArgumentException: The 'ClientId' option must be provided. (Parameter 'ClientId')
         at Microsoft.AspNetCore.Authentication.OAuth.OAuthOptions.Validate()
         at Microsoft.AspNetCore.Authentication.RemoteAuthenticationOptions.Validate(String scheme)
         at Microsoft.AspNetCore.Authentication.AuthenticationBuilder.<>c__DisplayClass4_0`2.<AddSchemeHelper>b__1(TOptions o)
         at Microsoft.Extensions.Options.ValidateOptions`1.Validate(String name, TOptions options)
         at Microsoft.Extensions.Options.OptionsFactory`1.Create(String name)
         at Microsoft.Extensions.Options.OptionsMonitor`1.<>c__DisplayClass10_0.<Get>b__0()
         at System.Lazy`1.ViaFactory(LazyThreadSafetyMode mode)
      --- End of stack trace from previous location ---
         at System.Lazy`1.CreateValue()
         at Microsoft.AspNetCore.Authentication.AuthenticationHandler`1.InitializeAsync(AuthenticationScheme scheme, HttpContext context)
         at Microsoft.AspNetCore.Authentication.AuthenticationHandlerProvider.GetHandlerAsync(HttpContext context, String authenticationScheme)
         at Microsoft.AspNetCore.Authentication.AuthenticationMiddleware.Invoke(HttpContext context)
         at AspNetCoreRateLimit.RateLimitMiddleware`1.Invoke(HttpContext context) in C:\Users\User\Documents\Github\AspNetCoreRateLimit\src\AspNetCoreRateLimit\Middleware\RateLimitMiddleware.cs:line 124
         at AspNetCoreRateLimit.RateLimitMiddleware`1.Invoke(HttpContext context) in C:\Users\User\Documents\Github\AspNetCoreRateLimit\src\AspNetCoreRateLimit\Middleware\RateLimitMiddleware.cs:line 124
         at Microsoft.AspNetCore.Localization.RequestLocalizationMiddleware.Invoke(HttpContext context)
         at Furion.UnifyResult.UnifyResultStatusCodesMiddleware.InvokeAsync(HttpContext context)
         at Microsoft.AspNetCore.Diagnostics.ExceptionHandlerMiddleware.HandleException(HttpContext context, ExceptionDispatchInfo edi)
      ++++++++++++++++++++++++++++++++++++++++++++++++++++++++
fail: 2023-09-03 21:21:29.3742529 +08:00 星期日 L Microsoft.AspNetCore.Server.Kestrel[13] #22
      [Microsoft.AspNetCore.Server.Kestrel.Core.dll] void Microsoft.AspNetCore.Server.Kestrel.Core.Internal.Http.HttpProtocol.ReportApplicationError(Exception ex)
      Connection id "0HMTCG2BEFR7I", Request id "0HMTCG2BEFR7I:00000002": An unhandled exception was thrown by the application.      
      ++++++++++++++++++++++++++++++++++++++++++++++++++++++++
      System.ArgumentException: The 'ClientId' option must be provided. (Parameter 'ClientId')
         at Microsoft.AspNetCore.Authentication.OAuth.OAuthOptions.Validate()
         at Microsoft.AspNetCore.Authentication.RemoteAuthenticationOptions.Validate(String scheme)
         at Microsoft.AspNetCore.Authentication.AuthenticationBuilder.<>c__DisplayClass4_0`2.<AddSchemeHelper>b__1(TOptions o)
         at Microsoft.Extensions.Options.ValidateOptions`1.Validate(String name, TOptions options)
         at Microsoft.Extensions.Options.OptionsFactory`1.Create(String name)
         at Microsoft.Extensions.Options.OptionsMonitor`1.<>c__DisplayClass10_0.<Get>b__0()
         at System.Lazy`1.ViaFactory(LazyThreadSafetyMode mode)
      --- End of stack trace from previous location ---
         at System.Lazy`1.CreateValue()
         at Microsoft.AspNetCore.Authentication.AuthenticationHandler`1.InitializeAsync(AuthenticationScheme scheme, HttpContext context)
         at Microsoft.AspNetCore.Authentication.AuthenticationHandlerProvider.GetHandlerAsync(HttpContext context, String authenticationScheme)
         at Microsoft.AspNetCore.Authentication.AuthenticationMiddleware.Invoke(HttpContext context)
         at AspNetCoreRateLimit.RateLimitMiddleware`1.Invoke(HttpContext context) in C:\Users\User\Documents\Github\AspNetCoreRateLimit\src\AspNetCoreRateLimit\Middleware\RateLimitMiddleware.cs:line 124
         at AspNetCoreRateLimit.RateLimitMiddleware`1.Invoke(HttpContext context) in C:\Users\User\Documents\Github\AspNetCoreRateLimit\src\AspNetCoreRateLimit\Middleware\RateLimitMiddleware.cs:line 124
         at Microsoft.AspNetCore.Localization.RequestLocalizationMiddleware.Invoke(HttpContext context)
         at Furion.UnifyResult.UnifyResultStatusCodesMiddleware.InvokeAsync(HttpContext context)
         at Microsoft.AspNetCore.Diagnostics.ExceptionHandlerMiddleware.<Invoke>g__Awaited|6_0(ExceptionHandlerMiddleware middleware, HttpContext context, Task task)
         at Microsoft.AspNetCore.Diagnostics.ExceptionHandlerMiddleware.HandleException(HttpContext context, ExceptionDispatchInfo edi)
         at Microsoft.AspNetCore.Diagnostics.ExceptionHandlerMiddleware.<Invoke>g__Awaited|6_0(ExceptionHandlerMiddleware middleware, HttpContext context, Task task)
         at Furion.StartupFilter.<>c__DisplayClass0_1.<<Configure>b__1>d.MoveNext()
      --- End of stack trace from previous location ---
         at Microsoft.AspNetCore.Watch.BrowserRefresh.BrowserRefreshMiddleware.InvokeAsync(HttpContext context)
         at Microsoft.AspNetCore.Server.Kestrel.Core.Internal.Http.HttpProtocol.ProcessRequests[TContext](IHttpApplication`1 application)
      ++++++++++++++++++++++++++++++++++++++++++++++++++++++++
fail: 2023-09-03 21:24:07.8584932 +08:00 星期日 L Microsoft.AspNetCore.Diagnostics.ExceptionHandlerMiddleware[1] #7
      [Microsoft.AspNetCore.Diagnostics.dll] void Microsoft.AspNetCore.Diagnostics.DiagnosticsLoggerExtensions.UnhandledException(ILogger logger, Exception exception)
      An unhandled exception has occurred while executing the request.      
      ++++++++++++++++++++++++++++++++++++++++++++++++++++++++
      System.ArgumentException: The 'ClientId' option must be provided. (Parameter 'ClientId')
         at Microsoft.AspNetCore.Authentication.OAuth.OAuthOptions.Validate()
         at Microsoft.AspNetCore.Authentication.RemoteAuthenticationOptions.Validate(String scheme)
         at Microsoft.AspNetCore.Authentication.AuthenticationBuilder.<>c__DisplayClass4_0`2.<AddSchemeHelper>b__1(TOptions o)
         at Microsoft.Extensions.Options.ValidateOptions`1.Validate(String name, TOptions options)
         at Microsoft.Extensions.Options.OptionsFactory`1.Create(String name)
         at Microsoft.Extensions.Options.OptionsMonitor`1.<>c__DisplayClass10_0.<Get>b__0()
         at System.Lazy`1.ViaFactory(LazyThreadSafetyMode mode)
         at System.Lazy`1.ExecutionAndPublication(LazyHelper executionAndPublication, Boolean useDefaultConstructor)
         at System.Lazy`1.CreateValue()
         at System.Lazy`1.get_Value()
         at Microsoft.Extensions.Options.OptionsCache`1.GetOrAdd(String name, Func`1 createOptions)
         at Microsoft.Extensions.Options.OptionsMonitor`1.Get(String name)
         at Microsoft.AspNetCore.Authentication.AuthenticationHandler`1.InitializeAsync(AuthenticationScheme scheme, HttpContext context)
         at Microsoft.AspNetCore.Authentication.AuthenticationHandlerProvider.GetHandlerAsync(HttpContext context, String authenticationScheme)
         at Microsoft.AspNetCore.Authentication.AuthenticationMiddleware.Invoke(HttpContext context)
         at AspNetCoreRateLimit.RateLimitMiddleware`1.Invoke(HttpContext context) in C:\Users\User\Documents\Github\AspNetCoreRateLimit\src\AspNetCoreRateLimit\Middleware\RateLimitMiddleware.cs:line 124
         at AspNetCoreRateLimit.RateLimitMiddleware`1.Invoke(HttpContext context) in C:\Users\User\Documents\Github\AspNetCoreRateLimit\src\AspNetCoreRateLimit\Middleware\RateLimitMiddleware.cs:line 124
         at Microsoft.AspNetCore.Localization.RequestLocalizationMiddleware.Invoke(HttpContext context)
         at Furion.UnifyResult.UnifyResultStatusCodesMiddleware.InvokeAsync(HttpContext context)
         at Microsoft.AspNetCore.Diagnostics.ExceptionHandlerMiddleware.<Invoke>g__Awaited|6_0(ExceptionHandlerMiddleware middleware, HttpContext context, Task task)
      ++++++++++++++++++++++++++++++++++++++++++++++++++++++++
fail: 2023-09-03 21:24:07.8809441 +08:00 星期日 L Microsoft.AspNetCore.Diagnostics.ExceptionHandlerMiddleware[3] #7
      [Microsoft.AspNetCore.Diagnostics.dll] void Microsoft.AspNetCore.Diagnostics.DiagnosticsLoggerExtensions.ErrorHandlerException(ILogger logger, Exception exception)
      An exception was thrown attempting to execute the error handler.      
      ++++++++++++++++++++++++++++++++++++++++++++++++++++++++
      System.ArgumentException: The 'ClientId' option must be provided. (Parameter 'ClientId')
         at Microsoft.AspNetCore.Authentication.OAuth.OAuthOptions.Validate()
         at Microsoft.AspNetCore.Authentication.RemoteAuthenticationOptions.Validate(String scheme)
         at Microsoft.AspNetCore.Authentication.AuthenticationBuilder.<>c__DisplayClass4_0`2.<AddSchemeHelper>b__1(TOptions o)
         at Microsoft.Extensions.Options.ValidateOptions`1.Validate(String name, TOptions options)
         at Microsoft.Extensions.Options.OptionsFactory`1.Create(String name)
         at Microsoft.Extensions.Options.OptionsMonitor`1.<>c__DisplayClass10_0.<Get>b__0()
         at System.Lazy`1.ViaFactory(LazyThreadSafetyMode mode)
      --- End of stack trace from previous location ---
         at System.Lazy`1.CreateValue()
         at System.Lazy`1.get_Value()
         at Microsoft.Extensions.Options.OptionsCache`1.GetOrAdd(String name, Func`1 createOptions)
         at Microsoft.Extensions.Options.OptionsMonitor`1.Get(String name)
         at Microsoft.AspNetCore.Authentication.AuthenticationHandler`1.InitializeAsync(AuthenticationScheme scheme, HttpContext context)
         at Microsoft.AspNetCore.Authentication.AuthenticationHandlerProvider.GetHandlerAsync(HttpContext context, String authenticationScheme)
         at Microsoft.AspNetCore.Authentication.AuthenticationMiddleware.Invoke(HttpContext context)
         at AspNetCoreRateLimit.RateLimitMiddleware`1.Invoke(HttpContext context) in C:\Users\User\Documents\Github\AspNetCoreRateLimit\src\AspNetCoreRateLimit\Middleware\RateLimitMiddleware.cs:line 124
         at AspNetCoreRateLimit.RateLimitMiddleware`1.Invoke(HttpContext context) in C:\Users\User\Documents\Github\AspNetCoreRateLimit\src\AspNetCoreRateLimit\Middleware\RateLimitMiddleware.cs:line 124
         at Microsoft.AspNetCore.Localization.RequestLocalizationMiddleware.Invoke(HttpContext context)
         at Furion.UnifyResult.UnifyResultStatusCodesMiddleware.InvokeAsync(HttpContext context)
         at Microsoft.AspNetCore.Diagnostics.ExceptionHandlerMiddleware.HandleException(HttpContext context, ExceptionDispatchInfo edi)
      ++++++++++++++++++++++++++++++++++++++++++++++++++++++++
fail: 2023-09-03 21:24:07.8935227 +08:00 星期日 L Microsoft.AspNetCore.Server.Kestrel[13] #7
      [Microsoft.AspNetCore.Server.Kestrel.Core.dll] void Microsoft.AspNetCore.Server.Kestrel.Core.Internal.Http.HttpProtocol.ReportApplicationError(Exception ex)
      Connection id "0HMTCG46KEKIN", Request id "0HMTCG46KEKIN:00000002": An unhandled exception was thrown by the application.      
      ++++++++++++++++++++++++++++++++++++++++++++++++++++++++
      System.ArgumentException: The 'ClientId' option must be provided. (Parameter 'ClientId')
         at Microsoft.AspNetCore.Authentication.OAuth.OAuthOptions.Validate()
         at Microsoft.AspNetCore.Authentication.RemoteAuthenticationOptions.Validate(String scheme)
         at Microsoft.AspNetCore.Authentication.AuthenticationBuilder.<>c__DisplayClass4_0`2.<AddSchemeHelper>b__1(TOptions o)
         at Microsoft.Extensions.Options.ValidateOptions`1.Validate(String name, TOptions options)
         at Microsoft.Extensions.Options.OptionsFactory`1.Create(String name)
         at Microsoft.Extensions.Options.OptionsMonitor`1.<>c__DisplayClass10_0.<Get>b__0()
         at System.Lazy`1.ViaFactory(LazyThreadSafetyMode mode)
         at System.Lazy`1.ExecutionAndPublication(LazyHelper executionAndPublication, Boolean useDefaultConstructor)
         at System.Lazy`1.CreateValue()
         at System.Lazy`1.get_Value()
         at Microsoft.Extensions.Options.OptionsCache`1.GetOrAdd(String name, Func`1 createOptions)
         at Microsoft.Extensions.Options.OptionsMonitor`1.Get(String name)
         at Microsoft.AspNetCore.Authentication.AuthenticationHandler`1.InitializeAsync(AuthenticationScheme scheme, HttpContext context)
         at Microsoft.AspNetCore.Authentication.AuthenticationHandlerProvider.GetHandlerAsync(HttpContext context, String authenticationScheme)
         at Microsoft.AspNetCore.Authentication.AuthenticationMiddleware.Invoke(HttpContext context)
         at AspNetCoreRateLimit.RateLimitMiddleware`1.Invoke(HttpContext context) in C:\Users\User\Documents\Github\AspNetCoreRateLimit\src\AspNetCoreRateLimit\Middleware\RateLimitMiddleware.cs:line 124
         at AspNetCoreRateLimit.RateLimitMiddleware`1.Invoke(HttpContext context) in C:\Users\User\Documents\Github\AspNetCoreRateLimit\src\AspNetCoreRateLimit\Middleware\RateLimitMiddleware.cs:line 124
         at Microsoft.AspNetCore.Localization.RequestLocalizationMiddleware.Invoke(HttpContext context)
         at Furion.UnifyResult.UnifyResultStatusCodesMiddleware.InvokeAsync(HttpContext context)
         at Microsoft.AspNetCore.Diagnostics.ExceptionHandlerMiddleware.<Invoke>g__Awaited|6_0(ExceptionHandlerMiddleware middleware, HttpContext context, Task task)
         at Microsoft.AspNetCore.Diagnostics.ExceptionHandlerMiddleware.HandleException(HttpContext context, ExceptionDispatchInfo edi)
         at Microsoft.AspNetCore.Diagnostics.ExceptionHandlerMiddleware.<Invoke>g__Awaited|6_0(ExceptionHandlerMiddleware middleware, HttpContext context, Task task)
         at Furion.StartupFilter.<>c__DisplayClass0_1.<<Configure>b__1>d.MoveNext()
      --- End of stack trace from previous location ---
         at Microsoft.AspNetCore.Watch.BrowserRefresh.BrowserRefreshMiddleware.InvokeAsync(HttpContext context)
         at Microsoft.AspNetCore.Server.Kestrel.Core.Internal.Http.HttpProtocol.ProcessRequests[TContext](IHttpApplication`1 application)
      ++++++++++++++++++++++++++++++++++++++++++++++++++++++++
fail: 2023-09-03 21:26:25.1825700 +08:00 星期日 L Microsoft.AspNetCore.Diagnostics.DeveloperExceptionPageMiddleware[1] #5
      [Microsoft.AspNetCore.Diagnostics.dll] void Microsoft.AspNetCore.Diagnostics.DiagnosticsLoggerExtensions.UnhandledException(ILogger logger, Exception exception)
      An unhandled exception has occurred while executing the request.      
      ++++++++++++++++++++++++++++++++++++++++++++++++++++++++
      System.ArgumentException: The 'ClientId' option must be provided. (Parameter 'ClientId')
         at Microsoft.AspNetCore.Authentication.OAuth.OAuthOptions.Validate()
         at Microsoft.AspNetCore.Authentication.RemoteAuthenticationOptions.Validate(String scheme)
         at Microsoft.AspNetCore.Authentication.AuthenticationBuilder.<>c__DisplayClass4_0`2.<AddSchemeHelper>b__1(TOptions o)
         at Microsoft.Extensions.Options.ValidateOptions`1.Validate(String name, TOptions options)
         at Microsoft.Extensions.Options.OptionsFactory`1.Create(String name)
         at Microsoft.Extensions.Options.OptionsMonitor`1.<>c__DisplayClass10_0.<Get>b__0()
         at System.Lazy`1.ViaFactory(LazyThreadSafetyMode mode)
      --- End of stack trace from previous location ---
         at System.Lazy`1.CreateValue()
         at System.Lazy`1.CreateValue()
         at System.Lazy`1.get_Value()
         at Microsoft.Extensions.Options.OptionsCache`1.GetOrAdd(String name, Func`1 createOptions)
         at Microsoft.Extensions.Options.OptionsMonitor`1.Get(String name)
         at Microsoft.AspNetCore.Authentication.AuthenticationHandler`1.InitializeAsync(AuthenticationScheme scheme, HttpContext context)
         at Microsoft.AspNetCore.Authentication.AuthenticationHandlerProvider.GetHandlerAsync(HttpContext context, String authenticationScheme)
         at Microsoft.AspNetCore.Authentication.AuthenticationHandlerProvider.GetHandlerAsync(HttpContext context, String authenticationScheme)
         at Microsoft.AspNetCore.Authentication.AuthenticationMiddleware.Invoke(HttpContext context)
         at AspNetCoreRateLimit.RateLimitMiddleware`1.Invoke(HttpContext context) in C:\Users\User\Documents\Github\AspNetCoreRateLimit\src\AspNetCoreRateLimit\Middleware\RateLimitMiddleware.cs:line 124
         at AspNetCoreRateLimit.RateLimitMiddleware`1.Invoke(HttpContext context) in C:\Users\User\Documents\Github\AspNetCoreRateLimit\src\AspNetCoreRateLimit\Middleware\RateLimitMiddleware.cs:line 124
         at AspNetCoreRateLimit.RateLimitMiddleware`1.Invoke(HttpContext context) in C:\Users\User\Documents\Github\AspNetCoreRateLimit\src\AspNetCoreRateLimit\Middleware\RateLimitMiddleware.cs:line 124
         at AspNetCoreRateLimit.RateLimitMiddleware`1.Invoke(HttpContext context) in C:\Users\User\Documents\Github\AspNetCoreRateLimit\src\AspNetCoreRateLimit\Middleware\RateLimitMiddleware.cs:line 124
         at Microsoft.AspNetCore.Routing.EndpointRoutingMiddleware.<Invoke>g__AwaitMatcher|8_0(EndpointRoutingMiddleware middleware, HttpContext httpContext, Task`1 matcherTask)
         at Microsoft.AspNetCore.Localization.RequestLocalizationMiddleware.Invoke(HttpContext context)
         at Furion.UnifyResult.UnifyResultStatusCodesMiddleware.InvokeAsync(HttpContext context)
         at Microsoft.AspNetCore.Diagnostics.DeveloperExceptionPageMiddleware.Invoke(HttpContext context)
         at Microsoft.AspNetCore.Localization.RequestLocalizationMiddleware.Invoke(HttpContext context)
         at Furion.UnifyResult.UnifyResultStatusCodesMiddleware.InvokeAsync(HttpContext context)
         at Microsoft.AspNetCore.Diagnostics.DeveloperExceptionPageMiddleware.Invoke(HttpContext context)
      ++++++++++++++++++++++++++++++++++++++++++++++++++++++++
fail: 2023-09-03 21:26:25.1825702 +08:00 星期日 L Microsoft.AspNetCore.Diagnostics.DeveloperExceptionPageMiddleware[1] #3
      [Microsoft.AspNetCore.Diagnostics.dll] void Microsoft.AspNetCore.Diagnostics.DiagnosticsLoggerExtensions.UnhandledException(ILogger logger, Exception exception)
      An unhandled exception has occurred while executing the request.      
      ++++++++++++++++++++++++++++++++++++++++++++++++++++++++
      System.ArgumentException: The 'ClientId' option must be provided. (Parameter 'ClientId')
         at Microsoft.AspNetCore.Authentication.OAuth.OAuthOptions.Validate()
         at Microsoft.AspNetCore.Authentication.RemoteAuthenticationOptions.Validate(String scheme)
         at Microsoft.AspNetCore.Authentication.AuthenticationBuilder.<>c__DisplayClass4_0`2.<AddSchemeHelper>b__1(TOptions o)
         at Microsoft.Extensions.Options.ValidateOptions`1.Validate(String name, TOptions options)
         at Microsoft.Extensions.Options.OptionsFactory`1.Create(String name)
         at Microsoft.Extensions.Options.OptionsMonitor`1.<>c__DisplayClass10_0.<Get>b__0()
         at System.Lazy`1.ViaFactory(LazyThreadSafetyMode mode)
      --- End of stack trace from previous location ---
         at System.Lazy`1.CreateValue()
         at System.Lazy`1.CreateValue()
         at System.Lazy`1.get_Value()
         at Microsoft.Extensions.Options.OptionsCache`1.GetOrAdd(String name, Func`1 createOptions)
         at Microsoft.Extensions.Options.OptionsMonitor`1.Get(String name)
         at Microsoft.AspNetCore.Authentication.AuthenticationHandler`1.InitializeAsync(AuthenticationScheme scheme, HttpContext context)
         at Microsoft.AspNetCore.Authentication.AuthenticationHandlerProvider.GetHandlerAsync(HttpContext context, String authenticationScheme)
         at Microsoft.AspNetCore.Authentication.AuthenticationHandlerProvider.GetHandlerAsync(HttpContext context, String authenticationScheme)
         at Microsoft.AspNetCore.Authentication.AuthenticationMiddleware.Invoke(HttpContext context)
         at AspNetCoreRateLimit.RateLimitMiddleware`1.Invoke(HttpContext context) in C:\Users\User\Documents\Github\AspNetCoreRateLimit\src\AspNetCoreRateLimit\Middleware\RateLimitMiddleware.cs:line 124
         at AspNetCoreRateLimit.RateLimitMiddleware`1.Invoke(HttpContext context) in C:\Users\User\Documents\Github\AspNetCoreRateLimit\src\AspNetCoreRateLimit\Middleware\RateLimitMiddleware.cs:line 124
         at AspNetCoreRateLimit.RateLimitMiddleware`1.Invoke(HttpContext context) in C:\Users\User\Documents\Github\AspNetCoreRateLimit\src\AspNetCoreRateLimit\Middleware\RateLimitMiddleware.cs:line 124
         at AspNetCoreRateLimit.RateLimitMiddleware`1.Invoke(HttpContext context) in C:\Users\User\Documents\Github\AspNetCoreRateLimit\src\AspNetCoreRateLimit\Middleware\RateLimitMiddleware.cs:line 124
         at Microsoft.AspNetCore.Routing.EndpointRoutingMiddleware.<Invoke>g__AwaitMatcher|8_0(EndpointRoutingMiddleware middleware, HttpContext httpContext, Task`1 matcherTask)
         at Microsoft.AspNetCore.Localization.RequestLocalizationMiddleware.Invoke(HttpContext context)
         at Furion.UnifyResult.UnifyResultStatusCodesMiddleware.InvokeAsync(HttpContext context)
         at Microsoft.AspNetCore.Diagnostics.DeveloperExceptionPageMiddleware.Invoke(HttpContext context)
         at Microsoft.AspNetCore.Localization.RequestLocalizationMiddleware.Invoke(HttpContext context)
         at Furion.UnifyResult.UnifyResultStatusCodesMiddleware.InvokeAsync(HttpContext context)
         at Microsoft.AspNetCore.Diagnostics.DeveloperExceptionPageMiddleware.Invoke(HttpContext context)
      ++++++++++++++++++++++++++++++++++++++++++++++++++++++++
fail: 2023-09-03 21:26:25.7668851 +08:00 星期日 L Microsoft.AspNetCore.Diagnostics.DeveloperExceptionPageMiddleware[1] #34
      [Microsoft.AspNetCore.Diagnostics.dll] void Microsoft.AspNetCore.Diagnostics.DiagnosticsLoggerExtensions.UnhandledException(ILogger logger, Exception exception)
      An unhandled exception has occurred while executing the request.      
      ++++++++++++++++++++++++++++++++++++++++++++++++++++++++
      System.ArgumentException: The 'ClientId' option must be provided. (Parameter 'ClientId')
         at Microsoft.AspNetCore.Authentication.OAuth.OAuthOptions.Validate()
         at Microsoft.AspNetCore.Authentication.RemoteAuthenticationOptions.Validate(String scheme)
         at Microsoft.AspNetCore.Authentication.AuthenticationBuilder.<>c__DisplayClass4_0`2.<AddSchemeHelper>b__1(TOptions o)
         at Microsoft.Extensions.Options.ValidateOptions`1.Validate(String name, TOptions options)
         at Microsoft.Extensions.Options.OptionsFactory`1.Create(String name)
         at Microsoft.Extensions.Options.OptionsMonitor`1.<>c__DisplayClass10_0.<Get>b__0()
         at System.Lazy`1.ViaFactory(LazyThreadSafetyMode mode)
      --- End of stack trace from previous location ---
         at System.Lazy`1.CreateValue()
         at System.Lazy`1.get_Value()
         at Microsoft.Extensions.Options.OptionsCache`1.GetOrAdd(String name, Func`1 createOptions)
         at Microsoft.Extensions.Options.OptionsMonitor`1.Get(String name)
         at Microsoft.AspNetCore.Authentication.AuthenticationHandler`1.InitializeAsync(AuthenticationScheme scheme, HttpContext context)
         at Microsoft.AspNetCore.Authentication.AuthenticationHandlerProvider.GetHandlerAsync(HttpContext context, String authenticationScheme)
         at Microsoft.AspNetCore.Authentication.AuthenticationMiddleware.Invoke(HttpContext context)
         at AspNetCoreRateLimit.RateLimitMiddleware`1.Invoke(HttpContext context) in C:\Users\User\Documents\Github\AspNetCoreRateLimit\src\AspNetCoreRateLimit\Middleware\RateLimitMiddleware.cs:line 124
         at AspNetCoreRateLimit.RateLimitMiddleware`1.Invoke(HttpContext context) in C:\Users\User\Documents\Github\AspNetCoreRateLimit\src\AspNetCoreRateLimit\Middleware\RateLimitMiddleware.cs:line 124
         at Microsoft.AspNetCore.Localization.RequestLocalizationMiddleware.Invoke(HttpContext context)
         at Furion.UnifyResult.UnifyResultStatusCodesMiddleware.InvokeAsync(HttpContext context)
         at Microsoft.AspNetCore.Diagnostics.DeveloperExceptionPageMiddleware.Invoke(HttpContext context)
      ++++++++++++++++++++++++++++++++++++++++++++++++++++++++
fail: 2023-09-03 21:30:40.3135911 +08:00 星期日 L System.Logging.LoggingMonitor[0] #29
      [Microsoft.Extensions.Logging.Abstractions.dll] void Microsoft.Extensions.Logging.LoggerExtensions.LogError(ILogger logger, Exception exception, string message, params object[] args)
      ┏━━━━━━━━━━━  Logging Monitor ━━━━━━━━━━━
      ┣ Admin.NET.Core.Service.SysSmsService.SendSms
      ┣ 
      ┣ 控制器名称：                  SysSmsService
      ┣ 操作名称：                    SendSms
      ┣ 显示名称：                    发送短信
      ┣ 路由信息：                    [area]: ; [controller]: sysSms; [action]: sendSms
      ┣ 请求方式：                    POST
      ┣ 请求地址：                    http://localhost:5005/api/sysSms/sendSms/18600766044
      ┣ 来源地址：                    http://localhost:8888/
      ┣ 请求端源：                    client
      ┣ 浏览器标识：                  Mozilla/5.0 (Windows NT 10.0; Win64; x64) AppleWebKit/537.36 (KHTML, like Gecko) Chrome/116.0.0.0 Safari/537.36
      ┣ 客户端区域语言：              zh-cn
      ┣ 客户端 IP 地址：              0.0.0.1
      ┣ 服务端 IP 地址：              0.0.0.1
      ┣ 客户端连接 ID：               00-4a0f297df7bacfab13eb0b8897247a88-6a2d1334deac1139-00
      ┣ 服务线程 ID：                 #29
      ┣ 执行耗时：                    327ms
      ┣ ━━━━━━━━━━━━━━━  Cookies ━━━━━━━━━━━━━━━
      ┣ 请求端：                      
      ┣ 响应端：                      
      ┣ ━━━━━━━━━━━━━━━  系统信息 ━━━━━━━━━━━━━━━
      ┣ 系统名称：                    Microsoft Windows 10.0.19044
      ┣ 系统架构：                    X64
      ┣ 基础框架：                    Furion.Pure v4.8.8.42
      ┣ .NET 架构：                   .NET 6.0.16
      ┣ ━━━━━━━━━━━━━━━  启动信息 ━━━━━━━━━━━━━━━
      ┣ 运行环境：                    Production
      ┣ 启动程序集：                  Admin.NET.Web.Entry
      ┣ 进程名称：                    Admin.NET.Web.Entry
      ┣ 托管程序：                    Kestrel
      ┣ ━━━━━━━━━━━━━━━  参数列表 ━━━━━━━━━━━━━━━
      ┣ Content-Type：                
      ┣ 
      ┣ phoneNumber (String)：        18600766044
      ┣ ━━━━━━━━━━━━━━━  返回信息 ━━━━━━━━━━━━━━━
      ┣ HTTP响应状态码：              200
      ┣ 原始类型：                    System.Threading.Tasks.Task
      ┣ 最终类型：                    
      ┣ 最终返回值：                  null
      ┣ ━━━━━━━━━━━━━━━  异常信息 ━━━━━━━━━━━━━━━
      ┣ 类型：                        Tea.TeaException
      ┣ 消息：                        code: 400, TemplateCode is mandatory for this action. request id: CFFCF052-5574-5C14-9C72-EF5BD91903FE
      ┣ 错误堆栈：                    at AlibabaCloud.OpenApiClient.Client.DoRequest(Params params_, OpenApiRequest request, RuntimeOptions runtime)
         at AlibabaCloud.OpenApiClient.Client.CallApi(Params params_, OpenApiRequest request, RuntimeOptions runtime)
         at AlibabaCloud.SDK.Dysmsapi20170525.Client.SendSmsWithOptions(SendSmsRequest request, RuntimeOptions runtime)
         at AlibabaCloud.SDK.Dysmsapi20170525.Client.SendSms(SendSmsRequest request)
         at Admin.NET.Core.Service.SysSmsService.SendSms(String phoneNumber) in C:\work\juai\api\Admin.NET.Core\Service\Sms\SysSmsService.cs:line 61
         at lambda_method115(Closure , Object )
         at Microsoft.AspNetCore.Mvc.Infrastructure.ActionMethodExecutor.AwaitableResultExecutor.Execute(IActionResultTypeMapper mapper, ObjectMethodExecutor executor, Object controller, Object[] arguments)
         at Microsoft.AspNetCore.Mvc.Infrastructure.ControllerActionInvoker.<InvokeActionMethodAsync>g__Awaited|12_0(ControllerActionInvoker invoker, ValueTask`1 actionResultValueTask)
         at Microsoft.AspNetCore.Mvc.Infrastructure.ControllerActionInvoker.<InvokeNextActionFilterAsync>g__Awaited|10_0(ControllerActionInvoker invoker, Task lastTask, State next, Scope scope, Object state, Boolean isCompleted)
      ┗━━━━━━━━━━━  Logging Monitor ━━━━━━━━━━━      
      ++++++++++++++++++++++++++++++++++++++++++++++++++++++++
      Tea.TeaException: code: 400, TemplateCode is mandatory for this action. request id: CFFCF052-5574-5C14-9C72-EF5BD91903FE
         at AlibabaCloud.OpenApiClient.Client.DoRequest(Params params_, OpenApiRequest request, RuntimeOptions runtime)
         at AlibabaCloud.OpenApiClient.Client.CallApi(Params params_, OpenApiRequest request, RuntimeOptions runtime)
         at AlibabaCloud.SDK.Dysmsapi20170525.Client.SendSmsWithOptions(SendSmsRequest request, RuntimeOptions runtime)
         at AlibabaCloud.SDK.Dysmsapi20170525.Client.SendSms(SendSmsRequest request)
         at Admin.NET.Core.Service.SysSmsService.SendSms(String phoneNumber) in C:\work\juai\api\Admin.NET.Core\Service\Sms\SysSmsService.cs:line 61
         at lambda_method115(Closure , Object )
         at Microsoft.AspNetCore.Mvc.Infrastructure.ActionMethodExecutor.AwaitableResultExecutor.Execute(IActionResultTypeMapper mapper, ObjectMethodExecutor executor, Object controller, Object[] arguments)
         at Microsoft.AspNetCore.Mvc.Infrastructure.ControllerActionInvoker.<InvokeActionMethodAsync>g__Awaited|12_0(ControllerActionInvoker invoker, ValueTask`1 actionResultValueTask)
         at Microsoft.AspNetCore.Mvc.Infrastructure.ControllerActionInvoker.<InvokeNextActionFilterAsync>g__Awaited|10_0(ControllerActionInvoker invoker, Task lastTask, State next, Scope scope, Object state, Boolean isCompleted)
      ++++++++++++++++++++++++++++++++++++++++++++++++++++++++
