warn: 2023-08-31 21:24:23.1417694 +08:00 星期四 L System.Logging.ScheduleService[0] #1
      [Furion.Pure.dll] void Furion.Schedule.ScheduleLogger.Log(LogLevel logLevel, string message, object[] args, Exception ex)
      Schedule hosted service preload completed, and a total of <2> schedulers are appended.
warn: 2023-08-31 21:41:59.5942984 +08:00 星期四 L Microsoft.AspNetCore.Mvc.Infrastructure.ObjectResultExecutor[1] #36
      [Microsoft.AspNetCore.Mvc.Core.dll] void Microsoft.AspNetCore.Mvc.MvcCoreLoggerExtensions.NoFormatter(ILogger logger, OutputFormatterCanWriteContext context, MediaTypeCollection contentTypes)
      No output formatter was found for content types 'application/json; charset=utf-8, application/json; charset=utf-8' to write the response.
warn: 2023-08-31 21:42:00.0845562 +08:00 星期四 L Microsoft.AspNetCore.Diagnostics.ExceptionHandlerMiddleware[2] #36
      [Microsoft.AspNetCore.Diagnostics.dll] void Microsoft.AspNetCore.Diagnostics.DiagnosticsLoggerExtensions.ResponseStartedErrorHandler(ILogger logger)
      The response has already started, the error handler will not be executed.
warn: 2023-08-31 21:42:52.0460607 +08:00 星期四 L Microsoft.AspNetCore.Mvc.Infrastructure.ObjectResultExecutor[1] #31
      [Microsoft.AspNetCore.Mvc.Core.dll] void Microsoft.AspNetCore.Mvc.MvcCoreLoggerExtensions.NoFormatter(ILogger logger, OutputFormatterCanWriteContext context, MediaTypeCollection contentTypes)
      No output formatter was found for content types 'application/json; charset=utf-8, application/json; charset=utf-8' to write the response.
warn: 2023-08-31 21:42:52.0562139 +08:00 星期四 L Microsoft.AspNetCore.Diagnostics.ExceptionHandlerMiddleware[2] #31
      [Microsoft.AspNetCore.Diagnostics.dll] void Microsoft.AspNetCore.Diagnostics.DiagnosticsLoggerExtensions.ResponseStartedErrorHandler(ILogger logger)
      The response has already started, the error handler will not be executed.
warn: 2023-08-31 21:48:07.9266014 +08:00 星期四 L Microsoft.AspNetCore.Diagnostics.ExceptionHandlerMiddleware[2] #38
      [Microsoft.AspNetCore.Diagnostics.dll] void Microsoft.AspNetCore.Diagnostics.DiagnosticsLoggerExtensions.ResponseStartedErrorHandler(ILogger logger)
      The response has already started, the error handler will not be executed.
warn: 2023-08-31 21:55:29.2425663 +08:00 星期四 L Microsoft.AspNetCore.Diagnostics.ExceptionHandlerMiddleware[2] #32
      [Microsoft.AspNetCore.Diagnostics.dll] void Microsoft.AspNetCore.Diagnostics.DiagnosticsLoggerExtensions.ResponseStartedErrorHandler(ILogger logger)
      The response has already started, the error handler will not be executed.
warn: 2023-08-31 21:56:30.5389922 +08:00 星期四 L Microsoft.AspNetCore.Diagnostics.ExceptionHandlerMiddleware[2] #32
      [Microsoft.AspNetCore.Diagnostics.dll] void Microsoft.AspNetCore.Diagnostics.DiagnosticsLoggerExtensions.ResponseStartedErrorHandler(ILogger logger)
      The response has already started, the error handler will not be executed.
warn: 2023-08-31 21:57:03.1422737 +08:00 星期四 L System.Logging.ScheduleService[0] #1
      [Furion.Pure.dll] void Furion.Schedule.ScheduleLogger.Log(LogLevel logLevel, string message, object[] args, Exception ex)
      Schedule hosted service preload completed, and a total of <2> schedulers are appended.
warn: 2023-08-31 22:20:25.8684678 +08:00 星期四 L System.Logging.ScheduleService[0] #1
      [Furion.Pure.dll] void Furion.Schedule.ScheduleLogger.Log(LogLevel logLevel, string message, object[] args, Exception ex)
      Schedule hosted service preload completed, and a total of <2> schedulers are appended.
