fail: 2023-09-28 14:33:35.7385932 +08:00 星期四 L System.Logging.LoggingMonitor[0] #52 '00-e69ff2e8e82e1980b737d25e7223a564-d1209cd8ae5077c1-00'
      [Microsoft.Extensions.Logging.Abstractions.dll] void Microsoft.Extensions.Logging.LoggerExtensions.LogError(ILogger logger, Exception exception, string message, params object[] args)
      ┏━━━━━━━━━━━  Logging Monitor ━━━━━━━━━━━
      ┣ Admin.NET.Core.Service.SysAuthService.Login
      ┣ 
      ┣ 控制器名称：                SysAuthService
      ┣ 操作名称：                  Login
      ┣ 显示名称：                  账号密码登录
      ┣ 路由信息：                  [area]: ; [controller]: sysAuth; [action]: login
      ┣ 请求方式：                  POST
      ┣ 请求地址：                  http://localhost:5005/api/sysAuth/login
      ┣ 来源地址：                  http://localhost:8888/
      ┣ 请求端源：                  client
      ┣ 浏览器标识：                Mozilla/5.0 (Windows NT 10.0; Win64; x64) AppleWebKit/537.36 (KHTML, like Gecko) Chrome/117.0.0.0 Safari/537.36
      ┣ 客户端区域语言：            zh-cn
      ┣ 客户端 IP 地址：            0.0.0.1
      ┣ 服务端 IP 地址：            0.0.0.1
      ┣ 客户端连接 ID：             00-e69ff2e8e82e1980b737d25e7223a564-d1209cd8ae5077c1-00
      ┣ 服务线程 ID：               #55
      ┣ 执行耗时：                  415ms
      ┣ ━━━━━━━━━━━━━━━  Cookies ━━━━━━━━━━━━━━━
      ┣ 请求端：                    
      ┣ 响应端：                    
      ┣ ━━━━━━━━━━━━━━━  系统信息 ━━━━━━━━━━━━━━━
      ┣ 系统名称：                  Microsoft Windows 10.0.19044
      ┣ 系统架构：                  X64
      ┣ 基础框架：                  Furion.Pure v4.8.8.44
      ┣ .NET 架构：                 .NET 6.0.16
      ┣ ━━━━━━━━━━━━━━━  启动信息 ━━━━━━━━━━━━━━━
      ┣ 运行环境：                  Development
      ┣ 启动程序集：                Admin.NET.Web.Entry
      ┣ 进程名称：                  Admin.NET.Web.Entry
      ┣ 托管程序：                  Kestrel
      ┣ ━━━━━━━━━━━━━━━  参数列表 ━━━━━━━━━━━━━━━
      ┣ Content-Type：              application/json-patch+json
      ┣ 
      ┣ input (LoginInput)：        {"account":"superadmin","password":"123456","codeId":"14555851860549","code":""}
      ┣ ━━━━━━━━━━━━━━━  返回信息 ━━━━━━━━━━━━━━━
      ┣ HTTP响应状态码：            200
      ┣ 原始类型：                  System.Threading.Tasks.Task<Admin.NET.Core.Service.LoginOutput>
      ┣ 最终类型：                  
      ┣ 最终返回值：                null
      ┣ ━━━━━━━━━━━━━━━  异常信息 ━━━━━━━━━━━━━━━
      ┣ 类型：                      MySqlConnector.MySqlException
      ┣ 消息：                      Unknown column 'manager_user_id' in 'field list'
      ┣ 错误堆栈：                  at SqlSugar.MySqlProvider.GetDataReaderAsync(String sql, SugarParameter[] parameters)
         at SqlSugar.QueryableProvider`1.GetDataAsync[TResult](KeyValuePair`2 sqlObj)
         at SqlSugar.QueryableProvider`1._ToListAsync[TResult]()
         at SqlSugar.QueryableProvider`1.FirstAsync()
         at SqlSugar.QueryableProvider`1.FirstAsync(Expression`1 expression)
         at Admin.NET.Core.Service.SysAuthService.Login(LoginInput input) in C:\work\juai\api\Admin.NET.Core\Service\Auth\SysAuthService.cs:line 71
         at lambda_method182(Closure , Object )
         at Microsoft.AspNetCore.Mvc.Infrastructure.ActionMethodExecutor.AwaitableObjectResultExecutor.Execute(IActionResultTypeMapper mapper, ObjectMethodExecutor executor, Object controller, Object[] arguments)
         at Microsoft.AspNetCore.Mvc.Infrastructure.ControllerActionInvoker.<InvokeActionMethodAsync>g__Logged|12_1(ControllerActionInvoker invoker)
         at Microsoft.AspNetCore.Mvc.Infrastructure.ControllerActionInvoker.<InvokeNextActionFilterAsync>g__Awaited|10_0(ControllerActionInvoker invoker, Task lastTask, State next, Scope scope, Object state, Boolean isCompleted)
      ┗━━━━━━━━━━━  Logging Monitor ━━━━━━━━━━━      
      ++++++++++++++++++++++++++++++++++++++++++++++++++++++++
      MySqlConnector.MySqlException (0x80004005): Unknown column 'manager_user_id' in 'field list'
         at SqlSugar.MySqlProvider.GetDataReaderAsync(String sql, SugarParameter[] parameters)
         at SqlSugar.QueryableProvider`1.GetDataAsync[TResult](KeyValuePair`2 sqlObj)
         at SqlSugar.QueryableProvider`1._ToListAsync[TResult]()
         at SqlSugar.QueryableProvider`1.FirstAsync()
         at SqlSugar.QueryableProvider`1.FirstAsync(Expression`1 expression)
         at Admin.NET.Core.Service.SysAuthService.Login(LoginInput input) in C:\work\juai\api\Admin.NET.Core\Service\Auth\SysAuthService.cs:line 71
         at lambda_method182(Closure , Object )
         at Microsoft.AspNetCore.Mvc.Infrastructure.ActionMethodExecutor.AwaitableObjectResultExecutor.Execute(IActionResultTypeMapper mapper, ObjectMethodExecutor executor, Object controller, Object[] arguments)
         at Microsoft.AspNetCore.Mvc.Infrastructure.ControllerActionInvoker.<InvokeActionMethodAsync>g__Logged|12_1(ControllerActionInvoker invoker)
         at Microsoft.AspNetCore.Mvc.Infrastructure.ControllerActionInvoker.<InvokeNextActionFilterAsync>g__Awaited|10_0(ControllerActionInvoker invoker, Task lastTask, State next, Scope scope, Object state, Boolean isCompleted)
      ++++++++++++++++++++++++++++++++++++++++++++++++++++++++
fail: 2023-09-28 14:33:49.2104527 +08:00 星期四 L System.Logging.LoggingMonitor[0] #28 '00-b169b0597d15f7fa7d045a5d369d08d2-18ed023b6e110f0a-00'
      [Microsoft.Extensions.Logging.Abstractions.dll] void Microsoft.Extensions.Logging.LoggerExtensions.LogError(ILogger logger, Exception exception, string message, params object[] args)
      ┏━━━━━━━━━━━  Logging Monitor ━━━━━━━━━━━
      ┣ Admin.NET.Core.Service.SysAuthService.Login
      ┣ 
      ┣ 控制器名称：                SysAuthService
      ┣ 操作名称：                  Login
      ┣ 显示名称：                  账号密码登录
      ┣ 路由信息：                  [area]: ; [controller]: sysAuth; [action]: login
      ┣ 请求方式：                  POST
      ┣ 请求地址：                  http://localhost:5005/api/sysAuth/login
      ┣ 来源地址：                  http://localhost:8888/
      ┣ 请求端源：                  client
      ┣ 浏览器标识：                Mozilla/5.0 (Windows NT 10.0; Win64; x64) AppleWebKit/537.36 (KHTML, like Gecko) Chrome/117.0.0.0 Safari/537.36
      ┣ 客户端区域语言：            zh-cn
      ┣ 客户端 IP 地址：            0.0.0.1
      ┣ 服务端 IP 地址：            0.0.0.1
      ┣ 客户端连接 ID：             00-b169b0597d15f7fa7d045a5d369d08d2-18ed023b6e110f0a-00
      ┣ 服务线程 ID：               #49
      ┣ 执行耗时：                  140ms
      ┣ ━━━━━━━━━━━━━━━  Cookies ━━━━━━━━━━━━━━━
      ┣ 请求端：                    
      ┣ 响应端：                    
      ┣ ━━━━━━━━━━━━━━━  系统信息 ━━━━━━━━━━━━━━━
      ┣ 系统名称：                  Microsoft Windows 10.0.19044
      ┣ 系统架构：                  X64
      ┣ 基础框架：                  Furion.Pure v4.8.8.44
      ┣ .NET 架构：                 .NET 6.0.16
      ┣ ━━━━━━━━━━━━━━━  启动信息 ━━━━━━━━━━━━━━━
      ┣ 运行环境：                  Development
      ┣ 启动程序集：                Admin.NET.Web.Entry
      ┣ 进程名称：                  Admin.NET.Web.Entry
      ┣ 托管程序：                  Kestrel
      ┣ ━━━━━━━━━━━━━━━  参数列表 ━━━━━━━━━━━━━━━
      ┣ Content-Type：              application/json-patch+json
      ┣ 
      ┣ input (LoginInput)：        {"account":"superadmin","password":"123456","codeId":"14555854711877","code":""}
      ┣ ━━━━━━━━━━━━━━━  返回信息 ━━━━━━━━━━━━━━━
      ┣ HTTP响应状态码：            200
      ┣ 原始类型：                  System.Threading.Tasks.Task<Admin.NET.Core.Service.LoginOutput>
      ┣ 最终类型：                  
      ┣ 最终返回值：                null
      ┣ ━━━━━━━━━━━━━━━  异常信息 ━━━━━━━━━━━━━━━
      ┣ 类型：                      MySqlConnector.MySqlException
      ┣ 消息：                      Unknown column 'manager_user_id' in 'field list'
      ┣ 错误堆栈：                  at SqlSugar.MySqlProvider.GetDataReaderAsync(String sql, SugarParameter[] parameters)
         at SqlSugar.QueryableProvider`1.GetDataAsync[TResult](KeyValuePair`2 sqlObj)
         at SqlSugar.QueryableProvider`1._ToListAsync[TResult]()
         at SqlSugar.QueryableProvider`1.FirstAsync()
         at SqlSugar.QueryableProvider`1.FirstAsync(Expression`1 expression)
         at Admin.NET.Core.Service.SysAuthService.Login(LoginInput input) in C:\work\juai\api\Admin.NET.Core\Service\Auth\SysAuthService.cs:line 71
         at lambda_method182(Closure , Object )
         at Microsoft.AspNetCore.Mvc.Infrastructure.ActionMethodExecutor.AwaitableObjectResultExecutor.Execute(IActionResultTypeMapper mapper, ObjectMethodExecutor executor, Object controller, Object[] arguments)
         at Microsoft.AspNetCore.Mvc.Infrastructure.ControllerActionInvoker.<InvokeActionMethodAsync>g__Logged|12_1(ControllerActionInvoker invoker)
         at Microsoft.AspNetCore.Mvc.Infrastructure.ControllerActionInvoker.<InvokeNextActionFilterAsync>g__Awaited|10_0(ControllerActionInvoker invoker, Task lastTask, State next, Scope scope, Object state, Boolean isCompleted)
      ┗━━━━━━━━━━━  Logging Monitor ━━━━━━━━━━━      
      ++++++++++++++++++++++++++++++++++++++++++++++++++++++++
      MySqlConnector.MySqlException (0x80004005): Unknown column 'manager_user_id' in 'field list'
         at SqlSugar.MySqlProvider.GetDataReaderAsync(String sql, SugarParameter[] parameters)
         at SqlSugar.QueryableProvider`1.GetDataAsync[TResult](KeyValuePair`2 sqlObj)
         at SqlSugar.QueryableProvider`1._ToListAsync[TResult]()
         at SqlSugar.QueryableProvider`1.FirstAsync()
         at SqlSugar.QueryableProvider`1.FirstAsync(Expression`1 expression)
         at Admin.NET.Core.Service.SysAuthService.Login(LoginInput input) in C:\work\juai\api\Admin.NET.Core\Service\Auth\SysAuthService.cs:line 71
         at lambda_method182(Closure , Object )
         at Microsoft.AspNetCore.Mvc.Infrastructure.ActionMethodExecutor.AwaitableObjectResultExecutor.Execute(IActionResultTypeMapper mapper, ObjectMethodExecutor executor, Object controller, Object[] arguments)
         at Microsoft.AspNetCore.Mvc.Infrastructure.ControllerActionInvoker.<InvokeActionMethodAsync>g__Logged|12_1(ControllerActionInvoker invoker)
         at Microsoft.AspNetCore.Mvc.Infrastructure.ControllerActionInvoker.<InvokeNextActionFilterAsync>g__Awaited|10_0(ControllerActionInvoker invoker, Task lastTask, State next, Scope scope, Object state, Boolean isCompleted)
      ++++++++++++++++++++++++++++++++++++++++++++++++++++++++
