warn: 2023-12-24 00:02:48.1493769 +08:00 星期日 L System.Logging.ScheduleService[0] #1
      [Furion.Pure.dll] void Furion.Schedule.ScheduleLogger.LogWarning(string message, params object[] args)
      Schedule hosted service preload completed, and a total of <3> schedulers are appended.
warn: 2023-12-24 00:04:42.6611762 +08:00 星期日 L System.Logging.ScheduleService[0] #1
      [Furion.Pure.dll] void Furion.Schedule.ScheduleLogger.LogWarning(string message, params object[] args)
      Schedule hosted service preload completed, and a total of <3> schedulers are appended.
warn: 2023-12-24 00:07:08.9561634 +08:00 星期日 L System.Logging.ScheduleService[0] #1
      [Furion.Pure.dll] void Furion.Schedule.ScheduleLogger.LogWarning(string message, params object[] args)
      Schedule hosted service preload completed, and a total of <3> schedulers are appended.
warn: 2023-12-24 00:12:18.8310912 +08:00 星期日 L System.Logging.ScheduleService[0] #1
      [Furion.Pure.dll] void Furion.Schedule.ScheduleLogger.Log(LogLevel logLevel, string message, object[] args, Exception ex)
      Schedule hosted service preload completed, and a total of <3> schedulers are appended.
warn: 2023-12-24 00:15:52.6204022 +08:00 星期日 L System.Logging.ScheduleService[0] #1
      [Furion.Pure.dll] void Furion.Schedule.ScheduleLogger.Log(LogLevel logLevel, string message, object[] args, Exception ex)
      Schedule hosted service preload completed, and a total of <3> schedulers are appended.
warn: 2023-12-24 00:24:42.7519039 +08:00 星期日 L System.Logging.ScheduleService[0] #1
      [Furion.Pure.dll] void Furion.Schedule.ScheduleLogger.Log(LogLevel logLevel, string message, object[] args, Exception ex)
      Schedule hosted service preload completed, and a total of <3> schedulers are appended.
warn: 2023-12-24 01:38:12.5340889 +08:00 星期日 L System.Logging.ScheduleService[0] #1
      [Furion.Pure.dll] void Furion.Schedule.ScheduleLogger.Log(LogLevel logLevel, string message, object[] args, Exception ex)
      Schedule hosted service preload completed, and a total of <3> schedulers are appended.
warn: 2023-12-24 02:58:42.1037440 +08:00 星期日 L System.Logging.ScheduleService[0] #1
      [Furion.Pure.dll] void Furion.Schedule.ScheduleLogger.LogWarning(string message, params object[] args)
      Schedule hosted service preload completed, and a total of <3> schedulers are appended.
warn: 2023-12-24 03:04:40.3565957 +08:00 星期日 L System.Logging.ScheduleService[0] #1
      [Furion.Pure.dll] void Furion.Schedule.ScheduleLogger.LogWarning(string message, params object[] args)
      Schedule hosted service preload completed, and a total of <3> schedulers are appended.
warn: 2023-12-24 16:14:49.2140554 +08:00 星期日 L System.Logging.ScheduleService[0] #1
      [Furion.Pure.dll] void Furion.Schedule.ScheduleLogger.Log(LogLevel logLevel, string message, object[] args, Exception ex)
      Schedule hosted service preload completed, and a total of <3> schedulers are appended.
warn: 2023-12-24 16:27:54.8540362 +08:00 星期日 L System.Logging.ScheduleService[0] #1
      [Furion.Pure.dll] void Furion.Schedule.ScheduleLogger.Log(LogLevel logLevel, string message, object[] args, Exception ex)
      Schedule hosted service preload completed, and a total of <3> schedulers are appended.
warn: 2023-12-24 16:30:42.8685269 +08:00 星期日 L System.Logging.ScheduleService[0] #1
      [Furion.Pure.dll] void Furion.Schedule.ScheduleLogger.Log(LogLevel logLevel, string message, object[] args, Exception ex)
      Schedule hosted service preload completed, and a total of <3> schedulers are appended.
warn: 2023-12-24 16:58:01.0970261 +08:00 星期日 L System.Logging.ScheduleService[0] #1
      [Furion.Pure.dll] void Furion.Schedule.ScheduleLogger.Log(LogLevel logLevel, string message, object[] args, Exception ex)
      Schedule hosted service preload completed, and a total of <3> schedulers are appended.
warn: 2023-12-24 17:48:04.9663259 +08:00 星期日 L System.Logging.ScheduleService[0] #1
      [Furion.Pure.dll] void Furion.Schedule.ScheduleLogger.Log(LogLevel logLevel, string message, object[] args, Exception ex)
      Schedule hosted service preload completed, and a total of <3> schedulers are appended.
warn: 2023-12-24 17:49:20.5061705 +08:00 星期日 L System.Logging.ScheduleService[0] #1
      [Furion.Pure.dll] void Furion.Schedule.ScheduleLogger.Log(LogLevel logLevel, string message, object[] args, Exception ex)
      Schedule hosted service preload completed, and a total of <3> schedulers are appended.
warn: 2023-12-24 17:51:16.9390699 +08:00 星期日 L System.Logging.ScheduleService[0] #1
      [Furion.Pure.dll] void Furion.Schedule.ScheduleLogger.Log(LogLevel logLevel, string message, object[] args, Exception ex)
      Schedule hosted service preload completed, and a total of <3> schedulers are appended.
warn: 2023-12-24 17:55:10.0913422 +08:00 星期日 L System.Logging.ScheduleService[0] #1
      [Furion.Pure.dll] void Furion.Schedule.ScheduleLogger.Log(LogLevel logLevel, string message, object[] args, Exception ex)
      Schedule hosted service preload completed, and a total of <3> schedulers are appended.
warn: 2023-12-24 17:55:22.7747095 +08:00 星期日 L System.Logging.ScheduleService[0] #1
      [Furion.Pure.dll] void Furion.Schedule.ScheduleLogger.Log(LogLevel logLevel, string message, object[] args, Exception ex)
      Schedule hosted service preload completed, and a total of <3> schedulers are appended.
warn: 2023-12-24 18:02:25.3322462 +08:00 星期日 L System.Logging.ScheduleService[0] #1
      [Furion.Pure.dll] void Furion.Schedule.ScheduleLogger.Log(LogLevel logLevel, string message, object[] args, Exception ex)
      Schedule hosted service preload completed, and a total of <3> schedulers are appended.
warn: 2023-12-24 18:04:59.9368973 +08:00 星期日 L System.Logging.ScheduleService[0] #1
      [Furion.Pure.dll] void Furion.Schedule.ScheduleLogger.LogWarning(string message, params object[] args)
      Schedule hosted service preload completed, and a total of <3> schedulers are appended.
warn: 2023-12-24 18:25:25.3430648 +08:00 星期日 L System.Logging.ScheduleService[0] #1
      [Furion.Pure.dll] void Furion.Schedule.ScheduleLogger.LogWarning(string message, params object[] args)
      Schedule hosted service preload completed, and a total of <3> schedulers are appended.
warn: 2023-12-24 18:27:06.0009525 +08:00 星期日 L System.Logging.ScheduleService[0] #1
      [Furion.Pure.dll] void Furion.Schedule.ScheduleLogger.LogWarning(string message, params object[] args)
      Schedule hosted service preload completed, and a total of <3> schedulers are appended.
warn: 2023-12-24 18:33:20.9280603 +08:00 星期日 L System.Logging.ScheduleService[0] #1
      [Furion.Pure.dll] void Furion.Schedule.ScheduleLogger.LogWarning(string message, params object[] args)
      Schedule hosted service preload completed, and a total of <3> schedulers are appended.
warn: 2023-12-24 18:34:00.1649460 +08:00 星期日 L System.Logging.ScheduleService[0] #1
      [Furion.Pure.dll] void Furion.Schedule.ScheduleLogger.LogWarning(string message, params object[] args)
      Schedule hosted service preload completed, and a total of <3> schedulers are appended.
warn: 2023-12-24 18:34:20.3954630 +08:00 星期日 L Microsoft.AspNetCore.Diagnostics.DeveloperExceptionPageMiddleware[2] #26 '00-fee521e171b5127b863943c44e23b6c0-731ce8c5800a4671-00'
      [Microsoft.AspNetCore.Diagnostics.dll] void Microsoft.AspNetCore.Diagnostics.DeveloperExceptionPageMiddlewareLoggerExtensions.ResponseStartedErrorPageMiddleware(ILogger logger)
      The response has already started, the error page middleware will not be executed.
warn: 2023-12-24 18:35:47.3188058 +08:00 星期日 L Microsoft.AspNetCore.Diagnostics.DeveloperExceptionPageMiddleware[2] #20 '00-55a829063e9691afd28d6377f1078471-2e14b46b8141bffe-00'
      [Microsoft.AspNetCore.Diagnostics.dll] void Microsoft.AspNetCore.Diagnostics.DeveloperExceptionPageMiddlewareLoggerExtensions.ResponseStartedErrorPageMiddleware(ILogger logger)
      The response has already started, the error page middleware will not be executed.
warn: 2023-12-24 18:40:14.6430845 +08:00 星期日 L Microsoft.AspNetCore.Diagnostics.DeveloperExceptionPageMiddleware[2] #9 '00-6a1d67f591cc9c3ff4151b3c0a817eed-1c3272c1915f38da-00'
      [Microsoft.AspNetCore.Diagnostics.dll] void Microsoft.AspNetCore.Diagnostics.DeveloperExceptionPageMiddlewareLoggerExtensions.ResponseStartedErrorPageMiddleware(ILogger logger)
      The response has already started, the error page middleware will not be executed.
warn: 2023-12-24 18:48:49.3977042 +08:00 星期日 L Microsoft.AspNetCore.Diagnostics.DeveloperExceptionPageMiddleware[2] #46 '00-4e710a2beb9df613734792aec2cdd968-ba9fdfd3bbc7035b-00'
      [Microsoft.AspNetCore.Diagnostics.dll] void Microsoft.AspNetCore.Diagnostics.DeveloperExceptionPageMiddlewareLoggerExtensions.ResponseStartedErrorPageMiddleware(ILogger logger)
      The response has already started, the error page middleware will not be executed.
warn: 2023-12-24 18:50:03.7021490 +08:00 星期日 L Microsoft.AspNetCore.Diagnostics.DeveloperExceptionPageMiddleware[2] #46 '00-c84d74a0ef5e41649c28d17ead0334de-65f923ca4f8524ce-00'
      [Microsoft.AspNetCore.Diagnostics.dll] void Microsoft.AspNetCore.Diagnostics.DeveloperExceptionPageMiddlewareLoggerExtensions.ResponseStartedErrorPageMiddleware(ILogger logger)
      The response has already started, the error page middleware will not be executed.
warn: 2023-12-24 18:54:46.0301318 +08:00 星期日 L Microsoft.AspNetCore.Diagnostics.DeveloperExceptionPageMiddleware[2] #23 '00-2847f11361af5577711a7bb30196ac2b-5aece3f49805bb1c-00'
      [Microsoft.AspNetCore.Diagnostics.dll] void Microsoft.AspNetCore.Diagnostics.DeveloperExceptionPageMiddlewareLoggerExtensions.ResponseStartedErrorPageMiddleware(ILogger logger)
      The response has already started, the error page middleware will not be executed.
warn: 2023-12-24 19:00:11.6879151 +08:00 星期日 L Microsoft.AspNetCore.Diagnostics.DeveloperExceptionPageMiddleware[2] #41 '00-a03eb161e37b27ea3276423228966ef6-2433be24e0db20f7-00'
      [Microsoft.AspNetCore.Diagnostics.dll] void Microsoft.AspNetCore.Diagnostics.DeveloperExceptionPageMiddlewareLoggerExtensions.ResponseStartedErrorPageMiddleware(ILogger logger)
      The response has already started, the error page middleware will not be executed.
warn: 2023-12-24 19:00:30.0865352 +08:00 星期日 L Microsoft.AspNetCore.Diagnostics.DeveloperExceptionPageMiddleware[2] #41 '00-58687577e9a37cac8040a4e4765ed886-1aed335dabad64c3-00'
      [Microsoft.AspNetCore.Diagnostics.dll] void Microsoft.AspNetCore.Diagnostics.DeveloperExceptionPageMiddlewareLoggerExtensions.ResponseStartedErrorPageMiddleware(ILogger logger)
      The response has already started, the error page middleware will not be executed.
warn: 2023-12-24 19:01:04.2331665 +08:00 星期日 L Microsoft.AspNetCore.Diagnostics.DeveloperExceptionPageMiddleware[2] #39 '00-7cb850b040c439a18489aa7a39fab128-ecd80ebcb1f1a7be-00'
      [Microsoft.AspNetCore.Diagnostics.dll] void Microsoft.AspNetCore.Diagnostics.DeveloperExceptionPageMiddlewareLoggerExtensions.ResponseStartedErrorPageMiddleware(ILogger logger)
      The response has already started, the error page middleware will not be executed.
warn: 2023-12-24 19:01:45.3154926 +08:00 星期日 L Microsoft.AspNetCore.Diagnostics.DeveloperExceptionPageMiddleware[2] #7 '00-1d8e8daf1df63966e3929fc900653e82-21685f9e889f2c56-00'
      [Microsoft.AspNetCore.Diagnostics.dll] void Microsoft.AspNetCore.Diagnostics.DeveloperExceptionPageMiddlewareLoggerExtensions.ResponseStartedErrorPageMiddleware(ILogger logger)
      The response has already started, the error page middleware will not be executed.
warn: 2023-12-24 19:01:53.5320614 +08:00 星期日 L Microsoft.AspNetCore.Diagnostics.DeveloperExceptionPageMiddleware[2] #7 '00-81d895deb10b4091c7f2bb5d1524cfd8-05d5ad16f8429094-00'
      [Microsoft.AspNetCore.Diagnostics.dll] void Microsoft.AspNetCore.Diagnostics.DeveloperExceptionPageMiddlewareLoggerExtensions.ResponseStartedErrorPageMiddleware(ILogger logger)
      The response has already started, the error page middleware will not be executed.
warn: 2023-12-24 19:02:17.4436702 +08:00 星期日 L Microsoft.AspNetCore.Diagnostics.DeveloperExceptionPageMiddleware[2] #23 '00-765e94d0de73cccb19d5078575913f0c-17f604257b3a3ea9-00'
      [Microsoft.AspNetCore.Diagnostics.dll] void Microsoft.AspNetCore.Diagnostics.DeveloperExceptionPageMiddlewareLoggerExtensions.ResponseStartedErrorPageMiddleware(ILogger logger)
      The response has already started, the error page middleware will not be executed.
warn: 2023-12-24 19:02:28.7944102 +08:00 星期日 L Microsoft.AspNetCore.Diagnostics.DeveloperExceptionPageMiddleware[2] #23 '00-dcc1f0b3c2e3538ebda73e44f0d5a902-84dd6cc9efd160fc-00'
      [Microsoft.AspNetCore.Diagnostics.dll] void Microsoft.AspNetCore.Diagnostics.DeveloperExceptionPageMiddlewareLoggerExtensions.ResponseStartedErrorPageMiddleware(ILogger logger)
      The response has already started, the error page middleware will not be executed.
warn: 2023-12-24 19:02:47.5826538 +08:00 星期日 L Microsoft.AspNetCore.Diagnostics.DeveloperExceptionPageMiddleware[2] #6 '00-01ff6d877db6b4033ae10bc783f9b736-67c38a2dcbc187b9-00'
      [Microsoft.AspNetCore.Diagnostics.dll] void Microsoft.AspNetCore.Diagnostics.DeveloperExceptionPageMiddlewareLoggerExtensions.ResponseStartedErrorPageMiddleware(ILogger logger)
      The response has already started, the error page middleware will not be executed.
warn: 2023-12-24 19:07:11.8066697 +08:00 星期日 L System.Logging.ScheduleService[0] #1
      [Furion.Pure.dll] void Furion.Schedule.ScheduleLogger.Log(LogLevel logLevel, string message, object[] args, Exception ex)
      Schedule hosted service preload completed, and a total of <3> schedulers are appended.
warn: 2023-12-24 19:07:29.1358776 +08:00 星期日 L Microsoft.AspNetCore.Diagnostics.ExceptionHandlerMiddleware[2] #8 '00-622cef28f5cbb3135418aab20333a980-86178a778d883ec4-00'
      [Microsoft.AspNetCore.Diagnostics.dll] void Microsoft.AspNetCore.Diagnostics.DiagnosticsLoggerExtensions.ResponseStartedErrorHandler(ILogger logger)
      The response has already started, the error handler will not be executed.
warn: 2023-12-24 19:14:24.4341845 +08:00 星期日 L System.Logging.ScheduleService[0] #1
      [Furion.Pure.dll] void Furion.Schedule.ScheduleLogger.Log(LogLevel logLevel, string message, object[] args, Exception ex)
      Schedule hosted service will sleep until it wakes up.
warn: 2023-12-24 19:15:39.8046565 +08:00 星期日 L Microsoft.AspNetCore.Diagnostics.ExceptionHandlerMiddleware[2] #9 '00-f1905c73d889343924c3d47a007a4c7b-7d9158cf26e4ac06-00'
      [Microsoft.AspNetCore.Diagnostics.dll] void Microsoft.AspNetCore.Diagnostics.DiagnosticsLoggerExtensions.ResponseStartedErrorHandler(ILogger logger)
      The response has already started, the error handler will not be executed.
warn: 2023-12-24 19:22:30.7347493 +08:00 星期日 L System.Logging.ScheduleService[0] #1
      [Furion.Pure.dll] void Furion.Schedule.ScheduleLogger.Log(LogLevel logLevel, string message, object[] args, Exception ex)
      Schedule hosted service will sleep until it wakes up.
warn: 2023-12-24 19:31:06.4579261 +08:00 星期日 L System.Logging.ScheduleService[0] #1
      [Furion.Pure.dll] void Furion.Schedule.ScheduleLogger.Log(LogLevel logLevel, string message, object[] args, Exception ex)
      Schedule hosted service preload completed, and a total of <3> schedulers are appended.
warn: 2023-12-24 21:44:29.1785151 +08:00 星期日 L System.Logging.ScheduleService[0] #1
      [Furion.Pure.dll] void Furion.Schedule.ScheduleLogger.Log(LogLevel logLevel, string message, object[] args, Exception ex)
      Schedule hosted service preload completed, and a total of <3> schedulers are appended.
warn: 2023-12-24 21:53:31.8233940 +08:00 星期日 L System.Logging.ScheduleService[0] #1
      [Furion.Pure.dll] void Furion.Schedule.ScheduleLogger.Log(LogLevel logLevel, string message, object[] args, Exception ex)
      Schedule hosted service preload completed, and a total of <3> schedulers are appended.
warn: 2023-12-24 22:09:19.6988782 +08:00 星期日 L System.Logging.ScheduleService[0] #1
      [Furion.Pure.dll] void Furion.Schedule.ScheduleLogger.Log(LogLevel logLevel, string message, object[] args, Exception ex)
      Schedule hosted service preload completed, and a total of <3> schedulers are appended.
warn: 2023-12-24 22:10:13.8123714 +08:00 星期日 L System.Logging.ScheduleService[0] #1
      [Furion.Pure.dll] void Furion.Schedule.ScheduleLogger.Log(LogLevel logLevel, string message, object[] args, Exception ex)
      Schedule hosted service preload completed, and a total of <3> schedulers are appended.
warn: 2023-12-24 23:01:52.8828053 +08:00 星期日 L System.Logging.ScheduleService[0] #1
      [Furion.Pure.dll] void Furion.Schedule.ScheduleLogger.LogWarning(string message, params object[] args)
      Schedule hosted service preload completed, and a total of <3> schedulers are appended.
warn: 2023-12-24 23:14:43.8539424 +08:00 星期日 L System.Logging.ScheduleService[0] #1
      [Furion.Pure.dll] void Furion.Schedule.ScheduleLogger.LogWarning(string message, params object[] args)
      Schedule hosted service preload completed, and a total of <3> schedulers are appended.
warn: 2023-12-24 23:31:37.4150849 +08:00 星期日 L System.Logging.ScheduleService[0] #1
      [Furion.Pure.dll] void Furion.Schedule.ScheduleLogger.LogWarning(string message, params object[] args)
      Schedule hosted service preload completed, and a total of <3> schedulers are appended.
warn: 2023-12-24 23:33:49.1748355 +08:00 星期日 L System.Logging.ScheduleService[0] #1
      [Furion.Pure.dll] void Furion.Schedule.ScheduleLogger.LogWarning(string message, params object[] args)
      Schedule hosted service preload completed, and a total of <3> schedulers are appended.
warn: 2023-12-24 23:38:58.3877468 +08:00 星期日 L System.Logging.ScheduleService[0] #1
      [Furion.Pure.dll] void Furion.Schedule.ScheduleLogger.LogWarning(string message, params object[] args)
      Schedule hosted service preload completed, and a total of <3> schedulers are appended.
