warn: 2023-08-30 10:18:04.5785774 +08:00 星期三 L System.Logging.ScheduleService[0] #1
      [Furion.Pure.dll] void Furion.Schedule.SchedulerFactory.Preload()
      Schedule hosted service preload completed, and a total of <2> schedulers are appended.
warn: 2023-08-30 11:35:15.2727664 +08:00 星期三 L System.Logging.ScheduleService[0] #1
      [Furion.Pure.dll] void Furion.Schedule.SchedulerFactory.Preload()
      Schedule hosted service preload completed, and a total of <2> schedulers are appended.
warn: 2023-08-30 20:44:44.1945054 +08:00 星期三 L System.Logging.ScheduleService[0] #1
      [Furion.Pure.dll] void Furion.Schedule.SchedulerFactory.Preload()
      Schedule hosted service preload completed, and a total of <2> schedulers are appended.
warn: 2023-08-30 21:08:50.9762092 +08:00 星期三 L System.Logging.ScheduleService[0] #1
      [Furion.Pure.dll] void Furion.Schedule.SchedulerFactory.Preload()
      Schedule hosted service preload completed, and a total of <2> schedulers are appended.
warn: 2023-08-30 21:19:14.9284136 +08:00 星期三 L System.Logging.ScheduleService[0] #1
      [Furion.Pure.dll] void Furion.Schedule.SchedulerFactory.Preload()
      Schedule hosted service preload completed, and a total of <2> schedulers are appended.
warn: 2023-08-30 21:28:40.1576696 +08:00 星期三 L System.Logging.ScheduleService[0] #1
      [Furion.Pure.dll] void Furion.Schedule.SchedulerFactory.Preload()
      Schedule hosted service preload completed, and a total of <2> schedulers are appended.
warn: 2023-08-30 21:32:21.1159347 +08:00 星期三 L Microsoft.AspNetCore.Diagnostics.DeveloperExceptionPageMiddleware[2] #46
      [Microsoft.AspNetCore.Diagnostics.dll] void Microsoft.AspNetCore.Diagnostics.DeveloperExceptionPageMiddlewareLoggerExtensions.ResponseStartedErrorPageMiddleware(ILogger logger)
      The response has already started, the error page middleware will not be executed.
warn: 2023-08-30 21:57:17.4914680 +08:00 星期三 L System.Logging.ScheduleService[0] #1
      [Furion.Pure.dll] void Furion.Schedule.ScheduleLogger.LogWarning(string message, params object[] args)
      Schedule hosted service preload completed, and a total of <2> schedulers are appended.
warn: 2023-08-30 22:15:36.0997545 +08:00 星期三 L System.Logging.ScheduleService[0] #68
      [Furion.Pure.dll] void Furion.Schedule.ScheduleLogger.LogWarning(string message, params object[] args)
      Schedule hosted service cancels hibernation.
warn: 2023-08-30 22:15:40.7335798 +08:00 星期三 L System.Logging.ScheduleService[0] #61
      [Furion.Pure.dll] void Furion.Schedule.ScheduleLogger.LogWarning(string message, params object[] args)
      Schedule hosted service cancels hibernation.
