info: 2023-09-20 19:05:32.7517057 +08:00 星期三 L System.Logging.TaskQueueService[0] #1
      [Furion.Pure.dll] async Task Furion.TaskQueue.TaskQueueHostedService.ExecuteAsync(CancellationToken stoppingToken)
      TaskQueue hosted service is running.
info: 2023-09-20 19:05:32.8496627 +08:00 星期三 L System.Logging.ScheduleService[0] #1
      [Furion.Pure.dll] void Furion.Schedule.ScheduleLogger.Log(LogLevel logLevel, string message, object[] args, Exception ex)
      Schedule hosted service is running.
info: 2023-09-20 19:05:32.8520834 +08:00 星期三 L System.Logging.ScheduleService[0] #1
      [Furion.Pure.dll] void Furion.Schedule.ScheduleLogger.Log(LogLevel logLevel, string message, object[] args, Exception ex)
      Schedule hosted service is preloading...
info: 2023-09-20 19:05:33.5924160 +08:00 星期三 L System.Logging.ScheduleService[0] #1
      [Furion.Pure.dll] void Furion.Schedule.ScheduleLogger.Log(LogLevel logLevel, string message, object[] args, Exception ex)
      The <trigger_log> trigger for scheduler of <job_log> successfully appended and updated to the schedule.
info: 2023-09-20 19:05:33.5935496 +08:00 星期三 L System.Logging.ScheduleService[0] #1
      [Furion.Pure.dll] void Furion.Schedule.ScheduleLogger.Log(LogLevel logLevel, string message, object[] args, Exception ex)
      The scheduler of <job_log> successfully appended and updated to the schedule.
info: 2023-09-20 19:05:33.5955298 +08:00 星期三 L System.Logging.ScheduleService[0] #1
      [Furion.Pure.dll] void Furion.Schedule.ScheduleLogger.Log(LogLevel logLevel, string message, object[] args, Exception ex)
      The <trigger_onlineUser> trigger for scheduler of <job_onlineUser> successfully appended and updated to the schedule.
info: 2023-09-20 19:05:33.5965686 +08:00 星期三 L System.Logging.ScheduleService[0] #1
      [Furion.Pure.dll] void Furion.Schedule.ScheduleLogger.Log(LogLevel logLevel, string message, object[] args, Exception ex)
      The scheduler of <job_onlineUser> successfully appended and updated to the schedule.
