warn: 2023-12-12 01:18:06.1876962 +08:00 星期二 L System.Logging.ScheduleService[0] #1
      [Furion.Pure.dll] void Furion.Schedule.ScheduleLogger.LogWarning(string message, params object[] args)
      Schedule hosted service preload completed, and a total of <3> schedulers are appended.
warn: 2023-12-12 01:58:57.6034121 +08:00 星期二 L System.Logging.ScheduleService[0] #1
      [Furion.Pure.dll] void Furion.Schedule.ScheduleLogger.Log(LogLevel logLevel, string message, object[] args, Exception ex)
      Schedule hosted service preload completed, and a total of <3> schedulers are appended.
warn: 2023-12-12 06:22:43.1952316 +08:00 星期二 L System.Logging.ScheduleService[0] #1
      [Furion.Pure.dll] void Furion.Schedule.ScheduleLogger.Log(LogLevel logLevel, string message, object[] args, Exception ex)
      Schedule hosted service preload completed, and a total of <3> schedulers are appended.
warn: 2023-12-12 06:33:42.3342695 +08:00 星期二 L System.Logging.ScheduleService[0] #1
      [Furion.Pure.dll] void Furion.Schedule.ScheduleLogger.Log(LogLevel logLevel, string message, object[] args, Exception ex)
      Schedule hosted service preload completed, and a total of <3> schedulers are appended.
warn: 2023-12-12 06:33:42.6934788 +08:00 星期二 L System.Logging.ScheduleService[0] #1
      [Furion.Pure.dll] void Furion.Schedule.ScheduleLogger.Log(LogLevel logLevel, string message, object[] args, Exception ex)
      Schedule hosted service cancels hibernation.
warn: 2023-12-12 07:08:03.9957353 +08:00 星期二 L System.Logging.ScheduleService[0] #1
      [Furion.Pure.dll] void Furion.Schedule.ScheduleLogger.Log(LogLevel logLevel, string message, object[] args, Exception ex)
      Schedule hosted service preload completed, and a total of <3> schedulers are appended.
warn: 2023-12-12 14:04:33.5912185 +08:00 星期二 L System.Logging.ScheduleService[0] #1
      [Furion.Pure.dll] void Furion.Schedule.ScheduleLogger.Log(LogLevel logLevel, string message, object[] args, Exception ex)
      Schedule hosted service preload completed, and a total of <3> schedulers are appended.
warn: 2023-12-12 17:38:51.9671323 +08:00 星期二 L System.Logging.ScheduleService[0] #1
      [Furion.Pure.dll] void Furion.Schedule.ScheduleLogger.Log(LogLevel logLevel, string message, object[] args, Exception ex)
      Schedule hosted service preload completed, and a total of <3> schedulers are appended.
