warn: 2023-11-16 12:41:11.5027670 +08:00 星期四 L System.Logging.ScheduleService[0] #1
      [Furion.Pure.dll] void Furion.Schedule.ScheduleLogger.LogWarning(string message, params object[] args)
      Schedule hosted service preload completed, and a total of <2> schedulers are appended.
warn: 2023-11-16 13:21:36.3173770 +08:00 星期四 L Microsoft.AspNetCore.Diagnostics.DeveloperExceptionPageMiddleware[2] #56 '00-14ae32aa0ab96e5279457c855262371b-44b3b028f4652114-00'
      [Microsoft.AspNetCore.Diagnostics.dll] void Microsoft.AspNetCore.Diagnostics.DeveloperExceptionPageMiddlewareLoggerExtensions.ResponseStartedErrorPageMiddleware(ILogger logger)
      The response has already started, the error page middleware will not be executed.
warn: 2023-11-16 13:23:26.4040518 +08:00 星期四 L Microsoft.AspNetCore.Diagnostics.DeveloperExceptionPageMiddleware[2] #56 '00-cae704a8426ddfc72e2a140c7bf65914-a662d504fe679003-00'
      [Microsoft.AspNetCore.Diagnostics.dll] void Microsoft.AspNetCore.Diagnostics.DeveloperExceptionPageMiddlewareLoggerExtensions.ResponseStartedErrorPageMiddleware(ILogger logger)
      The response has already started, the error page middleware will not be executed.
warn: 2023-11-16 13:46:08.8652297 +08:00 星期四 L Microsoft.AspNetCore.Diagnostics.DeveloperExceptionPageMiddleware[2] #50 '00-4704e05899de94f8f615d39ffa0f5970-ad5077f8a985396f-00'
      [Microsoft.AspNetCore.Diagnostics.dll] void Microsoft.AspNetCore.Diagnostics.DeveloperExceptionPageMiddlewareLoggerExtensions.ResponseStartedErrorPageMiddleware(ILogger logger)
      The response has already started, the error page middleware will not be executed.
warn: 2023-11-16 17:22:51.8487963 +08:00 星期四 L System.Logging.ScheduleService[0] #1
      [Furion.Pure.dll] void Furion.Schedule.ScheduleLogger.LogWarning(string message, params object[] args)
      Schedule hosted service preload completed, and a total of <2> schedulers are appended.
warn: 2023-11-16 17:24:49.5860801 +08:00 星期四 L Microsoft.AspNetCore.Diagnostics.DeveloperExceptionPageMiddleware[2] #34 '00-42b74fdb8acd7e2fa9dc7fc6ff3c30d1-6e11858f90d009ca-00'
      [Microsoft.AspNetCore.Diagnostics.dll] void Microsoft.AspNetCore.Diagnostics.DeveloperExceptionPageMiddlewareLoggerExtensions.ResponseStartedErrorPageMiddleware(ILogger logger)
      The response has already started, the error page middleware will not be executed.
warn: 2023-11-16 19:06:35.6997791 +08:00 星期四 L Microsoft.AspNetCore.Diagnostics.DeveloperExceptionPageMiddleware[2] #46 '00-fce12821fcfcccab933b705c55c1eac7-dbd09469a1e9b940-00'
      [Microsoft.AspNetCore.Diagnostics.dll] void Microsoft.AspNetCore.Diagnostics.DeveloperExceptionPageMiddlewareLoggerExtensions.ResponseStartedErrorPageMiddleware(ILogger logger)
      The response has already started, the error page middleware will not be executed.
warn: 2023-11-16 20:39:11.2037389 +08:00 星期四 L Microsoft.AspNetCore.Diagnostics.DeveloperExceptionPageMiddleware[2] #35 '00-43b2a8aee8a8174f920bb3e66789bb6e-df1ba04c02ce6c6d-00'
      [Microsoft.AspNetCore.Diagnostics.dll] void Microsoft.AspNetCore.Diagnostics.DeveloperExceptionPageMiddlewareLoggerExtensions.ResponseStartedErrorPageMiddleware(ILogger logger)
      The response has already started, the error page middleware will not be executed.
warn: 2023-11-16 21:45:07.5103423 +08:00 星期四 L Microsoft.AspNetCore.Diagnostics.DeveloperExceptionPageMiddleware[2] #37 '00-61f298f8adb80103349cf1df915f07c0-c37159f4d06c2099-00'
      [Microsoft.AspNetCore.Diagnostics.dll] void Microsoft.AspNetCore.Diagnostics.DeveloperExceptionPageMiddlewareLoggerExtensions.ResponseStartedErrorPageMiddleware(ILogger logger)
      The response has already started, the error page middleware will not be executed.
warn: 2023-11-16 21:48:18.8443238 +08:00 星期四 L Microsoft.AspNetCore.Diagnostics.DeveloperExceptionPageMiddleware[2] #39 '00-de0b5b6fffdb175ec54628c35814ac2e-837b5464a6214d5f-00'
      [Microsoft.AspNetCore.Diagnostics.dll] void Microsoft.AspNetCore.Diagnostics.DeveloperExceptionPageMiddlewareLoggerExtensions.ResponseStartedErrorPageMiddleware(ILogger logger)
      The response has already started, the error page middleware will not be executed.
warn: 2023-11-16 21:48:39.7227703 +08:00 星期四 L Microsoft.AspNetCore.Diagnostics.DeveloperExceptionPageMiddleware[2] #37 '00-233bdc0ff7f24a730979bbf6bc7c9e0f-8d2d95548d76b6f7-00'
      [Microsoft.AspNetCore.Diagnostics.dll] void Microsoft.AspNetCore.Diagnostics.DeveloperExceptionPageMiddlewareLoggerExtensions.ResponseStartedErrorPageMiddleware(ILogger logger)
      The response has already started, the error page middleware will not be executed.
warn: 2023-11-16 22:04:10.7924591 +08:00 星期四 L Microsoft.AspNetCore.Diagnostics.DeveloperExceptionPageMiddleware[2] #33 '00-753bcdd6fc7da3f365bf68f7199cf219-3c1f07f2e5fe8a89-00'
      [Microsoft.AspNetCore.Diagnostics.dll] void Microsoft.AspNetCore.Diagnostics.DeveloperExceptionPageMiddlewareLoggerExtensions.ResponseStartedErrorPageMiddleware(ILogger logger)
      The response has already started, the error page middleware will not be executed.
warn: 2023-11-16 22:06:25.3244353 +08:00 星期四 L Microsoft.AspNetCore.Diagnostics.DeveloperExceptionPageMiddleware[2] #42 '00-27fbe414cea02f20501deb4b7d8bb197-67e1fd5dc67db91b-00'
      [Microsoft.AspNetCore.Diagnostics.dll] void Microsoft.AspNetCore.Diagnostics.DeveloperExceptionPageMiddlewareLoggerExtensions.ResponseStartedErrorPageMiddleware(ILogger logger)
      The response has already started, the error page middleware will not be executed.
warn: 2023-11-16 22:17:33.6296615 +08:00 星期四 L Microsoft.AspNetCore.Diagnostics.DeveloperExceptionPageMiddleware[2] #42 '00-c5362f22ecb0691944963d3f84fe51bb-eed6152e56eb4567-00'
      [Microsoft.AspNetCore.Diagnostics.dll] void Microsoft.AspNetCore.Diagnostics.DeveloperExceptionPageMiddlewareLoggerExtensions.ResponseStartedErrorPageMiddleware(ILogger logger)
      The response has already started, the error page middleware will not be executed.
warn: 2023-11-16 22:25:52.1606423 +08:00 星期四 L Microsoft.AspNetCore.Diagnostics.DeveloperExceptionPageMiddleware[2] #37 '00-5cd3ca5783eba3bdd130e7ba08ff9a99-35f4a23fca9723f9-00'
      [Microsoft.AspNetCore.Diagnostics.dll] void Microsoft.AspNetCore.Diagnostics.DeveloperExceptionPageMiddlewareLoggerExtensions.ResponseStartedErrorPageMiddleware(ILogger logger)
      The response has already started, the error page middleware will not be executed.
warn: 2023-11-16 22:26:24.0633525 +08:00 星期四 L Microsoft.AspNetCore.Diagnostics.DeveloperExceptionPageMiddleware[2] #39 '00-84f5307655b32e99b8f08e9871bfb971-047f0844c297e49c-00'
      [Microsoft.AspNetCore.Diagnostics.dll] void Microsoft.AspNetCore.Diagnostics.DeveloperExceptionPageMiddlewareLoggerExtensions.ResponseStartedErrorPageMiddleware(ILogger logger)
      The response has already started, the error page middleware will not be executed.
warn: 2023-11-16 22:31:01.4927498 +08:00 星期四 L Microsoft.AspNetCore.Diagnostics.DeveloperExceptionPageMiddleware[2] #39 '00-90fcde5e4a33f0d792535ae488cb0096-7490619dc008e969-00'
      [Microsoft.AspNetCore.Diagnostics.dll] void Microsoft.AspNetCore.Diagnostics.DeveloperExceptionPageMiddlewareLoggerExtensions.ResponseStartedErrorPageMiddleware(ILogger logger)
      The response has already started, the error page middleware will not be executed.
warn: 2023-11-16 22:34:43.0573556 +08:00 星期四 L Microsoft.AspNetCore.Diagnostics.DeveloperExceptionPageMiddleware[2] #55 '00-8a5be7a786721f48a560fa47b762be78-fb415e892036ca1b-00'
      [Microsoft.AspNetCore.Diagnostics.dll] void Microsoft.AspNetCore.Diagnostics.DeveloperExceptionPageMiddlewareLoggerExtensions.ResponseStartedErrorPageMiddleware(ILogger logger)
      The response has already started, the error page middleware will not be executed.
warn: 2023-11-16 22:35:53.2329654 +08:00 星期四 L Microsoft.AspNetCore.Diagnostics.DeveloperExceptionPageMiddleware[2] #43 '00-54d0513daad00fde18cb69b07ab8fc02-d23727ae5e158439-00'
      [Microsoft.AspNetCore.Diagnostics.dll] void Microsoft.AspNetCore.Diagnostics.DeveloperExceptionPageMiddlewareLoggerExtensions.ResponseStartedErrorPageMiddleware(ILogger logger)
      The response has already started, the error page middleware will not be executed.
warn: 2023-11-16 22:36:41.3250025 +08:00 星期四 L Microsoft.AspNetCore.Diagnostics.DeveloperExceptionPageMiddleware[2] #39 '00-1fb57ba496669be00035a9fdf0373afc-0cbb29a7ba9ae2b3-00'
      [Microsoft.AspNetCore.Diagnostics.dll] void Microsoft.AspNetCore.Diagnostics.DeveloperExceptionPageMiddlewareLoggerExtensions.ResponseStartedErrorPageMiddleware(ILogger logger)
      The response has already started, the error page middleware will not be executed.
warn: 2023-11-16 22:37:08.1196755 +08:00 星期四 L Microsoft.AspNetCore.Diagnostics.DeveloperExceptionPageMiddleware[2] #28 '00-5b6be734e3ef76289114d4c73e037f32-852aea1b057ef682-00'
      [Microsoft.AspNetCore.Diagnostics.dll] void Microsoft.AspNetCore.Diagnostics.DeveloperExceptionPageMiddlewareLoggerExtensions.ResponseStartedErrorPageMiddleware(ILogger logger)
      The response has already started, the error page middleware will not be executed.
warn: 2023-11-16 22:37:20.8179282 +08:00 星期四 L Microsoft.AspNetCore.Diagnostics.DeveloperExceptionPageMiddleware[2] #39 '00-65438c5aa2ff777e121ac1ed96f2877b-a8936017b5eb4ee2-00'
      [Microsoft.AspNetCore.Diagnostics.dll] void Microsoft.AspNetCore.Diagnostics.DeveloperExceptionPageMiddlewareLoggerExtensions.ResponseStartedErrorPageMiddleware(ILogger logger)
      The response has already started, the error page middleware will not be executed.
warn: 2023-11-16 22:37:33.2244831 +08:00 星期四 L Microsoft.AspNetCore.Diagnostics.DeveloperExceptionPageMiddleware[2] #28 '00-ce5f4993b39feef3b8b89702cdcb1558-ac50912ffc8dff5f-00'
      [Microsoft.AspNetCore.Diagnostics.dll] void Microsoft.AspNetCore.Diagnostics.DeveloperExceptionPageMiddlewareLoggerExtensions.ResponseStartedErrorPageMiddleware(ILogger logger)
      The response has already started, the error page middleware will not be executed.
