warn: 2023-10-06 19:29:33.8989079 +08:00 星期五 L System.Logging.ScheduleService[0] #1
      [Furion.Pure.dll] void Furion.Schedule.ScheduleLogger.Log(LogLevel logLevel, string message, object[] args, Exception ex)
      Schedule hosted service preload completed, and a total of <2> schedulers are appended.
warn: 2023-10-06 20:19:28.7532081 +08:00 星期五 L Microsoft.AspNetCore.Diagnostics.ExceptionHandlerMiddleware[2] #61 '00-d880ba092da03c0611c7478ea2aff58b-5b4097b2fed6ed45-00'
      [Microsoft.AspNetCore.Diagnostics.dll] void Microsoft.AspNetCore.Diagnostics.DiagnosticsLoggerExtensions.ResponseStartedErrorHandler(ILogger logger)
      The response has already started, the error handler will not be executed.
warn: 2023-10-06 20:31:05.8762445 +08:00 星期五 L Microsoft.AspNetCore.Diagnostics.ExceptionHandlerMiddleware[2] #28 '00-021476bc169bab8eaffa219f1d53645b-3bdd779317305c2b-00'
      [Microsoft.AspNetCore.Diagnostics.dll] void Microsoft.AspNetCore.Diagnostics.DiagnosticsLoggerExtensions.ResponseStartedErrorHandler(ILogger logger)
      The response has already started, the error handler will not be executed.
warn: 2023-10-06 20:32:16.9688793 +08:00 星期五 L Microsoft.AspNetCore.Diagnostics.ExceptionHandlerMiddleware[2] #63 '00-233ada911e88b1e3686bfc16f906aaeb-3a7103e37e3b77bf-00'
      [Microsoft.AspNetCore.Diagnostics.dll] void Microsoft.AspNetCore.Diagnostics.DiagnosticsLoggerExtensions.ResponseStartedErrorHandler(ILogger logger)
      The response has already started, the error handler will not be executed.
warn: 2023-10-06 20:35:36.1148908 +08:00 星期五 L Microsoft.AspNetCore.Diagnostics.ExceptionHandlerMiddleware[2] #49 '00-4d664002b087694ee44763a98a1cc26d-c9d97e4f25737a87-00'
      [Microsoft.AspNetCore.Diagnostics.dll] void Microsoft.AspNetCore.Diagnostics.DiagnosticsLoggerExtensions.ResponseStartedErrorHandler(ILogger logger)
      The response has already started, the error handler will not be executed.
warn: 2023-10-06 20:36:53.0301912 +08:00 星期五 L Microsoft.AspNetCore.Diagnostics.ExceptionHandlerMiddleware[2] #54 '00-99cf27e1efb279628c381a6dba629f52-9af7a740c4994f98-00'
      [Microsoft.AspNetCore.Diagnostics.dll] void Microsoft.AspNetCore.Diagnostics.DiagnosticsLoggerExtensions.ResponseStartedErrorHandler(ILogger logger)
      The response has already started, the error handler will not be executed.
warn: 2023-10-06 20:37:32.3698252 +08:00 星期五 L System.Logging.ScheduleService[0] #1
      [Furion.Pure.dll] void Furion.Schedule.ScheduleLogger.Log(LogLevel logLevel, string message, object[] args, Exception ex)
      Schedule hosted service preload completed, and a total of <2> schedulers are appended.
warn: 2023-10-06 20:38:06.3743927 +08:00 星期五 L Microsoft.AspNetCore.Diagnostics.ExceptionHandlerMiddleware[2] #32 '00-f609dcee33347154269f0c69e44ac4ca-2e7256e6c1ef2575-00'
      [Microsoft.AspNetCore.Diagnostics.dll] void Microsoft.AspNetCore.Diagnostics.DiagnosticsLoggerExtensions.ResponseStartedErrorHandler(ILogger logger)
      The response has already started, the error handler will not be executed.
warn: 2023-10-06 20:39:15.9650117 +08:00 星期五 L Microsoft.AspNetCore.Diagnostics.ExceptionHandlerMiddleware[2] #31 '00-ade6c211c05536b6dae973d852ff2f91-0cac0f4dac2d7abc-00'
      [Microsoft.AspNetCore.Diagnostics.dll] void Microsoft.AspNetCore.Diagnostics.DiagnosticsLoggerExtensions.ResponseStartedErrorHandler(ILogger logger)
      The response has already started, the error handler will not be executed.
