fail: 2023-11-10 22:40:37.2172948 +08:00 星期五 L System.Logging.LoggingMonitor[0] #9 '00-c63a8a194000404c14f01db5d8b4b8ed-9fb76655429591c6-00'
      [Microsoft.Extensions.Logging.Abstractions.dll] void Microsoft.Extensions.Logging.LoggerExtensions.LogError(ILogger logger, Exception exception, string message, params object[] args)
      ┏━━━━━━━━━━━  Logging Monitor ━━━━━━━━━━━
      ┣ Admin.NET.Core.JuAI.Service.UserLoginService.GetInfo
      ┣ 
      ┣ 控制器名称：                   UserLoginService
      ┣ 操作名称：                     GetInfo
      ┣ 显示名称：                     获取用户信息
      ┣ 路由信息：                     [area]: ; [controller]: userLogin; [action]: info
      ┣ 请求方式：                     GET
      ┣ 请求地址：                     http://localhost:5005/app/api/userLogin/info
      ┣ 来源地址：                     http://localhost:3000/user
      ┣ 请求端源：                     client
      ┣ 浏览器标识：                   Mozilla/5.0 (Windows NT 10.0; Win64; x64) AppleWebKit/537.36 (KHTML, like Gecko) Chrome/119.0.0.0 Safari/537.36
      ┣ 客户端区域语言：               zh-CN,zh;q=0.9
      ┣ 客户端 IP 地址：               0.0.0.1
      ┣ 服务端 IP 地址：               0.0.0.1
      ┣ 客户端连接 ID：                00-c63a8a194000404c14f01db5d8b4b8ed-9fb76655429591c6-00
      ┣ 服务线程 ID：                  #9
      ┣ 执行耗时：                     78ms
      ┣ ━━━━━━━━━━━━━━━  Cookies ━━━━━━━━━━━━━━━
      ┣ 请求端：                       userInfo={"userId":14213426327877,"refreshToken":"eyJhbGciOiJIUzI1NiIsInR5cCI6IkpXVCJ9.eyJmIjoiZXlKaGJHY2lPaUpJVXpJMU5pSXNJblI1Y0NJNklrcFhWQ0o5IiwiZSI6ImphcXVvV0g0Vm1kVHRpbDFnZHpvSWVuQlp4cHFDSmdBTmpfZklvSko3ZWsiLCJzIjoxOCwibCI6NiwiayI6IkV6TkRJMiIsImlhdCI6MTY5OTYyNTUzMCwibmJmIjoxNjk5NjI1NTMwLCJleHAiOjE3MDA4MzUxMzAsImlzcyI6IkFkbWluLk5FVCIsImF1ZCI6IkFkbWluLk5FVCJ9.ELZV2-UcAOLPbCsIEzgHprHV7zFEHLd_oRHYAUfXPhY","accessToken":"eyJhbGciOiJIUzI1NiIsInR5cCI6IkpXVCJ9.eyJVc2VySWQiOjE0MjEzNDI2MzI3ODc3LCJUZW5hbnRJZCI6MTMwMDAwMDAwMDAwMSwiQWNjb3VudCI6ImExMTE0IiwiTmlja05hbWUiOiJhMTIzIiwiQWNjb3VudFR5cGUiOjc3NywiaWF0IjoxNjk5NjI1NTMwLCJuYmYiOjE2OTk2MjU1MzAsImV4cCI6MTcwMDIzMDMzMCwiaXNzIjoiQWRtaW4uTkVUIiwiYXVkIjoiQWRtaW4uTkVUIn0.jaquoWH4VmdTtil1gdzoIenBZxpqCJgANj_fIoJJ7ek","account":"a1114","nickName":"a123","avatar":"Upload/Avatar/15029096932037.png","phone":"18600766041","email":null,"remark":null,"sex":1,"tokenNum":562027}
      ┣ 响应端：                       
      ┣ ━━━━━━━━━━━━━━━  系统信息 ━━━━━━━━━━━━━━━
      ┣ 系统名称：                     Microsoft Windows 10.0.19045
      ┣ 系统架构：                     X64
      ┣ 基础框架：                     Furion.Pure v4.8.8.44
      ┣ .NET 架构：                    .NET 6.0.16
      ┣ ━━━━━━━━━━━━━━━  启动信息 ━━━━━━━━━━━━━━━
      ┣ 运行环境：                     Production
      ┣ 启动程序集：                   Admin.NET.Web.Entry
      ┣ 进程名称：                     Admin.NET.Web.Entry
      ┣ 托管程序：                     Kestrel
      ┣ ━━━━━━━━━━━━━━━  授权信息 ━━━━━━━━━━━━━━━
      ┣ JWT Token：                    Bearer eyJhbGciOiJIUzI1NiIsInR5cCI6IkpXVCJ9.eyJVc2VySWQiOjE0MjEzNDI2MzI3ODc3LCJUZW5hbnRJZCI6MTMwMDAwMDAwMDAwMSwiQWNjb3VudCI6ImExMTE0IiwiTmlja05hbWUiOiJhMTIzIiwiQWNjb3VudFR5cGUiOjc3NywiaWF0IjoxNjk5NjI1NTMwLCJuYmYiOjE2OTk2MjU1MzAsImV4cCI6MTcwMDIzMDMzMCwiaXNzIjoiQWRtaW4uTkVUIiwiYXVkIjoiQWRtaW4uTkVUIn0.jaquoWH4VmdTtil1gdzoIenBZxpqCJgANj_fIoJJ7ek
      ┣ 
      ┣ UserId (integer64)：           14213426327877
      ┣ TenantId (integer64)：         1300000000001
      ┣ Account (string)：             a1114
      ┣ NickName (string)：            a123
      ┣ AccountType (integer)：        777
      ┣ iat (integer)：                1699625530 (2023-11-10 22:12:10:0000(+08:00) 星期五 L)
      ┣ nbf (integer)：                1699625530 (2023-11-10 22:12:10:0000(+08:00) 星期五 L)
      ┣ exp (integer)：                1700230330 (2023-11-17 22:12:10:0000(+08:00) 星期五 L)
      ┣ iss (string)：                 Admin.NET
      ┣ aud (string)：                 Admin.NET
      ┣ ━━━━━━━━━━━━━━━  返回信息 ━━━━━━━━━━━━━━━
      ┣ HTTP响应状态码：               200
      ┣ 原始类型：                     System.Threading.Tasks.Task<Admin.NET.Core.JuAI.Service.AppLoginOutput>
      ┣ 最终类型：                     
      ┣ 最终返回值：                   null
      ┣ ━━━━━━━━━━━━━━━  异常信息 ━━━━━━━━━━━━━━━
      ┣ 类型：                         MySqlConnector.MySqlException
      ┣ 消息：                         Unknown column 'UserId' in 'where clause'
      ┣ 错误堆栈：                     at SqlSugar.MySqlProvider.GetDataReaderAsync(String sql, SugarParameter[] parameters)
         at SqlSugar.QueryableProvider`1.GetDataAsync[TResult](KeyValuePair`2 sqlObj)
         at SqlSugar.QueryableProvider`1._ToListAsync[TResult]()
         at SqlSugar.QueryableProvider`1.FirstAsync()
         at SqlSugar.QueryableProvider`1.FirstAsync(Expression`1 expression)
         at Admin.NET.Core.JuAI.Service.UserLoginService.GetInfo()
         at lambda_method152(Closure , Object )
         at Microsoft.AspNetCore.Mvc.Infrastructure.ActionMethodExecutor.AwaitableObjectResultExecutor.Execute(IActionResultTypeMapper mapper, ObjectMethodExecutor executor, Object controller, Object[] arguments)
         at Microsoft.AspNetCore.Mvc.Infrastructure.ControllerActionInvoker.<InvokeActionMethodAsync>g__Awaited|12_0(ControllerActionInvoker invoker, ValueTask`1 actionResultValueTask)
         at Microsoft.AspNetCore.Mvc.Infrastructure.ControllerActionInvoker.<InvokeNextActionFilterAsync>g__Awaited|10_0(ControllerActionInvoker invoker, Task lastTask, State next, Scope scope, Object state, Boolean isCompleted)
      ┗━━━━━━━━━━━  Logging Monitor ━━━━━━━━━━━      
      ++++++++++++++++++++++++++++++++++++++++++++++++++++++++
      MySqlConnector.MySqlException (0x80004005): Unknown column 'UserId' in 'where clause'
         at SqlSugar.MySqlProvider.GetDataReaderAsync(String sql, SugarParameter[] parameters)
         at SqlSugar.QueryableProvider`1.GetDataAsync[TResult](KeyValuePair`2 sqlObj)
         at SqlSugar.QueryableProvider`1._ToListAsync[TResult]()
         at SqlSugar.QueryableProvider`1.FirstAsync()
         at SqlSugar.QueryableProvider`1.FirstAsync(Expression`1 expression)
         at Admin.NET.Core.JuAI.Service.UserLoginService.GetInfo()
         at lambda_method152(Closure , Object )
         at Microsoft.AspNetCore.Mvc.Infrastructure.ActionMethodExecutor.AwaitableObjectResultExecutor.Execute(IActionResultTypeMapper mapper, ObjectMethodExecutor executor, Object controller, Object[] arguments)
         at Microsoft.AspNetCore.Mvc.Infrastructure.ControllerActionInvoker.<InvokeActionMethodAsync>g__Awaited|12_0(ControllerActionInvoker invoker, ValueTask`1 actionResultValueTask)
         at Microsoft.AspNetCore.Mvc.Infrastructure.ControllerActionInvoker.<InvokeNextActionFilterAsync>g__Awaited|10_0(ControllerActionInvoker invoker, Task lastTask, State next, Scope scope, Object state, Boolean isCompleted)
      ++++++++++++++++++++++++++++++++++++++++++++++++++++++++
fail: 2023-11-10 23:48:37.4792148 +08:00 星期五 L Microsoft.AspNetCore.Diagnostics.ExceptionHandlerMiddleware[1] #19 '00-cbaa6c7be85d7dca8766f19a76a89f52-4e5f444daad429a0-00'
      [Microsoft.AspNetCore.Diagnostics.dll] void Microsoft.AspNetCore.Diagnostics.DiagnosticsLoggerExtensions.UnhandledException(ILogger logger, Exception exception)
      An unhandled exception has occurred while executing the request.      
      ++++++++++++++++++++++++++++++++++++++++++++++++++++++++
      Microsoft.AspNetCore.Routing.Matching.AmbiguousMatchException: The request matched multiple endpoints. Matches: 
      
      Admin.NET.Core.JuAI.Service.UserTokenService.GetTokenTypes (Admin.NET.Core.JuAI)
      Admin.NET.Core.JuAI.Service.UserTokenService.GetTokenTypes (Admin.NET.Core.JuAI)
         at Microsoft.AspNetCore.Routing.Matching.DefaultEndpointSelector.ReportAmbiguity(CandidateState[] candidateState)
         at Microsoft.AspNetCore.Routing.Matching.DefaultEndpointSelector.ProcessFinalCandidates(HttpContext httpContext, CandidateState[] candidateState)
         at Microsoft.AspNetCore.Routing.Matching.DefaultEndpointSelector.Select(HttpContext httpContext, CandidateState[] candidateState)
         at Microsoft.AspNetCore.Routing.Matching.DfaMatcher.MatchAsync(HttpContext httpContext)
         at Microsoft.AspNetCore.Routing.EndpointRoutingMiddleware.Invoke(HttpContext httpContext)
         at Microsoft.AspNetCore.StaticFiles.StaticFileMiddleware.Invoke(HttpContext context)
         at Microsoft.AspNetCore.Localization.RequestLocalizationMiddleware.Invoke(HttpContext context)
         at Furion.UnifyResult.UnifyResultStatusCodesMiddleware.InvokeAsync(HttpContext context)
         at Microsoft.AspNetCore.Diagnostics.ExceptionHandlerMiddleware.<Invoke>g__Awaited|6_0(ExceptionHandlerMiddleware middleware, HttpContext context, Task task)
      ++++++++++++++++++++++++++++++++++++++++++++++++++++++++
fail: 2023-11-10 23:48:37.5294871 +08:00 星期五 L Microsoft.AspNetCore.Server.Kestrel[13] #19 '00-cbaa6c7be85d7dca8766f19a76a89f52-4e5f444daad429a0-00'
      [Microsoft.AspNetCore.Server.Kestrel.Core.dll] void Microsoft.AspNetCore.Server.Kestrel.Core.Internal.Http.HttpProtocol.ReportApplicationError(Exception ex)
      Connection id "0HMV20F7AB950", Request id "0HMV20F7AB950:00000002": An unhandled exception was thrown by the application.      
      ++++++++++++++++++++++++++++++++++++++++++++++++++++++++
      System.InvalidOperationException: The exception handler configured on ExceptionHandlerOptions produced a 404 status response. This InvalidOperationException containing the original exception was thrown since this is often due to a misconfigured ExceptionHandlingPath. If the exception handler is expected to return 404 status responses then set AllowStatusCode404Response to true.
       ---> Microsoft.AspNetCore.Routing.Matching.AmbiguousMatchException: The request matched multiple endpoints. Matches: 
      
      Admin.NET.Core.JuAI.Service.UserTokenService.GetTokenTypes (Admin.NET.Core.JuAI)
      Admin.NET.Core.JuAI.Service.UserTokenService.GetTokenTypes (Admin.NET.Core.JuAI)
         at Microsoft.AspNetCore.Routing.Matching.DefaultEndpointSelector.ReportAmbiguity(CandidateState[] candidateState)
         at Microsoft.AspNetCore.Routing.Matching.DefaultEndpointSelector.ProcessFinalCandidates(HttpContext httpContext, CandidateState[] candidateState)
         at Microsoft.AspNetCore.Routing.Matching.DefaultEndpointSelector.Select(HttpContext httpContext, CandidateState[] candidateState)
         at Microsoft.AspNetCore.Routing.Matching.DfaMatcher.MatchAsync(HttpContext httpContext)
         at Microsoft.AspNetCore.Routing.EndpointRoutingMiddleware.Invoke(HttpContext httpContext)
         at Microsoft.AspNetCore.StaticFiles.StaticFileMiddleware.Invoke(HttpContext context)
         at Microsoft.AspNetCore.Localization.RequestLocalizationMiddleware.Invoke(HttpContext context)
         at Furion.UnifyResult.UnifyResultStatusCodesMiddleware.InvokeAsync(HttpContext context)
         at Microsoft.AspNetCore.Diagnostics.ExceptionHandlerMiddleware.<Invoke>g__Awaited|6_0(ExceptionHandlerMiddleware middleware, HttpContext context, Task task)
         --- End of inner exception stack trace ---
         at Microsoft.AspNetCore.Diagnostics.ExceptionHandlerMiddleware.HandleException(HttpContext context, ExceptionDispatchInfo edi)
         at Microsoft.AspNetCore.Diagnostics.ExceptionHandlerMiddleware.<Invoke>g__Awaited|6_0(ExceptionHandlerMiddleware middleware, HttpContext context, Task task)
         at Furion.StartupFilter.<>c__DisplayClass0_1.<<Configure>b__1>d.MoveNext()
      --- End of stack trace from previous location ---
         at Microsoft.AspNetCore.Watch.BrowserRefresh.BrowserRefreshMiddleware.InvokeAsync(HttpContext context)
         at Microsoft.AspNetCore.Server.Kestrel.Core.Internal.Http.HttpProtocol.ProcessRequests[TContext](IHttpApplication`1 application)
      ++++++++++++++++++++++++++++++++++++++++++++++++++++++++
fail: 2023-11-10 23:48:37.5563718 +08:00 星期五 L Microsoft.AspNetCore.Diagnostics.ExceptionHandlerMiddleware[1] #40 '00-52e2cc37e57b4ded78cb5647401a229c-07f2665cec8e769a-00'
      [Microsoft.AspNetCore.Diagnostics.dll] void Microsoft.AspNetCore.Diagnostics.DiagnosticsLoggerExtensions.UnhandledException(ILogger logger, Exception exception)
      An unhandled exception has occurred while executing the request.      
      ++++++++++++++++++++++++++++++++++++++++++++++++++++++++
      Microsoft.AspNetCore.Routing.Matching.AmbiguousMatchException: The request matched multiple endpoints. Matches: 
      
      Admin.NET.Core.JuAI.Service.UserTokenService.GetTokenTypes (Admin.NET.Core.JuAI)
      Admin.NET.Core.JuAI.Service.UserTokenService.GetTokenTypes (Admin.NET.Core.JuAI)
         at Microsoft.AspNetCore.Routing.Matching.DefaultEndpointSelector.ReportAmbiguity(CandidateState[] candidateState)
         at Microsoft.AspNetCore.Routing.Matching.DefaultEndpointSelector.ProcessFinalCandidates(HttpContext httpContext, CandidateState[] candidateState)
         at Microsoft.AspNetCore.Routing.Matching.DefaultEndpointSelector.Select(HttpContext httpContext, CandidateState[] candidateState)
         at Microsoft.AspNetCore.Routing.Matching.DfaMatcher.MatchAsync(HttpContext httpContext)
         at Microsoft.AspNetCore.Routing.EndpointRoutingMiddleware.Invoke(HttpContext httpContext)
         at Microsoft.AspNetCore.StaticFiles.StaticFileMiddleware.Invoke(HttpContext context)
         at Microsoft.AspNetCore.Localization.RequestLocalizationMiddleware.Invoke(HttpContext context)
         at Furion.UnifyResult.UnifyResultStatusCodesMiddleware.InvokeAsync(HttpContext context)
         at Microsoft.AspNetCore.Diagnostics.ExceptionHandlerMiddleware.<Invoke>g__Awaited|6_0(ExceptionHandlerMiddleware middleware, HttpContext context, Task task)
      ++++++++++++++++++++++++++++++++++++++++++++++++++++++++
fail: 2023-11-10 23:48:37.5604762 +08:00 星期五 L Microsoft.AspNetCore.Server.Kestrel[13] #40 '00-52e2cc37e57b4ded78cb5647401a229c-07f2665cec8e769a-00'
      [Microsoft.AspNetCore.Server.Kestrel.Core.dll] void Microsoft.AspNetCore.Server.Kestrel.Core.Internal.Http.HttpProtocol.ReportApplicationError(Exception ex)
      Connection id "0HMV20F7AB951", Request id "0HMV20F7AB951:00000002": An unhandled exception was thrown by the application.      
      ++++++++++++++++++++++++++++++++++++++++++++++++++++++++
      System.InvalidOperationException: The exception handler configured on ExceptionHandlerOptions produced a 404 status response. This InvalidOperationException containing the original exception was thrown since this is often due to a misconfigured ExceptionHandlingPath. If the exception handler is expected to return 404 status responses then set AllowStatusCode404Response to true.
       ---> Microsoft.AspNetCore.Routing.Matching.AmbiguousMatchException: The request matched multiple endpoints. Matches: 
      
      Admin.NET.Core.JuAI.Service.UserTokenService.GetTokenTypes (Admin.NET.Core.JuAI)
      Admin.NET.Core.JuAI.Service.UserTokenService.GetTokenTypes (Admin.NET.Core.JuAI)
         at Microsoft.AspNetCore.Routing.Matching.DefaultEndpointSelector.ReportAmbiguity(CandidateState[] candidateState)
         at Microsoft.AspNetCore.Routing.Matching.DefaultEndpointSelector.ProcessFinalCandidates(HttpContext httpContext, CandidateState[] candidateState)
         at Microsoft.AspNetCore.Routing.Matching.DefaultEndpointSelector.Select(HttpContext httpContext, CandidateState[] candidateState)
         at Microsoft.AspNetCore.Routing.Matching.DfaMatcher.MatchAsync(HttpContext httpContext)
         at Microsoft.AspNetCore.Routing.EndpointRoutingMiddleware.Invoke(HttpContext httpContext)
         at Microsoft.AspNetCore.StaticFiles.StaticFileMiddleware.Invoke(HttpContext context)
         at Microsoft.AspNetCore.Localization.RequestLocalizationMiddleware.Invoke(HttpContext context)
         at Furion.UnifyResult.UnifyResultStatusCodesMiddleware.InvokeAsync(HttpContext context)
         at Microsoft.AspNetCore.Diagnostics.ExceptionHandlerMiddleware.<Invoke>g__Awaited|6_0(ExceptionHandlerMiddleware middleware, HttpContext context, Task task)
         --- End of inner exception stack trace ---
         at Microsoft.AspNetCore.Diagnostics.ExceptionHandlerMiddleware.HandleException(HttpContext context, ExceptionDispatchInfo edi)
         at Microsoft.AspNetCore.Diagnostics.ExceptionHandlerMiddleware.<Invoke>g__Awaited|6_0(ExceptionHandlerMiddleware middleware, HttpContext context, Task task)
         at Furion.StartupFilter.<>c__DisplayClass0_1.<<Configure>b__1>d.MoveNext()
      --- End of stack trace from previous location ---
         at Microsoft.AspNetCore.Watch.BrowserRefresh.BrowserRefreshMiddleware.InvokeAsync(HttpContext context)
         at Microsoft.AspNetCore.Server.Kestrel.Core.Internal.Http.HttpProtocol.ProcessRequests[TContext](IHttpApplication`1 application)
      ++++++++++++++++++++++++++++++++++++++++++++++++++++++++
fail: 2023-11-10 23:51:11.8446070 +08:00 星期五 L Microsoft.Extensions.Hosting.Internal.Host[9] #27
      [Microsoft.Extensions.Logging.Abstractions.dll] void Microsoft.Extensions.Logging.LoggerExtensions.LogError(ILogger logger, EventId eventId, Exception exception, string message, params object[] args)
      BackgroundService failed      
      ++++++++++++++++++++++++++++++++++++++++++++++++++++++++
      System.OperationCanceledException: The operation was canceled.
         at System.Threading.Channels.AsyncOperation`1.GetResult(Int16 token)
         at Furion.EventBus.ChannelEventSourceStorer.ReadAsync(CancellationToken cancellationToken)
         at Furion.EventBus.EventBusHostedService.BackgroundProcessing(CancellationToken stoppingToken)
         at Furion.EventBus.EventBusHostedService.ExecuteAsync(CancellationToken stoppingToken)
         at Microsoft.Extensions.Hosting.Internal.Host.TryExecuteBackgroundServiceAsync(BackgroundService backgroundService)
      ++++++++++++++++++++++++++++++++++++++++++++++++++++++++
fail: 2023-11-10 23:51:11.8798190 +08:00 星期五 L System.Logging.ScheduleService[0] #26
      [Microsoft.Extensions.Logging.Abstractions.dll] void Microsoft.Extensions.Logging.LoggerExtensions.LogError(ILogger logger, Exception exception, string message, params object[] args)
      The JobDetail of <job_onlineUser> persist failed.      
      ++++++++++++++++++++++++++++++++++++++++++++++++++++++++
      System.ObjectDisposedException: Cannot access a disposed object.
      Object name: 'IServiceProvider'.
         at Microsoft.Extensions.DependencyInjection.ServiceLookup.ThrowHelper.ThrowObjectDisposedException()
         at Microsoft.Extensions.DependencyInjection.ServiceProvider.CreateScope()
         at Microsoft.Extensions.DependencyInjection.ServiceLookup.ServiceProviderEngineScope.CreateScope()
         at Admin.NET.Core.Service.DbJobPersistence.OnChanged(PersistenceContext context) in D:\work\juai\api\Admin.NET.Core\Service\Job\DbJobPersistence.cs:line 134
         at Furion.Schedule.SchedulerFactory.ProcessQueue()
      ++++++++++++++++++++++++++++++++++++++++++++++++++++++++
fail: 2023-11-10 23:51:11.8810980 +08:00 星期五 L System.Logging.ScheduleService[0] #26
      [Microsoft.Extensions.Logging.Abstractions.dll] void Microsoft.Extensions.Logging.LoggerExtensions.LogError(ILogger logger, Exception exception, string message, params object[] args)
      Persistence of <trigger_onlineUser> trigger of <job_onlineUser> job failed.      
      ++++++++++++++++++++++++++++++++++++++++++++++++++++++++
      System.ObjectDisposedException: Cannot access a disposed object.
      Object name: 'IServiceProvider'.
         at Microsoft.Extensions.DependencyInjection.ServiceLookup.ThrowHelper.ThrowObjectDisposedException()
         at Microsoft.Extensions.DependencyInjection.ServiceProvider.CreateScope()
         at Microsoft.Extensions.DependencyInjection.ServiceLookup.ServiceProviderEngineScope.CreateScope()
         at Admin.NET.Core.Service.DbJobPersistence.OnTriggerChanged(PersistenceTriggerContext context) in D:\work\juai\api\Admin.NET.Core\Service\Job\DbJobPersistence.cs:line 163
         at Furion.Schedule.SchedulerFactory.ProcessQueue()
      ++++++++++++++++++++++++++++++++++++++++++++++++++++++++
