warn: 2023-11-15 21:43:55.2307847 +08:00 星期三 L System.Logging.ScheduleService[0] #1
      [Furion.Pure.dll] void Furion.Schedule.ScheduleLogger.Log(LogLevel logLevel, string message, object[] args, Exception ex)
      Schedule hosted service preload completed, and a total of <2> schedulers are appended.
warn: 2023-11-15 22:25:14.2252372 +08:00 星期三 L System.Logging.ScheduleService[0] #1
      [Furion.Pure.dll] void Furion.Schedule.ScheduleLogger.Log(LogLevel logLevel, string message, object[] args, Exception ex)
      Schedule hosted service preload completed, and a total of <2> schedulers are appended.
warn: 2023-11-15 22:26:44.2858807 +08:00 星期三 L System.Logging.ScheduleService[0] #1
      [Furion.Pure.dll] void Furion.Schedule.ScheduleLogger.Log(LogLevel logLevel, string message, object[] args, Exception ex)
      Schedule hosted service preload completed, and a total of <2> schedulers are appended.
warn: 2023-11-15 22:40:10.9466740 +08:00 星期三 L System.Logging.ScheduleService[0] #1
      [Furion.Pure.dll] void Furion.Schedule.ScheduleLogger.Log(LogLevel logLevel, string message, object[] args, Exception ex)
      Schedule hosted service preload completed, and a total of <2> schedulers are appended.
warn: 2023-11-15 22:54:04.4401787 +08:00 星期三 L System.Logging.ScheduleService[0] #1
      [Furion.Pure.dll] void Furion.Schedule.ScheduleLogger.LogWarning(string message, params object[] args)
      Schedule hosted service preload completed, and a total of <2> schedulers are appended.
warn: 2023-11-15 22:58:07.4656591 +08:00 星期三 L Microsoft.AspNetCore.Diagnostics.DeveloperExceptionPageMiddleware[2] #46 '00-e0eefb0793905c68432f57dee55aa903-53e7815940b410c6-00'
      [Microsoft.AspNetCore.Diagnostics.dll] void Microsoft.AspNetCore.Diagnostics.DeveloperExceptionPageMiddlewareLoggerExtensions.ResponseStartedErrorPageMiddleware(ILogger logger)
      The response has already started, the error page middleware will not be executed.
warn: 2023-11-15 23:02:56.5481702 +08:00 星期三 L System.Logging.ScheduleService[0] #1
      [Furion.Pure.dll] void Furion.Schedule.ScheduleLogger.LogWarning(string message, params object[] args)
      Schedule hosted service preload completed, and a total of <2> schedulers are appended.
