warn: 2023-11-21 10:46:06.4068267 +08:00 星期二 L System.Logging.ScheduleService[0] #1
      [Furion.Pure.dll] void Furion.Schedule.ScheduleLogger.LogWarning(string message, params object[] args)
      Schedule hosted service preload completed, and a total of <2> schedulers are appended.
warn: 2023-11-21 11:01:06.9451087 +08:00 星期二 L System.Logging.ScheduleService[0] #1
      [Furion.Pure.dll] void Furion.Schedule.ScheduleLogger.Log(LogLevel logLevel, string message, object[] args, Exception ex)
      Schedule hosted service preload completed, and a total of <2> schedulers are appended.
warn: 2023-11-21 11:07:25.7621841 +08:00 星期二 L Microsoft.AspNetCore.Diagnostics.ExceptionHandlerMiddleware[2] #4 '00-23441ed8d474a4d40b3ba5ecd7965aad-56be1a783496c0df-00'
      [Microsoft.AspNetCore.Diagnostics.dll] void Microsoft.AspNetCore.Diagnostics.DiagnosticsLoggerExtensions.ResponseStartedErrorHandler(ILogger logger)
      The response has already started, the error handler will not be executed.
warn: 2023-11-21 15:15:24.9659713 +08:00 星期二 L System.Logging.ScheduleService[0] #1
      [Furion.Pure.dll] void Furion.Schedule.ScheduleLogger.Log(LogLevel logLevel, string message, object[] args, Exception ex)
      Schedule hosted service preload completed, and a total of <2> schedulers are appended.
warn: 2023-11-21 15:16:49.0198713 +08:00 星期二 L System.Logging.ScheduleService[0] #1
      [Furion.Pure.dll] void Furion.Schedule.ScheduleLogger.Log(LogLevel logLevel, string message, object[] args, Exception ex)
      Schedule hosted service preload completed, and a total of <2> schedulers are appended.
warn: 2023-11-21 15:20:43.8793627 +08:00 星期二 L System.Logging.ScheduleService[0] #1
      [Furion.Pure.dll] void Furion.Schedule.ScheduleLogger.Log(LogLevel logLevel, string message, object[] args, Exception ex)
      Schedule hosted service preload completed, and a total of <2> schedulers are appended.
warn: 2023-11-21 15:21:11.2067041 +08:00 星期二 L System.Logging.ScheduleService[0] #1
      [Furion.Pure.dll] void Furion.Schedule.ScheduleLogger.Log(LogLevel logLevel, string message, object[] args, Exception ex)
      Schedule hosted service preload completed, and a total of <2> schedulers are appended.
warn: 2023-11-21 16:30:08.9191210 +08:00 星期二 L System.Logging.ScheduleService[0] #1
      [Furion.Pure.dll] void Furion.Schedule.ScheduleLogger.Log(LogLevel logLevel, string message, object[] args, Exception ex)
      Schedule hosted service preload completed, and a total of <2> schedulers are appended.
warn: 2023-11-21 16:33:12.4118539 +08:00 星期二 L System.Logging.ScheduleService[0] #1
      [Furion.Pure.dll] void Furion.Schedule.ScheduleLogger.Log(LogLevel logLevel, string message, object[] args, Exception ex)
      Schedule hosted service preload completed, and a total of <2> schedulers are appended.
warn: 2023-11-21 20:17:20.9350729 +08:00 星期二 L System.Logging.ScheduleService[0] #1
      [Furion.Pure.dll] void Furion.Schedule.ScheduleLogger.LogWarning(string message, params object[] args)
      Schedule hosted service preload completed, and a total of <2> schedulers are appended.
warn: 2023-11-21 20:18:24.3003221 +08:00 星期二 L Microsoft.AspNetCore.Diagnostics.DeveloperExceptionPageMiddleware[2] #26 '00-0f86b464a5392be6e826dc421fd94679-0d5784fd5bdc56c5-00'
      [Microsoft.AspNetCore.Diagnostics.dll] void Microsoft.AspNetCore.Diagnostics.DeveloperExceptionPageMiddlewareLoggerExtensions.ResponseStartedErrorPageMiddleware(ILogger logger)
      The response has already started, the error page middleware will not be executed.
warn: 2023-11-21 20:24:05.0830039 +08:00 星期二 L System.Logging.ScheduleService[0] #1
      [Furion.Pure.dll] void Furion.Schedule.ScheduleLogger.LogWarning(string message, params object[] args)
      Schedule hosted service preload completed, and a total of <2> schedulers are appended.
warn: 2023-11-21 20:24:44.2595878 +08:00 星期二 L Microsoft.AspNetCore.Diagnostics.DeveloperExceptionPageMiddleware[2] #8 '00-e70baa2a8952cbfc695a20e34c9a0e41-9cb5285e8c0087f2-00'
      [Microsoft.AspNetCore.Diagnostics.dll] void Microsoft.AspNetCore.Diagnostics.DeveloperExceptionPageMiddlewareLoggerExtensions.ResponseStartedErrorPageMiddleware(ILogger logger)
      The response has already started, the error page middleware will not be executed.
warn: 2023-11-21 20:26:32.7789189 +08:00 星期二 L System.Logging.ScheduleService[0] #1
      [Furion.Pure.dll] void Furion.Schedule.ScheduleLogger.LogWarning(string message, params object[] args)
      Schedule hosted service preload completed, and a total of <2> schedulers are appended.
warn: 2023-11-21 20:27:19.3640593 +08:00 星期二 L Microsoft.AspNetCore.Diagnostics.DeveloperExceptionPageMiddleware[2] #7 '00-0ebe25c94e88e0a0fe5172c1d703fb14-594f0fe1c3128ab8-00'
      [Microsoft.AspNetCore.Diagnostics.dll] void Microsoft.AspNetCore.Diagnostics.DeveloperExceptionPageMiddlewareLoggerExtensions.ResponseStartedErrorPageMiddleware(ILogger logger)
      The response has already started, the error page middleware will not be executed.
warn: 2023-11-21 20:28:47.7410476 +08:00 星期二 L System.Logging.ScheduleService[0] #1
      [Furion.Pure.dll] void Furion.Schedule.ScheduleLogger.LogWarning(string message, params object[] args)
      Schedule hosted service preload completed, and a total of <2> schedulers are appended.
warn: 2023-11-21 21:07:52.1350763 +08:00 星期二 L System.Logging.ScheduleService[0] #1
      [Furion.Pure.dll] void Furion.Schedule.ScheduleLogger.LogWarning(string message, params object[] args)
      Schedule hosted service preload completed, and a total of <2> schedulers are appended.
warn: 2023-11-21 21:08:15.3952678 +08:00 星期二 L Microsoft.AspNetCore.Diagnostics.DeveloperExceptionPageMiddleware[2] #7 '00-7ef8ffbb3f152fbbb45c3e29ed75d2a6-674b76fe5b8df945-00'
      [Microsoft.AspNetCore.Diagnostics.dll] void Microsoft.AspNetCore.Diagnostics.DeveloperExceptionPageMiddlewareLoggerExtensions.ResponseStartedErrorPageMiddleware(ILogger logger)
      The response has already started, the error page middleware will not be executed.
warn: 2023-11-21 21:20:19.0862380 +08:00 星期二 L System.Logging.ScheduleService[0] #1
      [Furion.Pure.dll] void Furion.Schedule.ScheduleLogger.LogWarning(string message, params object[] args)
      Schedule hosted service preload completed, and a total of <2> schedulers are appended.
warn: 2023-11-21 21:20:33.0869228 +08:00 星期二 L Microsoft.AspNetCore.Diagnostics.DeveloperExceptionPageMiddleware[2] #8 '00-764e3ca17c6af876c229d509f6572ecb-f5726f46cf9d3c83-00'
      [Microsoft.AspNetCore.Diagnostics.dll] void Microsoft.AspNetCore.Diagnostics.DeveloperExceptionPageMiddlewareLoggerExtensions.ResponseStartedErrorPageMiddleware(ILogger logger)
      The response has already started, the error page middleware will not be executed.
warn: 2023-11-21 21:22:25.6766018 +08:00 星期二 L System.Logging.ScheduleService[0] #1
      [Furion.Pure.dll] void Furion.Schedule.ScheduleLogger.LogWarning(string message, params object[] args)
      Schedule hosted service preload completed, and a total of <2> schedulers are appended.
warn: 2023-11-21 21:23:21.4353370 +08:00 星期二 L System.Logging.ScheduleService[0] #1
      [Furion.Pure.dll] void Furion.Schedule.ScheduleLogger.LogWarning(string message, params object[] args)
      Schedule hosted service preload completed, and a total of <2> schedulers are appended.
warn: 2023-11-21 21:23:41.7928110 +08:00 星期二 L Microsoft.AspNetCore.Diagnostics.DeveloperExceptionPageMiddleware[2] #7 '00-ad216b6cd5c03ccddc92a5e8940a9765-437f3838ffa71748-00'
      [Microsoft.AspNetCore.Diagnostics.dll] void Microsoft.AspNetCore.Diagnostics.DeveloperExceptionPageMiddlewareLoggerExtensions.ResponseStartedErrorPageMiddleware(ILogger logger)
      The response has already started, the error page middleware will not be executed.
warn: 2023-11-21 21:37:32.3727218 +08:00 星期二 L System.Logging.ScheduleService[0] #1
      [Furion.Pure.dll] void Furion.Schedule.ScheduleLogger.LogWarning(string message, params object[] args)
      Schedule hosted service preload completed, and a total of <2> schedulers are appended.
warn: 2023-11-21 21:41:04.7599460 +08:00 星期二 L Microsoft.AspNetCore.Diagnostics.DeveloperExceptionPageMiddleware[2] #38 '00-4f3b940ce7239aec1b25e6d6aba25044-5c0013e8357582de-00'
      [Microsoft.AspNetCore.Diagnostics.dll] void Microsoft.AspNetCore.Diagnostics.DeveloperExceptionPageMiddlewareLoggerExtensions.ResponseStartedErrorPageMiddleware(ILogger logger)
      The response has already started, the error page middleware will not be executed.
warn: 2023-11-21 21:43:27.0582478 +08:00 星期二 L System.Logging.ScheduleService[0] #1
      [Furion.Pure.dll] void Furion.Schedule.ScheduleLogger.LogWarning(string message, params object[] args)
      Schedule hosted service preload completed, and a total of <2> schedulers are appended.
warn: 2023-11-21 21:43:43.8555103 +08:00 星期二 L Microsoft.AspNetCore.Diagnostics.DeveloperExceptionPageMiddleware[2] #27 '00-f3fcb75ccb9eb47988887c9c28ed654b-a6f274468ac72c89-00'
      [Microsoft.AspNetCore.Diagnostics.dll] void Microsoft.AspNetCore.Diagnostics.DeveloperExceptionPageMiddlewareLoggerExtensions.ResponseStartedErrorPageMiddleware(ILogger logger)
      The response has already started, the error page middleware will not be executed.
warn: 2023-11-21 22:03:22.9029728 +08:00 星期二 L System.Logging.ScheduleService[0] #1
      [Furion.Pure.dll] void Furion.Schedule.ScheduleLogger.LogWarning(string message, params object[] args)
      Schedule hosted service preload completed, and a total of <2> schedulers are appended.
warn: 2023-11-21 22:05:11.8662220 +08:00 星期二 L System.Logging.ScheduleService[0] #1
      [Furion.Pure.dll] void Furion.Schedule.ScheduleLogger.LogWarning(string message, params object[] args)
      Schedule hosted service preload completed, and a total of <2> schedulers are appended.
warn: 2023-11-21 22:05:33.4728685 +08:00 星期二 L Microsoft.AspNetCore.Diagnostics.DeveloperExceptionPageMiddleware[2] #25 '00-b016f7da7a3895baf7cd1988b6d4fe71-d83d920e55720882-00'
      [Microsoft.AspNetCore.Diagnostics.dll] void Microsoft.AspNetCore.Diagnostics.DeveloperExceptionPageMiddlewareLoggerExtensions.ResponseStartedErrorPageMiddleware(ILogger logger)
      The response has already started, the error page middleware will not be executed.
warn: 2023-11-21 22:07:25.7667440 +08:00 星期二 L System.Logging.ScheduleService[0] #1
      [Furion.Pure.dll] void Furion.Schedule.ScheduleLogger.LogWarning(string message, params object[] args)
      Schedule hosted service preload completed, and a total of <2> schedulers are appended.
warn: 2023-11-21 22:08:32.3421484 +08:00 星期二 L Microsoft.AspNetCore.Diagnostics.DeveloperExceptionPageMiddleware[2] #36 '00-65ea213470b70e8cc426d18cdf02d578-8f08ae6f1a1d3c29-00'
      [Microsoft.AspNetCore.Diagnostics.dll] void Microsoft.AspNetCore.Diagnostics.DeveloperExceptionPageMiddlewareLoggerExtensions.ResponseStartedErrorPageMiddleware(ILogger logger)
      The response has already started, the error page middleware will not be executed.
warn: 2023-11-21 22:40:10.9904540 +08:00 星期二 L System.Logging.ScheduleService[0] #1
      [Furion.Pure.dll] void Furion.Schedule.ScheduleLogger.LogWarning(string message, params object[] args)
      Schedule hosted service preload completed, and a total of <2> schedulers are appended.
warn: 2023-11-21 22:40:33.5987163 +08:00 星期二 L Microsoft.AspNetCore.Diagnostics.DeveloperExceptionPageMiddleware[2] #7 '00-7c7094f3a236b5a1024b7fb2dbbd56af-74a92911a145a3b3-00'
      [Microsoft.AspNetCore.Diagnostics.dll] void Microsoft.AspNetCore.Diagnostics.DeveloperExceptionPageMiddlewareLoggerExtensions.ResponseStartedErrorPageMiddleware(ILogger logger)
      The response has already started, the error page middleware will not be executed.
warn: 2023-11-21 22:41:17.9802305 +08:00 星期二 L System.Logging.ScheduleService[0] #1
      [Furion.Pure.dll] void Furion.Schedule.ScheduleLogger.LogWarning(string message, params object[] args)
      Schedule hosted service preload completed, and a total of <2> schedulers are appended.
warn: 2023-11-21 22:41:38.2758409 +08:00 星期二 L Microsoft.AspNetCore.Diagnostics.DeveloperExceptionPageMiddleware[2] #25 '00-59213f7325147db0109bdffb91ffda69-7d36ddcbe4675ac7-00'
      [Microsoft.AspNetCore.Diagnostics.dll] void Microsoft.AspNetCore.Diagnostics.DeveloperExceptionPageMiddlewareLoggerExtensions.ResponseStartedErrorPageMiddleware(ILogger logger)
      The response has already started, the error page middleware will not be executed.
warn: 2023-11-21 22:42:58.9231739 +08:00 星期二 L System.Logging.ScheduleService[0] #1
      [Furion.Pure.dll] void Furion.Schedule.ScheduleLogger.LogWarning(string message, params object[] args)
      Schedule hosted service preload completed, and a total of <2> schedulers are appended.
warn: 2023-11-21 22:43:13.8081173 +08:00 星期二 L Microsoft.AspNetCore.Diagnostics.DeveloperExceptionPageMiddleware[2] #39 '00-23c1c62b0da119e64ef5e7e2abcc4f73-37ddf0c4b4b7dcd2-00'
      [Microsoft.AspNetCore.Diagnostics.dll] void Microsoft.AspNetCore.Diagnostics.DeveloperExceptionPageMiddlewareLoggerExtensions.ResponseStartedErrorPageMiddleware(ILogger logger)
      The response has already started, the error page middleware will not be executed.
warn: 2023-11-21 22:44:01.7001412 +08:00 星期二 L System.Logging.ScheduleService[0] #1
      [Furion.Pure.dll] void Furion.Schedule.ScheduleLogger.LogWarning(string message, params object[] args)
      Schedule hosted service preload completed, and a total of <2> schedulers are appended.
warn: 2023-11-21 22:44:27.1896868 +08:00 星期二 L Microsoft.AspNetCore.Diagnostics.DeveloperExceptionPageMiddleware[2] #24 '00-3da7dabcf9c5233518192602592b5e77-118af0e1382e5913-00'
      [Microsoft.AspNetCore.Diagnostics.dll] void Microsoft.AspNetCore.Diagnostics.DeveloperExceptionPageMiddlewareLoggerExtensions.ResponseStartedErrorPageMiddleware(ILogger logger)
      The response has already started, the error page middleware will not be executed.
warn: 2023-11-21 22:45:10.1067197 +08:00 星期二 L System.Logging.ScheduleService[0] #1
      [Furion.Pure.dll] void Furion.Schedule.ScheduleLogger.LogWarning(string message, params object[] args)
      Schedule hosted service preload completed, and a total of <2> schedulers are appended.
warn: 2023-11-21 22:45:23.8151824 +08:00 星期二 L Microsoft.AspNetCore.Diagnostics.DeveloperExceptionPageMiddleware[2] #7 '00-f8f19414b3b53e0d23e5f898ecded245-9db45f2f596c77ae-00'
      [Microsoft.AspNetCore.Diagnostics.dll] void Microsoft.AspNetCore.Diagnostics.DeveloperExceptionPageMiddlewareLoggerExtensions.ResponseStartedErrorPageMiddleware(ILogger logger)
      The response has already started, the error page middleware will not be executed.
warn: 2023-11-21 22:48:08.3399577 +08:00 星期二 L System.Logging.ScheduleService[0] #1
      [Furion.Pure.dll] void Furion.Schedule.ScheduleLogger.LogWarning(string message, params object[] args)
      Schedule hosted service preload completed, and a total of <2> schedulers are appended.
warn: 2023-11-21 22:48:23.2600572 +08:00 星期二 L Microsoft.AspNetCore.Diagnostics.DeveloperExceptionPageMiddleware[2] #25 '00-a3e65d9697a40e757e1869198edd2b0d-fdc165810312173c-00'
      [Microsoft.AspNetCore.Diagnostics.dll] void Microsoft.AspNetCore.Diagnostics.DeveloperExceptionPageMiddlewareLoggerExtensions.ResponseStartedErrorPageMiddleware(ILogger logger)
      The response has already started, the error page middleware will not be executed.
warn: 2023-11-21 22:50:28.3410321 +08:00 星期二 L System.Logging.ScheduleService[0] #1
      [Furion.Pure.dll] void Furion.Schedule.ScheduleLogger.LogWarning(string message, params object[] args)
      Schedule hosted service preload completed, and a total of <2> schedulers are appended.
warn: 2023-11-21 22:50:45.8900663 +08:00 星期二 L Microsoft.AspNetCore.Diagnostics.DeveloperExceptionPageMiddleware[2] #25 '00-42789aad9f9c7b99da709748c0f7b7a3-0621f13f9bc2edb4-00'
      [Microsoft.AspNetCore.Diagnostics.dll] void Microsoft.AspNetCore.Diagnostics.DeveloperExceptionPageMiddlewareLoggerExtensions.ResponseStartedErrorPageMiddleware(ILogger logger)
      The response has already started, the error page middleware will not be executed.
warn: 2023-11-21 22:56:34.4808768 +08:00 星期二 L System.Logging.ScheduleService[0] #1
      [Furion.Pure.dll] void Furion.Schedule.ScheduleLogger.LogWarning(string message, params object[] args)
      Schedule hosted service preload completed, and a total of <2> schedulers are appended.
warn: 2023-11-21 22:56:47.4287294 +08:00 星期二 L Microsoft.AspNetCore.Diagnostics.DeveloperExceptionPageMiddleware[2] #32 '00-cc58f8a72d6d9c8e409c4858c8c22342-731b5dd8159b14ed-00'
      [Microsoft.AspNetCore.Diagnostics.dll] void Microsoft.AspNetCore.Diagnostics.DeveloperExceptionPageMiddlewareLoggerExtensions.ResponseStartedErrorPageMiddleware(ILogger logger)
      The response has already started, the error page middleware will not be executed.
warn: 2023-11-21 22:57:38.5509710 +08:00 星期二 L Microsoft.AspNetCore.Diagnostics.DeveloperExceptionPageMiddleware[2] #32 '00-386b8814d5c07a63c9217713c6eb6390-5fd2c92c92fc2dff-00'
      [Microsoft.AspNetCore.Diagnostics.dll] void Microsoft.AspNetCore.Diagnostics.DeveloperExceptionPageMiddlewareLoggerExtensions.ResponseStartedErrorPageMiddleware(ILogger logger)
      The response has already started, the error page middleware will not be executed.
warn: 2023-11-21 22:58:30.2380710 +08:00 星期二 L System.Logging.ScheduleService[0] #1
      [Furion.Pure.dll] void Furion.Schedule.ScheduleLogger.LogWarning(string message, params object[] args)
      Schedule hosted service preload completed, and a total of <2> schedulers are appended.
warn: 2023-11-21 22:59:12.2298277 +08:00 星期二 L Microsoft.AspNetCore.Diagnostics.DeveloperExceptionPageMiddleware[2] #39 '00-fb5bba433873413116f7050f1168e2db-cb8e7a757351402e-00'
      [Microsoft.AspNetCore.Diagnostics.dll] void Microsoft.AspNetCore.Diagnostics.DeveloperExceptionPageMiddlewareLoggerExtensions.ResponseStartedErrorPageMiddleware(ILogger logger)
      The response has already started, the error page middleware will not be executed.
warn: 2023-11-21 23:03:24.7196162 +08:00 星期二 L Microsoft.AspNetCore.Diagnostics.DeveloperExceptionPageMiddleware[2] #8 '00-5e410827b880f20c61f47a5534d9b56e-130b1df4a56e0b50-00'
      [Microsoft.AspNetCore.Diagnostics.dll] void Microsoft.AspNetCore.Diagnostics.DeveloperExceptionPageMiddlewareLoggerExtensions.ResponseStartedErrorPageMiddleware(ILogger logger)
      The response has already started, the error page middleware will not be executed.
