warn: 2023-11-22 17:56:17.6424312 +08:00 星期三 L System.Logging.ScheduleService[0] #1
      [Furion.Pure.dll] void Furion.Schedule.ScheduleLogger.LogWarning(string message, params object[] args)
      Schedule hosted service preload completed, and a total of <2> schedulers are appended.
warn: 2023-11-22 17:56:34.7602367 +08:00 星期三 L Microsoft.AspNetCore.Diagnostics.DeveloperExceptionPageMiddleware[2] #25 '00-4ee890a4d269723d1a55f7e449cc408d-bad7f6931d2fb5e1-00'
      [Microsoft.AspNetCore.Diagnostics.dll] void Microsoft.AspNetCore.Diagnostics.DeveloperExceptionPageMiddlewareLoggerExtensions.ResponseStartedErrorPageMiddleware(ILogger logger)
      The response has already started, the error page middleware will not be executed.
warn: 2023-11-22 17:58:54.4740181 +08:00 星期三 L Microsoft.AspNetCore.Diagnostics.DeveloperExceptionPageMiddleware[2] #45 '00-ef4e631454723785a8533930953e9f52-c83682988bf8228d-00'
      [Microsoft.AspNetCore.Diagnostics.dll] void Microsoft.AspNetCore.Diagnostics.DeveloperExceptionPageMiddlewareLoggerExtensions.ResponseStartedErrorPageMiddleware(ILogger logger)
      The response has already started, the error page middleware will not be executed.
warn: 2023-11-22 18:08:04.2312436 +08:00 星期三 L Microsoft.AspNetCore.Diagnostics.DeveloperExceptionPageMiddleware[2] #44 '00-c0a65a939e9e434fddf1107e75a1d0e2-a06b5d427ce23351-00'
      [Microsoft.AspNetCore.Diagnostics.dll] void Microsoft.AspNetCore.Diagnostics.DeveloperExceptionPageMiddlewareLoggerExtensions.ResponseStartedErrorPageMiddleware(ILogger logger)
      The response has already started, the error page middleware will not be executed.
warn: 2023-11-22 18:08:49.9827717 +08:00 星期三 L Microsoft.AspNetCore.Diagnostics.DeveloperExceptionPageMiddleware[2] #50 '00-4d77f6608b9b62f6436968338cfdefaf-bc38d66a65e1f92a-00'
      [Microsoft.AspNetCore.Diagnostics.dll] void Microsoft.AspNetCore.Diagnostics.DeveloperExceptionPageMiddlewareLoggerExtensions.ResponseStartedErrorPageMiddleware(ILogger logger)
      The response has already started, the error page middleware will not be executed.
warn: 2023-11-22 18:09:22.1552633 +08:00 星期三 L System.Logging.ScheduleService[0] #1
      [Furion.Pure.dll] void Furion.Schedule.ScheduleLogger.LogWarning(string message, params object[] args)
      Schedule hosted service preload completed, and a total of <2> schedulers are appended.
warn: 2023-11-22 18:09:41.5478948 +08:00 星期三 L Microsoft.AspNetCore.Diagnostics.DeveloperExceptionPageMiddleware[2] #4 '00-f2725686220d8ffad5080b3722903566-fa95cc14b0bd3492-00'
      [Microsoft.AspNetCore.Diagnostics.dll] void Microsoft.AspNetCore.Diagnostics.DeveloperExceptionPageMiddlewareLoggerExtensions.ResponseStartedErrorPageMiddleware(ILogger logger)
      The response has already started, the error page middleware will not be executed.
warn: 2023-11-22 18:10:52.3131738 +08:00 星期三 L Microsoft.AspNetCore.Diagnostics.DeveloperExceptionPageMiddleware[2] #6 '00-29c1ede5403a74d27079ab578e9091a3-b63fccb0e19df4b4-00'
      [Microsoft.AspNetCore.Diagnostics.dll] void Microsoft.AspNetCore.Diagnostics.DeveloperExceptionPageMiddlewareLoggerExtensions.ResponseStartedErrorPageMiddleware(ILogger logger)
      The response has already started, the error page middleware will not be executed.
warn: 2023-11-22 18:11:09.2556863 +08:00 星期三 L Microsoft.AspNetCore.Diagnostics.DeveloperExceptionPageMiddleware[2] #42 '00-59e7b59e3cd3645669b07e73d6c49a79-007843886a433e1b-00'
      [Microsoft.AspNetCore.Diagnostics.dll] void Microsoft.AspNetCore.Diagnostics.DeveloperExceptionPageMiddlewareLoggerExtensions.ResponseStartedErrorPageMiddleware(ILogger logger)
      The response has already started, the error page middleware will not be executed.
warn: 2023-11-22 18:12:01.4784691 +08:00 星期三 L Microsoft.AspNetCore.Diagnostics.DeveloperExceptionPageMiddleware[2] #19 '00-d4ab3235404de3fc0ea0d81415ba0c21-5265cbdc66024ef5-00'
      [Microsoft.AspNetCore.Diagnostics.dll] void Microsoft.AspNetCore.Diagnostics.DeveloperExceptionPageMiddlewareLoggerExtensions.ResponseStartedErrorPageMiddleware(ILogger logger)
      The response has already started, the error page middleware will not be executed.
warn: 2023-11-22 21:16:10.2970141 +08:00 星期三 L System.Logging.ScheduleService[0] #1
      [Furion.Pure.dll] void Furion.Schedule.ScheduleLogger.LogWarning(string message, params object[] args)
      Schedule hosted service preload completed, and a total of <2> schedulers are appended.
warn: 2023-11-22 21:27:35.7512777 +08:00 星期三 L System.Logging.ScheduleService[0] #1
      [Furion.Pure.dll] void Furion.Schedule.ScheduleLogger.LogWarning(string message, params object[] args)
      Schedule hosted service preload completed, and a total of <2> schedulers are appended.
warn: 2023-11-22 22:35:29.4639775 +08:00 星期三 L System.Logging.ScheduleService[0] #1
      [Furion.Pure.dll] void Furion.Schedule.ScheduleLogger.LogWarning(string message, params object[] args)
      Schedule hosted service preload completed, and a total of <3> schedulers are appended.
warn: 2023-11-22 22:44:02.7468100 +08:00 星期三 L System.Logging.ScheduleService[0] #1
      [Furion.Pure.dll] void Furion.Schedule.ScheduleLogger.LogWarning(string message, params object[] args)
      Schedule hosted service preload completed, and a total of <3> schedulers are appended.
warn: 2023-11-22 22:51:24.2914565 +08:00 星期三 L System.Logging.ScheduleService[0] #1
      [Furion.Pure.dll] void Furion.Schedule.ScheduleLogger.LogWarning(string message, params object[] args)
      Schedule hosted service preload completed, and a total of <3> schedulers are appended.
warn: 2023-11-22 23:00:53.4937870 +08:00 星期三 L System.Logging.ScheduleService[0] #1
      [Furion.Pure.dll] void Furion.Schedule.ScheduleLogger.LogWarning(string message, params object[] args)
      Schedule hosted service preload completed, and a total of <3> schedulers are appended.
