warn: 2023-11-19 00:17:37.9571369 +08:00 星期日 L System.Logging.ScheduleService[0] #1
      [Furion.Pure.dll] void Furion.Schedule.ScheduleLogger.Log(LogLevel logLevel, string message, object[] args, Exception ex)
      Schedule hosted service preload completed, and a total of <2> schedulers are appended.
warn: 2023-11-19 00:18:58.4069130 +08:00 星期日 L Microsoft.AspNetCore.Diagnostics.ExceptionHandlerMiddleware[2] #21 '00-8d10ad16d700fd538d877582d6d3058b-7670b65fe53a556e-00'
      [Microsoft.AspNetCore.Diagnostics.dll] void Microsoft.AspNetCore.Diagnostics.DiagnosticsLoggerExtensions.ResponseStartedErrorHandler(ILogger logger)
      The response has already started, the error handler will not be executed.
warn: 2023-11-19 00:26:39.3764468 +08:00 星期日 L System.Logging.ScheduleService[0] #1
      [Furion.Pure.dll] void Furion.Schedule.ScheduleLogger.Log(LogLevel logLevel, string message, object[] args, Exception ex)
      Schedule hosted service preload completed, and a total of <2> schedulers are appended.
warn: 2023-11-19 00:33:16.5526218 +08:00 星期日 L Microsoft.AspNetCore.Diagnostics.ExceptionHandlerMiddleware[2] #8 '00-7a1abd1daf5f3687e8acf7f857376e20-c9343bd54f152e77-00'
      [Microsoft.AspNetCore.Diagnostics.dll] void Microsoft.AspNetCore.Diagnostics.DiagnosticsLoggerExtensions.ResponseStartedErrorHandler(ILogger logger)
      The response has already started, the error handler will not be executed.
warn: 2023-11-19 00:37:58.0425793 +08:00 星期日 L Microsoft.AspNetCore.Diagnostics.ExceptionHandlerMiddleware[2] #34 '00-36ccbe3d230a0bf95458cdea7ec41420-ae3c91972b061ed4-00'
      [Microsoft.AspNetCore.Diagnostics.dll] void Microsoft.AspNetCore.Diagnostics.DiagnosticsLoggerExtensions.ResponseStartedErrorHandler(ILogger logger)
      The response has already started, the error handler will not be executed.
warn: 2023-11-19 00:43:39.4032744 +08:00 星期日 L System.Logging.ScheduleService[0] #1
      [Furion.Pure.dll] void Furion.Schedule.ScheduleLogger.Log(LogLevel logLevel, string message, object[] args, Exception ex)
      Schedule hosted service preload completed, and a total of <2> schedulers are appended.
warn: 2023-11-19 00:44:55.4269054 +08:00 星期日 L System.Logging.ScheduleService[0] #1
      [Furion.Pure.dll] void Furion.Schedule.ScheduleLogger.Log(LogLevel logLevel, string message, object[] args, Exception ex)
      Schedule hosted service preload completed, and a total of <2> schedulers are appended.
warn: 2023-11-19 00:45:06.6843472 +08:00 星期日 L Microsoft.AspNetCore.Diagnostics.ExceptionHandlerMiddleware[2] #8 '00-092f0e418a3314458df2488c7246fe9e-ea9041aa4bbbbe6f-00'
      [Microsoft.AspNetCore.Diagnostics.dll] void Microsoft.AspNetCore.Diagnostics.DiagnosticsLoggerExtensions.ResponseStartedErrorHandler(ILogger logger)
      The response has already started, the error handler will not be executed.
warn: 2023-11-19 00:45:56.4574265 +08:00 星期日 L System.Logging.ScheduleService[0] #1
      [Furion.Pure.dll] void Furion.Schedule.ScheduleLogger.Log(LogLevel logLevel, string message, object[] args, Exception ex)
      Schedule hosted service preload completed, and a total of <2> schedulers are appended.
warn: 2023-11-19 00:48:00.3752633 +08:00 星期日 L System.Logging.ScheduleService[0] #1
      [Furion.Pure.dll] void Furion.Schedule.ScheduleLogger.LogWarning(string message, params object[] args)
      Schedule hosted service preload completed, and a total of <2> schedulers are appended.
warn: 2023-11-19 00:50:07.0865866 +08:00 星期日 L Microsoft.AspNetCore.Diagnostics.DeveloperExceptionPageMiddleware[2] #31 '00-9cff5b2a9708de820747c3b2ef48c64a-74277e7fad5c5aff-00'
      [Microsoft.AspNetCore.Diagnostics.dll] void Microsoft.AspNetCore.Diagnostics.DeveloperExceptionPageMiddlewareLoggerExtensions.ResponseStartedErrorPageMiddleware(ILogger logger)
      The response has already started, the error page middleware will not be executed.
warn: 2023-11-19 00:52:08.7932881 +08:00 星期日 L Microsoft.AspNetCore.Diagnostics.DeveloperExceptionPageMiddleware[2] #31 '00-c7989da3c77a64387f3312bc53e6a982-130a12bed899dbec-00'
      [Microsoft.AspNetCore.Diagnostics.dll] void Microsoft.AspNetCore.Diagnostics.DeveloperExceptionPageMiddlewareLoggerExtensions.ResponseStartedErrorPageMiddleware(ILogger logger)
      The response has already started, the error page middleware will not be executed.
warn: 2023-11-19 00:53:49.2438266 +08:00 星期日 L System.Logging.ScheduleService[0] #1
      [Furion.Pure.dll] void Furion.Schedule.ScheduleLogger.Log(LogLevel logLevel, string message, object[] args, Exception ex)
      Schedule hosted service preload completed, and a total of <2> schedulers are appended.
warn: 2023-11-19 00:55:05.7857093 +08:00 星期日 L System.Logging.ScheduleService[0] #1
      [Furion.Pure.dll] void Furion.Schedule.ScheduleLogger.Log(LogLevel logLevel, string message, object[] args, Exception ex)
      Schedule hosted service preload completed, and a total of <2> schedulers are appended.
warn: 2023-11-19 00:55:57.2493426 +08:00 星期日 L Microsoft.AspNetCore.Diagnostics.ExceptionHandlerMiddleware[2] #9 '00-6229ad6fee6d8af9d390fc78a195643b-dca30a1eb5d2fe20-00'
      [Microsoft.AspNetCore.Diagnostics.dll] void Microsoft.AspNetCore.Diagnostics.DiagnosticsLoggerExtensions.ResponseStartedErrorHandler(ILogger logger)
      The response has already started, the error handler will not be executed.
warn: 2023-11-19 01:05:21.7503617 +08:00 星期日 L Microsoft.AspNetCore.Diagnostics.ExceptionHandlerMiddleware[2] #9 '00-d9f6ed94d25f0855d38732fac01134f2-bb3a4c0f02b99446-00'
      [Microsoft.AspNetCore.Diagnostics.dll] void Microsoft.AspNetCore.Diagnostics.DiagnosticsLoggerExtensions.ResponseStartedErrorHandler(ILogger logger)
      The response has already started, the error handler will not be executed.
warn: 2023-11-19 01:08:00.7125150 +08:00 星期日 L Microsoft.AspNetCore.Diagnostics.ExceptionHandlerMiddleware[2] #49 '00-0c1dbf751da6b9da09e99f94c7f9148a-42ef6caed5ebf8f2-00'
      [Microsoft.AspNetCore.Diagnostics.dll] void Microsoft.AspNetCore.Diagnostics.DiagnosticsLoggerExtensions.ResponseStartedErrorHandler(ILogger logger)
      The response has already started, the error handler will not be executed.
warn: 2023-11-19 01:09:10.9037447 +08:00 星期日 L Microsoft.AspNetCore.Diagnostics.ExceptionHandlerMiddleware[2] #51 '00-f22584247d5d39f75636330b3b99f5c2-3bbce7639767425a-00'
      [Microsoft.AspNetCore.Diagnostics.dll] void Microsoft.AspNetCore.Diagnostics.DiagnosticsLoggerExtensions.ResponseStartedErrorHandler(ILogger logger)
      The response has already started, the error handler will not be executed.
warn: 2023-11-19 01:09:30.9111971 +08:00 星期日 L Microsoft.AspNetCore.Diagnostics.ExceptionHandlerMiddleware[2] #51 '00-6b8a5b37a4af9ef7ecd45c0e2f2efc21-6301c38f4093f213-00'
      [Microsoft.AspNetCore.Diagnostics.dll] void Microsoft.AspNetCore.Diagnostics.DiagnosticsLoggerExtensions.ResponseStartedErrorHandler(ILogger logger)
      The response has already started, the error handler will not be executed.
warn: 2023-11-19 01:11:16.5633512 +08:00 星期日 L Microsoft.AspNetCore.Diagnostics.ExceptionHandlerMiddleware[2] #48 '00-683bfe9deaa2b7039aab301ffc8bcfa6-b3a43b70e0e2779d-00'
      [Microsoft.AspNetCore.Diagnostics.dll] void Microsoft.AspNetCore.Diagnostics.DiagnosticsLoggerExtensions.ResponseStartedErrorHandler(ILogger logger)
      The response has already started, the error handler will not be executed.
warn: 2023-11-19 01:12:27.8704362 +08:00 星期日 L Microsoft.AspNetCore.Diagnostics.ExceptionHandlerMiddleware[2] #61 '00-3d59065f66063661026aed7ebc6d1870-1311ad12f8829944-00'
      [Microsoft.AspNetCore.Diagnostics.dll] void Microsoft.AspNetCore.Diagnostics.DiagnosticsLoggerExtensions.ResponseStartedErrorHandler(ILogger logger)
      The response has already started, the error handler will not be executed.
warn: 2023-11-19 01:13:01.2826566 +08:00 星期日 L Microsoft.AspNetCore.Diagnostics.ExceptionHandlerMiddleware[2] #58 '00-a24530b057a67c42db2459a17a903f4f-044d05f861765572-00'
      [Microsoft.AspNetCore.Diagnostics.dll] void Microsoft.AspNetCore.Diagnostics.DiagnosticsLoggerExtensions.ResponseStartedErrorHandler(ILogger logger)
      The response has already started, the error handler will not be executed.
warn: 2023-11-19 01:18:52.7615449 +08:00 星期日 L Microsoft.AspNetCore.Diagnostics.ExceptionHandlerMiddleware[2] #58 '00-84969543b0e84fa9e52060a24a4ff7c3-065999e330d64d79-00'
      [Microsoft.AspNetCore.Diagnostics.dll] void Microsoft.AspNetCore.Diagnostics.DiagnosticsLoggerExtensions.ResponseStartedErrorHandler(ILogger logger)
      The response has already started, the error handler will not be executed.
warn: 2023-11-19 01:19:22.9875025 +08:00 星期日 L Microsoft.AspNetCore.Diagnostics.ExceptionHandlerMiddleware[2] #59 '00-dbec7893b3b48edf5e6b077903ab17ff-edc29712add063fb-00'
      [Microsoft.AspNetCore.Diagnostics.dll] void Microsoft.AspNetCore.Diagnostics.DiagnosticsLoggerExtensions.ResponseStartedErrorHandler(ILogger logger)
      The response has already started, the error handler will not be executed.
warn: 2023-11-19 01:20:30.0320409 +08:00 星期日 L Microsoft.AspNetCore.Diagnostics.ExceptionHandlerMiddleware[2] #68 '00-b444ea78773496e601e931a12e27be0d-4d213dc80a9d5a1e-00'
      [Microsoft.AspNetCore.Diagnostics.dll] void Microsoft.AspNetCore.Diagnostics.DiagnosticsLoggerExtensions.ResponseStartedErrorHandler(ILogger logger)
      The response has already started, the error handler will not be executed.
warn: 2023-11-19 01:28:12.7384348 +08:00 星期日 L Microsoft.AspNetCore.Diagnostics.ExceptionHandlerMiddleware[2] #7 '00-177a36cc2878c058a89745210a2f7928-9756cb21cd467467-00'
      [Microsoft.AspNetCore.Diagnostics.dll] void Microsoft.AspNetCore.Diagnostics.DiagnosticsLoggerExtensions.ResponseStartedErrorHandler(ILogger logger)
      The response has already started, the error handler will not be executed.
warn: 2023-11-19 01:29:37.6436541 +08:00 星期日 L Microsoft.AspNetCore.Diagnostics.ExceptionHandlerMiddleware[2] #60 '00-e3c1f32efcf3972e7023f6cc1a4c4f3c-56bf0c4bf0930494-00'
      [Microsoft.AspNetCore.Diagnostics.dll] void Microsoft.AspNetCore.Diagnostics.DiagnosticsLoggerExtensions.ResponseStartedErrorHandler(ILogger logger)
      The response has already started, the error handler will not be executed.
warn: 2023-11-19 01:31:11.7736049 +08:00 星期日 L Microsoft.AspNetCore.Diagnostics.ExceptionHandlerMiddleware[2] #51 '00-3184b1030be48f1284f524c6ae40bee8-5fe634c574ad5b92-00'
      [Microsoft.AspNetCore.Diagnostics.dll] void Microsoft.AspNetCore.Diagnostics.DiagnosticsLoggerExtensions.ResponseStartedErrorHandler(ILogger logger)
      The response has already started, the error handler will not be executed.
warn: 2023-11-19 01:34:18.6487831 +08:00 星期日 L Microsoft.AspNetCore.Diagnostics.ExceptionHandlerMiddleware[2] #47 '00-4b1273548307d84c2e8a5cc849275f07-b32496de73a2e452-00'
      [Microsoft.AspNetCore.Diagnostics.dll] void Microsoft.AspNetCore.Diagnostics.DiagnosticsLoggerExtensions.ResponseStartedErrorHandler(ILogger logger)
      The response has already started, the error handler will not be executed.
warn: 2023-11-19 01:36:24.7017145 +08:00 星期日 L Microsoft.AspNetCore.Diagnostics.ExceptionHandlerMiddleware[2] #43 '00-edd02c4c753e28c57e3d71dd0fa16553-9aec2480df5602eb-00'
      [Microsoft.AspNetCore.Diagnostics.dll] void Microsoft.AspNetCore.Diagnostics.DiagnosticsLoggerExtensions.ResponseStartedErrorHandler(ILogger logger)
      The response has already started, the error handler will not be executed.
warn: 2023-11-19 01:40:03.9388419 +08:00 星期日 L Microsoft.AspNetCore.Diagnostics.ExceptionHandlerMiddleware[2] #41 '00-ba905b8180b372fd1287a9a4ac1109a4-488d7f8f74c09e1f-00'
      [Microsoft.AspNetCore.Diagnostics.dll] void Microsoft.AspNetCore.Diagnostics.DiagnosticsLoggerExtensions.ResponseStartedErrorHandler(ILogger logger)
      The response has already started, the error handler will not be executed.
warn: 2023-11-19 01:41:13.6382543 +08:00 星期日 L Microsoft.AspNetCore.Diagnostics.ExceptionHandlerMiddleware[2] #43 '00-f5fb63b1d260ce156e11e1d5aa59363c-b89dfe9bcc641cd3-00'
      [Microsoft.AspNetCore.Diagnostics.dll] void Microsoft.AspNetCore.Diagnostics.DiagnosticsLoggerExtensions.ResponseStartedErrorHandler(ILogger logger)
      The response has already started, the error handler will not be executed.
warn: 2023-11-19 15:03:36.8211835 +08:00 星期日 L System.Logging.ScheduleService[0] #1
      [Furion.Pure.dll] void Furion.Schedule.ScheduleLogger.LogWarning(string message, params object[] args)
      Schedule hosted service preload completed, and a total of <2> schedulers are appended.
warn: 2023-11-19 15:04:08.1790793 +08:00 星期日 L Microsoft.AspNetCore.Diagnostics.DeveloperExceptionPageMiddleware[2] #23 '00-911cf2a9ba1b43d50fa2778f8a3b0d01-885fc4e4712dfa47-00'
      [Microsoft.AspNetCore.Diagnostics.dll] void Microsoft.AspNetCore.Diagnostics.DeveloperExceptionPageMiddlewareLoggerExtensions.ResponseStartedErrorPageMiddleware(ILogger logger)
      The response has already started, the error page middleware will not be executed.
warn: 2023-11-19 15:09:56.5054676 +08:00 星期日 L Microsoft.AspNetCore.Diagnostics.DeveloperExceptionPageMiddleware[2] #23 '00-4cf282c825b7a3f93c238890536c557b-93b1c59384648463-00'
      [Microsoft.AspNetCore.Diagnostics.dll] void Microsoft.AspNetCore.Diagnostics.DeveloperExceptionPageMiddlewareLoggerExtensions.ResponseStartedErrorPageMiddleware(ILogger logger)
      The response has already started, the error page middleware will not be executed.
warn: 2023-11-19 20:59:25.5249819 +08:00 星期日 L System.Logging.ScheduleService[0] #1
      [Furion.Pure.dll] void Furion.Schedule.ScheduleLogger.LogWarning(string message, params object[] args)
      Schedule hosted service preload completed, and a total of <2> schedulers are appended.
warn: 2023-11-19 21:00:38.2092621 +08:00 星期日 L System.Logging.ScheduleService[0] #1
      [Furion.Pure.dll] void Furion.Schedule.ScheduleLogger.Log(LogLevel logLevel, string message, object[] args, Exception ex)
      Schedule hosted service preload completed, and a total of <2> schedulers are appended.
warn: 2023-11-19 22:26:45.1464227 +08:00 星期日 L System.Logging.ScheduleService[0] #1
      [Furion.Pure.dll] void Furion.Schedule.ScheduleLogger.Log(LogLevel logLevel, string message, object[] args, Exception ex)
      Schedule hosted service preload completed, and a total of <2> schedulers are appended.
warn: 2023-11-19 22:26:55.4981746 +08:00 星期日 L Microsoft.AspNetCore.Diagnostics.ExceptionHandlerMiddleware[2] #9 '00-83a692f350ae0b39806ccb2dc2ee8dd4-b8f2c0cd97665f95-00'
      [Microsoft.AspNetCore.Diagnostics.dll] void Microsoft.AspNetCore.Diagnostics.DiagnosticsLoggerExtensions.ResponseStartedErrorHandler(ILogger logger)
      The response has already started, the error handler will not be executed.
warn: 2023-11-19 22:27:28.8657865 +08:00 星期日 L Microsoft.AspNetCore.Diagnostics.ExceptionHandlerMiddleware[2] #9 '00-2f9aecfe54eab77d266092b2e5a9e6d3-85ce76c28b748a87-00'
      [Microsoft.AspNetCore.Diagnostics.dll] void Microsoft.AspNetCore.Diagnostics.DiagnosticsLoggerExtensions.ResponseStartedErrorHandler(ILogger logger)
      The response has already started, the error handler will not be executed.
warn: 2023-11-19 22:28:08.3471408 +08:00 星期日 L Microsoft.AspNetCore.Diagnostics.ExceptionHandlerMiddleware[2] #9 '00-82d94608c89ea051e40c6d14dd9b9021-3dd60ae2fdd35d96-00'
      [Microsoft.AspNetCore.Diagnostics.dll] void Microsoft.AspNetCore.Diagnostics.DiagnosticsLoggerExtensions.ResponseStartedErrorHandler(ILogger logger)
      The response has already started, the error handler will not be executed.
warn: 2023-11-19 22:29:15.4311727 +08:00 星期日 L Microsoft.AspNetCore.Diagnostics.ExceptionHandlerMiddleware[2] #40 '00-9bed4773f45bcf11c115c5f296ab5aff-a3b140390c501ded-00'
      [Microsoft.AspNetCore.Diagnostics.dll] void Microsoft.AspNetCore.Diagnostics.DiagnosticsLoggerExtensions.ResponseStartedErrorHandler(ILogger logger)
      The response has already started, the error handler will not be executed.
warn: 2023-11-19 22:30:08.7544990 +08:00 星期日 L Microsoft.AspNetCore.Diagnostics.ExceptionHandlerMiddleware[2] #40 '00-f49cb568b4df2412316bdc37b994181b-f7270a01162dc28e-00'
      [Microsoft.AspNetCore.Diagnostics.dll] void Microsoft.AspNetCore.Diagnostics.DiagnosticsLoggerExtensions.ResponseStartedErrorHandler(ILogger logger)
      The response has already started, the error handler will not be executed.
warn: 2023-11-19 22:34:52.4015039 +08:00 星期日 L Microsoft.AspNetCore.Diagnostics.ExceptionHandlerMiddleware[2] #41 '00-fff2def0156cc9a2c1a2a4a93cb26117-24b6842b7b39b081-00'
      [Microsoft.AspNetCore.Diagnostics.dll] void Microsoft.AspNetCore.Diagnostics.DiagnosticsLoggerExtensions.ResponseStartedErrorHandler(ILogger logger)
      The response has already started, the error handler will not be executed.
