warn: 2023-12-25 00:17:40.9605962 +08:00 星期一 L System.Logging.ScheduleService[0] #1
      [Furion.Pure.dll] void Furion.Schedule.SchedulerFactory.Preload()
      Schedule hosted service preload completed, and a total of <3> schedulers are appended.
warn: 2023-12-25 00:41:52.3715226 +08:00 星期一 L System.Logging.ScheduleService[0] #1
      [Furion.Pure.dll] void Furion.Schedule.SchedulerFactory.Preload()
      Schedule hosted service preload completed, and a total of <3> schedulers are appended.
warn: 2023-12-25 00:42:54.3880956 +08:00 星期一 L System.Logging.ScheduleService[0] #1
      [Furion.Pure.dll] void Furion.Schedule.SchedulerFactory.Preload()
      Schedule hosted service preload completed, and a total of <3> schedulers are appended.
warn: 2023-12-25 00:45:25.5129410 +08:00 星期一 L System.Logging.ScheduleService[0] #1
      [Furion.Pure.dll] void Furion.Schedule.SchedulerFactory.Preload()
      Schedule hosted service preload completed, and a total of <3> schedulers are appended.
warn: 2023-12-25 01:04:26.7642471 +08:00 星期一 L System.Logging.ScheduleService[0] #1
      [Furion.Pure.dll] void Furion.Schedule.ScheduleLogger.Log(LogLevel logLevel, string message, object[] args, Exception ex)
      Schedule hosted service preload completed, and a total of <3> schedulers are appended.
warn: 2023-12-25 01:18:32.9043078 +08:00 星期一 L System.Logging.ScheduleService[0] #1
      [Furion.Pure.dll] void Furion.Schedule.ScheduleLogger.Log(LogLevel logLevel, string message, object[] args, Exception ex)
      Schedule hosted service preload completed, and a total of <3> schedulers are appended.
warn: 2023-12-25 02:03:25.9034584 +08:00 星期一 L System.Logging.ScheduleService[0] #1
      [Furion.Pure.dll] void Furion.Schedule.ScheduleLogger.Log(LogLevel logLevel, string message, object[] args, Exception ex)
      Schedule hosted service preload completed, and a total of <3> schedulers are appended.
warn: 2023-12-25 17:23:48.2354610 +08:00 星期一 L System.Logging.ScheduleService[0] #1
      [Furion.Pure.dll] void Furion.Schedule.ScheduleLogger.Log(LogLevel logLevel, string message, object[] args, Exception ex)
      Schedule hosted service preload completed, and a total of <3> schedulers are appended.
warn: 2023-12-25 17:27:42.2826919 +08:00 星期一 L System.Logging.ScheduleService[0] #1
      [Furion.Pure.dll] void Furion.Schedule.SchedulerFactory.Preload()
      Schedule hosted service preload completed, and a total of <3> schedulers are appended.
warn: 2023-12-25 17:30:46.4590169 +08:00 星期一 L System.Logging.ScheduleService[0] #1
      [Furion.Pure.dll] void Furion.Schedule.SchedulerFactory.Preload()
      Schedule hosted service preload completed, and a total of <3> schedulers are appended.
warn: 2023-12-25 17:34:07.5726245 +08:00 星期一 L System.Logging.ScheduleService[0] #1
      [Furion.Pure.dll] void Furion.Schedule.SchedulerFactory.Preload()
      Schedule hosted service preload completed, and a total of <3> schedulers are appended.
warn: 2023-12-25 18:08:56.6509084 +08:00 星期一 L System.Logging.ScheduleService[0] #1
      [Furion.Pure.dll] void Furion.Schedule.SchedulerFactory.Preload()
      Schedule hosted service preload completed, and a total of <3> schedulers are appended.
warn: 2023-12-25 18:18:14.2147381 +08:00 星期一 L System.Logging.ScheduleService[0] #1
      [Furion.Pure.dll] void Furion.Schedule.SchedulerFactory.Preload()
      Schedule hosted service preload completed, and a total of <3> schedulers are appended.
warn: 2023-12-25 21:46:19.3647441 +08:00 星期一 L System.Logging.ScheduleService[0] #1
      [Furion.Pure.dll] void Furion.Schedule.SchedulerFactory.Preload()
      Schedule hosted service preload completed, and a total of <3> schedulers are appended.
warn: 2023-12-25 21:49:52.3273934 +08:00 星期一 L System.Logging.ScheduleService[0] #1
      [Furion.Pure.dll] void Furion.Schedule.SchedulerFactory.Preload()
      Schedule hosted service preload completed, and a total of <3> schedulers are appended.
warn: 2023-12-25 22:02:23.3983889 +08:00 星期一 L System.Logging.ScheduleService[0] #1
      [Furion.Pure.dll] void Furion.Schedule.SchedulerFactory.Preload()
      Schedule hosted service preload completed, and a total of <3> schedulers are appended.
warn: 2023-12-25 22:08:05.2944690 +08:00 星期一 L System.Logging.ScheduleService[0] #1
      [Furion.Pure.dll] void Furion.Schedule.SchedulerFactory.Preload()
      Schedule hosted service preload completed, and a total of <3> schedulers are appended.
warn: 2023-12-25 22:13:38.5577248 +08:00 星期一 L System.Logging.ScheduleService[0] #1
      [Furion.Pure.dll] void Furion.Schedule.SchedulerFactory.Preload()
      Schedule hosted service preload completed, and a total of <3> schedulers are appended.
warn: 2023-12-25 22:14:21.6039868 +08:00 星期一 L System.Logging.ScheduleService[0] #1
      [Furion.Pure.dll] void Furion.Schedule.SchedulerFactory.Preload()
      Schedule hosted service preload completed, and a total of <3> schedulers are appended.
warn: 2023-12-25 22:14:58.6934256 +08:00 星期一 L System.Logging.ScheduleService[0] #1
      [Furion.Pure.dll] void Furion.Schedule.SchedulerFactory.Preload()
      Schedule hosted service preload completed, and a total of <3> schedulers are appended.
warn: 2023-12-25 22:21:25.6129203 +08:00 星期一 L System.Logging.ScheduleService[0] #1
      [Furion.Pure.dll] void Furion.Schedule.SchedulerFactory.Preload()
      Schedule hosted service preload completed, and a total of <3> schedulers are appended.
warn: 2023-12-25 23:20:55.9228560 +08:00 星期一 L System.Logging.ScheduleService[0] #1
      [Furion.Pure.dll] void Furion.Schedule.ScheduleLogger.Log(LogLevel logLevel, string message, object[] args, Exception ex)
      Schedule hosted service preload completed, and a total of <3> schedulers are appended.
warn: 2023-12-25 23:39:41.5255349 +08:00 星期一 L System.Logging.ScheduleService[0] #1
      [Furion.Pure.dll] void Furion.Schedule.ScheduleLogger.LogWarning(string message, params object[] args)
      Schedule hosted service preload completed, and a total of <3> schedulers are appended.
warn: 2023-12-25 23:43:17.7211031 +08:00 星期一 L System.Logging.ScheduleService[0] #1
      [Furion.Pure.dll] void Furion.Schedule.ScheduleLogger.LogWarning(string message, params object[] args)
      Schedule hosted service preload completed, and a total of <3> schedulers are appended.
