fail: 2023-11-24 14:57:32.2979612 +08:00 星期五 L System.Logging.LoggingMonitor[0] #25 '00-8c6be05ae84e42c8e118d4c28dd57e91-d186decc52258329-00'
      [Microsoft.Extensions.Logging.Abstractions.dll] void Microsoft.Extensions.Logging.LoggerExtensions.LogError(ILogger logger, Exception exception, string message, params object[] args)
      ┏━━━━━━━━━━━  Logging Monitor ━━━━━━━━━━━
      ┣ Admin.NET.Core.JuAI.Service.FeedbackService.PostFeedback
      ┣ 
      ┣ 控制器名称：                      FeedbackService
      ┣ 操作名称：                        PostFeedback
      ┣ 显示名称：                        反馈数据
      ┣ 路由信息：                        [area]: ; [controller]: feedback; [action]: feedback
      ┣ 请求方式：                        POST
      ┣ 请求地址：                        http://localhost:5005/app/api/feedback/feedback
      ┣ 来源地址：                        http://localhost:3000/
      ┣ 请求端源：                        client
      ┣ 浏览器标识：                      Mozilla/5.0 (Windows NT 10.0; Win64; x64) AppleWebKit/537.36 (KHTML, like Gecko) Chrome/119.0.0.0 Safari/537.36
      ┣ 客户端区域语言：                  zh-CN,zh;q=0.9
      ┣ 客户端 IP 地址：                  0.0.0.1
      ┣ 服务端 IP 地址：                  0.0.0.1
      ┣ 客户端连接 ID：                   00-8c6be05ae84e42c8e118d4c28dd57e91-d186decc52258329-00
      ┣ 服务线程 ID：                     #27
      ┣ 执行耗时：                        80761ms
      ┣ ━━━━━━━━━━━━━━━  Cookies ━━━━━━━━━━━━━━━
      ┣ 请求端：                          
      ┣ 响应端：                          
      ┣ ━━━━━━━━━━━━━━━  系统信息 ━━━━━━━━━━━━━━━
      ┣ 系统名称：                        Microsoft Windows 10.0.19045
      ┣ 系统架构：                        X64
      ┣ 基础框架：                        Furion.Pure v4.9.1.4
      ┣ .NET 架构：                       .NET 6.0.25
      ┣ ━━━━━━━━━━━━━━━  启动信息 ━━━━━━━━━━━━━━━
      ┣ 运行环境：                        Development
      ┣ 启动程序集：                      Admin.NET.Web.Entry
      ┣ 进程名称：                        Admin.NET.Web.Entry
      ┣ 托管程序：                        Kestrel
      ┣ ━━━━━━━━━━━━━━━  授权信息 ━━━━━━━━━━━━━━━
      ┣ JWT Token：                       Bearer eyJhbGciOiJIUzI1NiIsInR5cCI6IkpXVCJ9.eyJVc2VySWQiOjE0MjMyNjIzODUyMjI5LCJUZW5hbnRJZCI6MTMwMDAwMDAwMDAwMSwiQWNjb3VudCI6IjE4NjAwNzY2MDQ0IiwiTmlja05hbWUiOiLlroflrpnlpKfniIbngrgiLCJBY2NvdW50VHlwZSI6MCwiaWF0IjoxNzAwNzQzODYzLCJuYmYiOjE3MDA3NDM4NjMsImV4cCI6MTcwMTM0ODY2MywiaXNzIjoiQWRtaW4uTkVUIiwiYXVkIjoiQWRtaW4uTkVUIn0.4SqL2oqiF2q8NFZEnFe-BHL6BK79QYezJ_D4pccb6Xs
      ┣ 
      ┣ UserId (integer64)：              14232623852229
      ┣ TenantId (integer64)：            1300000000001
      ┣ Account (string)：                18600766044
      ┣ NickName (string)：               宇宙大爆炸
      ┣ AccountType (integer)：           0
      ┣ iat (integer)：                   1700743863 (2023-11-23 20:51:03:0000(+08:00) 星期四 L)
      ┣ nbf (integer)：                   1700743863 (2023-11-23 20:51:03:0000(+08:00) 星期四 L)
      ┣ exp (integer)：                   1701348663 (2023-11-30 20:51:03:0000(+08:00) 星期四 L)
      ┣ iss (string)：                    Admin.NET
      ┣ aud (string)：                    Admin.NET
      ┣ ━━━━━━━━━━━━━━━  请求头信息 ━━━━━━━━━━━━━━━
      ┣ 
      ┣ Accept：                          */*
      ┣ Connection：                      keep-alive
      ┣ Host：                            localhost:5005
      ┣ User-Agent：                      Mozilla/5.0 (Windows NT 10.0; Win64; x64) AppleWebKit/537.36 (KHTML, like Gecko) Chrome/119.0.0.0 Safari/537.36
      ┣ Accept-Encoding：                 gzip, deflate, br
      ┣ Accept-Language：                 zh-CN,zh;q=0.9
      ┣ Authorization：                   Bearer eyJhbGciOiJIUzI1NiIsInR5cCI6IkpXVCJ9.eyJVc2VySWQiOjE0MjMyNjIzODUyMjI5LCJUZW5hbnRJZCI6MTMwMDAwMDAwMDAwMSwiQWNjb3VudCI6IjE4NjAwNzY2MDQ0IiwiTmlja05hbWUiOiLlroflrpnlpKfniIbngrgiLCJBY2NvdW50VHlwZSI6MCwiaWF0IjoxNzAwNzQzODYzLCJuYmYiOjE3MDA3NDM4NjMsImV4cCI6MTcwMTM0ODY2MywiaXNzIjoiQWRtaW4uTkVUIiwiYXVkIjoiQWRtaW4uTkVUIn0.4SqL2oqiF2q8NFZEnFe-BHL6BK79QYezJ_D4pccb6Xs
      ┣ Content-Type：                    application/x-www-form-urlencoded
      ┣ Origin：                          http://localhost:3000
      ┣ Referer：                         http://localhost:3000/
      ┣ Content-Length：                  262
      ┣ sec-ch-ua：                       "Google Chrome";v="119", "Chromium";v="119", "Not?A_Brand";v="24"
      ┣ DNT：                             1
      ┣ sec-ch-ua-mobile：                ?0
      ┣ client：                          web
      ┣ sec-ch-ua-platform：              "Windows"
      ┣ Sec-Fetch-Site：                  same-site
      ┣ Sec-Fetch-Mode：                  cors
      ┣ Sec-Fetch-Dest：                  empty
      ┣ ━━━━━━━━━━━━━━━  参数列表 ━━━━━━━━━━━━━━━
      ┣ Content-Type：                    application/x-www-form-urlencoded
      ┣ 
      ┣ feedback (FeedbackInput)：        {"id":"30372825596485","text":"","isAnonymous":0,"files":null}
      ┣ ━━━━━━━━━━━━━━━  返回信息 ━━━━━━━━━━━━━━━
      ┣ HTTP响应状态码：                  200
      ┣ 原始类型：                        System.Threading.Tasks.Task<System.Boolean>
      ┣ 最终类型：                        
      ┣ 最终返回值：                      null
      ┣ ━━━━━━━━━━━━━━━  异常信息 ━━━━━━━━━━━━━━━
      ┣ 类型：                            MySqlConnector.MySqlException
      ┣ 消息：                            Table 'juai.app.feedback' doesn't exist
      ┣ 错误堆栈：                        at SqlSugar.MySqlProvider.ExecuteCommandAsync(String sql, SugarParameter[] parameters)
         at SqlSugar.MySqlProvider.ExecuteCommandAsync(String sql, SugarParameter[] parameters)
         at SqlSugar.InsertableProvider`1.ExecuteCommandAsync()
         at SqlSugar.SimpleClient`1.InsertAsync(T insertObj)
         at Admin.NET.Core.JuAI.Service.FeedbackService.PostFeedback(FeedbackInput feedback) in D:\work\juai\api\Admin.NET.Core.JuAi\Service\Settings\FeedbackService.cs:line 36
         at lambda_method118(Closure , Object )
         at Microsoft.AspNetCore.Mvc.Infrastructure.ActionMethodExecutor.AwaitableObjectResultExecutor.Execute(IActionResultTypeMapper mapper, ObjectMethodExecutor executor, Object controller, Object[] arguments)
         at Microsoft.AspNetCore.Mvc.Infrastructure.ControllerActionInvoker.<InvokeActionMethodAsync>g__Logged|12_1(ControllerActionInvoker invoker)
         at Microsoft.AspNetCore.Mvc.Infrastructure.ControllerActionInvoker.<InvokeNextActionFilterAsync>g__Awaited|10_0(ControllerActionInvoker invoker, Task lastTask, State next, Scope scope, Object state, Boolean isCompleted)
      ┗━━━━━━━━━━━  Logging Monitor ━━━━━━━━━━━      
      ++++++++++++++++++++++++++++++++++++++++++++++++++++++++
      MySqlConnector.MySqlException (0x80004005): Table 'juai.app.feedback' doesn't exist
         at SqlSugar.MySqlProvider.ExecuteCommandAsync(String sql, SugarParameter[] parameters)
         at SqlSugar.MySqlProvider.ExecuteCommandAsync(String sql, SugarParameter[] parameters)
         at SqlSugar.InsertableProvider`1.ExecuteCommandAsync()
         at SqlSugar.SimpleClient`1.InsertAsync(T insertObj)
         at Admin.NET.Core.JuAI.Service.FeedbackService.PostFeedback(FeedbackInput feedback) in D:\work\juai\api\Admin.NET.Core.JuAi\Service\Settings\FeedbackService.cs:line 36
         at lambda_method118(Closure , Object )
         at Microsoft.AspNetCore.Mvc.Infrastructure.ActionMethodExecutor.AwaitableObjectResultExecutor.Execute(IActionResultTypeMapper mapper, ObjectMethodExecutor executor, Object controller, Object[] arguments)
         at Microsoft.AspNetCore.Mvc.Infrastructure.ControllerActionInvoker.<InvokeActionMethodAsync>g__Logged|12_1(ControllerActionInvoker invoker)
         at Microsoft.AspNetCore.Mvc.Infrastructure.ControllerActionInvoker.<InvokeNextActionFilterAsync>g__Awaited|10_0(ControllerActionInvoker invoker, Task lastTask, State next, Scope scope, Object state, Boolean isCompleted)
      ++++++++++++++++++++++++++++++++++++++++++++++++++++++++
