fail: 2023-09-26 20:29:54.0711901 +08:00 星期二 L Microsoft.AspNetCore.SignalR.HubConnectionHandler[1] #20
      [Microsoft.Extensions.Logging.Abstractions.dll] Action<ILogger, Exception> Microsoft.Extensions.Logging.LoggerMessage.Define(LogLevel logLevel, EventId eventId, string formatString, LogDefineOptions options)+(ILogger logger, T1 arg1, Exception exception) => { }
      Error when dispatching 'OnConnectedAsync' on hub.      
      ++++++++++++++++++++++++++++++++++++++++++++++++++++++++
      System.ArgumentNullException: Value cannot be null. (Parameter 'source')
         at System.Linq.ThrowHelper.ThrowArgumentNullException(ExceptionArgument argument)
         at System.Linq.Enumerable.TryGetFirst[TSource](IEnumerable`1 source, Func`2 predicate, Boolean& found)
         at System.Linq.Enumerable.FirstOrDefault[TSource](IEnumerable`1 source, Func`2 predicate)
         at Admin.NET.Core.OnlineUserHub.OnConnectedAsync() in C:\work\juai\api\Admin.NET.Core\Hub\OnlineUserHub.cs:line 49
         at Microsoft.AspNetCore.SignalR.Internal.DefaultHubDispatcher`1.OnConnectedAsync(HubConnectionContext connection)
         at Microsoft.AspNetCore.SignalR.Internal.DefaultHubDispatcher`1.OnConnectedAsync(HubConnectionContext connection)
         at Microsoft.AspNetCore.SignalR.HubConnectionHandler`1.RunHubAsync(HubConnectionContext connection)
      ++++++++++++++++++++++++++++++++++++++++++++++++++++++++
fail: 2023-09-26 20:32:13.1130578 +08:00 星期二 L Microsoft.AspNetCore.SignalR.HubConnectionHandler[1] #34
      [Microsoft.Extensions.Logging.Abstractions.dll] Action<ILogger, Exception> Microsoft.Extensions.Logging.LoggerMessage.Define(LogLevel logLevel, EventId eventId, string formatString, LogDefineOptions options)+(ILogger logger, T1 arg1, Exception exception) => { }
      Error when dispatching 'OnConnectedAsync' on hub.      
      ++++++++++++++++++++++++++++++++++++++++++++++++++++++++
      System.ArgumentNullException: Value cannot be null. (Parameter 'source')
         at System.Linq.ThrowHelper.ThrowArgumentNullException(ExceptionArgument argument)
         at System.Linq.Enumerable.TryGetFirst[TSource](IEnumerable`1 source, Func`2 predicate, Boolean& found)
         at System.Linq.Enumerable.FirstOrDefault[TSource](IEnumerable`1 source, Func`2 predicate)
         at Admin.NET.Core.OnlineUserHub.OnConnectedAsync() in C:\work\juai\api\Admin.NET.Core\Hub\OnlineUserHub.cs:line 49
         at Microsoft.AspNetCore.SignalR.Internal.DefaultHubDispatcher`1.OnConnectedAsync(HubConnectionContext connection)
         at Microsoft.AspNetCore.SignalR.Internal.DefaultHubDispatcher`1.OnConnectedAsync(HubConnectionContext connection)
         at Microsoft.AspNetCore.SignalR.HubConnectionHandler`1.RunHubAsync(HubConnectionContext connection)
      ++++++++++++++++++++++++++++++++++++++++++++++++++++++++
fail: 2023-09-26 20:40:39.5945572 +08:00 星期二 L Microsoft.AspNetCore.SignalR.HubConnectionHandler[1] #44
      [Microsoft.Extensions.Logging.Abstractions.dll] Action<ILogger, Exception> Microsoft.Extensions.Logging.LoggerMessage.Define(LogLevel logLevel, EventId eventId, string formatString, LogDefineOptions options)+(ILogger logger, T1 arg1, Exception exception) => { }
      Error when dispatching 'OnConnectedAsync' on hub.      
      ++++++++++++++++++++++++++++++++++++++++++++++++++++++++
      System.ArgumentNullException: Value cannot be null. (Parameter 'source')
         at System.Linq.ThrowHelper.ThrowArgumentNullException(ExceptionArgument argument)
         at System.Linq.Enumerable.TryGetFirst[TSource](IEnumerable`1 source, Func`2 predicate, Boolean& found)
         at System.Linq.Enumerable.FirstOrDefault[TSource](IEnumerable`1 source, Func`2 predicate)
         at Admin.NET.Core.OnlineUserHub.OnConnectedAsync() in C:\work\juai\api\Admin.NET.Core\Hub\OnlineUserHub.cs:line 49
         at Microsoft.AspNetCore.SignalR.Internal.DefaultHubDispatcher`1.OnConnectedAsync(HubConnectionContext connection)
         at Microsoft.AspNetCore.SignalR.Internal.DefaultHubDispatcher`1.OnConnectedAsync(HubConnectionContext connection)
         at Microsoft.AspNetCore.SignalR.HubConnectionHandler`1.RunHubAsync(HubConnectionContext connection)
      ++++++++++++++++++++++++++++++++++++++++++++++++++++++++
fail: 2023-09-26 20:44:45.8547170 +08:00 星期二 L Microsoft.AspNetCore.SignalR.HubConnectionHandler[1] #54
      [Microsoft.Extensions.Logging.Abstractions.dll] Action<ILogger, Exception> Microsoft.Extensions.Logging.LoggerMessage.Define(LogLevel logLevel, EventId eventId, string formatString, LogDefineOptions options)+(ILogger logger, T1 arg1, Exception exception) => { }
      Error when dispatching 'OnConnectedAsync' on hub.      
      ++++++++++++++++++++++++++++++++++++++++++++++++++++++++
      System.ArgumentNullException: Value cannot be null. (Parameter 'source')
         at System.Linq.ThrowHelper.ThrowArgumentNullException(ExceptionArgument argument)
         at System.Linq.Enumerable.TryGetFirst[TSource](IEnumerable`1 source, Func`2 predicate, Boolean& found)
         at System.Linq.Enumerable.FirstOrDefault[TSource](IEnumerable`1 source, Func`2 predicate)
         at Admin.NET.Core.OnlineUserHub.OnConnectedAsync() in C:\work\juai\api\Admin.NET.Core\Hub\OnlineUserHub.cs:line 49
         at Microsoft.AspNetCore.SignalR.Internal.DefaultHubDispatcher`1.OnConnectedAsync(HubConnectionContext connection)
         at Microsoft.AspNetCore.SignalR.Internal.DefaultHubDispatcher`1.OnConnectedAsync(HubConnectionContext connection)
         at Microsoft.AspNetCore.SignalR.HubConnectionHandler`1.RunHubAsync(HubConnectionContext connection)
      ++++++++++++++++++++++++++++++++++++++++++++++++++++++++
fail: 2023-09-26 20:44:56.0932631 +08:00 星期二 L Microsoft.AspNetCore.SignalR.HubConnectionHandler[1] #63
      [Microsoft.Extensions.Logging.Abstractions.dll] Action<ILogger, Exception> Microsoft.Extensions.Logging.LoggerMessage.Define(LogLevel logLevel, EventId eventId, string formatString, LogDefineOptions options)+(ILogger logger, T1 arg1, Exception exception) => { }
      Error when dispatching 'OnConnectedAsync' on hub.      
      ++++++++++++++++++++++++++++++++++++++++++++++++++++++++
      System.ArgumentNullException: Value cannot be null. (Parameter 'source')
         at System.Linq.ThrowHelper.ThrowArgumentNullException(ExceptionArgument argument)
         at System.Linq.Enumerable.TryGetFirst[TSource](IEnumerable`1 source, Func`2 predicate, Boolean& found)
         at System.Linq.Enumerable.FirstOrDefault[TSource](IEnumerable`1 source, Func`2 predicate)
         at Admin.NET.Core.OnlineUserHub.OnConnectedAsync() in C:\work\juai\api\Admin.NET.Core\Hub\OnlineUserHub.cs:line 49
         at Microsoft.AspNetCore.SignalR.Internal.DefaultHubDispatcher`1.OnConnectedAsync(HubConnectionContext connection)
         at Microsoft.AspNetCore.SignalR.Internal.DefaultHubDispatcher`1.OnConnectedAsync(HubConnectionContext connection)
         at Microsoft.AspNetCore.SignalR.HubConnectionHandler`1.RunHubAsync(HubConnectionContext connection)
      ++++++++++++++++++++++++++++++++++++++++++++++++++++++++
fail: 2023-09-26 20:49:07.3000210 +08:00 星期二 L Microsoft.AspNetCore.SignalR.HubConnectionHandler[1] #77
      [Microsoft.AspNetCore.SignalR.Core.dll] async Task Microsoft.AspNetCore.SignalR.HubConnectionHandler<THub>.RunHubAsync(HubConnectionContext connection)
      Error when dispatching 'OnConnectedAsync' on hub.      
      ++++++++++++++++++++++++++++++++++++++++++++++++++++++++
      System.ArgumentNullException: Value cannot be null. (Parameter 'source')
         at System.Linq.ThrowHelper.ThrowArgumentNullException(ExceptionArgument argument)
         at System.Linq.Enumerable.TryGetFirst[TSource](IEnumerable`1 source, Func`2 predicate, Boolean& found)
         at System.Linq.Enumerable.FirstOrDefault[TSource](IEnumerable`1 source, Func`2 predicate)
         at Admin.NET.Core.OnlineUserHub.OnConnectedAsync() in C:\work\juai\api\Admin.NET.Core\Hub\OnlineUserHub.cs:line 49
         at Microsoft.AspNetCore.SignalR.Internal.DefaultHubDispatcher`1.OnConnectedAsync(HubConnectionContext connection)
         at Microsoft.AspNetCore.SignalR.Internal.DefaultHubDispatcher`1.OnConnectedAsync(HubConnectionContext connection)
         at Microsoft.AspNetCore.SignalR.HubConnectionHandler`1.RunHubAsync(HubConnectionContext connection)
      ++++++++++++++++++++++++++++++++++++++++++++++++++++++++
fail: 2023-09-26 20:49:31.0671462 +08:00 星期二 L Microsoft.AspNetCore.SignalR.HubConnectionHandler[1] #78
      [Microsoft.AspNetCore.SignalR.Core.dll] async Task Microsoft.AspNetCore.SignalR.HubConnectionHandler<THub>.RunHubAsync(HubConnectionContext connection)
      Error when dispatching 'OnConnectedAsync' on hub.      
      ++++++++++++++++++++++++++++++++++++++++++++++++++++++++
      System.ArgumentNullException: Value cannot be null. (Parameter 'source')
         at System.Linq.ThrowHelper.ThrowArgumentNullException(ExceptionArgument argument)
         at System.Linq.Enumerable.TryGetFirst[TSource](IEnumerable`1 source, Func`2 predicate, Boolean& found)
         at System.Linq.Enumerable.FirstOrDefault[TSource](IEnumerable`1 source, Func`2 predicate)
         at Admin.NET.Core.OnlineUserHub.OnConnectedAsync() in C:\work\juai\api\Admin.NET.Core\Hub\OnlineUserHub.cs:line 49
         at Microsoft.AspNetCore.SignalR.Internal.DefaultHubDispatcher`1.OnConnectedAsync(HubConnectionContext connection)
         at Microsoft.AspNetCore.SignalR.Internal.DefaultHubDispatcher`1.OnConnectedAsync(HubConnectionContext connection)
         at Microsoft.AspNetCore.SignalR.HubConnectionHandler`1.RunHubAsync(HubConnectionContext connection)
      ++++++++++++++++++++++++++++++++++++++++++++++++++++++++
fail: 2023-09-26 20:49:53.9500134 +08:00 星期二 L Microsoft.AspNetCore.SignalR.HubConnectionHandler[1] #89
      [Microsoft.AspNetCore.SignalR.Core.dll] async Task Microsoft.AspNetCore.SignalR.HubConnectionHandler<THub>.RunHubAsync(HubConnectionContext connection)
      Error when dispatching 'OnConnectedAsync' on hub.      
      ++++++++++++++++++++++++++++++++++++++++++++++++++++++++
      System.ArgumentNullException: Value cannot be null. (Parameter 'source')
         at System.Linq.ThrowHelper.ThrowArgumentNullException(ExceptionArgument argument)
         at System.Linq.Enumerable.TryGetFirst[TSource](IEnumerable`1 source, Func`2 predicate, Boolean& found)
         at System.Linq.Enumerable.FirstOrDefault[TSource](IEnumerable`1 source, Func`2 predicate)
         at Admin.NET.Core.OnlineUserHub.OnConnectedAsync() in C:\work\juai\api\Admin.NET.Core\Hub\OnlineUserHub.cs:line 49
         at Microsoft.AspNetCore.SignalR.Internal.DefaultHubDispatcher`1.OnConnectedAsync(HubConnectionContext connection)
         at Microsoft.AspNetCore.SignalR.Internal.DefaultHubDispatcher`1.OnConnectedAsync(HubConnectionContext connection)
         at Microsoft.AspNetCore.SignalR.HubConnectionHandler`1.RunHubAsync(HubConnectionContext connection)
      ++++++++++++++++++++++++++++++++++++++++++++++++++++++++
fail: 2023-09-26 21:34:08.4623533 +08:00 星期二 L Microsoft.AspNetCore.SignalR.HubConnectionHandler[1] #48
      [Microsoft.AspNetCore.SignalR.Core.dll] async Task Microsoft.AspNetCore.SignalR.HubConnectionHandler<THub>.RunHubAsync(HubConnectionContext connection)
      Error when dispatching 'OnConnectedAsync' on hub.      
      ++++++++++++++++++++++++++++++++++++++++++++++++++++++++
      System.ArgumentNullException: Value cannot be null. (Parameter 'source')
         at System.Linq.ThrowHelper.ThrowArgumentNullException(ExceptionArgument argument)
         at System.Linq.Enumerable.TryGetFirst[TSource](IEnumerable`1 source, Func`2 predicate, Boolean& found)
         at System.Linq.Enumerable.FirstOrDefault[TSource](IEnumerable`1 source, Func`2 predicate)
         at Admin.NET.Core.OnlineUserHub.OnConnectedAsync() in C:\work\juai\api\Admin.NET.Core\Hub\OnlineUserHub.cs:line 49
         at Microsoft.AspNetCore.SignalR.Internal.DefaultHubDispatcher`1.OnConnectedAsync(HubConnectionContext connection)
         at Microsoft.AspNetCore.SignalR.Internal.DefaultHubDispatcher`1.OnConnectedAsync(HubConnectionContext connection)
         at Microsoft.AspNetCore.SignalR.HubConnectionHandler`1.RunHubAsync(HubConnectionContext connection)
      ++++++++++++++++++++++++++++++++++++++++++++++++++++++++
fail: 2023-09-26 21:34:13.2117633 +08:00 星期二 L Microsoft.AspNetCore.SignalR.HubConnectionHandler[1] #42
      [Microsoft.AspNetCore.SignalR.Core.dll] async Task Microsoft.AspNetCore.SignalR.HubConnectionHandler<THub>.RunHubAsync(HubConnectionContext connection)
      Error when dispatching 'OnConnectedAsync' on hub.      
      ++++++++++++++++++++++++++++++++++++++++++++++++++++++++
      System.ArgumentNullException: Value cannot be null. (Parameter 'source')
         at System.Linq.ThrowHelper.ThrowArgumentNullException(ExceptionArgument argument)
         at System.Linq.Enumerable.TryGetFirst[TSource](IEnumerable`1 source, Func`2 predicate, Boolean& found)
         at System.Linq.Enumerable.FirstOrDefault[TSource](IEnumerable`1 source, Func`2 predicate)
         at Admin.NET.Core.OnlineUserHub.OnConnectedAsync() in C:\work\juai\api\Admin.NET.Core\Hub\OnlineUserHub.cs:line 49
         at Microsoft.AspNetCore.SignalR.Internal.DefaultHubDispatcher`1.OnConnectedAsync(HubConnectionContext connection)
         at Microsoft.AspNetCore.SignalR.Internal.DefaultHubDispatcher`1.OnConnectedAsync(HubConnectionContext connection)
         at Microsoft.AspNetCore.SignalR.HubConnectionHandler`1.RunHubAsync(HubConnectionContext connection)
      ++++++++++++++++++++++++++++++++++++++++++++++++++++++++
fail: 2023-09-26 21:34:19.2393309 +08:00 星期二 L Microsoft.AspNetCore.SignalR.HubConnectionHandler[1] #42
      [Microsoft.AspNetCore.SignalR.Core.dll] async Task Microsoft.AspNetCore.SignalR.HubConnectionHandler<THub>.RunHubAsync(HubConnectionContext connection)
      Error when dispatching 'OnConnectedAsync' on hub.      
      ++++++++++++++++++++++++++++++++++++++++++++++++++++++++
      System.ArgumentNullException: Value cannot be null. (Parameter 'source')
         at System.Linq.ThrowHelper.ThrowArgumentNullException(ExceptionArgument argument)
         at System.Linq.Enumerable.TryGetFirst[TSource](IEnumerable`1 source, Func`2 predicate, Boolean& found)
         at System.Linq.Enumerable.FirstOrDefault[TSource](IEnumerable`1 source, Func`2 predicate)
         at Admin.NET.Core.OnlineUserHub.OnConnectedAsync() in C:\work\juai\api\Admin.NET.Core\Hub\OnlineUserHub.cs:line 49
         at Microsoft.AspNetCore.SignalR.Internal.DefaultHubDispatcher`1.OnConnectedAsync(HubConnectionContext connection)
         at Microsoft.AspNetCore.SignalR.Internal.DefaultHubDispatcher`1.OnConnectedAsync(HubConnectionContext connection)
         at Microsoft.AspNetCore.SignalR.HubConnectionHandler`1.RunHubAsync(HubConnectionContext connection)
      ++++++++++++++++++++++++++++++++++++++++++++++++++++++++
fail: 2023-09-26 21:34:36.0845448 +08:00 星期二 L Microsoft.AspNetCore.SignalR.HubConnectionHandler[1] #43
      [Microsoft.AspNetCore.SignalR.Core.dll] async Task Microsoft.AspNetCore.SignalR.HubConnectionHandler<THub>.RunHubAsync(HubConnectionContext connection)
      Error when dispatching 'OnConnectedAsync' on hub.      
      ++++++++++++++++++++++++++++++++++++++++++++++++++++++++
      System.ArgumentNullException: Value cannot be null. (Parameter 'source')
         at System.Linq.ThrowHelper.ThrowArgumentNullException(ExceptionArgument argument)
         at System.Linq.Enumerable.TryGetFirst[TSource](IEnumerable`1 source, Func`2 predicate, Boolean& found)
         at System.Linq.Enumerable.FirstOrDefault[TSource](IEnumerable`1 source, Func`2 predicate)
         at Admin.NET.Core.OnlineUserHub.OnConnectedAsync() in C:\work\juai\api\Admin.NET.Core\Hub\OnlineUserHub.cs:line 49
         at Microsoft.AspNetCore.SignalR.Internal.DefaultHubDispatcher`1.OnConnectedAsync(HubConnectionContext connection)
         at Microsoft.AspNetCore.SignalR.Internal.DefaultHubDispatcher`1.OnConnectedAsync(HubConnectionContext connection)
         at Microsoft.AspNetCore.SignalR.HubConnectionHandler`1.RunHubAsync(HubConnectionContext connection)
      ++++++++++++++++++++++++++++++++++++++++++++++++++++++++
fail: 2023-09-26 21:34:54.0955222 +08:00 星期二 L Microsoft.AspNetCore.SignalR.HubConnectionHandler[1] #43
      [Microsoft.AspNetCore.SignalR.Core.dll] async Task Microsoft.AspNetCore.SignalR.HubConnectionHandler<THub>.RunHubAsync(HubConnectionContext connection)
      Error when dispatching 'OnConnectedAsync' on hub.      
      ++++++++++++++++++++++++++++++++++++++++++++++++++++++++
      System.ArgumentNullException: Value cannot be null. (Parameter 'source')
         at System.Linq.ThrowHelper.ThrowArgumentNullException(ExceptionArgument argument)
         at System.Linq.Enumerable.TryGetFirst[TSource](IEnumerable`1 source, Func`2 predicate, Boolean& found)
         at System.Linq.Enumerable.FirstOrDefault[TSource](IEnumerable`1 source, Func`2 predicate)
         at Admin.NET.Core.OnlineUserHub.OnConnectedAsync() in C:\work\juai\api\Admin.NET.Core\Hub\OnlineUserHub.cs:line 49
         at Microsoft.AspNetCore.SignalR.Internal.DefaultHubDispatcher`1.OnConnectedAsync(HubConnectionContext connection)
         at Microsoft.AspNetCore.SignalR.Internal.DefaultHubDispatcher`1.OnConnectedAsync(HubConnectionContext connection)
         at Microsoft.AspNetCore.SignalR.HubConnectionHandler`1.RunHubAsync(HubConnectionContext connection)
      ++++++++++++++++++++++++++++++++++++++++++++++++++++++++
fail: 2023-09-26 21:34:59.9142501 +08:00 星期二 L Microsoft.AspNetCore.SignalR.HubConnectionHandler[1] #43
      [Microsoft.AspNetCore.SignalR.Core.dll] async Task Microsoft.AspNetCore.SignalR.HubConnectionHandler<THub>.RunHubAsync(HubConnectionContext connection)
      Error when dispatching 'OnConnectedAsync' on hub.      
      ++++++++++++++++++++++++++++++++++++++++++++++++++++++++
      System.ArgumentNullException: Value cannot be null. (Parameter 'source')
         at System.Linq.ThrowHelper.ThrowArgumentNullException(ExceptionArgument argument)
         at System.Linq.Enumerable.TryGetFirst[TSource](IEnumerable`1 source, Func`2 predicate, Boolean& found)
         at System.Linq.Enumerable.FirstOrDefault[TSource](IEnumerable`1 source, Func`2 predicate)
         at Admin.NET.Core.OnlineUserHub.OnConnectedAsync() in C:\work\juai\api\Admin.NET.Core\Hub\OnlineUserHub.cs:line 49
         at Microsoft.AspNetCore.SignalR.Internal.DefaultHubDispatcher`1.OnConnectedAsync(HubConnectionContext connection)
         at Microsoft.AspNetCore.SignalR.Internal.DefaultHubDispatcher`1.OnConnectedAsync(HubConnectionContext connection)
         at Microsoft.AspNetCore.SignalR.HubConnectionHandler`1.RunHubAsync(HubConnectionContext connection)
      ++++++++++++++++++++++++++++++++++++++++++++++++++++++++
fail: 2023-09-26 21:36:07.1125662 +08:00 星期二 L Microsoft.AspNetCore.SignalR.HubConnectionHandler[1] #44
      [Microsoft.AspNetCore.SignalR.Core.dll] async Task Microsoft.AspNetCore.SignalR.HubConnectionHandler<THub>.RunHubAsync(HubConnectionContext connection)
      Error when dispatching 'OnConnectedAsync' on hub.      
      ++++++++++++++++++++++++++++++++++++++++++++++++++++++++
      System.ArgumentNullException: Value cannot be null. (Parameter 'source')
         at System.Linq.ThrowHelper.ThrowArgumentNullException(ExceptionArgument argument)
         at System.Linq.Enumerable.TryGetFirst[TSource](IEnumerable`1 source, Func`2 predicate, Boolean& found)
         at System.Linq.Enumerable.FirstOrDefault[TSource](IEnumerable`1 source, Func`2 predicate)
         at Admin.NET.Core.OnlineUserHub.OnConnectedAsync() in C:\work\juai\api\Admin.NET.Core\Hub\OnlineUserHub.cs:line 49
         at Microsoft.AspNetCore.SignalR.Internal.DefaultHubDispatcher`1.OnConnectedAsync(HubConnectionContext connection)
         at Microsoft.AspNetCore.SignalR.Internal.DefaultHubDispatcher`1.OnConnectedAsync(HubConnectionContext connection)
         at Microsoft.AspNetCore.SignalR.HubConnectionHandler`1.RunHubAsync(HubConnectionContext connection)
      ++++++++++++++++++++++++++++++++++++++++++++++++++++++++
fail: 2023-09-26 21:36:21.3437964 +08:00 星期二 L Microsoft.AspNetCore.SignalR.HubConnectionHandler[1] #34
      [Microsoft.AspNetCore.SignalR.Core.dll] async Task Microsoft.AspNetCore.SignalR.HubConnectionHandler<THub>.RunHubAsync(HubConnectionContext connection)
      Error when dispatching 'OnConnectedAsync' on hub.      
      ++++++++++++++++++++++++++++++++++++++++++++++++++++++++
      System.ArgumentNullException: Value cannot be null. (Parameter 'source')
         at System.Linq.ThrowHelper.ThrowArgumentNullException(ExceptionArgument argument)
         at System.Linq.Enumerable.TryGetFirst[TSource](IEnumerable`1 source, Func`2 predicate, Boolean& found)
         at System.Linq.Enumerable.FirstOrDefault[TSource](IEnumerable`1 source, Func`2 predicate)
         at Admin.NET.Core.OnlineUserHub.OnConnectedAsync() in C:\work\juai\api\Admin.NET.Core\Hub\OnlineUserHub.cs:line 49
         at Microsoft.AspNetCore.SignalR.Internal.DefaultHubDispatcher`1.OnConnectedAsync(HubConnectionContext connection)
         at Microsoft.AspNetCore.SignalR.Internal.DefaultHubDispatcher`1.OnConnectedAsync(HubConnectionContext connection)
         at Microsoft.AspNetCore.SignalR.HubConnectionHandler`1.RunHubAsync(HubConnectionContext connection)
      ++++++++++++++++++++++++++++++++++++++++++++++++++++++++
fail: 2023-09-26 21:36:55.9778204 +08:00 星期二 L Microsoft.AspNetCore.SignalR.HubConnectionHandler[1] #101
      [Microsoft.AspNetCore.SignalR.Core.dll] async Task Microsoft.AspNetCore.SignalR.HubConnectionHandler<THub>.RunHubAsync(HubConnectionContext connection)
      Error when dispatching 'OnConnectedAsync' on hub.      
      ++++++++++++++++++++++++++++++++++++++++++++++++++++++++
      System.ArgumentNullException: Value cannot be null. (Parameter 'source')
         at System.Linq.ThrowHelper.ThrowArgumentNullException(ExceptionArgument argument)
         at System.Linq.Enumerable.TryGetFirst[TSource](IEnumerable`1 source, Func`2 predicate, Boolean& found)
         at System.Linq.Enumerable.FirstOrDefault[TSource](IEnumerable`1 source, Func`2 predicate)
         at Admin.NET.Core.OnlineUserHub.OnConnectedAsync() in C:\work\juai\api\Admin.NET.Core\Hub\OnlineUserHub.cs:line 49
         at Microsoft.AspNetCore.SignalR.Internal.DefaultHubDispatcher`1.OnConnectedAsync(HubConnectionContext connection)
         at Microsoft.AspNetCore.SignalR.Internal.DefaultHubDispatcher`1.OnConnectedAsync(HubConnectionContext connection)
         at Microsoft.AspNetCore.SignalR.HubConnectionHandler`1.RunHubAsync(HubConnectionContext connection)
      ++++++++++++++++++++++++++++++++++++++++++++++++++++++++
fail: 2023-09-26 21:37:21.9028088 +08:00 星期二 L Microsoft.AspNetCore.SignalR.HubConnectionHandler[1] #23
      [Microsoft.AspNetCore.SignalR.Core.dll] async Task Microsoft.AspNetCore.SignalR.HubConnectionHandler<THub>.RunHubAsync(HubConnectionContext connection)
      Error when dispatching 'OnConnectedAsync' on hub.      
      ++++++++++++++++++++++++++++++++++++++++++++++++++++++++
      System.ArgumentNullException: Value cannot be null. (Parameter 'source')
         at System.Linq.ThrowHelper.ThrowArgumentNullException(ExceptionArgument argument)
         at System.Linq.Enumerable.TryGetFirst[TSource](IEnumerable`1 source, Func`2 predicate, Boolean& found)
         at System.Linq.Enumerable.FirstOrDefault[TSource](IEnumerable`1 source, Func`2 predicate)
         at Admin.NET.Core.OnlineUserHub.OnConnectedAsync() in C:\work\juai\api\Admin.NET.Core\Hub\OnlineUserHub.cs:line 49
         at Microsoft.AspNetCore.SignalR.Internal.DefaultHubDispatcher`1.OnConnectedAsync(HubConnectionContext connection)
         at Microsoft.AspNetCore.SignalR.Internal.DefaultHubDispatcher`1.OnConnectedAsync(HubConnectionContext connection)
         at Microsoft.AspNetCore.SignalR.HubConnectionHandler`1.RunHubAsync(HubConnectionContext connection)
      ++++++++++++++++++++++++++++++++++++++++++++++++++++++++
fail: 2023-09-26 21:38:13.0931199 +08:00 星期二 L Microsoft.AspNetCore.SignalR.HubConnectionHandler[1] #38
      [Microsoft.AspNetCore.SignalR.Core.dll] async Task Microsoft.AspNetCore.SignalR.HubConnectionHandler<THub>.RunHubAsync(HubConnectionContext connection)
      Error when dispatching 'OnConnectedAsync' on hub.      
      ++++++++++++++++++++++++++++++++++++++++++++++++++++++++
      System.ArgumentNullException: Value cannot be null. (Parameter 'source')
         at System.Linq.ThrowHelper.ThrowArgumentNullException(ExceptionArgument argument)
         at System.Linq.Enumerable.TryGetFirst[TSource](IEnumerable`1 source, Func`2 predicate, Boolean& found)
         at System.Linq.Enumerable.FirstOrDefault[TSource](IEnumerable`1 source, Func`2 predicate)
         at Admin.NET.Core.OnlineUserHub.OnConnectedAsync() in C:\work\juai\api\Admin.NET.Core\Hub\OnlineUserHub.cs:line 49
         at Microsoft.AspNetCore.SignalR.Internal.DefaultHubDispatcher`1.OnConnectedAsync(HubConnectionContext connection)
         at Microsoft.AspNetCore.SignalR.Internal.DefaultHubDispatcher`1.OnConnectedAsync(HubConnectionContext connection)
         at Microsoft.AspNetCore.SignalR.HubConnectionHandler`1.RunHubAsync(HubConnectionContext connection)
      ++++++++++++++++++++++++++++++++++++++++++++++++++++++++
fail: 2023-09-26 21:38:35.1303326 +08:00 星期二 L Microsoft.AspNetCore.SignalR.HubConnectionHandler[1] #38
      [Microsoft.AspNetCore.SignalR.Core.dll] async Task Microsoft.AspNetCore.SignalR.HubConnectionHandler<THub>.RunHubAsync(HubConnectionContext connection)
      Error when dispatching 'OnConnectedAsync' on hub.      
      ++++++++++++++++++++++++++++++++++++++++++++++++++++++++
      System.ArgumentNullException: Value cannot be null. (Parameter 'source')
         at System.Linq.ThrowHelper.ThrowArgumentNullException(ExceptionArgument argument)
         at System.Linq.Enumerable.TryGetFirst[TSource](IEnumerable`1 source, Func`2 predicate, Boolean& found)
         at System.Linq.Enumerable.FirstOrDefault[TSource](IEnumerable`1 source, Func`2 predicate)
         at Admin.NET.Core.OnlineUserHub.OnConnectedAsync() in C:\work\juai\api\Admin.NET.Core\Hub\OnlineUserHub.cs:line 49
         at Microsoft.AspNetCore.SignalR.Internal.DefaultHubDispatcher`1.OnConnectedAsync(HubConnectionContext connection)
         at Microsoft.AspNetCore.SignalR.Internal.DefaultHubDispatcher`1.OnConnectedAsync(HubConnectionContext connection)
         at Microsoft.AspNetCore.SignalR.HubConnectionHandler`1.RunHubAsync(HubConnectionContext connection)
      ++++++++++++++++++++++++++++++++++++++++++++++++++++++++
fail: 2023-09-26 21:40:09.5525089 +08:00 星期二 L Microsoft.AspNetCore.SignalR.HubConnectionHandler[1] #32
      [Microsoft.AspNetCore.SignalR.Core.dll] async Task Microsoft.AspNetCore.SignalR.HubConnectionHandler<THub>.RunHubAsync(HubConnectionContext connection)
      Error when dispatching 'OnConnectedAsync' on hub.      
      ++++++++++++++++++++++++++++++++++++++++++++++++++++++++
      System.ArgumentNullException: Value cannot be null. (Parameter 'source')
         at System.Linq.ThrowHelper.ThrowArgumentNullException(ExceptionArgument argument)
         at System.Linq.Enumerable.TryGetFirst[TSource](IEnumerable`1 source, Func`2 predicate, Boolean& found)
         at System.Linq.Enumerable.FirstOrDefault[TSource](IEnumerable`1 source, Func`2 predicate)
         at Admin.NET.Core.OnlineUserHub.OnConnectedAsync() in C:\work\juai\api\Admin.NET.Core\Hub\OnlineUserHub.cs:line 49
         at Microsoft.AspNetCore.SignalR.Internal.DefaultHubDispatcher`1.OnConnectedAsync(HubConnectionContext connection)
         at Microsoft.AspNetCore.SignalR.Internal.DefaultHubDispatcher`1.OnConnectedAsync(HubConnectionContext connection)
         at Microsoft.AspNetCore.SignalR.HubConnectionHandler`1.RunHubAsync(HubConnectionContext connection)
      ++++++++++++++++++++++++++++++++++++++++++++++++++++++++
fail: 2023-09-26 21:40:15.7464810 +08:00 星期二 L Microsoft.AspNetCore.SignalR.HubConnectionHandler[1] #48
      [Microsoft.AspNetCore.SignalR.Core.dll] async Task Microsoft.AspNetCore.SignalR.HubConnectionHandler<THub>.RunHubAsync(HubConnectionContext connection)
      Error when dispatching 'OnConnectedAsync' on hub.      
      ++++++++++++++++++++++++++++++++++++++++++++++++++++++++
      System.ArgumentNullException: Value cannot be null. (Parameter 'source')
         at System.Linq.ThrowHelper.ThrowArgumentNullException(ExceptionArgument argument)
         at System.Linq.Enumerable.TryGetFirst[TSource](IEnumerable`1 source, Func`2 predicate, Boolean& found)
         at System.Linq.Enumerable.FirstOrDefault[TSource](IEnumerable`1 source, Func`2 predicate)
         at Admin.NET.Core.OnlineUserHub.OnConnectedAsync() in C:\work\juai\api\Admin.NET.Core\Hub\OnlineUserHub.cs:line 49
         at Microsoft.AspNetCore.SignalR.Internal.DefaultHubDispatcher`1.OnConnectedAsync(HubConnectionContext connection)
         at Microsoft.AspNetCore.SignalR.Internal.DefaultHubDispatcher`1.OnConnectedAsync(HubConnectionContext connection)
         at Microsoft.AspNetCore.SignalR.HubConnectionHandler`1.RunHubAsync(HubConnectionContext connection)
      ++++++++++++++++++++++++++++++++++++++++++++++++++++++++
fail: 2023-09-26 21:40:22.5554870 +08:00 星期二 L Microsoft.AspNetCore.SignalR.HubConnectionHandler[1] #48
      [Microsoft.AspNetCore.SignalR.Core.dll] async Task Microsoft.AspNetCore.SignalR.HubConnectionHandler<THub>.RunHubAsync(HubConnectionContext connection)
      Error when dispatching 'OnConnectedAsync' on hub.      
      ++++++++++++++++++++++++++++++++++++++++++++++++++++++++
      System.ArgumentNullException: Value cannot be null. (Parameter 'source')
         at System.Linq.ThrowHelper.ThrowArgumentNullException(ExceptionArgument argument)
         at System.Linq.Enumerable.TryGetFirst[TSource](IEnumerable`1 source, Func`2 predicate, Boolean& found)
         at System.Linq.Enumerable.FirstOrDefault[TSource](IEnumerable`1 source, Func`2 predicate)
         at Admin.NET.Core.OnlineUserHub.OnConnectedAsync() in C:\work\juai\api\Admin.NET.Core\Hub\OnlineUserHub.cs:line 49
         at Microsoft.AspNetCore.SignalR.Internal.DefaultHubDispatcher`1.OnConnectedAsync(HubConnectionContext connection)
         at Microsoft.AspNetCore.SignalR.Internal.DefaultHubDispatcher`1.OnConnectedAsync(HubConnectionContext connection)
         at Microsoft.AspNetCore.SignalR.HubConnectionHandler`1.RunHubAsync(HubConnectionContext connection)
      ++++++++++++++++++++++++++++++++++++++++++++++++++++++++
fail: 2023-09-26 21:40:27.4010157 +08:00 星期二 L Microsoft.AspNetCore.SignalR.HubConnectionHandler[1] #47
      [Microsoft.AspNetCore.SignalR.Core.dll] async Task Microsoft.AspNetCore.SignalR.HubConnectionHandler<THub>.RunHubAsync(HubConnectionContext connection)
      Error when dispatching 'OnConnectedAsync' on hub.      
      ++++++++++++++++++++++++++++++++++++++++++++++++++++++++
      System.ArgumentNullException: Value cannot be null. (Parameter 'source')
         at System.Linq.ThrowHelper.ThrowArgumentNullException(ExceptionArgument argument)
         at System.Linq.Enumerable.TryGetFirst[TSource](IEnumerable`1 source, Func`2 predicate, Boolean& found)
         at System.Linq.Enumerable.FirstOrDefault[TSource](IEnumerable`1 source, Func`2 predicate)
         at Admin.NET.Core.OnlineUserHub.OnConnectedAsync() in C:\work\juai\api\Admin.NET.Core\Hub\OnlineUserHub.cs:line 49
         at Microsoft.AspNetCore.SignalR.Internal.DefaultHubDispatcher`1.OnConnectedAsync(HubConnectionContext connection)
         at Microsoft.AspNetCore.SignalR.Internal.DefaultHubDispatcher`1.OnConnectedAsync(HubConnectionContext connection)
         at Microsoft.AspNetCore.SignalR.HubConnectionHandler`1.RunHubAsync(HubConnectionContext connection)
      ++++++++++++++++++++++++++++++++++++++++++++++++++++++++
fail: 2023-09-26 21:40:32.9817333 +08:00 星期二 L Microsoft.AspNetCore.SignalR.HubConnectionHandler[1] #48
      [Microsoft.AspNetCore.SignalR.Core.dll] async Task Microsoft.AspNetCore.SignalR.HubConnectionHandler<THub>.RunHubAsync(HubConnectionContext connection)
      Error when dispatching 'OnConnectedAsync' on hub.      
      ++++++++++++++++++++++++++++++++++++++++++++++++++++++++
      System.ArgumentNullException: Value cannot be null. (Parameter 'source')
         at System.Linq.ThrowHelper.ThrowArgumentNullException(ExceptionArgument argument)
         at System.Linq.Enumerable.TryGetFirst[TSource](IEnumerable`1 source, Func`2 predicate, Boolean& found)
         at System.Linq.Enumerable.FirstOrDefault[TSource](IEnumerable`1 source, Func`2 predicate)
         at Admin.NET.Core.OnlineUserHub.OnConnectedAsync() in C:\work\juai\api\Admin.NET.Core\Hub\OnlineUserHub.cs:line 49
         at Microsoft.AspNetCore.SignalR.Internal.DefaultHubDispatcher`1.OnConnectedAsync(HubConnectionContext connection)
         at Microsoft.AspNetCore.SignalR.Internal.DefaultHubDispatcher`1.OnConnectedAsync(HubConnectionContext connection)
         at Microsoft.AspNetCore.SignalR.HubConnectionHandler`1.RunHubAsync(HubConnectionContext connection)
      ++++++++++++++++++++++++++++++++++++++++++++++++++++++++
fail: 2023-09-26 21:40:41.2665679 +08:00 星期二 L Microsoft.AspNetCore.SignalR.HubConnectionHandler[1] #82
      [Microsoft.AspNetCore.SignalR.Core.dll] async Task Microsoft.AspNetCore.SignalR.HubConnectionHandler<THub>.RunHubAsync(HubConnectionContext connection)
      Error when dispatching 'OnConnectedAsync' on hub.      
      ++++++++++++++++++++++++++++++++++++++++++++++++++++++++
      System.ArgumentNullException: Value cannot be null. (Parameter 'source')
         at System.Linq.ThrowHelper.ThrowArgumentNullException(ExceptionArgument argument)
         at System.Linq.Enumerable.TryGetFirst[TSource](IEnumerable`1 source, Func`2 predicate, Boolean& found)
         at System.Linq.Enumerable.FirstOrDefault[TSource](IEnumerable`1 source, Func`2 predicate)
         at Admin.NET.Core.OnlineUserHub.OnConnectedAsync() in C:\work\juai\api\Admin.NET.Core\Hub\OnlineUserHub.cs:line 49
         at Microsoft.AspNetCore.SignalR.Internal.DefaultHubDispatcher`1.OnConnectedAsync(HubConnectionContext connection)
         at Microsoft.AspNetCore.SignalR.Internal.DefaultHubDispatcher`1.OnConnectedAsync(HubConnectionContext connection)
         at Microsoft.AspNetCore.SignalR.HubConnectionHandler`1.RunHubAsync(HubConnectionContext connection)
      ++++++++++++++++++++++++++++++++++++++++++++++++++++++++
fail: 2023-09-26 21:40:46.0986874 +08:00 星期二 L Microsoft.AspNetCore.SignalR.HubConnectionHandler[1] #48
      [Microsoft.AspNetCore.SignalR.Core.dll] async Task Microsoft.AspNetCore.SignalR.HubConnectionHandler<THub>.RunHubAsync(HubConnectionContext connection)
      Error when dispatching 'OnConnectedAsync' on hub.      
      ++++++++++++++++++++++++++++++++++++++++++++++++++++++++
      System.ArgumentNullException: Value cannot be null. (Parameter 'source')
         at System.Linq.ThrowHelper.ThrowArgumentNullException(ExceptionArgument argument)
         at System.Linq.Enumerable.TryGetFirst[TSource](IEnumerable`1 source, Func`2 predicate, Boolean& found)
         at System.Linq.Enumerable.FirstOrDefault[TSource](IEnumerable`1 source, Func`2 predicate)
         at Admin.NET.Core.OnlineUserHub.OnConnectedAsync() in C:\work\juai\api\Admin.NET.Core\Hub\OnlineUserHub.cs:line 49
         at Microsoft.AspNetCore.SignalR.Internal.DefaultHubDispatcher`1.OnConnectedAsync(HubConnectionContext connection)
         at Microsoft.AspNetCore.SignalR.Internal.DefaultHubDispatcher`1.OnConnectedAsync(HubConnectionContext connection)
         at Microsoft.AspNetCore.SignalR.HubConnectionHandler`1.RunHubAsync(HubConnectionContext connection)
      ++++++++++++++++++++++++++++++++++++++++++++++++++++++++
fail: 2023-09-26 21:40:52.5144459 +08:00 星期二 L Microsoft.AspNetCore.SignalR.HubConnectionHandler[1] #56
      [Microsoft.AspNetCore.SignalR.Core.dll] async Task Microsoft.AspNetCore.SignalR.HubConnectionHandler<THub>.RunHubAsync(HubConnectionContext connection)
      Error when dispatching 'OnConnectedAsync' on hub.      
      ++++++++++++++++++++++++++++++++++++++++++++++++++++++++
      System.ArgumentNullException: Value cannot be null. (Parameter 'source')
         at System.Linq.ThrowHelper.ThrowArgumentNullException(ExceptionArgument argument)
         at System.Linq.Enumerable.TryGetFirst[TSource](IEnumerable`1 source, Func`2 predicate, Boolean& found)
         at System.Linq.Enumerable.FirstOrDefault[TSource](IEnumerable`1 source, Func`2 predicate)
         at Admin.NET.Core.OnlineUserHub.OnConnectedAsync() in C:\work\juai\api\Admin.NET.Core\Hub\OnlineUserHub.cs:line 49
         at Microsoft.AspNetCore.SignalR.Internal.DefaultHubDispatcher`1.OnConnectedAsync(HubConnectionContext connection)
         at Microsoft.AspNetCore.SignalR.Internal.DefaultHubDispatcher`1.OnConnectedAsync(HubConnectionContext connection)
         at Microsoft.AspNetCore.SignalR.HubConnectionHandler`1.RunHubAsync(HubConnectionContext connection)
      ++++++++++++++++++++++++++++++++++++++++++++++++++++++++
fail: 2023-09-26 21:41:07.9035834 +08:00 星期二 L Microsoft.AspNetCore.SignalR.HubConnectionHandler[1] #21
      [Microsoft.AspNetCore.SignalR.Core.dll] async Task Microsoft.AspNetCore.SignalR.HubConnectionHandler<THub>.RunHubAsync(HubConnectionContext connection)
      Error when dispatching 'OnConnectedAsync' on hub.      
      ++++++++++++++++++++++++++++++++++++++++++++++++++++++++
      System.ArgumentNullException: Value cannot be null. (Parameter 'source')
         at System.Linq.ThrowHelper.ThrowArgumentNullException(ExceptionArgument argument)
         at System.Linq.Enumerable.TryGetFirst[TSource](IEnumerable`1 source, Func`2 predicate, Boolean& found)
         at System.Linq.Enumerable.FirstOrDefault[TSource](IEnumerable`1 source, Func`2 predicate)
         at Admin.NET.Core.OnlineUserHub.OnConnectedAsync() in C:\work\juai\api\Admin.NET.Core\Hub\OnlineUserHub.cs:line 49
         at Microsoft.AspNetCore.SignalR.Internal.DefaultHubDispatcher`1.OnConnectedAsync(HubConnectionContext connection)
         at Microsoft.AspNetCore.SignalR.Internal.DefaultHubDispatcher`1.OnConnectedAsync(HubConnectionContext connection)
         at Microsoft.AspNetCore.SignalR.HubConnectionHandler`1.RunHubAsync(HubConnectionContext connection)
      ++++++++++++++++++++++++++++++++++++++++++++++++++++++++
fail: 2023-09-26 21:41:15.2618631 +08:00 星期二 L Microsoft.AspNetCore.SignalR.HubConnectionHandler[1] #56
      [Microsoft.AspNetCore.SignalR.Core.dll] async Task Microsoft.AspNetCore.SignalR.HubConnectionHandler<THub>.RunHubAsync(HubConnectionContext connection)
      Error when dispatching 'OnConnectedAsync' on hub.      
      ++++++++++++++++++++++++++++++++++++++++++++++++++++++++
      System.ArgumentNullException: Value cannot be null. (Parameter 'source')
         at System.Linq.ThrowHelper.ThrowArgumentNullException(ExceptionArgument argument)
         at System.Linq.Enumerable.TryGetFirst[TSource](IEnumerable`1 source, Func`2 predicate, Boolean& found)
         at System.Linq.Enumerable.FirstOrDefault[TSource](IEnumerable`1 source, Func`2 predicate)
         at Admin.NET.Core.OnlineUserHub.OnConnectedAsync() in C:\work\juai\api\Admin.NET.Core\Hub\OnlineUserHub.cs:line 49
         at Microsoft.AspNetCore.SignalR.Internal.DefaultHubDispatcher`1.OnConnectedAsync(HubConnectionContext connection)
         at Microsoft.AspNetCore.SignalR.Internal.DefaultHubDispatcher`1.OnConnectedAsync(HubConnectionContext connection)
         at Microsoft.AspNetCore.SignalR.HubConnectionHandler`1.RunHubAsync(HubConnectionContext connection)
      ++++++++++++++++++++++++++++++++++++++++++++++++++++++++
fail: 2023-09-26 21:41:42.2898267 +08:00 星期二 L Microsoft.AspNetCore.SignalR.HubConnectionHandler[1] #53
      [Microsoft.AspNetCore.SignalR.Core.dll] async Task Microsoft.AspNetCore.SignalR.HubConnectionHandler<THub>.RunHubAsync(HubConnectionContext connection)
      Error when dispatching 'OnConnectedAsync' on hub.      
      ++++++++++++++++++++++++++++++++++++++++++++++++++++++++
      System.ArgumentNullException: Value cannot be null. (Parameter 'source')
         at System.Linq.ThrowHelper.ThrowArgumentNullException(ExceptionArgument argument)
         at System.Linq.Enumerable.TryGetFirst[TSource](IEnumerable`1 source, Func`2 predicate, Boolean& found)
         at System.Linq.Enumerable.FirstOrDefault[TSource](IEnumerable`1 source, Func`2 predicate)
         at Admin.NET.Core.OnlineUserHub.OnConnectedAsync() in C:\work\juai\api\Admin.NET.Core\Hub\OnlineUserHub.cs:line 49
         at Microsoft.AspNetCore.SignalR.Internal.DefaultHubDispatcher`1.OnConnectedAsync(HubConnectionContext connection)
         at Microsoft.AspNetCore.SignalR.Internal.DefaultHubDispatcher`1.OnConnectedAsync(HubConnectionContext connection)
         at Microsoft.AspNetCore.SignalR.HubConnectionHandler`1.RunHubAsync(HubConnectionContext connection)
      ++++++++++++++++++++++++++++++++++++++++++++++++++++++++
fail: 2023-09-26 21:41:50.4898520 +08:00 星期二 L Microsoft.AspNetCore.SignalR.HubConnectionHandler[1] #22
      [Microsoft.AspNetCore.SignalR.Core.dll] async Task Microsoft.AspNetCore.SignalR.HubConnectionHandler<THub>.RunHubAsync(HubConnectionContext connection)
      Error when dispatching 'OnConnectedAsync' on hub.      
      ++++++++++++++++++++++++++++++++++++++++++++++++++++++++
      System.ArgumentNullException: Value cannot be null. (Parameter 'source')
         at System.Linq.ThrowHelper.ThrowArgumentNullException(ExceptionArgument argument)
         at System.Linq.Enumerable.TryGetFirst[TSource](IEnumerable`1 source, Func`2 predicate, Boolean& found)
         at System.Linq.Enumerable.FirstOrDefault[TSource](IEnumerable`1 source, Func`2 predicate)
         at Admin.NET.Core.OnlineUserHub.OnConnectedAsync() in C:\work\juai\api\Admin.NET.Core\Hub\OnlineUserHub.cs:line 49
         at Microsoft.AspNetCore.SignalR.Internal.DefaultHubDispatcher`1.OnConnectedAsync(HubConnectionContext connection)
         at Microsoft.AspNetCore.SignalR.Internal.DefaultHubDispatcher`1.OnConnectedAsync(HubConnectionContext connection)
         at Microsoft.AspNetCore.SignalR.HubConnectionHandler`1.RunHubAsync(HubConnectionContext connection)
      ++++++++++++++++++++++++++++++++++++++++++++++++++++++++
fail: 2023-09-26 21:42:07.5679370 +08:00 星期二 L Microsoft.AspNetCore.SignalR.HubConnectionHandler[1] #39
      [System.Private.CoreLib.dll] void System.Runtime.CompilerServices.AsyncMethodBuilderCore.Start<TStateMachine>(ref TStateMachine stateMachine)
      Error when dispatching 'OnConnectedAsync' on hub.      
      ++++++++++++++++++++++++++++++++++++++++++++++++++++++++
      System.ArgumentNullException: Value cannot be null. (Parameter 'source')
         at System.Linq.ThrowHelper.ThrowArgumentNullException(ExceptionArgument argument)
         at System.Linq.Enumerable.TryGetFirst[TSource](IEnumerable`1 source, Func`2 predicate, Boolean& found)
         at System.Linq.Enumerable.FirstOrDefault[TSource](IEnumerable`1 source, Func`2 predicate)
         at Admin.NET.Core.OnlineUserHub.OnConnectedAsync() in C:\work\juai\api\Admin.NET.Core\Hub\OnlineUserHub.cs:line 49
         at Microsoft.AspNetCore.SignalR.Internal.DefaultHubDispatcher`1.OnConnectedAsync(HubConnectionContext connection)
         at Microsoft.AspNetCore.SignalR.Internal.DefaultHubDispatcher`1.OnConnectedAsync(HubConnectionContext connection)
         at Microsoft.AspNetCore.SignalR.HubConnectionHandler`1.RunHubAsync(HubConnectionContext connection)
      ++++++++++++++++++++++++++++++++++++++++++++++++++++++++
fail: 2023-09-26 21:42:16.8658385 +08:00 星期二 L Microsoft.AspNetCore.SignalR.HubConnectionHandler[1] #39
      [System.Private.CoreLib.dll] void System.Runtime.CompilerServices.AsyncMethodBuilderCore.Start<TStateMachine>(ref TStateMachine stateMachine)
      Error when dispatching 'OnConnectedAsync' on hub.      
      ++++++++++++++++++++++++++++++++++++++++++++++++++++++++
      System.ArgumentNullException: Value cannot be null. (Parameter 'source')
         at System.Linq.ThrowHelper.ThrowArgumentNullException(ExceptionArgument argument)
         at System.Linq.Enumerable.TryGetFirst[TSource](IEnumerable`1 source, Func`2 predicate, Boolean& found)
         at System.Linq.Enumerable.FirstOrDefault[TSource](IEnumerable`1 source, Func`2 predicate)
         at Admin.NET.Core.OnlineUserHub.OnConnectedAsync() in C:\work\juai\api\Admin.NET.Core\Hub\OnlineUserHub.cs:line 49
         at Microsoft.AspNetCore.SignalR.Internal.DefaultHubDispatcher`1.OnConnectedAsync(HubConnectionContext connection)
         at Microsoft.AspNetCore.SignalR.Internal.DefaultHubDispatcher`1.OnConnectedAsync(HubConnectionContext connection)
         at Microsoft.AspNetCore.SignalR.HubConnectionHandler`1.RunHubAsync(HubConnectionContext connection)
      ++++++++++++++++++++++++++++++++++++++++++++++++++++++++
fail: 2023-09-26 21:44:47.8027041 +08:00 星期二 L Microsoft.AspNetCore.SignalR.HubConnectionHandler[1] #41
      [System.Private.CoreLib.dll] void System.Runtime.CompilerServices.AsyncMethodBuilderCore.Start<TStateMachine>(ref TStateMachine stateMachine)
      Error when dispatching 'OnConnectedAsync' on hub.      
      ++++++++++++++++++++++++++++++++++++++++++++++++++++++++
      System.ArgumentNullException: Value cannot be null. (Parameter 'source')
         at System.Linq.ThrowHelper.ThrowArgumentNullException(ExceptionArgument argument)
         at System.Linq.Enumerable.TryGetFirst[TSource](IEnumerable`1 source, Func`2 predicate, Boolean& found)
         at System.Linq.Enumerable.FirstOrDefault[TSource](IEnumerable`1 source, Func`2 predicate)
         at Admin.NET.Core.OnlineUserHub.OnConnectedAsync() in C:\work\juai\api\Admin.NET.Core\Hub\OnlineUserHub.cs:line 49
         at Microsoft.AspNetCore.SignalR.Internal.DefaultHubDispatcher`1.OnConnectedAsync(HubConnectionContext connection)
         at Microsoft.AspNetCore.SignalR.Internal.DefaultHubDispatcher`1.OnConnectedAsync(HubConnectionContext connection)
         at Microsoft.AspNetCore.SignalR.HubConnectionHandler`1.RunHubAsync(HubConnectionContext connection)
      ++++++++++++++++++++++++++++++++++++++++++++++++++++++++
fail: 2023-09-26 21:44:55.9622067 +08:00 星期二 L Microsoft.AspNetCore.SignalR.HubConnectionHandler[1] #31
      [System.Private.CoreLib.dll] void System.Runtime.CompilerServices.AsyncMethodBuilderCore.Start<TStateMachine>(ref TStateMachine stateMachine)
      Error when dispatching 'OnConnectedAsync' on hub.      
      ++++++++++++++++++++++++++++++++++++++++++++++++++++++++
      System.ArgumentNullException: Value cannot be null. (Parameter 'source')
         at System.Linq.ThrowHelper.ThrowArgumentNullException(ExceptionArgument argument)
         at System.Linq.Enumerable.TryGetFirst[TSource](IEnumerable`1 source, Func`2 predicate, Boolean& found)
         at System.Linq.Enumerable.FirstOrDefault[TSource](IEnumerable`1 source, Func`2 predicate)
         at Admin.NET.Core.OnlineUserHub.OnConnectedAsync() in C:\work\juai\api\Admin.NET.Core\Hub\OnlineUserHub.cs:line 49
         at Microsoft.AspNetCore.SignalR.Internal.DefaultHubDispatcher`1.OnConnectedAsync(HubConnectionContext connection)
         at Microsoft.AspNetCore.SignalR.Internal.DefaultHubDispatcher`1.OnConnectedAsync(HubConnectionContext connection)
         at Microsoft.AspNetCore.SignalR.HubConnectionHandler`1.RunHubAsync(HubConnectionContext connection)
      ++++++++++++++++++++++++++++++++++++++++++++++++++++++++
fail: 2023-09-26 21:45:48.6568331 +08:00 星期二 L Microsoft.AspNetCore.SignalR.HubConnectionHandler[1] #54
      [System.Private.CoreLib.dll] void System.Runtime.CompilerServices.AsyncMethodBuilderCore.Start<TStateMachine>(ref TStateMachine stateMachine)
      Error when dispatching 'OnConnectedAsync' on hub.      
      ++++++++++++++++++++++++++++++++++++++++++++++++++++++++
      System.ArgumentNullException: Value cannot be null. (Parameter 'source')
         at System.Linq.ThrowHelper.ThrowArgumentNullException(ExceptionArgument argument)
         at System.Linq.Enumerable.TryGetFirst[TSource](IEnumerable`1 source, Func`2 predicate, Boolean& found)
         at System.Linq.Enumerable.FirstOrDefault[TSource](IEnumerable`1 source, Func`2 predicate)
         at Admin.NET.Core.OnlineUserHub.OnConnectedAsync() in C:\work\juai\api\Admin.NET.Core\Hub\OnlineUserHub.cs:line 49
         at Microsoft.AspNetCore.SignalR.Internal.DefaultHubDispatcher`1.OnConnectedAsync(HubConnectionContext connection)
         at Microsoft.AspNetCore.SignalR.Internal.DefaultHubDispatcher`1.OnConnectedAsync(HubConnectionContext connection)
         at Microsoft.AspNetCore.SignalR.HubConnectionHandler`1.RunHubAsync(HubConnectionContext connection)
      ++++++++++++++++++++++++++++++++++++++++++++++++++++++++
fail: 2023-09-26 21:46:34.1015675 +08:00 星期二 L Microsoft.AspNetCore.SignalR.HubConnectionHandler[1] #70
      [System.Private.CoreLib.dll] void System.Runtime.CompilerServices.AsyncMethodBuilderCore.Start<TStateMachine>(ref TStateMachine stateMachine)
      Error when dispatching 'OnConnectedAsync' on hub.      
      ++++++++++++++++++++++++++++++++++++++++++++++++++++++++
      System.ArgumentNullException: Value cannot be null. (Parameter 'source')
         at System.Linq.ThrowHelper.ThrowArgumentNullException(ExceptionArgument argument)
         at System.Linq.Enumerable.TryGetFirst[TSource](IEnumerable`1 source, Func`2 predicate, Boolean& found)
         at System.Linq.Enumerable.FirstOrDefault[TSource](IEnumerable`1 source, Func`2 predicate)
         at Admin.NET.Core.OnlineUserHub.OnConnectedAsync() in C:\work\juai\api\Admin.NET.Core\Hub\OnlineUserHub.cs:line 49
         at Microsoft.AspNetCore.SignalR.Internal.DefaultHubDispatcher`1.OnConnectedAsync(HubConnectionContext connection)
         at Microsoft.AspNetCore.SignalR.Internal.DefaultHubDispatcher`1.OnConnectedAsync(HubConnectionContext connection)
         at Microsoft.AspNetCore.SignalR.HubConnectionHandler`1.RunHubAsync(HubConnectionContext connection)
      ++++++++++++++++++++++++++++++++++++++++++++++++++++++++
fail: 2023-09-26 21:46:45.5730417 +08:00 星期二 L Microsoft.AspNetCore.SignalR.HubConnectionHandler[1] #87
      [System.Private.CoreLib.dll] void System.Runtime.CompilerServices.AsyncMethodBuilderCore.Start<TStateMachine>(ref TStateMachine stateMachine)
      Error when dispatching 'OnConnectedAsync' on hub.      
      ++++++++++++++++++++++++++++++++++++++++++++++++++++++++
      System.ArgumentNullException: Value cannot be null. (Parameter 'source')
         at System.Linq.ThrowHelper.ThrowArgumentNullException(ExceptionArgument argument)
         at System.Linq.Enumerable.TryGetFirst[TSource](IEnumerable`1 source, Func`2 predicate, Boolean& found)
         at System.Linq.Enumerable.FirstOrDefault[TSource](IEnumerable`1 source, Func`2 predicate)
         at Admin.NET.Core.OnlineUserHub.OnConnectedAsync() in C:\work\juai\api\Admin.NET.Core\Hub\OnlineUserHub.cs:line 49
         at Microsoft.AspNetCore.SignalR.Internal.DefaultHubDispatcher`1.OnConnectedAsync(HubConnectionContext connection)
         at Microsoft.AspNetCore.SignalR.Internal.DefaultHubDispatcher`1.OnConnectedAsync(HubConnectionContext connection)
         at Microsoft.AspNetCore.SignalR.HubConnectionHandler`1.RunHubAsync(HubConnectionContext connection)
      ++++++++++++++++++++++++++++++++++++++++++++++++++++++++
fail: 2023-09-26 21:47:01.3592049 +08:00 星期二 L Microsoft.AspNetCore.SignalR.HubConnectionHandler[1] #83
      [System.Private.CoreLib.dll] void System.Runtime.CompilerServices.AsyncMethodBuilderCore.Start<TStateMachine>(ref TStateMachine stateMachine)
      Error when dispatching 'OnConnectedAsync' on hub.      
      ++++++++++++++++++++++++++++++++++++++++++++++++++++++++
      System.ArgumentNullException: Value cannot be null. (Parameter 'source')
         at System.Linq.ThrowHelper.ThrowArgumentNullException(ExceptionArgument argument)
         at System.Linq.Enumerable.TryGetFirst[TSource](IEnumerable`1 source, Func`2 predicate, Boolean& found)
         at System.Linq.Enumerable.FirstOrDefault[TSource](IEnumerable`1 source, Func`2 predicate)
         at Admin.NET.Core.OnlineUserHub.OnConnectedAsync() in C:\work\juai\api\Admin.NET.Core\Hub\OnlineUserHub.cs:line 49
         at Microsoft.AspNetCore.SignalR.Internal.DefaultHubDispatcher`1.OnConnectedAsync(HubConnectionContext connection)
         at Microsoft.AspNetCore.SignalR.Internal.DefaultHubDispatcher`1.OnConnectedAsync(HubConnectionContext connection)
         at Microsoft.AspNetCore.SignalR.HubConnectionHandler`1.RunHubAsync(HubConnectionContext connection)
      ++++++++++++++++++++++++++++++++++++++++++++++++++++++++
fail: 2023-09-26 21:47:59.9581292 +08:00 星期二 L Microsoft.AspNetCore.SignalR.HubConnectionHandler[1] #58
      [System.Private.CoreLib.dll] void System.Runtime.CompilerServices.AsyncMethodBuilderCore.Start<TStateMachine>(ref TStateMachine stateMachine)
      Error when dispatching 'OnConnectedAsync' on hub.      
      ++++++++++++++++++++++++++++++++++++++++++++++++++++++++
      System.ArgumentNullException: Value cannot be null. (Parameter 'source')
         at System.Linq.ThrowHelper.ThrowArgumentNullException(ExceptionArgument argument)
         at System.Linq.Enumerable.TryGetFirst[TSource](IEnumerable`1 source, Func`2 predicate, Boolean& found)
         at System.Linq.Enumerable.FirstOrDefault[TSource](IEnumerable`1 source, Func`2 predicate)
         at Admin.NET.Core.OnlineUserHub.OnConnectedAsync() in C:\work\juai\api\Admin.NET.Core\Hub\OnlineUserHub.cs:line 49
         at Microsoft.AspNetCore.SignalR.Internal.DefaultHubDispatcher`1.OnConnectedAsync(HubConnectionContext connection)
         at Microsoft.AspNetCore.SignalR.Internal.DefaultHubDispatcher`1.OnConnectedAsync(HubConnectionContext connection)
         at Microsoft.AspNetCore.SignalR.HubConnectionHandler`1.RunHubAsync(HubConnectionContext connection)
      ++++++++++++++++++++++++++++++++++++++++++++++++++++++++
fail: 2023-09-26 21:48:09.3102526 +08:00 星期二 L Microsoft.AspNetCore.SignalR.HubConnectionHandler[1] #63
      [System.Private.CoreLib.dll] void System.Runtime.CompilerServices.AsyncMethodBuilderCore.Start<TStateMachine>(ref TStateMachine stateMachine)
      Error when dispatching 'OnConnectedAsync' on hub.      
      ++++++++++++++++++++++++++++++++++++++++++++++++++++++++
      System.ArgumentNullException: Value cannot be null. (Parameter 'source')
         at System.Linq.ThrowHelper.ThrowArgumentNullException(ExceptionArgument argument)
         at System.Linq.Enumerable.TryGetFirst[TSource](IEnumerable`1 source, Func`2 predicate, Boolean& found)
         at System.Linq.Enumerable.FirstOrDefault[TSource](IEnumerable`1 source, Func`2 predicate)
         at Admin.NET.Core.OnlineUserHub.OnConnectedAsync() in C:\work\juai\api\Admin.NET.Core\Hub\OnlineUserHub.cs:line 49
         at Microsoft.AspNetCore.SignalR.Internal.DefaultHubDispatcher`1.OnConnectedAsync(HubConnectionContext connection)
         at Microsoft.AspNetCore.SignalR.Internal.DefaultHubDispatcher`1.OnConnectedAsync(HubConnectionContext connection)
         at Microsoft.AspNetCore.SignalR.HubConnectionHandler`1.RunHubAsync(HubConnectionContext connection)
      ++++++++++++++++++++++++++++++++++++++++++++++++++++++++
fail: 2023-09-26 21:48:19.1016951 +08:00 星期二 L Microsoft.AspNetCore.SignalR.HubConnectionHandler[1] #51
      [System.Private.CoreLib.dll] void System.Runtime.CompilerServices.AsyncMethodBuilderCore.Start<TStateMachine>(ref TStateMachine stateMachine)
      Error when dispatching 'OnConnectedAsync' on hub.      
      ++++++++++++++++++++++++++++++++++++++++++++++++++++++++
      System.ArgumentNullException: Value cannot be null. (Parameter 'source')
         at System.Linq.ThrowHelper.ThrowArgumentNullException(ExceptionArgument argument)
         at System.Linq.Enumerable.TryGetFirst[TSource](IEnumerable`1 source, Func`2 predicate, Boolean& found)
         at System.Linq.Enumerable.FirstOrDefault[TSource](IEnumerable`1 source, Func`2 predicate)
         at Admin.NET.Core.OnlineUserHub.OnConnectedAsync() in C:\work\juai\api\Admin.NET.Core\Hub\OnlineUserHub.cs:line 49
         at Microsoft.AspNetCore.SignalR.Internal.DefaultHubDispatcher`1.OnConnectedAsync(HubConnectionContext connection)
         at Microsoft.AspNetCore.SignalR.Internal.DefaultHubDispatcher`1.OnConnectedAsync(HubConnectionContext connection)
         at Microsoft.AspNetCore.SignalR.HubConnectionHandler`1.RunHubAsync(HubConnectionContext connection)
      ++++++++++++++++++++++++++++++++++++++++++++++++++++++++
fail: 2023-09-26 21:48:25.6571664 +08:00 星期二 L Microsoft.AspNetCore.SignalR.HubConnectionHandler[1] #52
      [System.Private.CoreLib.dll] void System.Runtime.CompilerServices.AsyncMethodBuilderCore.Start<TStateMachine>(ref TStateMachine stateMachine)
      Error when dispatching 'OnConnectedAsync' on hub.      
      ++++++++++++++++++++++++++++++++++++++++++++++++++++++++
      System.ArgumentNullException: Value cannot be null. (Parameter 'source')
         at System.Linq.ThrowHelper.ThrowArgumentNullException(ExceptionArgument argument)
         at System.Linq.Enumerable.TryGetFirst[TSource](IEnumerable`1 source, Func`2 predicate, Boolean& found)
         at System.Linq.Enumerable.FirstOrDefault[TSource](IEnumerable`1 source, Func`2 predicate)
         at Admin.NET.Core.OnlineUserHub.OnConnectedAsync() in C:\work\juai\api\Admin.NET.Core\Hub\OnlineUserHub.cs:line 49
         at Microsoft.AspNetCore.SignalR.Internal.DefaultHubDispatcher`1.OnConnectedAsync(HubConnectionContext connection)
         at Microsoft.AspNetCore.SignalR.Internal.DefaultHubDispatcher`1.OnConnectedAsync(HubConnectionContext connection)
         at Microsoft.AspNetCore.SignalR.HubConnectionHandler`1.RunHubAsync(HubConnectionContext connection)
      ++++++++++++++++++++++++++++++++++++++++++++++++++++++++
fail: 2023-09-26 21:49:05.6400062 +08:00 星期二 L Microsoft.AspNetCore.SignalR.HubConnectionHandler[1] #21
      [System.Private.CoreLib.dll] void System.Runtime.CompilerServices.AsyncMethodBuilderCore.Start<TStateMachine>(ref TStateMachine stateMachine)
      Error when dispatching 'OnConnectedAsync' on hub.      
      ++++++++++++++++++++++++++++++++++++++++++++++++++++++++
      System.ArgumentNullException: Value cannot be null. (Parameter 'source')
         at System.Linq.ThrowHelper.ThrowArgumentNullException(ExceptionArgument argument)
         at System.Linq.Enumerable.TryGetFirst[TSource](IEnumerable`1 source, Func`2 predicate, Boolean& found)
         at System.Linq.Enumerable.FirstOrDefault[TSource](IEnumerable`1 source, Func`2 predicate)
         at Admin.NET.Core.OnlineUserHub.OnConnectedAsync() in C:\work\juai\api\Admin.NET.Core\Hub\OnlineUserHub.cs:line 49
         at Microsoft.AspNetCore.SignalR.Internal.DefaultHubDispatcher`1.OnConnectedAsync(HubConnectionContext connection)
         at Microsoft.AspNetCore.SignalR.Internal.DefaultHubDispatcher`1.OnConnectedAsync(HubConnectionContext connection)
         at Microsoft.AspNetCore.SignalR.HubConnectionHandler`1.RunHubAsync(HubConnectionContext connection)
      ++++++++++++++++++++++++++++++++++++++++++++++++++++++++
fail: 2023-09-26 21:50:32.2770066 +08:00 星期二 L Microsoft.AspNetCore.SignalR.HubConnectionHandler[1] #21
      [System.Private.CoreLib.dll] void System.Runtime.CompilerServices.AsyncMethodBuilderCore.Start<TStateMachine>(ref TStateMachine stateMachine)
      Error when dispatching 'OnConnectedAsync' on hub.      
      ++++++++++++++++++++++++++++++++++++++++++++++++++++++++
      System.ArgumentNullException: Value cannot be null. (Parameter 'source')
         at System.Linq.ThrowHelper.ThrowArgumentNullException(ExceptionArgument argument)
         at System.Linq.Enumerable.TryGetFirst[TSource](IEnumerable`1 source, Func`2 predicate, Boolean& found)
         at System.Linq.Enumerable.FirstOrDefault[TSource](IEnumerable`1 source, Func`2 predicate)
         at Admin.NET.Core.OnlineUserHub.OnConnectedAsync() in C:\work\juai\api\Admin.NET.Core\Hub\OnlineUserHub.cs:line 49
         at Microsoft.AspNetCore.SignalR.Internal.DefaultHubDispatcher`1.OnConnectedAsync(HubConnectionContext connection)
         at Microsoft.AspNetCore.SignalR.Internal.DefaultHubDispatcher`1.OnConnectedAsync(HubConnectionContext connection)
         at Microsoft.AspNetCore.SignalR.HubConnectionHandler`1.RunHubAsync(HubConnectionContext connection)
      ++++++++++++++++++++++++++++++++++++++++++++++++++++++++
fail: 2023-09-26 21:50:46.0400608 +08:00 星期二 L Microsoft.AspNetCore.SignalR.HubConnectionHandler[1] #65
      [System.Private.CoreLib.dll] void System.Runtime.CompilerServices.AsyncMethodBuilderCore.Start<TStateMachine>(ref TStateMachine stateMachine)
      Error when dispatching 'OnConnectedAsync' on hub.      
      ++++++++++++++++++++++++++++++++++++++++++++++++++++++++
      System.ArgumentNullException: Value cannot be null. (Parameter 'source')
         at System.Linq.ThrowHelper.ThrowArgumentNullException(ExceptionArgument argument)
         at System.Linq.Enumerable.TryGetFirst[TSource](IEnumerable`1 source, Func`2 predicate, Boolean& found)
         at System.Linq.Enumerable.FirstOrDefault[TSource](IEnumerable`1 source, Func`2 predicate)
         at Admin.NET.Core.OnlineUserHub.OnConnectedAsync() in C:\work\juai\api\Admin.NET.Core\Hub\OnlineUserHub.cs:line 49
         at Microsoft.AspNetCore.SignalR.Internal.DefaultHubDispatcher`1.OnConnectedAsync(HubConnectionContext connection)
         at Microsoft.AspNetCore.SignalR.Internal.DefaultHubDispatcher`1.OnConnectedAsync(HubConnectionContext connection)
         at Microsoft.AspNetCore.SignalR.HubConnectionHandler`1.RunHubAsync(HubConnectionContext connection)
      ++++++++++++++++++++++++++++++++++++++++++++++++++++++++
fail: 2023-09-26 21:50:57.9916752 +08:00 星期二 L Microsoft.AspNetCore.SignalR.HubConnectionHandler[1] #59
      [System.Private.CoreLib.dll] void System.Runtime.CompilerServices.AsyncMethodBuilderCore.Start<TStateMachine>(ref TStateMachine stateMachine)
      Error when dispatching 'OnConnectedAsync' on hub.      
      ++++++++++++++++++++++++++++++++++++++++++++++++++++++++
      System.ArgumentNullException: Value cannot be null. (Parameter 'source')
         at System.Linq.ThrowHelper.ThrowArgumentNullException(ExceptionArgument argument)
         at System.Linq.Enumerable.TryGetFirst[TSource](IEnumerable`1 source, Func`2 predicate, Boolean& found)
         at System.Linq.Enumerable.FirstOrDefault[TSource](IEnumerable`1 source, Func`2 predicate)
         at Admin.NET.Core.OnlineUserHub.OnConnectedAsync() in C:\work\juai\api\Admin.NET.Core\Hub\OnlineUserHub.cs:line 49
         at Microsoft.AspNetCore.SignalR.Internal.DefaultHubDispatcher`1.OnConnectedAsync(HubConnectionContext connection)
         at Microsoft.AspNetCore.SignalR.Internal.DefaultHubDispatcher`1.OnConnectedAsync(HubConnectionContext connection)
         at Microsoft.AspNetCore.SignalR.HubConnectionHandler`1.RunHubAsync(HubConnectionContext connection)
      ++++++++++++++++++++++++++++++++++++++++++++++++++++++++
fail: 2023-09-26 21:51:20.6444875 +08:00 星期二 L Microsoft.AspNetCore.SignalR.HubConnectionHandler[1] #47
      [System.Private.CoreLib.dll] void System.Runtime.CompilerServices.AsyncMethodBuilderCore.Start<TStateMachine>(ref TStateMachine stateMachine)
      Error when dispatching 'OnConnectedAsync' on hub.      
      ++++++++++++++++++++++++++++++++++++++++++++++++++++++++
      System.ArgumentNullException: Value cannot be null. (Parameter 'source')
         at System.Linq.ThrowHelper.ThrowArgumentNullException(ExceptionArgument argument)
         at System.Linq.Enumerable.TryGetFirst[TSource](IEnumerable`1 source, Func`2 predicate, Boolean& found)
         at System.Linq.Enumerable.FirstOrDefault[TSource](IEnumerable`1 source, Func`2 predicate)
         at Admin.NET.Core.OnlineUserHub.OnConnectedAsync() in C:\work\juai\api\Admin.NET.Core\Hub\OnlineUserHub.cs:line 49
         at Microsoft.AspNetCore.SignalR.Internal.DefaultHubDispatcher`1.OnConnectedAsync(HubConnectionContext connection)
         at Microsoft.AspNetCore.SignalR.Internal.DefaultHubDispatcher`1.OnConnectedAsync(HubConnectionContext connection)
         at Microsoft.AspNetCore.SignalR.HubConnectionHandler`1.RunHubAsync(HubConnectionContext connection)
      ++++++++++++++++++++++++++++++++++++++++++++++++++++++++
fail: 2023-09-26 21:56:10.5062462 +08:00 星期二 L Microsoft.AspNetCore.SignalR.HubConnectionHandler[1] #32
      [System.Private.CoreLib.dll] void System.Runtime.CompilerServices.AsyncMethodBuilderCore.Start<TStateMachine>(ref TStateMachine stateMachine)
      Error when dispatching 'OnConnectedAsync' on hub.      
      ++++++++++++++++++++++++++++++++++++++++++++++++++++++++
      System.ArgumentNullException: Value cannot be null. (Parameter 'source')
         at System.Linq.ThrowHelper.ThrowArgumentNullException(ExceptionArgument argument)
         at System.Linq.Enumerable.TryGetFirst[TSource](IEnumerable`1 source, Func`2 predicate, Boolean& found)
         at System.Linq.Enumerable.FirstOrDefault[TSource](IEnumerable`1 source, Func`2 predicate)
         at Admin.NET.Core.OnlineUserHub.OnConnectedAsync() in C:\work\juai\api\Admin.NET.Core\Hub\OnlineUserHub.cs:line 49
         at Microsoft.AspNetCore.SignalR.Internal.DefaultHubDispatcher`1.OnConnectedAsync(HubConnectionContext connection)
         at Microsoft.AspNetCore.SignalR.Internal.DefaultHubDispatcher`1.OnConnectedAsync(HubConnectionContext connection)
         at Microsoft.AspNetCore.SignalR.HubConnectionHandler`1.RunHubAsync(HubConnectionContext connection)
      ++++++++++++++++++++++++++++++++++++++++++++++++++++++++
