fail: 2023-08-28 22:03:00.8191376 +08:00 星期一 L Microsoft.AspNetCore.SignalR.HubConnectionHandler[1] #47
      [Microsoft.AspNetCore.SignalR.Core.dll] async Task Microsoft.AspNetCore.SignalR.HubConnectionHandler<THub>.RunHubAsync(HubConnectionContext connection)
      Error when dispatching 'OnConnectedAsync' on hub.      
      ++++++++++++++++++++++++++++++++++++++++++++++++++++++++
      System.ArgumentNullException: Value cannot be null. (Parameter 'source')
         at System.Linq.ThrowHelper.ThrowArgumentNullException(ExceptionArgument argument)
         at System.Linq.Enumerable.TryGetFirst[TSource](IEnumerable`1 source, Func`2 predicate, Boolean& found)
         at System.Linq.Enumerable.FirstOrDefault[TSource](IEnumerable`1 source, Func`2 predicate)
         at Admin.NET.Core.OnlineUserHub.OnConnectedAsync() in C:\work\juai\admin.net\Admin.NET.Core\Hub\OnlineUserHub.cs:line 49
         at Microsoft.AspNetCore.SignalR.Internal.DefaultHubDispatcher`1.OnConnectedAsync(HubConnectionContext connection)
         at Microsoft.AspNetCore.SignalR.Internal.DefaultHubDispatcher`1.OnConnectedAsync(HubConnectionContext connection)
         at Microsoft.AspNetCore.SignalR.HubConnectionHandler`1.RunHubAsync(HubConnectionContext connection)
      ++++++++++++++++++++++++++++++++++++++++++++++++++++++++
fail: 2023-08-28 22:03:07.7946889 +08:00 星期一 L Microsoft.AspNetCore.SignalR.HubConnectionHandler[1] #51
      [Microsoft.AspNetCore.SignalR.Core.dll] async Task Microsoft.AspNetCore.SignalR.HubConnectionHandler<THub>.RunHubAsync(HubConnectionContext connection)
      Error when dispatching 'OnConnectedAsync' on hub.      
      ++++++++++++++++++++++++++++++++++++++++++++++++++++++++
      System.ArgumentNullException: Value cannot be null. (Parameter 'source')
         at System.Linq.ThrowHelper.ThrowArgumentNullException(ExceptionArgument argument)
         at System.Linq.Enumerable.TryGetFirst[TSource](IEnumerable`1 source, Func`2 predicate, Boolean& found)
         at System.Linq.Enumerable.FirstOrDefault[TSource](IEnumerable`1 source, Func`2 predicate)
         at Admin.NET.Core.OnlineUserHub.OnConnectedAsync() in C:\work\juai\admin.net\Admin.NET.Core\Hub\OnlineUserHub.cs:line 49
         at Microsoft.AspNetCore.SignalR.Internal.DefaultHubDispatcher`1.OnConnectedAsync(HubConnectionContext connection)
         at Microsoft.AspNetCore.SignalR.Internal.DefaultHubDispatcher`1.OnConnectedAsync(HubConnectionContext connection)
         at Microsoft.AspNetCore.SignalR.HubConnectionHandler`1.RunHubAsync(HubConnectionContext connection)
      ++++++++++++++++++++++++++++++++++++++++++++++++++++++++
fail: 2023-08-28 22:03:19.5686109 +08:00 星期一 L Microsoft.AspNetCore.SignalR.HubConnectionHandler[1] #35
      [Microsoft.AspNetCore.SignalR.Core.dll] async Task Microsoft.AspNetCore.SignalR.HubConnectionHandler<THub>.RunHubAsync(HubConnectionContext connection)
      Error when dispatching 'OnConnectedAsync' on hub.      
      ++++++++++++++++++++++++++++++++++++++++++++++++++++++++
      System.ArgumentNullException: Value cannot be null. (Parameter 'source')
         at System.Linq.ThrowHelper.ThrowArgumentNullException(ExceptionArgument argument)
         at System.Linq.Enumerable.TryGetFirst[TSource](IEnumerable`1 source, Func`2 predicate, Boolean& found)
         at System.Linq.Enumerable.FirstOrDefault[TSource](IEnumerable`1 source, Func`2 predicate)
         at Admin.NET.Core.OnlineUserHub.OnConnectedAsync() in C:\work\juai\admin.net\Admin.NET.Core\Hub\OnlineUserHub.cs:line 49
         at Microsoft.AspNetCore.SignalR.Internal.DefaultHubDispatcher`1.OnConnectedAsync(HubConnectionContext connection)
         at Microsoft.AspNetCore.SignalR.Internal.DefaultHubDispatcher`1.OnConnectedAsync(HubConnectionContext connection)
         at Microsoft.AspNetCore.SignalR.HubConnectionHandler`1.RunHubAsync(HubConnectionContext connection)
      ++++++++++++++++++++++++++++++++++++++++++++++++++++++++
fail: 2023-08-28 22:04:08.5812077 +08:00 星期一 L Microsoft.AspNetCore.SignalR.HubConnectionHandler[1] #47
      [Microsoft.AspNetCore.SignalR.Core.dll] async Task Microsoft.AspNetCore.SignalR.HubConnectionHandler<THub>.RunHubAsync(HubConnectionContext connection)
      Error when dispatching 'OnConnectedAsync' on hub.      
      ++++++++++++++++++++++++++++++++++++++++++++++++++++++++
      System.ArgumentNullException: Value cannot be null. (Parameter 'source')
         at System.Linq.ThrowHelper.ThrowArgumentNullException(ExceptionArgument argument)
         at System.Linq.Enumerable.TryGetFirst[TSource](IEnumerable`1 source, Func`2 predicate, Boolean& found)
         at System.Linq.Enumerable.FirstOrDefault[TSource](IEnumerable`1 source, Func`2 predicate)
         at Admin.NET.Core.OnlineUserHub.OnConnectedAsync() in C:\work\juai\admin.net\Admin.NET.Core\Hub\OnlineUserHub.cs:line 49
         at Microsoft.AspNetCore.SignalR.Internal.DefaultHubDispatcher`1.OnConnectedAsync(HubConnectionContext connection)
         at Microsoft.AspNetCore.SignalR.Internal.DefaultHubDispatcher`1.OnConnectedAsync(HubConnectionContext connection)
         at Microsoft.AspNetCore.SignalR.HubConnectionHandler`1.RunHubAsync(HubConnectionContext connection)
      ++++++++++++++++++++++++++++++++++++++++++++++++++++++++
fail: 2023-08-28 22:04:19.7663469 +08:00 星期一 L Microsoft.AspNetCore.SignalR.HubConnectionHandler[1] #32
      [Microsoft.AspNetCore.SignalR.Core.dll] async Task Microsoft.AspNetCore.SignalR.HubConnectionHandler<THub>.RunHubAsync(HubConnectionContext connection)
      Error when dispatching 'OnConnectedAsync' on hub.      
      ++++++++++++++++++++++++++++++++++++++++++++++++++++++++
      System.ArgumentNullException: Value cannot be null. (Parameter 'source')
         at System.Linq.ThrowHelper.ThrowArgumentNullException(ExceptionArgument argument)
         at System.Linq.Enumerable.TryGetFirst[TSource](IEnumerable`1 source, Func`2 predicate, Boolean& found)
         at System.Linq.Enumerable.FirstOrDefault[TSource](IEnumerable`1 source, Func`2 predicate)
         at Admin.NET.Core.OnlineUserHub.OnConnectedAsync() in C:\work\juai\admin.net\Admin.NET.Core\Hub\OnlineUserHub.cs:line 49
         at Microsoft.AspNetCore.SignalR.Internal.DefaultHubDispatcher`1.OnConnectedAsync(HubConnectionContext connection)
         at Microsoft.AspNetCore.SignalR.Internal.DefaultHubDispatcher`1.OnConnectedAsync(HubConnectionContext connection)
         at Microsoft.AspNetCore.SignalR.HubConnectionHandler`1.RunHubAsync(HubConnectionContext connection)
      ++++++++++++++++++++++++++++++++++++++++++++++++++++++++
