warn: 2024-12-29 00:04:27.3710018 +08:00 星期日 L System.Logging.ScheduleService[0] #1
      [Furion.Pure.dll] void Furion.Schedule.ScheduleLogger.Log(LogLevel logLevel, string message, object[] args, Exception ex)
      Schedule hosted service preload completed, and a total of <0> schedulers are appended.
warn: 2024-12-29 00:04:27.3853319 +08:00 星期日 L System.Logging.ScheduleService[0] #1
      [Furion.Pure.dll] void Furion.Schedule.ScheduleLogger.Log(LogLevel logLevel, string message, object[] args, Exception ex)
      Schedule hosted service will sleep until it wakes up.
warn: 2024-12-29 17:09:44.2340362 +08:00 星期日 L System.Logging.ScheduleService[0] #1
      [Furion.Pure.dll] void Furion.Schedule.ScheduleLogger.Log(LogLevel logLevel, string message, object[] args, Exception ex)
      Schedule hosted service preload completed, and a total of <0> schedulers are appended.
warn: 2024-12-29 17:09:44.2616096 +08:00 星期日 L System.Logging.ScheduleService[0] #1
      [Furion.Pure.dll] void Furion.Schedule.ScheduleLogger.Log(LogLevel logLevel, string message, object[] args, Exception ex)
      Schedule hosted service will sleep until it wakes up.
warn: 2024-12-29 20:44:30.2773479 +08:00 星期日 L System.Logging.ScheduleService[0] #1
      [Furion.Pure.dll] void Furion.Schedule.ScheduleLogger.Log(LogLevel logLevel, string message, object[] args, Exception ex)
      Schedule hosted service preload completed, and a total of <2> schedulers are appended.
warn: 2024-12-29 21:38:44.8843671 +08:00 星期日 L System.Logging.ScheduleService[0] #1
      [Furion.Pure.dll] void Furion.Schedule.ScheduleLogger.Log(LogLevel logLevel, string message, object[] args, Exception ex)
      Schedule hosted service preload completed, and a total of <2> schedulers are appended.
warn: 2024-12-29 21:43:34.0608575 +08:00 星期日 L System.Logging.ScheduleService[0] #1
      [Furion.Pure.dll] void Furion.Schedule.ScheduleLogger.Log(LogLevel logLevel, string message, object[] args, Exception ex)
      Schedule hosted service preload completed, and a total of <2> schedulers are appended.
warn: 2024-12-29 21:45:54.8805196 +08:00 星期日 L System.Logging.ScheduleService[0] #1
      [Furion.Pure.dll] void Furion.Schedule.ScheduleLogger.Log(LogLevel logLevel, string message, object[] args, Exception ex)
      Schedule hosted service preload completed, and a total of <2> schedulers are appended.
warn: 2024-12-29 21:55:08.3689349 +08:00 星期日 L Microsoft.AspNetCore.Diagnostics.ExceptionHandlerMiddleware[2] #22 '00-0a255ff4673dffd14bea97093c7a85ad-16e5d0ff05206e09-00'
      [Microsoft.AspNetCore.Diagnostics.dll] async Task Microsoft.AspNetCore.Diagnostics.ExceptionHandlerMiddlewareImpl.HandleException(HttpContext context, ExceptionDispatchInfo edi)
      The response has already started, the error handler will not be executed.
warn: 2024-12-29 21:58:35.1270325 +08:00 星期日 L Microsoft.AspNetCore.Diagnostics.ExceptionHandlerMiddleware[2] #7 '00-ede96beb6149577bff841304933d05b4-b719c76c5d403f5d-00'
      [Microsoft.AspNetCore.Diagnostics.dll] async Task Microsoft.AspNetCore.Diagnostics.ExceptionHandlerMiddlewareImpl.HandleException(HttpContext context, ExceptionDispatchInfo edi)
      The response has already started, the error handler will not be executed.
warn: 2024-12-29 22:12:45.8748495 +08:00 星期日 L System.Logging.ScheduleService[0] #1
      [Furion.Pure.dll] void Furion.Schedule.ScheduleLogger.Log(LogLevel logLevel, string message, object[] args, Exception ex)
      Schedule hosted service preload completed, and a total of <0> schedulers are appended.
warn: 2024-12-29 22:12:45.9027391 +08:00 星期日 L System.Logging.ScheduleService[0] #1
      [Furion.Pure.dll] void Furion.Schedule.ScheduleLogger.Log(LogLevel logLevel, string message, object[] args, Exception ex)
      Schedule hosted service will sleep until it wakes up.
warn: 2024-12-29 22:22:39.5675387 +08:00 星期日 L System.Logging.ScheduleService[0] #1
      [Furion.Pure.dll] void Furion.Schedule.ScheduleLogger.Log(LogLevel logLevel, string message, object[] args, Exception ex)
      Schedule hosted service preload completed, and a total of <2> schedulers are appended.
warn: 2024-12-29 22:22:57.5258163 +08:00 星期日 L Microsoft.AspNetCore.Diagnostics.ExceptionHandlerMiddleware[2] #7 '00-9986b6cfefe17fb6b928e3ca27ea66bc-e0f9f881fcad543e-00'
      [Microsoft.AspNetCore.Diagnostics.dll] async Task Microsoft.AspNetCore.Diagnostics.ExceptionHandlerMiddlewareImpl.HandleException(HttpContext context, ExceptionDispatchInfo edi)
      The response has already started, the error handler will not be executed.
warn: 2024-12-29 22:25:32.3303141 +08:00 星期日 L Microsoft.AspNetCore.Diagnostics.ExceptionHandlerMiddleware[2] #25 '00-ec9c61bc63bd406a9f896c5ddc95a505-b1eb6d46dcda3665-00'
      [Microsoft.AspNetCore.Diagnostics.dll] async Task Microsoft.AspNetCore.Diagnostics.ExceptionHandlerMiddlewareImpl.HandleException(HttpContext context, ExceptionDispatchInfo edi)
      The response has already started, the error handler will not be executed.
warn: 2024-12-29 22:27:27.1994569 +08:00 星期日 L System.Logging.ScheduleService[0] #1
      [Furion.Pure.dll] void Furion.Schedule.ScheduleLogger.Log(LogLevel logLevel, string message, object[] args, Exception ex)
      Schedule hosted service preload completed, and a total of <0> schedulers are appended.
warn: 2024-12-29 22:27:27.2113694 +08:00 星期日 L System.Logging.ScheduleService[0] #1
      [Furion.Pure.dll] void Furion.Schedule.ScheduleLogger.Log(LogLevel logLevel, string message, object[] args, Exception ex)
      Schedule hosted service will sleep until it wakes up.
