fail: 2024-04-17 23:11:11.1648246 +08:00 星期三 L Microsoft.AspNetCore.Diagnostics.ExceptionHandlerMiddleware[1] #93 '00-9dc990fcaf9fb1dc956adae760653a9c-f9cb8d98ba91e375-00'
      [Microsoft.AspNetCore.Diagnostics.dll] void Microsoft.AspNetCore.Diagnostics.DiagnosticsTelemetry.ReportUnhandledException(ILogger logger, HttpContext context, Exception ex)
      An unhandled exception has occurred while executing the request.      
      ++++++++++++++++++++++++++++++++++++++++++++++++++++++++
      Microsoft.AspNetCore.Routing.Matching.AmbiguousMatchException: The request matched multiple endpoints. Matches: 
      
      Admin.NET.Core.JuAI.Service.PromptService.Post (Admin.NET.Core.JuAI)
      Admin.NET.Core.JuAI.Service.PromptService.Post (Admin.NET.Core.JuAI)
         at Microsoft.AspNetCore.Routing.Matching.DefaultEndpointSelector.ReportAmbiguity(Span`1 candidateState)
         at Microsoft.AspNetCore.Routing.Matching.DefaultEndpointSelector.ProcessFinalCandidates(HttpContext httpContext, Span`1 candidateState)
         at Microsoft.AspNetCore.Routing.Matching.DefaultEndpointSelector.Select(HttpContext httpContext, Span`1 candidateState)
         at Microsoft.AspNetCore.Routing.Matching.DfaMatcher.MatchAsync(HttpContext httpContext)
         at Microsoft.AspNetCore.Routing.EndpointRoutingMiddleware.Invoke(HttpContext httpContext)
         at Microsoft.AspNetCore.StaticFiles.StaticFileMiddleware.Invoke(HttpContext context)
         at SixLabors.ImageSharp.Web.Middleware.ImageSharpMiddleware.Invoke(HttpContext httpContext, Boolean retry)
         at Microsoft.AspNetCore.Localization.RequestLocalizationMiddleware.Invoke(HttpContext context)
         at Furion.UnifyResult.UnifyResultStatusCodesMiddleware.InvokeAsync(HttpContext context) in D:\work\juai\api\Plugins\Furion.Pure\UnifyResult\Middlewares\UnifyResultStatusCodesMiddleware.cs:line 48
         at Microsoft.AspNetCore.Diagnostics.ExceptionHandlerMiddlewareImpl.<Invoke>g__Awaited|10_0(ExceptionHandlerMiddlewareImpl middleware, HttpContext context, Task task)
      ++++++++++++++++++++++++++++++++++++++++++++++++++++++++
fail: 2024-04-17 23:11:11.2422288 +08:00 星期三 L Microsoft.AspNetCore.Server.Kestrel[13] #93 '00-9dc990fcaf9fb1dc956adae760653a9c-f9cb8d98ba91e375-00'
      [Microsoft.AspNetCore.Server.Kestrel.Core.dll] async Task Microsoft.AspNetCore.Server.Kestrel.Core.Internal.Http.HttpProtocol.ProcessRequests<TContext>(IHttpApplication<TContext> application)
      Connection id "0HN2USQQF2PMN", Request id "0HN2USQQF2PMN:00000001": An unhandled exception was thrown by the application.      
      ++++++++++++++++++++++++++++++++++++++++++++++++++++++++
      System.InvalidOperationException: The exception handler configured on ExceptionHandlerOptions produced a 404 status response. This InvalidOperationException containing the original exception was thrown since this is often due to a misconfigured ExceptionHandlingPath. If the exception handler is expected to return 404 status responses then set AllowStatusCode404Response to true.
       ---> Microsoft.AspNetCore.Routing.Matching.AmbiguousMatchException: The request matched multiple endpoints. Matches: 
      
      Admin.NET.Core.JuAI.Service.PromptService.Post (Admin.NET.Core.JuAI)
      Admin.NET.Core.JuAI.Service.PromptService.Post (Admin.NET.Core.JuAI)
         at Microsoft.AspNetCore.Routing.Matching.DefaultEndpointSelector.ReportAmbiguity(Span`1 candidateState)
         at Microsoft.AspNetCore.Routing.Matching.DefaultEndpointSelector.ProcessFinalCandidates(HttpContext httpContext, Span`1 candidateState)
         at Microsoft.AspNetCore.Routing.Matching.DefaultEndpointSelector.Select(HttpContext httpContext, Span`1 candidateState)
         at Microsoft.AspNetCore.Routing.Matching.DfaMatcher.MatchAsync(HttpContext httpContext)
         at Microsoft.AspNetCore.Routing.EndpointRoutingMiddleware.Invoke(HttpContext httpContext)
         at Microsoft.AspNetCore.StaticFiles.StaticFileMiddleware.Invoke(HttpContext context)
         at SixLabors.ImageSharp.Web.Middleware.ImageSharpMiddleware.Invoke(HttpContext httpContext, Boolean retry)
         at Microsoft.AspNetCore.Localization.RequestLocalizationMiddleware.Invoke(HttpContext context)
         at Furion.UnifyResult.UnifyResultStatusCodesMiddleware.InvokeAsync(HttpContext context) in D:\work\juai\api\Plugins\Furion.Pure\UnifyResult\Middlewares\UnifyResultStatusCodesMiddleware.cs:line 48
         at Microsoft.AspNetCore.Diagnostics.ExceptionHandlerMiddlewareImpl.<Invoke>g__Awaited|10_0(ExceptionHandlerMiddlewareImpl middleware, HttpContext context, Task task)
         --- End of inner exception stack trace ---
         at Microsoft.AspNetCore.Diagnostics.ExceptionHandlerMiddlewareImpl.HandleException(HttpContext context, ExceptionDispatchInfo edi)
         at Microsoft.AspNetCore.Diagnostics.ExceptionHandlerMiddlewareImpl.<Invoke>g__Awaited|10_0(ExceptionHandlerMiddlewareImpl middleware, HttpContext context, Task task)
         at Furion.StartupFilter.<>c__DisplayClass0_1.<<Configure>b__1>d.MoveNext() in D:\work\juai\api\Plugins\Furion.Pure\App\Filters\StartupFilter.cs:line 57
      --- End of stack trace from previous location ---
         at Microsoft.AspNetCore.Watch.BrowserRefresh.BrowserRefreshMiddleware.InvokeAsync(HttpContext context)
         at Microsoft.AspNetCore.Server.Kestrel.Core.Internal.Http.HttpProtocol.ProcessRequests[TContext](IHttpApplication`1 application)
      ++++++++++++++++++++++++++++++++++++++++++++++++++++++++
