info: 2024-04-04 17:21:45.3069535 +08:00 星期四 L System.Logging.TaskQueueService[0] #1
      [Furion.Pure.dll] async Task Furion.TaskQueue.TaskQueueHostedService.ExecuteAsync(CancellationToken stoppingToken)
      TaskQueue hosted service is running.
info: 2024-04-04 17:21:45.3342707 +08:00 星期四 L System.Logging.ScheduleService[0] #1
      [Furion.Pure.dll] void Furion.Schedule.ScheduleLogger.LogInformation(string message, params object[] args)
      Schedule hosted service is running.
info: 2024-04-04 17:21:45.3363795 +08:00 星期四 L System.Logging.ScheduleService[0] #1
      [Furion.Pure.dll] void Furion.Schedule.ScheduleLogger.LogInformation(string message, params object[] args)
      Schedule hosted service is preloading...
info: 2024-04-04 17:21:46.2928124 +08:00 星期四 L System.Logging.ScheduleService[0] #1
      [Furion.Pure.dll] void Furion.Schedule.ScheduleLogger.LogInformation(string message, params object[] args)
      The <trigger_log> trigger for scheduler of <job_log> successfully appended and updated to the schedule.
info: 2024-04-04 17:21:46.2941971 +08:00 星期四 L System.Logging.ScheduleService[0] #1
      [Furion.Pure.dll] void Furion.Schedule.ScheduleLogger.LogInformation(string message, params object[] args)
      The scheduler of <job_log> successfully appended and updated to the schedule.
info: 2024-04-04 17:21:46.3022702 +08:00 星期四 L System.Logging.ScheduleService[0] #1
      [Furion.Pure.dll] void Furion.Schedule.ScheduleLogger.LogInformation(string message, params object[] args)
      The <trigger_onlineUser> trigger for scheduler of <job_onlineUser> successfully appended and updated to the schedule.
info: 2024-04-04 17:21:46.3034119 +08:00 星期四 L System.Logging.ScheduleService[0] #1
      [Furion.Pure.dll] void Furion.Schedule.ScheduleLogger.LogInformation(string message, params object[] args)
      The scheduler of <job_onlineUser> successfully appended and updated to the schedule.
info: 2024-04-04 17:21:53.2803562 +08:00 星期四 L System.Logging.LoggingMonitor[0] #9 '00-11e1e4d74ea8d5aa89a6db8f5c746b42-cdbb88ff0ef1578e-00'
      [System.Private.CoreLib.dll] void System.Runtime.CompilerServices.AsyncTaskMethodBuilder<TResult>+AsyncStateMachineBox<TStateMachine>.MoveNext(Thread threadPoolThread)
      ┏━━━━━━━━━━━  Logging Monitor ━━━━━━━━━━━
      ┣ Admin.NET.Core.JuAI.JuAIService.GetSysNoticeCount
      ┣ 
      ┣ 控制器名称：                JuAIService
      ┣ 操作名称：                  GetSysNoticeCount
      ┣ 显示名称：                  系统消息数量
      ┣ 路由信息：                  [area]: ; [controller]: juAI; [action]: sysNoticeCount
      ┣ 请求方式：                  GET
      ┣ 请求地址：                  http://localhost:5005/app/api/juai/SysNoticeCount
      ┣ 来源地址：                  http://localhost:9527/home
      ┣ 请求端源：                  client
      ┣ 浏览器标识：                Mozilla/5.0 (Windows NT 10.0; Win64; x64) AppleWebKit/537.36 (KHTML, like Gecko) Chrome/123.0.0.0 Safari/537.36
      ┣ 客户端区域语言：            zh-CN,zh;q=0.9
      ┣ 客户端 IP 地址：            127.0.0.1
      ┣ 服务端 IP 地址：            127.0.0.1
      ┣ 客户端连接 ID：             00-11e1e4d74ea8d5aa89a6db8f5c746b42-cdbb88ff0ef1578e-00
      ┣ 服务线程 ID：               #4
      ┣ 执行耗时：                  77ms
      ┣ ━━━━━━━━━━━━━━━  Cookies ━━━━━━━━━━━━━━━
      ┣ 请求端：                    
      ┣ 响应端：                    
      ┣ ━━━━━━━━━━━━━━━  系统信息 ━━━━━━━━━━━━━━━
      ┣ 系统名称：                  Microsoft Windows 10.0.19045
      ┣ 系统架构：                  X64
      ┣ 基础框架：                  Furion.Pure v1.0.0.0
      ┣ .NET 架构：                 .NET 8.0.0
      ┣ ━━━━━━━━━━━━━━━  启动信息 ━━━━━━━━━━━━━━━
      ┣ 运行环境：                  Production
      ┣ 启动程序集：                Admin.NET.Web.Entry
      ┣ 进程名称：                  Admin.NET.Web.Entry
      ┣ 托管程序：                  Kestrel
      ┣ ━━━━━━━━━━━━━━━  请求头信息 ━━━━━━━━━━━━━━━
      ┣ 
      ┣ Accept：                    application/json, text/plain, */*
      ┣ Connection：                close
      ┣ Host：                      localhost:5005
      ┣ User-Agent：                Mozilla/5.0 (Windows NT 10.0; Win64; x64) AppleWebKit/537.36 (KHTML, like Gecko) Chrome/123.0.0.0 Safari/537.36
      ┣ Accept-Encoding：           gzip, deflate, br, zstd
      ┣ Accept-Language：           zh-CN,zh;q=0.9
      ┣ Authorization：             Bearer eyJhbGciOiJIUzI1NiIsInR5cCI6IkpXVCJ9.eyJVc2VySWQiOjE0MjEzNDI2MzI3ODc3LCJUZW5hbnRJZCI6MTMwMDAwMDAwMDAwMSwiQWNjb3VudCI6IjE4NjAwNzY2MDQ1IiwiTmlja05hbWUiOiLmgKrlhb3mnaXkuoYiLCJBY2NvdW50VHlwZSI6Nzc3LCJpYXQiOjE3MTE1NDk4MTQsIm5iZiI6MTcxMTU0OTgxNCwiZXhwIjoxNzEyMTU0NjE0LCJpc3MiOiJndXhpbi5saW5rIiwiYXVkIjoiZ3V4aW4ubGluayJ9.ycU5AnLTEDJ4xrXoExEtjvqOmyMcFWnaFeMx5juJ1yQ
      ┣ Cache-Control：             no-cache
      ┣ Pragma：                    no-cache
      ┣ Referer：                   http://localhost:9527/home
      ┣ sec-fetch-dest：            empty
      ┣ sec-fetch-mode：            cors
      ┣ sec-fetch-site：            same-origin
      ┣ sec-ch-ua-platform：        "Windows"
      ┣ x-request-id：              HMQwSJvDIb0KD-Kik6Egq
      ┣ apifoxtoken：               XL299LiMEDZ0H5h3A29PxwQXdMJqWyY2
      ┣ sec-ch-ua-mobile：          ?0
      ┣ DNT：                       1
      ┣ sec-ch-ua：                 "Google Chrome";v="123", "Not:A-Brand";v="8", "Chromium";v="123"
      ┣ ━━━━━━━━━━━━━━━  返回信息 ━━━━━━━━━━━━━━━
      ┣ HTTP响应状态码：            200
      ┣ 原始类型：                  System.Threading.Tasks.Task<System.Object>
      ┣ 最终类型：                  Admin.NET.Core.AdminResult<System.Object>
      ┣ 最终返回值：                {"code":200,"type":"success","message":"","result":0,"extras":null,"time":"2024-04-04T17:21:53.2127306+08:00"}
      ┗━━━━━━━━━━━  Logging Monitor ━━━━━━━━━━━
info: 2024-04-04 17:23:44.0292848 +08:00 星期四 L System.Logging.LoggingMonitor[0] #21 '00-45918331d21368ce7bc8b2d8f35e2f8b-fa02629c60625f3c-00'
      [System.Private.CoreLib.dll] void System.Runtime.CompilerServices.AsyncTaskMethodBuilder<TResult>+AsyncStateMachineBox<TStateMachine>.MoveNext(Thread threadPoolThread)
      ┏━━━━━━━━━━━  Logging Monitor ━━━━━━━━━━━
      ┣ Admin.NET.Core.JuAI.JuAIService.GetSysNoticeCount
      ┣ 
      ┣ 控制器名称：                JuAIService
      ┣ 操作名称：                  GetSysNoticeCount
      ┣ 显示名称：                  系统消息数量
      ┣ 路由信息：                  [area]: ; [controller]: juAI; [action]: sysNoticeCount
      ┣ 请求方式：                  GET
      ┣ 请求地址：                  http://localhost:5005/app/api/juai/SysNoticeCount
      ┣ 来源地址：                  http://localhost:9527/home
      ┣ 请求端源：                  client
      ┣ 浏览器标识：                Mozilla/5.0 (Windows NT 10.0; Win64; x64) AppleWebKit/537.36 (KHTML, like Gecko) Chrome/123.0.0.0 Safari/537.36
      ┣ 客户端区域语言：            zh-CN,zh;q=0.9
      ┣ 客户端 IP 地址：            127.0.0.1
      ┣ 服务端 IP 地址：            127.0.0.1
      ┣ 客户端连接 ID：             00-45918331d21368ce7bc8b2d8f35e2f8b-fa02629c60625f3c-00
      ┣ 服务线程 ID：               #20
      ┣ 执行耗时：                  54ms
      ┣ ━━━━━━━━━━━━━━━  Cookies ━━━━━━━━━━━━━━━
      ┣ 请求端：                    
      ┣ 响应端：                    
      ┣ ━━━━━━━━━━━━━━━  系统信息 ━━━━━━━━━━━━━━━
      ┣ 系统名称：                  Microsoft Windows 10.0.19045
      ┣ 系统架构：                  X64
      ┣ 基础框架：                  Furion.Pure v1.0.0.0
      ┣ .NET 架构：                 .NET 8.0.0
      ┣ ━━━━━━━━━━━━━━━  启动信息 ━━━━━━━━━━━━━━━
      ┣ 运行环境：                  Production
      ┣ 启动程序集：                Admin.NET.Web.Entry
      ┣ 进程名称：                  Admin.NET.Web.Entry
      ┣ 托管程序：                  Kestrel
      ┣ ━━━━━━━━━━━━━━━  请求头信息 ━━━━━━━━━━━━━━━
      ┣ 
      ┣ Accept：                    application/json, text/plain, */*
      ┣ Connection：                close
      ┣ Host：                      localhost:5005
      ┣ User-Agent：                Mozilla/5.0 (Windows NT 10.0; Win64; x64) AppleWebKit/537.36 (KHTML, like Gecko) Chrome/123.0.0.0 Safari/537.36
      ┣ Accept-Encoding：           gzip, deflate, br, zstd
      ┣ Accept-Language：           zh-CN,zh;q=0.9
      ┣ Authorization：             Bearer eyJhbGciOiJIUzI1NiIsInR5cCI6IkpXVCJ9.eyJVc2VySWQiOjE0MjEzNDI2MzI3ODc3LCJUZW5hbnRJZCI6MTMwMDAwMDAwMDAwMSwiQWNjb3VudCI6IjE4NjAwNzY2MDQ1IiwiTmlja05hbWUiOiLmgKrlhb3mnaXkuoYiLCJBY2NvdW50VHlwZSI6Nzc3LCJpYXQiOjE3MTE1NDk4MTQsIm5iZiI6MTcxMTU0OTgxNCwiZXhwIjoxNzEyMTU0NjE0LCJpc3MiOiJndXhpbi5saW5rIiwiYXVkIjoiZ3V4aW4ubGluayJ9.ycU5AnLTEDJ4xrXoExEtjvqOmyMcFWnaFeMx5juJ1yQ
      ┣ Cache-Control：             no-cache
      ┣ Pragma：                    no-cache
      ┣ Referer：                   http://localhost:9527/home
      ┣ sec-fetch-dest：            empty
      ┣ sec-fetch-mode：            cors
      ┣ sec-fetch-site：            same-origin
      ┣ sec-ch-ua-platform：        "Windows"
      ┣ x-request-id：              mOpyrlPhszIfOQ7s9MSfR
      ┣ apifoxtoken：               XL299LiMEDZ0H5h3A29PxwQXdMJqWyY2
      ┣ sec-ch-ua-mobile：          ?0
      ┣ DNT：                       1
      ┣ sec-ch-ua：                 "Google Chrome";v="123", "Not:A-Brand";v="8", "Chromium";v="123"
      ┣ ━━━━━━━━━━━━━━━  返回信息 ━━━━━━━━━━━━━━━
      ┣ HTTP响应状态码：            200
      ┣ 原始类型：                  System.Threading.Tasks.Task<System.Object>
      ┣ 最终类型：                  Admin.NET.Core.AdminResult<System.Object>
      ┣ 最终返回值：                {"code":200,"type":"success","message":"","result":0,"extras":null,"time":"2024-04-04T17:23:44.0226938+08:00"}
      ┗━━━━━━━━━━━  Logging Monitor ━━━━━━━━━━━
info: 2024-04-04 17:25:19.6525669 +08:00 星期四 L System.Logging.TaskQueueService[0] #1
      [Furion.Pure.dll] async Task Furion.TaskQueue.TaskQueueHostedService.ExecuteAsync(CancellationToken stoppingToken)
      TaskQueue hosted service is running.
info: 2024-04-04 17:25:19.6791368 +08:00 星期四 L System.Logging.ScheduleService[0] #1
      [Furion.Pure.dll] void Furion.Schedule.ScheduleLogger.LogInformation(string message, params object[] args)
      Schedule hosted service is running.
info: 2024-04-04 17:25:19.6811691 +08:00 星期四 L System.Logging.ScheduleService[0] #1
      [Furion.Pure.dll] void Furion.Schedule.ScheduleLogger.LogInformation(string message, params object[] args)
      Schedule hosted service is preloading...
info: 2024-04-04 17:25:20.2798965 +08:00 星期四 L System.Logging.ScheduleService[0] #1
      [Furion.Pure.dll] void Furion.Schedule.ScheduleLogger.LogInformation(string message, params object[] args)
      The <trigger_log> trigger for scheduler of <job_log> successfully appended and updated to the schedule.
info: 2024-04-04 17:25:20.2818399 +08:00 星期四 L System.Logging.ScheduleService[0] #1
      [Furion.Pure.dll] void Furion.Schedule.ScheduleLogger.LogInformation(string message, params object[] args)
      The scheduler of <job_log> successfully appended and updated to the schedule.
info: 2024-04-04 17:25:20.2903413 +08:00 星期四 L System.Logging.ScheduleService[0] #1
      [Furion.Pure.dll] void Furion.Schedule.ScheduleLogger.LogInformation(string message, params object[] args)
      The <trigger_onlineUser> trigger for scheduler of <job_onlineUser> successfully appended and updated to the schedule.
info: 2024-04-04 17:25:20.2915093 +08:00 星期四 L System.Logging.ScheduleService[0] #1
      [Furion.Pure.dll] void Furion.Schedule.ScheduleLogger.LogInformation(string message, params object[] args)
      The scheduler of <job_onlineUser> successfully appended and updated to the schedule.
info: 2024-04-04 17:25:26.3209870 +08:00 星期四 L System.Logging.LoggingMonitor[0] #13 '00-baf315cfd441f3c2014c87f74f2b84dd-dcceb00d545d5d76-00'
      [System.Private.CoreLib.dll] void System.Runtime.CompilerServices.AsyncTaskMethodBuilder<TResult>+AsyncStateMachineBox<TStateMachine>.MoveNext(Thread threadPoolThread)
      ┏━━━━━━━━━━━  Logging Monitor ━━━━━━━━━━━
      ┣ Admin.NET.Core.JuAI.JuAIService.GetSysNoticeCount
      ┣ 
      ┣ 控制器名称：                JuAIService
      ┣ 操作名称：                  GetSysNoticeCount
      ┣ 显示名称：                  系统消息数量
      ┣ 路由信息：                  [area]: ; [controller]: juAI; [action]: sysNoticeCount
      ┣ 请求方式：                  GET
      ┣ 请求地址：                  http://localhost:5005/app/api/juai/SysNoticeCount
      ┣ 来源地址：                  http://localhost:9527/home
      ┣ 请求端源：                  client
      ┣ 浏览器标识：                Mozilla/5.0 (Windows NT 10.0; Win64; x64) AppleWebKit/537.36 (KHTML, like Gecko) Chrome/123.0.0.0 Safari/537.36
      ┣ 客户端区域语言：            zh-CN,zh;q=0.9
      ┣ 客户端 IP 地址：            127.0.0.1
      ┣ 服务端 IP 地址：            127.0.0.1
      ┣ 客户端连接 ID：             00-baf315cfd441f3c2014c87f74f2b84dd-dcceb00d545d5d76-00
      ┣ 服务线程 ID：               #24
      ┣ 执行耗时：                  78ms
      ┣ ━━━━━━━━━━━━━━━  Cookies ━━━━━━━━━━━━━━━
      ┣ 请求端：                    
      ┣ 响应端：                    
      ┣ ━━━━━━━━━━━━━━━  系统信息 ━━━━━━━━━━━━━━━
      ┣ 系统名称：                  Microsoft Windows 10.0.19045
      ┣ 系统架构：                  X64
      ┣ 基础框架：                  Furion.Pure v1.0.0.0
      ┣ .NET 架构：                 .NET 8.0.0
      ┣ ━━━━━━━━━━━━━━━  启动信息 ━━━━━━━━━━━━━━━
      ┣ 运行环境：                  Production
      ┣ 启动程序集：                Admin.NET.Web.Entry
      ┣ 进程名称：                  Admin.NET.Web.Entry
      ┣ 托管程序：                  Kestrel
      ┣ ━━━━━━━━━━━━━━━  请求头信息 ━━━━━━━━━━━━━━━
      ┣ 
      ┣ Accept：                    application/json, text/plain, */*
      ┣ Connection：                close
      ┣ Host：                      localhost:5005
      ┣ User-Agent：                Mozilla/5.0 (Windows NT 10.0; Win64; x64) AppleWebKit/537.36 (KHTML, like Gecko) Chrome/123.0.0.0 Safari/537.36
      ┣ Accept-Encoding：           gzip, deflate, br, zstd
      ┣ Accept-Language：           zh-CN,zh;q=0.9
      ┣ Authorization：             Bearer eyJhbGciOiJIUzI1NiIsInR5cCI6IkpXVCJ9.eyJVc2VySWQiOjE0MjEzNDI2MzI3ODc3LCJUZW5hbnRJZCI6MTMwMDAwMDAwMDAwMSwiQWNjb3VudCI6IjE4NjAwNzY2MDQ1IiwiTmlja05hbWUiOiLmgKrlhb3mnaXkuoYiLCJBY2NvdW50VHlwZSI6Nzc3LCJpYXQiOjE3MTE1NDk4MTQsIm5iZiI6MTcxMTU0OTgxNCwiZXhwIjoxNzEyMTU0NjE0LCJpc3MiOiJndXhpbi5saW5rIiwiYXVkIjoiZ3V4aW4ubGluayJ9.ycU5AnLTEDJ4xrXoExEtjvqOmyMcFWnaFeMx5juJ1yQ
      ┣ Cache-Control：             no-cache
      ┣ Pragma：                    no-cache
      ┣ Referer：                   http://localhost:9527/home
      ┣ sec-fetch-dest：            empty
      ┣ sec-fetch-mode：            cors
      ┣ sec-fetch-site：            same-origin
      ┣ sec-ch-ua-platform：        "Windows"
      ┣ x-request-id：              bDru9EHVqa4OOZCqAXo3F
      ┣ apifoxtoken：               XL299LiMEDZ0H5h3A29PxwQXdMJqWyY2
      ┣ sec-ch-ua-mobile：          ?0
      ┣ DNT：                       1
      ┣ sec-ch-ua：                 "Google Chrome";v="123", "Not:A-Brand";v="8", "Chromium";v="123"
      ┣ ━━━━━━━━━━━━━━━  返回信息 ━━━━━━━━━━━━━━━
      ┣ HTTP响应状态码：            200
      ┣ 原始类型：                  System.Threading.Tasks.Task<System.Object>
      ┣ 最终类型：                  Admin.NET.Core.AdminResult<System.Object>
      ┣ 最终返回值：                {"code":200,"type":"success","message":"","result":0,"extras":null,"time":"2024-04-04T17:25:26.2672184+08:00"}
      ┗━━━━━━━━━━━  Logging Monitor ━━━━━━━━━━━
info: 2024-04-04 17:25:26.4637490 +08:00 星期四 L System.Logging.LoggingMonitor[0] #23 '00-3dff361758c6f97506622fe072433da4-3dc5784344421757-00'
      [System.Private.CoreLib.dll] void System.Runtime.CompilerServices.AsyncTaskMethodBuilder<TResult>+AsyncStateMachineBox<TStateMachine>.MoveNext(Thread threadPoolThread)
      ┏━━━━━━━━━━━  Logging Monitor ━━━━━━━━━━━
      ┣ Admin.NET.Core.JuAI.JuAIService.GetMyStatistics
      ┣ 
      ┣ 控制器名称：                JuAIService
      ┣ 操作名称：                  GetMyStatistics
      ┣ 显示名称：                  我的统计
      ┣ 路由信息：                  [area]: ; [controller]: juAI; [action]: myStatistics
      ┣ 请求方式：                  GET
      ┣ 请求地址：                  http://localhost:5005/app/api/juai/MyStatistics
      ┣ 来源地址：                  http://localhost:9527/home
      ┣ 请求端源：                  client
      ┣ 浏览器标识：                Mozilla/5.0 (Windows NT 10.0; Win64; x64) AppleWebKit/537.36 (KHTML, like Gecko) Chrome/123.0.0.0 Safari/537.36
      ┣ 客户端区域语言：            zh-CN,zh;q=0.9
      ┣ 客户端 IP 地址：            127.0.0.1
      ┣ 服务端 IP 地址：            127.0.0.1
      ┣ 客户端连接 ID：             00-3dff361758c6f97506622fe072433da4-3dc5784344421757-00
      ┣ 服务线程 ID：               #23
      ┣ 执行耗时：                  266ms
      ┣ ━━━━━━━━━━━━━━━  Cookies ━━━━━━━━━━━━━━━
      ┣ 请求端：                    
      ┣ 响应端：                    
      ┣ ━━━━━━━━━━━━━━━  系统信息 ━━━━━━━━━━━━━━━
      ┣ 系统名称：                  Microsoft Windows 10.0.19045
      ┣ 系统架构：                  X64
      ┣ 基础框架：                  Furion.Pure v1.0.0.0
      ┣ .NET 架构：                 .NET 8.0.0
      ┣ ━━━━━━━━━━━━━━━  启动信息 ━━━━━━━━━━━━━━━
      ┣ 运行环境：                  Production
      ┣ 启动程序集：                Admin.NET.Web.Entry
      ┣ 进程名称：                  Admin.NET.Web.Entry
      ┣ 托管程序：                  Kestrel
      ┣ ━━━━━━━━━━━━━━━  请求头信息 ━━━━━━━━━━━━━━━
      ┣ 
      ┣ Accept：                    application/json, text/plain, */*
      ┣ Connection：                close
      ┣ Host：                      localhost:5005
      ┣ User-Agent：                Mozilla/5.0 (Windows NT 10.0; Win64; x64) AppleWebKit/537.36 (KHTML, like Gecko) Chrome/123.0.0.0 Safari/537.36
      ┣ Accept-Encoding：           gzip, deflate, br, zstd
      ┣ Accept-Language：           zh-CN,zh;q=0.9
      ┣ Authorization：             Bearer eyJhbGciOiJIUzI1NiIsInR5cCI6IkpXVCJ9.eyJVc2VySWQiOjE0MjEzNDI2MzI3ODc3LCJUZW5hbnRJZCI6MTMwMDAwMDAwMDAwMSwiQWNjb3VudCI6IjE4NjAwNzY2MDQ1IiwiTmlja05hbWUiOiLmgKrlhb3mnaXkuoYiLCJBY2NvdW50VHlwZSI6Nzc3LCJpYXQiOjE3MTE1NDk4MTQsIm5iZiI6MTcxMTU0OTgxNCwiZXhwIjoxNzEyMTU0NjE0LCJpc3MiOiJndXhpbi5saW5rIiwiYXVkIjoiZ3V4aW4ubGluayJ9.ycU5AnLTEDJ4xrXoExEtjvqOmyMcFWnaFeMx5juJ1yQ
      ┣ Cache-Control：             no-cache
      ┣ Pragma：                    no-cache
      ┣ Referer：                   http://localhost:9527/home
      ┣ sec-fetch-dest：            empty
      ┣ sec-fetch-mode：            cors
      ┣ sec-fetch-site：            same-origin
      ┣ sec-ch-ua-platform：        "Windows"
      ┣ x-request-id：              p0_tKNZL8bcmA9Qz-KgtF
      ┣ apifoxtoken：               XL299LiMEDZ0H5h3A29PxwQXdMJqWyY2
      ┣ sec-ch-ua-mobile：          ?0
      ┣ DNT：                       1
      ┣ sec-ch-ua：                 "Google Chrome";v="123", "Not:A-Brand";v="8", "Chromium";v="123"
      ┣ ━━━━━━━━━━━━━━━  返回信息 ━━━━━━━━━━━━━━━
      ┣ HTTP响应状态码：            200
      ┣ 原始类型：                  System.Threading.Tasks.Task<System.Object>
      ┣ 最终类型：                  Admin.NET.Core.AdminResult<System.Object>
      ┣ 最终返回值：                {"code":200,"type":"success","message":"","result":{"chatCount":0,"drawingCount":0,"jifenCount":null,"visitCount":0},"extras":null,"time":"2024-04-04T17:25:26.4565289+08:00"}
      ┗━━━━━━━━━━━  Logging Monitor ━━━━━━━━━━━
info: 2024-04-04 17:26:16.1584508 +08:00 星期四 L System.Logging.LoggingMonitor[0] #13 '00-bab2c3789f9723c60e22ba706c173c36-2a83be48aa47a017-00'
      [System.Private.CoreLib.dll] void System.Runtime.CompilerServices.AsyncTaskMethodBuilder<TResult>+AsyncStateMachineBox<TStateMachine>.MoveNext(Thread threadPoolThread)
      ┏━━━━━━━━━━━  Logging Monitor ━━━━━━━━━━━
      ┣ Admin.NET.Core.JuAI.JuAIService.GetSysNoticeCount
      ┣ 
      ┣ 控制器名称：                JuAIService
      ┣ 操作名称：                  GetSysNoticeCount
      ┣ 显示名称：                  系统消息数量
      ┣ 路由信息：                  [area]: ; [controller]: juAI; [action]: sysNoticeCount
      ┣ 请求方式：                  GET
      ┣ 请求地址：                  http://localhost:5005/app/api/juai/SysNoticeCount
      ┣ 来源地址：                  http://localhost:9527/home
      ┣ 请求端源：                  client
      ┣ 浏览器标识：                Mozilla/5.0 (Windows NT 10.0; Win64; x64) AppleWebKit/537.36 (KHTML, like Gecko) Chrome/123.0.0.0 Safari/537.36
      ┣ 客户端区域语言：            zh-CN,zh;q=0.9
      ┣ 客户端 IP 地址：            127.0.0.1
      ┣ 服务端 IP 地址：            127.0.0.1
      ┣ 客户端连接 ID：             00-bab2c3789f9723c60e22ba706c173c36-2a83be48aa47a017-00
      ┣ 服务线程 ID：               #24
      ┣ 执行耗时：                  108ms
      ┣ ━━━━━━━━━━━━━━━  Cookies ━━━━━━━━━━━━━━━
      ┣ 请求端：                    
      ┣ 响应端：                    
      ┣ ━━━━━━━━━━━━━━━  系统信息 ━━━━━━━━━━━━━━━
      ┣ 系统名称：                  Microsoft Windows 10.0.19045
      ┣ 系统架构：                  X64
      ┣ 基础框架：                  Furion.Pure v1.0.0.0
      ┣ .NET 架构：                 .NET 8.0.0
      ┣ ━━━━━━━━━━━━━━━  启动信息 ━━━━━━━━━━━━━━━
      ┣ 运行环境：                  Production
      ┣ 启动程序集：                Admin.NET.Web.Entry
      ┣ 进程名称：                  Admin.NET.Web.Entry
      ┣ 托管程序：                  Kestrel
      ┣ ━━━━━━━━━━━━━━━  请求头信息 ━━━━━━━━━━━━━━━
      ┣ 
      ┣ Accept：                    application/json, text/plain, */*
      ┣ Connection：                close
      ┣ Host：                      localhost:5005
      ┣ User-Agent：                Mozilla/5.0 (Windows NT 10.0; Win64; x64) AppleWebKit/537.36 (KHTML, like Gecko) Chrome/123.0.0.0 Safari/537.36
      ┣ Accept-Encoding：           gzip, deflate, br, zstd
      ┣ Accept-Language：           zh-CN,zh;q=0.9
      ┣ Authorization：             Bearer eyJhbGciOiJIUzI1NiIsInR5cCI6IkpXVCJ9.eyJVc2VySWQiOjE0MjEzNDI2MzI3ODc3LCJUZW5hbnRJZCI6MTMwMDAwMDAwMDAwMSwiQWNjb3VudCI6IjE4NjAwNzY2MDQ1IiwiTmlja05hbWUiOiLmgKrlhb3mnaXkuoYiLCJBY2NvdW50VHlwZSI6Nzc3LCJpYXQiOjE3MTE1NDk4MTQsIm5iZiI6MTcxMTU0OTgxNCwiZXhwIjoxNzEyMTU0NjE0LCJpc3MiOiJndXhpbi5saW5rIiwiYXVkIjoiZ3V4aW4ubGluayJ9.ycU5AnLTEDJ4xrXoExEtjvqOmyMcFWnaFeMx5juJ1yQ
      ┣ Cache-Control：             no-cache
      ┣ Pragma：                    no-cache
      ┣ Referer：                   http://localhost:9527/home
      ┣ sec-fetch-dest：            empty
      ┣ sec-fetch-mode：            cors
      ┣ sec-fetch-site：            same-origin
      ┣ sec-ch-ua-platform：        "Windows"
      ┣ x-request-id：              ieQ20iPsF9ktg9xc20Ejz
      ┣ apifoxtoken：               XL299LiMEDZ0H5h3A29PxwQXdMJqWyY2
      ┣ sec-ch-ua-mobile：          ?0
      ┣ DNT：                       1
      ┣ sec-ch-ua：                 "Google Chrome";v="123", "Not:A-Brand";v="8", "Chromium";v="123"
      ┣ ━━━━━━━━━━━━━━━  返回信息 ━━━━━━━━━━━━━━━
      ┣ HTTP响应状态码：            200
      ┣ 原始类型：                  System.Threading.Tasks.Task<System.Object>
      ┣ 最终类型：                  Admin.NET.Core.AdminResult<System.Object>
      ┣ 最终返回值：                {"code":200,"type":"success","message":"","result":0,"extras":null,"time":"2024-04-04T17:26:16.1567807+08:00"}
      ┗━━━━━━━━━━━  Logging Monitor ━━━━━━━━━━━
info: 2024-04-04 17:26:16.3676951 +08:00 星期四 L System.Logging.LoggingMonitor[0] #23 '00-6d839d99266133518c7c00e5d20072eb-7eb07098f0fdb7f4-00'
      [System.Private.CoreLib.dll] void System.Runtime.CompilerServices.AsyncTaskMethodBuilder<TResult>+AsyncStateMachineBox<TStateMachine>.MoveNext(Thread threadPoolThread)
      ┏━━━━━━━━━━━  Logging Monitor ━━━━━━━━━━━
      ┣ Admin.NET.Core.JuAI.JuAIService.GetMyStatistics
      ┣ 
      ┣ 控制器名称：                JuAIService
      ┣ 操作名称：                  GetMyStatistics
      ┣ 显示名称：                  我的统计
      ┣ 路由信息：                  [area]: ; [controller]: juAI; [action]: myStatistics
      ┣ 请求方式：                  GET
      ┣ 请求地址：                  http://localhost:5005/app/api/juai/MyStatistics
      ┣ 来源地址：                  http://localhost:9527/home
      ┣ 请求端源：                  client
      ┣ 浏览器标识：                Mozilla/5.0 (Windows NT 10.0; Win64; x64) AppleWebKit/537.36 (KHTML, like Gecko) Chrome/123.0.0.0 Safari/537.36
      ┣ 客户端区域语言：            zh-CN,zh;q=0.9
      ┣ 客户端 IP 地址：            127.0.0.1
      ┣ 服务端 IP 地址：            127.0.0.1
      ┣ 客户端连接 ID：             00-6d839d99266133518c7c00e5d20072eb-7eb07098f0fdb7f4-00
      ┣ 服务线程 ID：               #13
      ┣ 执行耗时：                  318ms
      ┣ ━━━━━━━━━━━━━━━  Cookies ━━━━━━━━━━━━━━━
      ┣ 请求端：                    
      ┣ 响应端：                    
      ┣ ━━━━━━━━━━━━━━━  系统信息 ━━━━━━━━━━━━━━━
      ┣ 系统名称：                  Microsoft Windows 10.0.19045
      ┣ 系统架构：                  X64
      ┣ 基础框架：                  Furion.Pure v1.0.0.0
      ┣ .NET 架构：                 .NET 8.0.0
      ┣ ━━━━━━━━━━━━━━━  启动信息 ━━━━━━━━━━━━━━━
      ┣ 运行环境：                  Production
      ┣ 启动程序集：                Admin.NET.Web.Entry
      ┣ 进程名称：                  Admin.NET.Web.Entry
      ┣ 托管程序：                  Kestrel
      ┣ ━━━━━━━━━━━━━━━  请求头信息 ━━━━━━━━━━━━━━━
      ┣ 
      ┣ Accept：                    application/json, text/plain, */*
      ┣ Connection：                close
      ┣ Host：                      localhost:5005
      ┣ User-Agent：                Mozilla/5.0 (Windows NT 10.0; Win64; x64) AppleWebKit/537.36 (KHTML, like Gecko) Chrome/123.0.0.0 Safari/537.36
      ┣ Accept-Encoding：           gzip, deflate, br, zstd
      ┣ Accept-Language：           zh-CN,zh;q=0.9
      ┣ Authorization：             Bearer eyJhbGciOiJIUzI1NiIsInR5cCI6IkpXVCJ9.eyJVc2VySWQiOjE0MjEzNDI2MzI3ODc3LCJUZW5hbnRJZCI6MTMwMDAwMDAwMDAwMSwiQWNjb3VudCI6IjE4NjAwNzY2MDQ1IiwiTmlja05hbWUiOiLmgKrlhb3mnaXkuoYiLCJBY2NvdW50VHlwZSI6Nzc3LCJpYXQiOjE3MTE1NDk4MTQsIm5iZiI6MTcxMTU0OTgxNCwiZXhwIjoxNzEyMTU0NjE0LCJpc3MiOiJndXhpbi5saW5rIiwiYXVkIjoiZ3V4aW4ubGluayJ9.ycU5AnLTEDJ4xrXoExEtjvqOmyMcFWnaFeMx5juJ1yQ
      ┣ Cache-Control：             no-cache
      ┣ Pragma：                    no-cache
      ┣ Referer：                   http://localhost:9527/home
      ┣ sec-fetch-dest：            empty
      ┣ sec-fetch-mode：            cors
      ┣ sec-fetch-site：            same-origin
      ┣ sec-ch-ua-platform：        "Windows"
      ┣ x-request-id：              tI0Rrpd1YymPxhZTGLU7c
      ┣ apifoxtoken：               XL299LiMEDZ0H5h3A29PxwQXdMJqWyY2
      ┣ sec-ch-ua-mobile：          ?0
      ┣ DNT：                       1
      ┣ sec-ch-ua：                 "Google Chrome";v="123", "Not:A-Brand";v="8", "Chromium";v="123"
      ┣ ━━━━━━━━━━━━━━━  返回信息 ━━━━━━━━━━━━━━━
      ┣ HTTP响应状态码：            200
      ┣ 原始类型：                  System.Threading.Tasks.Task<System.Object>
      ┣ 最终类型：                  Admin.NET.Core.AdminResult<System.Object>
      ┣ 最终返回值：                {"code":200,"type":"success","message":"","result":{"chatCount":0,"drawingCount":0,"jifenCount":null,"visitCount":0},"extras":null,"time":"2024-04-04T17:26:16.3667056+08:00"}
      ┗━━━━━━━━━━━  Logging Monitor ━━━━━━━━━━━
info: 2024-04-04 17:27:39.8749081 +08:00 星期四 L System.Logging.LoggingMonitor[0] #13 '00-c156b0ca477dcb0bcebad14d8c48dec9-8e297edc531c39dc-00'
      [System.Private.CoreLib.dll] void System.Runtime.CompilerServices.AsyncTaskMethodBuilder<TResult>+AsyncStateMachineBox<TStateMachine>.MoveNext(Thread threadPoolThread)
      ┏━━━━━━━━━━━  Logging Monitor ━━━━━━━━━━━
      ┣ Admin.NET.Core.JuAI.JuAIService.GetSysNoticeCount
      ┣ 
      ┣ 控制器名称：                JuAIService
      ┣ 操作名称：                  GetSysNoticeCount
      ┣ 显示名称：                  系统消息数量
      ┣ 路由信息：                  [area]: ; [controller]: juAI; [action]: sysNoticeCount
      ┣ 请求方式：                  GET
      ┣ 请求地址：                  http://localhost:5005/app/api/juai/SysNoticeCount
      ┣ 来源地址：                  http://localhost:9527/home
      ┣ 请求端源：                  client
      ┣ 浏览器标识：                Mozilla/5.0 (Windows NT 10.0; Win64; x64) AppleWebKit/537.36 (KHTML, like Gecko) Chrome/123.0.0.0 Safari/537.36
      ┣ 客户端区域语言：            zh-CN,zh;q=0.9
      ┣ 客户端 IP 地址：            127.0.0.1
      ┣ 服务端 IP 地址：            127.0.0.1
      ┣ 客户端连接 ID：             00-c156b0ca477dcb0bcebad14d8c48dec9-8e297edc531c39dc-00
      ┣ 服务线程 ID：               #24
      ┣ 执行耗时：                  61ms
      ┣ ━━━━━━━━━━━━━━━  Cookies ━━━━━━━━━━━━━━━
      ┣ 请求端：                    
      ┣ 响应端：                    
      ┣ ━━━━━━━━━━━━━━━  系统信息 ━━━━━━━━━━━━━━━
      ┣ 系统名称：                  Microsoft Windows 10.0.19045
      ┣ 系统架构：                  X64
      ┣ 基础框架：                  Furion.Pure v1.0.0.0
      ┣ .NET 架构：                 .NET 8.0.0
      ┣ ━━━━━━━━━━━━━━━  启动信息 ━━━━━━━━━━━━━━━
      ┣ 运行环境：                  Production
      ┣ 启动程序集：                Admin.NET.Web.Entry
      ┣ 进程名称：                  Admin.NET.Web.Entry
      ┣ 托管程序：                  Kestrel
      ┣ ━━━━━━━━━━━━━━━  请求头信息 ━━━━━━━━━━━━━━━
      ┣ 
      ┣ Accept：                    application/json, text/plain, */*
      ┣ Connection：                close
      ┣ Host：                      localhost:5005
      ┣ User-Agent：                Mozilla/5.0 (Windows NT 10.0; Win64; x64) AppleWebKit/537.36 (KHTML, like Gecko) Chrome/123.0.0.0 Safari/537.36
      ┣ Accept-Encoding：           gzip, deflate, br, zstd
      ┣ Accept-Language：           zh-CN,zh;q=0.9
      ┣ Authorization：             Bearer eyJhbGciOiJIUzI1NiIsInR5cCI6IkpXVCJ9.eyJVc2VySWQiOjE0MjEzNDI2MzI3ODc3LCJUZW5hbnRJZCI6MTMwMDAwMDAwMDAwMSwiQWNjb3VudCI6IjE4NjAwNzY2MDQ1IiwiTmlja05hbWUiOiLmgKrlhb3mnaXkuoYiLCJBY2NvdW50VHlwZSI6Nzc3LCJpYXQiOjE3MTE1NDk4MTQsIm5iZiI6MTcxMTU0OTgxNCwiZXhwIjoxNzEyMTU0NjE0LCJpc3MiOiJndXhpbi5saW5rIiwiYXVkIjoiZ3V4aW4ubGluayJ9.ycU5AnLTEDJ4xrXoExEtjvqOmyMcFWnaFeMx5juJ1yQ
      ┣ Cache-Control：             no-cache
      ┣ Pragma：                    no-cache
      ┣ Referer：                   http://localhost:9527/home
      ┣ sec-fetch-dest：            empty
      ┣ sec-fetch-mode：            cors
      ┣ sec-fetch-site：            same-origin
      ┣ sec-ch-ua-platform：        "Windows"
      ┣ x-request-id：              cXMYwbnBtSODWsmtev0c6
      ┣ apifoxtoken：               XL299LiMEDZ0H5h3A29PxwQXdMJqWyY2
      ┣ sec-ch-ua-mobile：          ?0
      ┣ DNT：                       1
      ┣ sec-ch-ua：                 "Google Chrome";v="123", "Not:A-Brand";v="8", "Chromium";v="123"
      ┣ ━━━━━━━━━━━━━━━  返回信息 ━━━━━━━━━━━━━━━
      ┣ HTTP响应状态码：            200
      ┣ 原始类型：                  System.Threading.Tasks.Task<System.Object>
      ┣ 最终类型：                  Admin.NET.Core.AdminResult<System.Object>
      ┣ 最终返回值：                {"code":200,"type":"success","message":"","result":0,"extras":null,"time":"2024-04-04T17:27:39.8739538+08:00"}
      ┗━━━━━━━━━━━  Logging Monitor ━━━━━━━━━━━
info: 2024-04-04 17:27:40.0722124 +08:00 星期四 L System.Logging.LoggingMonitor[0] #21 '00-d8b16bebe760bef0c6b398ea49051d5f-454ed2eb3f45a0c9-00'
      [System.Private.CoreLib.dll] void System.Runtime.CompilerServices.AsyncTaskMethodBuilder<TResult>+AsyncStateMachineBox<TStateMachine>.MoveNext(Thread threadPoolThread)
      ┏━━━━━━━━━━━  Logging Monitor ━━━━━━━━━━━
      ┣ Admin.NET.Core.JuAI.JuAIService.GetMyStatistics
      ┣ 
      ┣ 控制器名称：                JuAIService
      ┣ 操作名称：                  GetMyStatistics
      ┣ 显示名称：                  我的统计
      ┣ 路由信息：                  [area]: ; [controller]: juAI; [action]: myStatistics
      ┣ 请求方式：                  GET
      ┣ 请求地址：                  http://localhost:5005/app/api/juai/MyStatistics
      ┣ 来源地址：                  http://localhost:9527/home
      ┣ 请求端源：                  client
      ┣ 浏览器标识：                Mozilla/5.0 (Windows NT 10.0; Win64; x64) AppleWebKit/537.36 (KHTML, like Gecko) Chrome/123.0.0.0 Safari/537.36
      ┣ 客户端区域语言：            zh-CN,zh;q=0.9
      ┣ 客户端 IP 地址：            127.0.0.1
      ┣ 服务端 IP 地址：            127.0.0.1
      ┣ 客户端连接 ID：             00-d8b16bebe760bef0c6b398ea49051d5f-454ed2eb3f45a0c9-00
      ┣ 服务线程 ID：               #13
      ┣ 执行耗时：                  220ms
      ┣ ━━━━━━━━━━━━━━━  Cookies ━━━━━━━━━━━━━━━
      ┣ 请求端：                    
      ┣ 响应端：                    
      ┣ ━━━━━━━━━━━━━━━  系统信息 ━━━━━━━━━━━━━━━
      ┣ 系统名称：                  Microsoft Windows 10.0.19045
      ┣ 系统架构：                  X64
      ┣ 基础框架：                  Furion.Pure v1.0.0.0
      ┣ .NET 架构：                 .NET 8.0.0
      ┣ ━━━━━━━━━━━━━━━  启动信息 ━━━━━━━━━━━━━━━
      ┣ 运行环境：                  Production
      ┣ 启动程序集：                Admin.NET.Web.Entry
      ┣ 进程名称：                  Admin.NET.Web.Entry
      ┣ 托管程序：                  Kestrel
      ┣ ━━━━━━━━━━━━━━━  请求头信息 ━━━━━━━━━━━━━━━
      ┣ 
      ┣ Accept：                    application/json, text/plain, */*
      ┣ Connection：                close
      ┣ Host：                      localhost:5005
      ┣ User-Agent：                Mozilla/5.0 (Windows NT 10.0; Win64; x64) AppleWebKit/537.36 (KHTML, like Gecko) Chrome/123.0.0.0 Safari/537.36
      ┣ Accept-Encoding：           gzip, deflate, br, zstd
      ┣ Accept-Language：           zh-CN,zh;q=0.9
      ┣ Authorization：             Bearer eyJhbGciOiJIUzI1NiIsInR5cCI6IkpXVCJ9.eyJVc2VySWQiOjE0MjEzNDI2MzI3ODc3LCJUZW5hbnRJZCI6MTMwMDAwMDAwMDAwMSwiQWNjb3VudCI6IjE4NjAwNzY2MDQ1IiwiTmlja05hbWUiOiLmgKrlhb3mnaXkuoYiLCJBY2NvdW50VHlwZSI6Nzc3LCJpYXQiOjE3MTE1NDk4MTQsIm5iZiI6MTcxMTU0OTgxNCwiZXhwIjoxNzEyMTU0NjE0LCJpc3MiOiJndXhpbi5saW5rIiwiYXVkIjoiZ3V4aW4ubGluayJ9.ycU5AnLTEDJ4xrXoExEtjvqOmyMcFWnaFeMx5juJ1yQ
      ┣ Cache-Control：             no-cache
      ┣ Pragma：                    no-cache
      ┣ Referer：                   http://localhost:9527/home
      ┣ sec-fetch-dest：            empty
      ┣ sec-fetch-mode：            cors
      ┣ sec-fetch-site：            same-origin
      ┣ sec-ch-ua-platform：        "Windows"
      ┣ x-request-id：              Na-A9kci0-xds6DwU--2g
      ┣ apifoxtoken：               XL299LiMEDZ0H5h3A29PxwQXdMJqWyY2
      ┣ sec-ch-ua-mobile：          ?0
      ┣ DNT：                       1
      ┣ sec-ch-ua：                 "Google Chrome";v="123", "Not:A-Brand";v="8", "Chromium";v="123"
      ┣ ━━━━━━━━━━━━━━━  返回信息 ━━━━━━━━━━━━━━━
      ┣ HTTP响应状态码：            200
      ┣ 原始类型：                  System.Threading.Tasks.Task<System.Object>
      ┣ 最终类型：                  Admin.NET.Core.AdminResult<System.Object>
      ┣ 最终返回值：                {"code":200,"type":"success","message":"","result":{"chatCount":0,"drawingCount":0,"jifenCount":null,"visitCount":0},"extras":null,"time":"2024-04-04T17:27:40.0714284+08:00"}
      ┗━━━━━━━━━━━  Logging Monitor ━━━━━━━━━━━
info: 2024-04-04 17:28:23.3709597 +08:00 星期四 L System.Logging.LoggingMonitor[0] #3 '00-d4f62fcf7e9772072f5af1203688a103-60d318b74a5540b6-00'
      [System.Private.CoreLib.dll] void System.Runtime.CompilerServices.AsyncTaskMethodBuilder<TResult>+AsyncStateMachineBox<TStateMachine>.MoveNext(Thread threadPoolThread)
      ┏━━━━━━━━━━━  Logging Monitor ━━━━━━━━━━━
      ┣ Admin.NET.Core.JuAI.JuAIService.GetSysNoticeCount
      ┣ 
      ┣ 控制器名称：                JuAIService
      ┣ 操作名称：                  GetSysNoticeCount
      ┣ 显示名称：                  系统消息数量
      ┣ 路由信息：                  [area]: ; [controller]: juAI; [action]: sysNoticeCount
      ┣ 请求方式：                  GET
      ┣ 请求地址：                  http://localhost:5005/app/api/juai/SysNoticeCount
      ┣ 来源地址：                  http://localhost:9527/home
      ┣ 请求端源：                  client
      ┣ 浏览器标识：                Mozilla/5.0 (Windows NT 10.0; Win64; x64) AppleWebKit/537.36 (KHTML, like Gecko) Chrome/123.0.0.0 Safari/537.36
      ┣ 客户端区域语言：            zh-CN,zh;q=0.9
      ┣ 客户端 IP 地址：            127.0.0.1
      ┣ 服务端 IP 地址：            127.0.0.1
      ┣ 客户端连接 ID：             00-d4f62fcf7e9772072f5af1203688a103-60d318b74a5540b6-00
      ┣ 服务线程 ID：               #3
      ┣ 执行耗时：                  87ms
      ┣ ━━━━━━━━━━━━━━━  Cookies ━━━━━━━━━━━━━━━
      ┣ 请求端：                    
      ┣ 响应端：                    
      ┣ ━━━━━━━━━━━━━━━  系统信息 ━━━━━━━━━━━━━━━
      ┣ 系统名称：                  Microsoft Windows 10.0.19045
      ┣ 系统架构：                  X64
      ┣ 基础框架：                  Furion.Pure v1.0.0.0
      ┣ .NET 架构：                 .NET 8.0.0
      ┣ ━━━━━━━━━━━━━━━  启动信息 ━━━━━━━━━━━━━━━
      ┣ 运行环境：                  Production
      ┣ 启动程序集：                Admin.NET.Web.Entry
      ┣ 进程名称：                  Admin.NET.Web.Entry
      ┣ 托管程序：                  Kestrel
      ┣ ━━━━━━━━━━━━━━━  请求头信息 ━━━━━━━━━━━━━━━
      ┣ 
      ┣ Accept：                    application/json, text/plain, */*
      ┣ Connection：                close
      ┣ Host：                      localhost:5005
      ┣ User-Agent：                Mozilla/5.0 (Windows NT 10.0; Win64; x64) AppleWebKit/537.36 (KHTML, like Gecko) Chrome/123.0.0.0 Safari/537.36
      ┣ Accept-Encoding：           gzip, deflate, br, zstd
      ┣ Accept-Language：           zh-CN,zh;q=0.9
      ┣ Authorization：             Bearer eyJhbGciOiJIUzI1NiIsInR5cCI6IkpXVCJ9.eyJVc2VySWQiOjE0MjEzNDI2MzI3ODc3LCJUZW5hbnRJZCI6MTMwMDAwMDAwMDAwMSwiQWNjb3VudCI6IjE4NjAwNzY2MDQ1IiwiTmlja05hbWUiOiLmgKrlhb3mnaXkuoYiLCJBY2NvdW50VHlwZSI6Nzc3LCJpYXQiOjE3MTE1NDk4MTQsIm5iZiI6MTcxMTU0OTgxNCwiZXhwIjoxNzEyMTU0NjE0LCJpc3MiOiJndXhpbi5saW5rIiwiYXVkIjoiZ3V4aW4ubGluayJ9.ycU5AnLTEDJ4xrXoExEtjvqOmyMcFWnaFeMx5juJ1yQ
      ┣ Cache-Control：             no-cache
      ┣ Pragma：                    no-cache
      ┣ Referer：                   http://localhost:9527/home
      ┣ sec-fetch-dest：            empty
      ┣ sec-fetch-mode：            cors
      ┣ sec-fetch-site：            same-origin
      ┣ sec-ch-ua-platform：        "Windows"
      ┣ x-request-id：              z8Ilp0nXk7u-Yk5--lqwl
      ┣ apifoxtoken：               XL299LiMEDZ0H5h3A29PxwQXdMJqWyY2
      ┣ sec-ch-ua-mobile：          ?0
      ┣ DNT：                       1
      ┣ sec-ch-ua：                 "Google Chrome";v="123", "Not:A-Brand";v="8", "Chromium";v="123"
      ┣ ━━━━━━━━━━━━━━━  返回信息 ━━━━━━━━━━━━━━━
      ┣ HTTP响应状态码：            200
      ┣ 原始类型：                  System.Threading.Tasks.Task<System.Object>
      ┣ 最终类型：                  Admin.NET.Core.AdminResult<System.Object>
      ┣ 最终返回值：                {"code":200,"type":"success","message":"","result":0,"extras":null,"time":"2024-04-04T17:28:23.3700355+08:00"}
      ┗━━━━━━━━━━━  Logging Monitor ━━━━━━━━━━━
info: 2024-04-04 17:28:37.5843474 +08:00 星期四 L System.Logging.LoggingMonitor[0] #7 '00-f21d734515b097463fae6c71d83233da-7778a301ed34d57e-00'
      [System.Private.CoreLib.dll] void System.Runtime.CompilerServices.AsyncTaskMethodBuilder<TResult>+AsyncStateMachineBox<TStateMachine>.MoveNext(Thread threadPoolThread)
      ┏━━━━━━━━━━━  Logging Monitor ━━━━━━━━━━━
      ┣ Admin.NET.Core.JuAI.JuAIService.GetMyStatistics
      ┣ 
      ┣ 控制器名称：                JuAIService
      ┣ 操作名称：                  GetMyStatistics
      ┣ 显示名称：                  我的统计
      ┣ 路由信息：                  [area]: ; [controller]: juAI; [action]: myStatistics
      ┣ 请求方式：                  GET
      ┣ 请求地址：                  http://localhost:5005/app/api/juai/MyStatistics
      ┣ 来源地址：                  http://localhost:9527/home
      ┣ 请求端源：                  client
      ┣ 浏览器标识：                Mozilla/5.0 (Windows NT 10.0; Win64; x64) AppleWebKit/537.36 (KHTML, like Gecko) Chrome/123.0.0.0 Safari/537.36
      ┣ 客户端区域语言：            zh-CN,zh;q=0.9
      ┣ 客户端 IP 地址：            127.0.0.1
      ┣ 服务端 IP 地址：            127.0.0.1
      ┣ 客户端连接 ID：             00-f21d734515b097463fae6c71d83233da-7778a301ed34d57e-00
      ┣ 服务线程 ID：               #13
      ┣ 执行耗时：                  256ms
      ┣ ━━━━━━━━━━━━━━━  Cookies ━━━━━━━━━━━━━━━
      ┣ 请求端：                    
      ┣ 响应端：                    
      ┣ ━━━━━━━━━━━━━━━  系统信息 ━━━━━━━━━━━━━━━
      ┣ 系统名称：                  Microsoft Windows 10.0.19045
      ┣ 系统架构：                  X64
      ┣ 基础框架：                  Furion.Pure v1.0.0.0
      ┣ .NET 架构：                 .NET 8.0.0
      ┣ ━━━━━━━━━━━━━━━  启动信息 ━━━━━━━━━━━━━━━
      ┣ 运行环境：                  Production
      ┣ 启动程序集：                Admin.NET.Web.Entry
      ┣ 进程名称：                  Admin.NET.Web.Entry
      ┣ 托管程序：                  Kestrel
      ┣ ━━━━━━━━━━━━━━━  请求头信息 ━━━━━━━━━━━━━━━
      ┣ 
      ┣ Accept：                    application/json, text/plain, */*
      ┣ Connection：                close
      ┣ Host：                      localhost:5005
      ┣ User-Agent：                Mozilla/5.0 (Windows NT 10.0; Win64; x64) AppleWebKit/537.36 (KHTML, like Gecko) Chrome/123.0.0.0 Safari/537.36
      ┣ Accept-Encoding：           gzip, deflate, br, zstd
      ┣ Accept-Language：           zh-CN,zh;q=0.9
      ┣ Authorization：             Bearer eyJhbGciOiJIUzI1NiIsInR5cCI6IkpXVCJ9.eyJVc2VySWQiOjE0MjEzNDI2MzI3ODc3LCJUZW5hbnRJZCI6MTMwMDAwMDAwMDAwMSwiQWNjb3VudCI6IjE4NjAwNzY2MDQ1IiwiTmlja05hbWUiOiLmgKrlhb3mnaXkuoYiLCJBY2NvdW50VHlwZSI6Nzc3LCJpYXQiOjE3MTE1NDk4MTQsIm5iZiI6MTcxMTU0OTgxNCwiZXhwIjoxNzEyMTU0NjE0LCJpc3MiOiJndXhpbi5saW5rIiwiYXVkIjoiZ3V4aW4ubGluayJ9.ycU5AnLTEDJ4xrXoExEtjvqOmyMcFWnaFeMx5juJ1yQ
      ┣ Cache-Control：             no-cache
      ┣ Pragma：                    no-cache
      ┣ Referer：                   http://localhost:9527/home
      ┣ sec-fetch-dest：            empty
      ┣ sec-fetch-mode：            cors
      ┣ sec-fetch-site：            same-origin
      ┣ sec-ch-ua-platform：        "Windows"
      ┣ x-request-id：              IRgRogUl2PlozzjTi_3EY
      ┣ apifoxtoken：               XL299LiMEDZ0H5h3A29PxwQXdMJqWyY2
      ┣ sec-ch-ua-mobile：          ?0
      ┣ DNT：                       1
      ┣ sec-ch-ua：                 "Google Chrome";v="123", "Not:A-Brand";v="8", "Chromium";v="123"
      ┣ ━━━━━━━━━━━━━━━  返回信息 ━━━━━━━━━━━━━━━
      ┣ HTTP响应状态码：            200
      ┣ 原始类型：                  System.Threading.Tasks.Task<System.Object>
      ┣ 最终类型：                  Admin.NET.Core.AdminResult<System.Object>
      ┣ 最终返回值：                {"code":200,"type":"success","message":"","result":{"chatCount":0,"drawingCount":0,"jifenCount":null,"visitCount":0},"extras":null,"time":"2024-04-04T17:28:37.5836364+08:00"}
      ┗━━━━━━━━━━━  Logging Monitor ━━━━━━━━━━━
info: 2024-04-04 17:28:42.7320401 +08:00 星期四 L System.Logging.LoggingMonitor[0] #7 '00-c446b6dcbda648daa72252ea701180f3-ae273f270d9bb864-00'
      [System.Private.CoreLib.dll] void System.Runtime.CompilerServices.AsyncTaskMethodBuilder<TResult>+AsyncStateMachineBox<TStateMachine>.MoveNext(Thread threadPoolThread)
      ┏━━━━━━━━━━━  Logging Monitor ━━━━━━━━━━━
      ┣ Admin.NET.Core.JuAI.JuAIService.GetSysNoticeCount
      ┣ 
      ┣ 控制器名称：                JuAIService
      ┣ 操作名称：                  GetSysNoticeCount
      ┣ 显示名称：                  系统消息数量
      ┣ 路由信息：                  [area]: ; [controller]: juAI; [action]: sysNoticeCount
      ┣ 请求方式：                  GET
      ┣ 请求地址：                  http://localhost:5005/app/api/juai/SysNoticeCount
      ┣ 来源地址：                  http://localhost:9527/home
      ┣ 请求端源：                  client
      ┣ 浏览器标识：                Mozilla/5.0 (Windows NT 10.0; Win64; x64) AppleWebKit/537.36 (KHTML, like Gecko) Chrome/123.0.0.0 Safari/537.36
      ┣ 客户端区域语言：            zh-CN,zh;q=0.9
      ┣ 客户端 IP 地址：            127.0.0.1
      ┣ 服务端 IP 地址：            127.0.0.1
      ┣ 客户端连接 ID：             00-c446b6dcbda648daa72252ea701180f3-ae273f270d9bb864-00
      ┣ 服务线程 ID：               #13
      ┣ 执行耗时：                  52ms
      ┣ ━━━━━━━━━━━━━━━  Cookies ━━━━━━━━━━━━━━━
      ┣ 请求端：                    
      ┣ 响应端：                    
      ┣ ━━━━━━━━━━━━━━━  系统信息 ━━━━━━━━━━━━━━━
      ┣ 系统名称：                  Microsoft Windows 10.0.19045
      ┣ 系统架构：                  X64
      ┣ 基础框架：                  Furion.Pure v1.0.0.0
      ┣ .NET 架构：                 .NET 8.0.0
      ┣ ━━━━━━━━━━━━━━━  启动信息 ━━━━━━━━━━━━━━━
      ┣ 运行环境：                  Production
      ┣ 启动程序集：                Admin.NET.Web.Entry
      ┣ 进程名称：                  Admin.NET.Web.Entry
      ┣ 托管程序：                  Kestrel
      ┣ ━━━━━━━━━━━━━━━  请求头信息 ━━━━━━━━━━━━━━━
      ┣ 
      ┣ Accept：                    application/json, text/plain, */*
      ┣ Connection：                close
      ┣ Host：                      localhost:5005
      ┣ User-Agent：                Mozilla/5.0 (Windows NT 10.0; Win64; x64) AppleWebKit/537.36 (KHTML, like Gecko) Chrome/123.0.0.0 Safari/537.36
      ┣ Accept-Encoding：           gzip, deflate, br, zstd
      ┣ Accept-Language：           zh-CN,zh;q=0.9
      ┣ Authorization：             Bearer eyJhbGciOiJIUzI1NiIsInR5cCI6IkpXVCJ9.eyJVc2VySWQiOjE0MjEzNDI2MzI3ODc3LCJUZW5hbnRJZCI6MTMwMDAwMDAwMDAwMSwiQWNjb3VudCI6IjE4NjAwNzY2MDQ1IiwiTmlja05hbWUiOiLmgKrlhb3mnaXkuoYiLCJBY2NvdW50VHlwZSI6Nzc3LCJpYXQiOjE3MTE1NDk4MTQsIm5iZiI6MTcxMTU0OTgxNCwiZXhwIjoxNzEyMTU0NjE0LCJpc3MiOiJndXhpbi5saW5rIiwiYXVkIjoiZ3V4aW4ubGluayJ9.ycU5AnLTEDJ4xrXoExEtjvqOmyMcFWnaFeMx5juJ1yQ
      ┣ Cache-Control：             no-cache
      ┣ Pragma：                    no-cache
      ┣ Referer：                   http://localhost:9527/home
      ┣ sec-fetch-dest：            empty
      ┣ sec-fetch-mode：            cors
      ┣ sec-fetch-site：            same-origin
      ┣ sec-ch-ua-platform：        "Windows"
      ┣ x-request-id：              1ZSGTWND-sn6hG0OmpCdN
      ┣ apifoxtoken：               XL299LiMEDZ0H5h3A29PxwQXdMJqWyY2
      ┣ sec-ch-ua-mobile：          ?0
      ┣ DNT：                       1
      ┣ sec-ch-ua：                 "Google Chrome";v="123", "Not:A-Brand";v="8", "Chromium";v="123"
      ┣ ━━━━━━━━━━━━━━━  返回信息 ━━━━━━━━━━━━━━━
      ┣ HTTP响应状态码：            200
      ┣ 原始类型：                  System.Threading.Tasks.Task<System.Object>
      ┣ 最终类型：                  Admin.NET.Core.AdminResult<System.Object>
      ┣ 最终返回值：                {"code":200,"type":"success","message":"","result":0,"extras":null,"time":"2024-04-04T17:28:42.7311902+08:00"}
      ┗━━━━━━━━━━━  Logging Monitor ━━━━━━━━━━━
info: 2024-04-04 17:28:42.8909021 +08:00 星期四 L System.Logging.LoggingMonitor[0] #13 '00-b80adb5d10f6cfac960775dce5e5e1d2-01b4e03b6f392aa6-00'
      [System.Private.CoreLib.dll] void System.Runtime.CompilerServices.AsyncTaskMethodBuilder<TResult>+AsyncStateMachineBox<TStateMachine>.MoveNext(Thread threadPoolThread)
      ┏━━━━━━━━━━━  Logging Monitor ━━━━━━━━━━━
      ┣ Admin.NET.Core.JuAI.JuAIService.GetMyStatistics
      ┣ 
      ┣ 控制器名称：                JuAIService
      ┣ 操作名称：                  GetMyStatistics
      ┣ 显示名称：                  我的统计
      ┣ 路由信息：                  [area]: ; [controller]: juAI; [action]: myStatistics
      ┣ 请求方式：                  GET
      ┣ 请求地址：                  http://localhost:5005/app/api/juai/MyStatistics
      ┣ 来源地址：                  http://localhost:9527/home
      ┣ 请求端源：                  client
      ┣ 浏览器标识：                Mozilla/5.0 (Windows NT 10.0; Win64; x64) AppleWebKit/537.36 (KHTML, like Gecko) Chrome/123.0.0.0 Safari/537.36
      ┣ 客户端区域语言：            zh-CN,zh;q=0.9
      ┣ 客户端 IP 地址：            127.0.0.1
      ┣ 服务端 IP 地址：            127.0.0.1
      ┣ 客户端连接 ID：             00-b80adb5d10f6cfac960775dce5e5e1d2-01b4e03b6f392aa6-00
      ┣ 服务线程 ID：               #7
      ┣ 执行耗时：                  213ms
      ┣ ━━━━━━━━━━━━━━━  Cookies ━━━━━━━━━━━━━━━
      ┣ 请求端：                    
      ┣ 响应端：                    
      ┣ ━━━━━━━━━━━━━━━  系统信息 ━━━━━━━━━━━━━━━
      ┣ 系统名称：                  Microsoft Windows 10.0.19045
      ┣ 系统架构：                  X64
      ┣ 基础框架：                  Furion.Pure v1.0.0.0
      ┣ .NET 架构：                 .NET 8.0.0
      ┣ ━━━━━━━━━━━━━━━  启动信息 ━━━━━━━━━━━━━━━
      ┣ 运行环境：                  Production
      ┣ 启动程序集：                Admin.NET.Web.Entry
      ┣ 进程名称：                  Admin.NET.Web.Entry
      ┣ 托管程序：                  Kestrel
      ┣ ━━━━━━━━━━━━━━━  请求头信息 ━━━━━━━━━━━━━━━
      ┣ 
      ┣ Accept：                    application/json, text/plain, */*
      ┣ Connection：                close
      ┣ Host：                      localhost:5005
      ┣ User-Agent：                Mozilla/5.0 (Windows NT 10.0; Win64; x64) AppleWebKit/537.36 (KHTML, like Gecko) Chrome/123.0.0.0 Safari/537.36
      ┣ Accept-Encoding：           gzip, deflate, br, zstd
      ┣ Accept-Language：           zh-CN,zh;q=0.9
      ┣ Authorization：             Bearer eyJhbGciOiJIUzI1NiIsInR5cCI6IkpXVCJ9.eyJVc2VySWQiOjE0MjEzNDI2MzI3ODc3LCJUZW5hbnRJZCI6MTMwMDAwMDAwMDAwMSwiQWNjb3VudCI6IjE4NjAwNzY2MDQ1IiwiTmlja05hbWUiOiLmgKrlhb3mnaXkuoYiLCJBY2NvdW50VHlwZSI6Nzc3LCJpYXQiOjE3MTE1NDk4MTQsIm5iZiI6MTcxMTU0OTgxNCwiZXhwIjoxNzEyMTU0NjE0LCJpc3MiOiJndXhpbi5saW5rIiwiYXVkIjoiZ3V4aW4ubGluayJ9.ycU5AnLTEDJ4xrXoExEtjvqOmyMcFWnaFeMx5juJ1yQ
      ┣ Cache-Control：             no-cache
      ┣ Pragma：                    no-cache
      ┣ Referer：                   http://localhost:9527/home
      ┣ sec-fetch-dest：            empty
      ┣ sec-fetch-mode：            cors
      ┣ sec-fetch-site：            same-origin
      ┣ sec-ch-ua-platform：        "Windows"
      ┣ x-request-id：              nTF_H8VAqn6jQ3XhHsknL
      ┣ apifoxtoken：               XL299LiMEDZ0H5h3A29PxwQXdMJqWyY2
      ┣ sec-ch-ua-mobile：          ?0
      ┣ DNT：                       1
      ┣ sec-ch-ua：                 "Google Chrome";v="123", "Not:A-Brand";v="8", "Chromium";v="123"
      ┣ ━━━━━━━━━━━━━━━  返回信息 ━━━━━━━━━━━━━━━
      ┣ HTTP响应状态码：            200
      ┣ 原始类型：                  System.Threading.Tasks.Task<System.Object>
      ┣ 最终类型：                  Admin.NET.Core.AdminResult<System.Object>
      ┣ 最终返回值：                {"code":200,"type":"success","message":"","result":{"chatCount":0,"drawingCount":0,"jifenCount":null,"visitCount":0},"extras":null,"time":"2024-04-04T17:28:42.8902801+08:00"}
      ┗━━━━━━━━━━━  Logging Monitor ━━━━━━━━━━━
info: 2024-04-04 17:29:17.1377531 +08:00 星期四 L System.Logging.LoggingMonitor[0] #13 '00-bd233e89c8ef185f9f379f1080ec5b71-6aa4255e31b0827e-00'
      [System.Private.CoreLib.dll] void System.Runtime.CompilerServices.AsyncTaskMethodBuilder<TResult>+AsyncStateMachineBox<TStateMachine>.MoveNext(Thread threadPoolThread)
      ┏━━━━━━━━━━━  Logging Monitor ━━━━━━━━━━━
      ┣ Admin.NET.Core.JuAI.JuAIService.GetSysNoticeCount
      ┣ 
      ┣ 控制器名称：                JuAIService
      ┣ 操作名称：                  GetSysNoticeCount
      ┣ 显示名称：                  系统消息数量
      ┣ 路由信息：                  [area]: ; [controller]: juAI; [action]: sysNoticeCount
      ┣ 请求方式：                  GET
      ┣ 请求地址：                  http://localhost:5005/app/api/juai/SysNoticeCount
      ┣ 来源地址：                  http://localhost:9527/home
      ┣ 请求端源：                  client
      ┣ 浏览器标识：                Mozilla/5.0 (Windows NT 10.0; Win64; x64) AppleWebKit/537.36 (KHTML, like Gecko) Chrome/123.0.0.0 Safari/537.36
      ┣ 客户端区域语言：            zh-CN,zh;q=0.9
      ┣ 客户端 IP 地址：            127.0.0.1
      ┣ 服务端 IP 地址：            127.0.0.1
      ┣ 客户端连接 ID：             00-bd233e89c8ef185f9f379f1080ec5b71-6aa4255e31b0827e-00
      ┣ 服务线程 ID：               #13
      ┣ 执行耗时：                  58ms
      ┣ ━━━━━━━━━━━━━━━  Cookies ━━━━━━━━━━━━━━━
      ┣ 请求端：                    
      ┣ 响应端：                    
      ┣ ━━━━━━━━━━━━━━━  系统信息 ━━━━━━━━━━━━━━━
      ┣ 系统名称：                  Microsoft Windows 10.0.19045
      ┣ 系统架构：                  X64
      ┣ 基础框架：                  Furion.Pure v1.0.0.0
      ┣ .NET 架构：                 .NET 8.0.0
      ┣ ━━━━━━━━━━━━━━━  启动信息 ━━━━━━━━━━━━━━━
      ┣ 运行环境：                  Production
      ┣ 启动程序集：                Admin.NET.Web.Entry
      ┣ 进程名称：                  Admin.NET.Web.Entry
      ┣ 托管程序：                  Kestrel
      ┣ ━━━━━━━━━━━━━━━  请求头信息 ━━━━━━━━━━━━━━━
      ┣ 
      ┣ Accept：                    application/json, text/plain, */*
      ┣ Connection：                close
      ┣ Host：                      localhost:5005
      ┣ User-Agent：                Mozilla/5.0 (Windows NT 10.0; Win64; x64) AppleWebKit/537.36 (KHTML, like Gecko) Chrome/123.0.0.0 Safari/537.36
      ┣ Accept-Encoding：           gzip, deflate, br, zstd
      ┣ Accept-Language：           zh-CN,zh;q=0.9
      ┣ Authorization：             Bearer eyJhbGciOiJIUzI1NiIsInR5cCI6IkpXVCJ9.eyJVc2VySWQiOjE0MjEzNDI2MzI3ODc3LCJUZW5hbnRJZCI6MTMwMDAwMDAwMDAwMSwiQWNjb3VudCI6IjE4NjAwNzY2MDQ1IiwiTmlja05hbWUiOiLmgKrlhb3mnaXkuoYiLCJBY2NvdW50VHlwZSI6Nzc3LCJpYXQiOjE3MTE1NDk4MTQsIm5iZiI6MTcxMTU0OTgxNCwiZXhwIjoxNzEyMTU0NjE0LCJpc3MiOiJndXhpbi5saW5rIiwiYXVkIjoiZ3V4aW4ubGluayJ9.ycU5AnLTEDJ4xrXoExEtjvqOmyMcFWnaFeMx5juJ1yQ
      ┣ Cache-Control：             no-cache
      ┣ Pragma：                    no-cache
      ┣ Referer：                   http://localhost:9527/home
      ┣ sec-fetch-dest：            empty
      ┣ sec-fetch-mode：            cors
      ┣ sec-fetch-site：            same-origin
      ┣ sec-ch-ua-platform：        "Windows"
      ┣ x-request-id：              dUJP5Lw2L6UYR_59XXHND
      ┣ apifoxtoken：               XL299LiMEDZ0H5h3A29PxwQXdMJqWyY2
      ┣ sec-ch-ua-mobile：          ?0
      ┣ DNT：                       1
      ┣ sec-ch-ua：                 "Google Chrome";v="123", "Not:A-Brand";v="8", "Chromium";v="123"
      ┣ ━━━━━━━━━━━━━━━  返回信息 ━━━━━━━━━━━━━━━
      ┣ HTTP响应状态码：            200
      ┣ 原始类型：                  System.Threading.Tasks.Task<System.Object>
      ┣ 最终类型：                  Admin.NET.Core.AdminResult<System.Object>
      ┣ 最终返回值：                {"code":200,"type":"success","message":"","result":0,"extras":null,"time":"2024-04-04T17:29:17.1364782+08:00"}
      ┗━━━━━━━━━━━  Logging Monitor ━━━━━━━━━━━
info: 2024-04-04 17:29:17.2977920 +08:00 星期四 L System.Logging.LoggingMonitor[0] #13 '00-2fb5cbe629a637bdb9894f323b74ef30-24f3cdb4a5a02d0e-00'
      [System.Private.CoreLib.dll] void System.Runtime.CompilerServices.AsyncTaskMethodBuilder<TResult>+AsyncStateMachineBox<TStateMachine>.MoveNext(Thread threadPoolThread)
      ┏━━━━━━━━━━━  Logging Monitor ━━━━━━━━━━━
      ┣ Admin.NET.Core.JuAI.JuAIService.GetMyStatistics
      ┣ 
      ┣ 控制器名称：                JuAIService
      ┣ 操作名称：                  GetMyStatistics
      ┣ 显示名称：                  我的统计
      ┣ 路由信息：                  [area]: ; [controller]: juAI; [action]: myStatistics
      ┣ 请求方式：                  GET
      ┣ 请求地址：                  http://localhost:5005/app/api/juai/MyStatistics
      ┣ 来源地址：                  http://localhost:9527/home
      ┣ 请求端源：                  client
      ┣ 浏览器标识：                Mozilla/5.0 (Windows NT 10.0; Win64; x64) AppleWebKit/537.36 (KHTML, like Gecko) Chrome/123.0.0.0 Safari/537.36
      ┣ 客户端区域语言：            zh-CN,zh;q=0.9
      ┣ 客户端 IP 地址：            127.0.0.1
      ┣ 服务端 IP 地址：            127.0.0.1
      ┣ 客户端连接 ID：             00-2fb5cbe629a637bdb9894f323b74ef30-24f3cdb4a5a02d0e-00
      ┣ 服务线程 ID：               #3
      ┣ 执行耗时：                  218ms
      ┣ ━━━━━━━━━━━━━━━  Cookies ━━━━━━━━━━━━━━━
      ┣ 请求端：                    
      ┣ 响应端：                    
      ┣ ━━━━━━━━━━━━━━━  系统信息 ━━━━━━━━━━━━━━━
      ┣ 系统名称：                  Microsoft Windows 10.0.19045
      ┣ 系统架构：                  X64
      ┣ 基础框架：                  Furion.Pure v1.0.0.0
      ┣ .NET 架构：                 .NET 8.0.0
      ┣ ━━━━━━━━━━━━━━━  启动信息 ━━━━━━━━━━━━━━━
      ┣ 运行环境：                  Production
      ┣ 启动程序集：                Admin.NET.Web.Entry
      ┣ 进程名称：                  Admin.NET.Web.Entry
      ┣ 托管程序：                  Kestrel
      ┣ ━━━━━━━━━━━━━━━  请求头信息 ━━━━━━━━━━━━━━━
      ┣ 
      ┣ Accept：                    application/json, text/plain, */*
      ┣ Connection：                close
      ┣ Host：                      localhost:5005
      ┣ User-Agent：                Mozilla/5.0 (Windows NT 10.0; Win64; x64) AppleWebKit/537.36 (KHTML, like Gecko) Chrome/123.0.0.0 Safari/537.36
      ┣ Accept-Encoding：           gzip, deflate, br, zstd
      ┣ Accept-Language：           zh-CN,zh;q=0.9
      ┣ Authorization：             Bearer eyJhbGciOiJIUzI1NiIsInR5cCI6IkpXVCJ9.eyJVc2VySWQiOjE0MjEzNDI2MzI3ODc3LCJUZW5hbnRJZCI6MTMwMDAwMDAwMDAwMSwiQWNjb3VudCI6IjE4NjAwNzY2MDQ1IiwiTmlja05hbWUiOiLmgKrlhb3mnaXkuoYiLCJBY2NvdW50VHlwZSI6Nzc3LCJpYXQiOjE3MTE1NDk4MTQsIm5iZiI6MTcxMTU0OTgxNCwiZXhwIjoxNzEyMTU0NjE0LCJpc3MiOiJndXhpbi5saW5rIiwiYXVkIjoiZ3V4aW4ubGluayJ9.ycU5AnLTEDJ4xrXoExEtjvqOmyMcFWnaFeMx5juJ1yQ
      ┣ Cache-Control：             no-cache
      ┣ Pragma：                    no-cache
      ┣ Referer：                   http://localhost:9527/home
      ┣ sec-fetch-dest：            empty
      ┣ sec-fetch-mode：            cors
      ┣ sec-fetch-site：            same-origin
      ┣ sec-ch-ua-platform：        "Windows"
      ┣ x-request-id：              yByGlzWZO3haRFzy692Xk
      ┣ apifoxtoken：               XL299LiMEDZ0H5h3A29PxwQXdMJqWyY2
      ┣ sec-ch-ua-mobile：          ?0
      ┣ DNT：                       1
      ┣ sec-ch-ua：                 "Google Chrome";v="123", "Not:A-Brand";v="8", "Chromium";v="123"
      ┣ ━━━━━━━━━━━━━━━  返回信息 ━━━━━━━━━━━━━━━
      ┣ HTTP响应状态码：            200
      ┣ 原始类型：                  System.Threading.Tasks.Task<System.Object>
      ┣ 最终类型：                  Admin.NET.Core.AdminResult<System.Object>
      ┣ 最终返回值：                {"code":200,"type":"success","message":"","result":{"chatCount":0,"drawingCount":0,"jifenCount":null,"visitCount":0},"extras":null,"time":"2024-04-04T17:29:17.2971886+08:00"}
      ┗━━━━━━━━━━━  Logging Monitor ━━━━━━━━━━━
info: 2024-04-04 17:29:34.6089794 +08:00 星期四 L System.Logging.LoggingMonitor[0] #3 '00-6f341bcbed034fd03561bfc1c22d5c8a-02c51abe8ca7f706-00'
      [System.Private.CoreLib.dll] void System.Runtime.CompilerServices.AsyncTaskMethodBuilder<TResult>+AsyncStateMachineBox<TStateMachine>.MoveNext(Thread threadPoolThread)
      ┏━━━━━━━━━━━  Logging Monitor ━━━━━━━━━━━
      ┣ Admin.NET.Core.JuAI.Service.UserLoginService.LoginRegister
      ┣ 
      ┣ 控制器名称：                    UserLoginService
      ┣ 操作名称：                      LoginRegister
      ┣ 显示名称：                      app登录
      ┣ 路由信息：                      [area]: ; [controller]: userLogin; [action]: loginRegister
      ┣ 请求方式：                      POST
      ┣ 请求地址：                      http://localhost:5005/app/api/userLogin/loginRegister
      ┣ 来源地址：                      http://localhost:9527/login/pwd-login?redirect=/home
      ┣ 请求端源：                      client
      ┣ 浏览器标识：                    Mozilla/5.0 (Windows NT 10.0; Win64; x64) AppleWebKit/537.36 (KHTML, like Gecko) Chrome/123.0.0.0 Safari/537.36
      ┣ 客户端区域语言：                zh-CN,zh;q=0.9
      ┣ 客户端 IP 地址：                127.0.0.1
      ┣ 服务端 IP 地址：                127.0.0.1
      ┣ 客户端连接 ID：                 00-6f341bcbed034fd03561bfc1c22d5c8a-02c51abe8ca7f706-00
      ┣ 服务线程 ID：                   #21
      ┣ 执行耗时：                      525ms
      ┣ ━━━━━━━━━━━━━━━  Cookies ━━━━━━━━━━━━━━━
      ┣ 请求端：                        
      ┣ 响应端：                        
      ┣ ━━━━━━━━━━━━━━━  系统信息 ━━━━━━━━━━━━━━━
      ┣ 系统名称：                      Microsoft Windows 10.0.19045
      ┣ 系统架构：                      X64
      ┣ 基础框架：                      Furion.Pure v1.0.0.0
      ┣ .NET 架构：                     .NET 8.0.0
      ┣ ━━━━━━━━━━━━━━━  启动信息 ━━━━━━━━━━━━━━━
      ┣ 运行环境：                      Production
      ┣ 启动程序集：                    Admin.NET.Web.Entry
      ┣ 进程名称：                      Admin.NET.Web.Entry
      ┣ 托管程序：                      Kestrel
      ┣ ━━━━━━━━━━━━━━━  请求头信息 ━━━━━━━━━━━━━━━
      ┣ 
      ┣ Accept：                        application/json, text/plain, */*
      ┣ Connection：                    close
      ┣ Host：                          localhost:5005
      ┣ User-Agent：                    Mozilla/5.0 (Windows NT 10.0; Win64; x64) AppleWebKit/537.36 (KHTML, like Gecko) Chrome/123.0.0.0 Safari/537.36
      ┣ Accept-Encoding：               gzip, deflate, br, zstd
      ┣ Accept-Language：               zh-CN,zh;q=0.9
      ┣ Cache-Control：                 no-cache
      ┣ Content-Type：                  application/json
      ┣ Origin：                        http://localhost:9527
      ┣ Pragma：                        no-cache
      ┣ Referer：                       http://localhost:9527/login/pwd-login?redirect=/home
      ┣ Content-Length：                243
      ┣ sec-fetch-dest：                empty
      ┣ sec-fetch-mode：                cors
      ┣ sec-fetch-site：                same-origin
      ┣ sec-ch-ua-platform：            "Windows"
      ┣ x-request-id：                  dP7I1o35JRskTTCEo9TKr
      ┣ apifoxtoken：                   XL299LiMEDZ0H5h3A29PxwQXdMJqWyY2
      ┣ sec-ch-ua-mobile：              ?0
      ┣ DNT：                           1
      ┣ sec-ch-ua：                     "Google Chrome";v="123", "Not:A-Brand";v="8", "Chromium";v="123"
      ┣ ━━━━━━━━━━━━━━━  参数列表 ━━━━━━━━━━━━━━━
      ┣ Content-Type：                  application/json
      ┣ 
      ┣ input (AppLoginInput)：         {"account":"18600766045","password":"04864fa499564eb16083bb540d3301c1c4011be267e11944b71a8b51e3f9ba094b278915e5144e3e057be8114dede106a8c3c77b4a3bcd1ae7e5e891a2d82337ab8f8b8d7d48cd5eee42f4ada124f8004d4d06b0a046262f9200ef9627816e45e4a1656923a921","code":null,"u":null}
      ┣ isRefresh (Nullable`1)：        
      ┣ ━━━━━━━━━━━━━━━  返回信息 ━━━━━━━━━━━━━━━
      ┣ HTTP响应状态码：                200
      ┣ 原始类型：                      System.Threading.Tasks.Task<Admin.NET.Core.JuAI.Service.AppLoginOutput>
      ┣ 最终类型：                      Admin.NET.Core.AdminResult<System.Object>
      ┣ 最终返回值：                    {"code":200,"type":"success","message":"","result":{"userId":"14213426327877","refreshToken":"eyJhbGciOiJIUzI1NiIsInR5cCI6IkpXVCJ9.eyJmIjoiZXlKaGJHY2lPaUpJVXpJMU5pSXNJblI1Y0NJNklrcFhWQ0o5IiwiZSI6IkpZVF9vdldlLVQ2ZEo3Y1Z5TWlzdG9tNl9veEhDS0FuTDdZU29JUVJTb1kiLCJzIjoxNywibCI6MTAsImsiOiJqRXpOREkyTXpJIiwiaWF0IjoxNzEyMjIyOTc0LCJuYmYiOjE3MTIyMjI5NzQsImV4cCI6MTcxMzQzMjU3NCwiaXNzIjoiZ3V4aW4ubGluayIsImF1ZCI6Imd1eGluLmxpbmsifQ.u-Y6L6_pBX6JP71xC8C2jAAy-oevkC41C17hvrfprPw","accessToken":"eyJhbGciOiJIUzI1NiIsIn
      ┗━━━━━━━━━━━  Logging Monitor ━━━━━━━━━━━
info: 2024-04-04 17:29:35.3123415 +08:00 星期四 L System.Logging.LoggingMonitor[0] #23 '00-6e5954c23c11323457cf4063b2a56277-66c323b3d6a885e0-00'
      [System.Private.CoreLib.dll] void System.Runtime.CompilerServices.AsyncTaskMethodBuilder<TResult>+AsyncStateMachineBox<TStateMachine>.MoveNext(Thread threadPoolThread)
      ┏━━━━━━━━━━━  Logging Monitor ━━━━━━━━━━━
      ┣ Admin.NET.Core.JuAI.JuAIService.GetSysNoticeCount
      ┣ 
      ┣ 控制器名称：                JuAIService
      ┣ 操作名称：                  GetSysNoticeCount
      ┣ 显示名称：                  系统消息数量
      ┣ 路由信息：                  [area]: ; [controller]: juAI; [action]: sysNoticeCount
      ┣ 请求方式：                  GET
      ┣ 请求地址：                  http://localhost:5005/app/api/juai/SysNoticeCount
      ┣ 来源地址：                  http://localhost:9527/home
      ┣ 请求端源：                  client
      ┣ 浏览器标识：                Mozilla/5.0 (Windows NT 10.0; Win64; x64) AppleWebKit/537.36 (KHTML, like Gecko) Chrome/123.0.0.0 Safari/537.36
      ┣ 客户端区域语言：            zh-CN,zh;q=0.9
      ┣ 客户端 IP 地址：            127.0.0.1
      ┣ 服务端 IP 地址：            127.0.0.1
      ┣ 客户端连接 ID：             00-6e5954c23c11323457cf4063b2a56277-66c323b3d6a885e0-00
      ┣ 服务线程 ID：               #3
      ┣ 执行耗时：                  54ms
      ┣ ━━━━━━━━━━━━━━━  Cookies ━━━━━━━━━━━━━━━
      ┣ 请求端：                    
      ┣ 响应端：                    
      ┣ ━━━━━━━━━━━━━━━  系统信息 ━━━━━━━━━━━━━━━
      ┣ 系统名称：                  Microsoft Windows 10.0.19045
      ┣ 系统架构：                  X64
      ┣ 基础框架：                  Furion.Pure v1.0.0.0
      ┣ .NET 架构：                 .NET 8.0.0
      ┣ ━━━━━━━━━━━━━━━  启动信息 ━━━━━━━━━━━━━━━
      ┣ 运行环境：                  Production
      ┣ 启动程序集：                Admin.NET.Web.Entry
      ┣ 进程名称：                  Admin.NET.Web.Entry
      ┣ 托管程序：                  Kestrel
      ┣ ━━━━━━━━━━━━━━━  请求头信息 ━━━━━━━━━━━━━━━
      ┣ 
      ┣ Accept：                    application/json, text/plain, */*
      ┣ Connection：                close
      ┣ Host：                      localhost:5005
      ┣ User-Agent：                Mozilla/5.0 (Windows NT 10.0; Win64; x64) AppleWebKit/537.36 (KHTML, like Gecko) Chrome/123.0.0.0 Safari/537.36
      ┣ Accept-Encoding：           gzip, deflate, br, zstd
      ┣ Accept-Language：           zh-CN,zh;q=0.9
      ┣ Authorization：             Bearer eyJhbGciOiJIUzI1NiIsInR5cCI6IkpXVCJ9.eyJVc2VySWQiOjE0MjEzNDI2MzI3ODc3LCJUZW5hbnRJZCI6MTMwMDAwMDAwMDAwMSwiQWNjb3VudCI6IjE4NjAwNzY2MDQ1IiwiTmlja05hbWUiOiLmgKrlhb3mnaXkuoYiLCJBY2NvdW50VHlwZSI6Nzc3LCJpYXQiOjE3MTIyMjI5NzQsIm5iZiI6MTcxMjIyMjk3NCwiZXhwIjoxNzEyODI3Nzc0LCJpc3MiOiJndXhpbi5saW5rIiwiYXVkIjoiZ3V4aW4ubGluayJ9.JYT_ovWe-T6dJ7cVyMistom6_oxHCKAnL7YSoIQRSoY
      ┣ Cache-Control：             no-cache
      ┣ Pragma：                    no-cache
      ┣ Referer：                   http://localhost:9527/home
      ┣ sec-fetch-dest：            empty
      ┣ sec-fetch-mode：            cors
      ┣ sec-fetch-site：            same-origin
      ┣ sec-ch-ua-platform：        "Windows"
      ┣ x-request-id：              LH382px2coWQBpgt5nh6U
      ┣ apifoxtoken：               XL299LiMEDZ0H5h3A29PxwQXdMJqWyY2
      ┣ sec-ch-ua-mobile：          ?0
      ┣ DNT：                       1
      ┣ sec-ch-ua：                 "Google Chrome";v="123", "Not:A-Brand";v="8", "Chromium";v="123"
      ┣ ━━━━━━━━━━━━━━━  返回信息 ━━━━━━━━━━━━━━━
      ┣ HTTP响应状态码：            200
      ┣ 原始类型：                  System.Threading.Tasks.Task<System.Object>
      ┣ 最终类型：                  Admin.NET.Core.AdminResult<System.Object>
      ┣ 最终返回值：                {"code":200,"type":"success","message":"","result":0,"extras":null,"time":"2024-04-04T17:29:35.3116867+08:00"}
      ┗━━━━━━━━━━━  Logging Monitor ━━━━━━━━━━━
info: 2024-04-04 17:29:42.5166699 +08:00 星期四 L System.Logging.LoggingMonitor[0] #13 '00-2cccc7449479a185f7cbd212097d382f-6dfa8a03fd461263-00'
      [System.Private.CoreLib.dll] void System.Runtime.CompilerServices.AsyncTaskMethodBuilder<TResult>+AsyncStateMachineBox<TStateMachine>.MoveNext(Thread threadPoolThread)
      ┏━━━━━━━━━━━  Logging Monitor ━━━━━━━━━━━
      ┣ Admin.NET.Core.JuAI.JuAIService.GetMyStatistics
      ┣ 
      ┣ 控制器名称：                JuAIService
      ┣ 操作名称：                  GetMyStatistics
      ┣ 显示名称：                  我的统计
      ┣ 路由信息：                  [area]: ; [controller]: juAI; [action]: myStatistics
      ┣ 请求方式：                  GET
      ┣ 请求地址：                  http://localhost:5005/app/api/juai/MyStatistics
      ┣ 来源地址：                  http://localhost:9527/home
      ┣ 请求端源：                  client
      ┣ 浏览器标识：                Mozilla/5.0 (Windows NT 10.0; Win64; x64) AppleWebKit/537.36 (KHTML, like Gecko) Chrome/123.0.0.0 Safari/537.36
      ┣ 客户端区域语言：            zh-CN,zh;q=0.9
      ┣ 客户端 IP 地址：            127.0.0.1
      ┣ 服务端 IP 地址：            127.0.0.1
      ┣ 客户端连接 ID：             00-2cccc7449479a185f7cbd212097d382f-6dfa8a03fd461263-00
      ┣ 服务线程 ID：               #13
      ┣ 执行耗时：                  230ms
      ┣ ━━━━━━━━━━━━━━━  Cookies ━━━━━━━━━━━━━━━
      ┣ 请求端：                    
      ┣ 响应端：                    
      ┣ ━━━━━━━━━━━━━━━  系统信息 ━━━━━━━━━━━━━━━
      ┣ 系统名称：                  Microsoft Windows 10.0.19045
      ┣ 系统架构：                  X64
      ┣ 基础框架：                  Furion.Pure v1.0.0.0
      ┣ .NET 架构：                 .NET 8.0.0
      ┣ ━━━━━━━━━━━━━━━  启动信息 ━━━━━━━━━━━━━━━
      ┣ 运行环境：                  Production
      ┣ 启动程序集：                Admin.NET.Web.Entry
      ┣ 进程名称：                  Admin.NET.Web.Entry
      ┣ 托管程序：                  Kestrel
      ┣ ━━━━━━━━━━━━━━━  请求头信息 ━━━━━━━━━━━━━━━
      ┣ 
      ┣ Accept：                    application/json, text/plain, */*
      ┣ Connection：                close
      ┣ Host：                      localhost:5005
      ┣ User-Agent：                Mozilla/5.0 (Windows NT 10.0; Win64; x64) AppleWebKit/537.36 (KHTML, like Gecko) Chrome/123.0.0.0 Safari/537.36
      ┣ Accept-Encoding：           gzip, deflate, br, zstd
      ┣ Accept-Language：           zh-CN,zh;q=0.9
      ┣ Authorization：             Bearer eyJhbGciOiJIUzI1NiIsInR5cCI6IkpXVCJ9.eyJVc2VySWQiOjE0MjEzNDI2MzI3ODc3LCJUZW5hbnRJZCI6MTMwMDAwMDAwMDAwMSwiQWNjb3VudCI6IjE4NjAwNzY2MDQ1IiwiTmlja05hbWUiOiLmgKrlhb3mnaXkuoYiLCJBY2NvdW50VHlwZSI6Nzc3LCJpYXQiOjE3MTIyMjI5NzQsIm5iZiI6MTcxMjIyMjk3NCwiZXhwIjoxNzEyODI3Nzc0LCJpc3MiOiJndXhpbi5saW5rIiwiYXVkIjoiZ3V4aW4ubGluayJ9.JYT_ovWe-T6dJ7cVyMistom6_oxHCKAnL7YSoIQRSoY
      ┣ Cache-Control：             no-cache
      ┣ Pragma：                    no-cache
      ┣ Referer：                   http://localhost:9527/home
      ┣ sec-fetch-dest：            empty
      ┣ sec-fetch-mode：            cors
      ┣ sec-fetch-site：            same-origin
      ┣ sec-ch-ua-platform：        "Windows"
      ┣ x-request-id：              37OsyidVIpPlmaFdFU-TH
      ┣ apifoxtoken：               XL299LiMEDZ0H5h3A29PxwQXdMJqWyY2
      ┣ sec-ch-ua-mobile：          ?0
      ┣ DNT：                       1
      ┣ sec-ch-ua：                 "Google Chrome";v="123", "Not:A-Brand";v="8", "Chromium";v="123"
      ┣ ━━━━━━━━━━━━━━━  返回信息 ━━━━━━━━━━━━━━━
      ┣ HTTP响应状态码：            200
      ┣ 原始类型：                  System.Threading.Tasks.Task<System.Object>
      ┣ 最终类型：                  Admin.NET.Core.AdminResult<System.Object>
      ┣ 最终返回值：                {"code":200,"type":"success","message":"","result":{"chatCount":6,"drawingCount":45,"jifenCount":"1934128","visitCount":0},"extras":null,"time":"2024-04-04T17:29:42.5130751+08:00"}
      ┗━━━━━━━━━━━  Logging Monitor ━━━━━━━━━━━
info: 2024-04-04 17:31:54.4714950 +08:00 星期四 L System.Logging.LoggingMonitor[0] #25 '00-0ac901fa42aaff29fce50c962d5beaf7-689b441587b6efac-00'
      [System.Private.CoreLib.dll] void System.Runtime.CompilerServices.AsyncTaskMethodBuilder<TResult>+AsyncStateMachineBox<TStateMachine>.MoveNext(Thread threadPoolThread)
      ┏━━━━━━━━━━━  Logging Monitor ━━━━━━━━━━━
      ┣ Admin.NET.Core.JuAI.JuAIService.GetMyStatistics
      ┣ 
      ┣ 控制器名称：                     JuAIService
      ┣ 操作名称：                       GetMyStatistics
      ┣ 显示名称：                       我的统计
      ┣ 路由信息：                       [area]: ; [controller]: juAI; [action]: myStatistics
      ┣ 请求方式：                       GET
      ┣ 请求地址：                       http://localhost:5005/app/api/juai/MyStatistics
      ┣ 来源地址：                       http://localhost:9527/home
      ┣ 请求端源：                       client
      ┣ 浏览器标识：                     Mozilla/5.0 (Windows NT 10.0; Win64; x64) AppleWebKit/537.36 (KHTML, like Gecko) Chrome/123.0.0.0 Safari/537.36
      ┣ 客户端区域语言：                 zh-CN,zh;q=0.9
      ┣ 客户端 IP 地址：                 127.0.0.1
      ┣ 服务端 IP 地址：                 127.0.0.1
      ┣ 客户端连接 ID：                  00-0ac901fa42aaff29fce50c962d5beaf7-689b441587b6efac-00
      ┣ 服务线程 ID：                    #25
      ┣ 执行耗时：                       212ms
      ┣ ━━━━━━━━━━━━━━━  Cookies ━━━━━━━━━━━━━━━
      ┣ 请求端：                         
      ┣ 响应端：                         
      ┣ ━━━━━━━━━━━━━━━  系统信息 ━━━━━━━━━━━━━━━
      ┣ 系统名称：                       Microsoft Windows 10.0.19045
      ┣ 系统架构：                       X64
      ┣ 基础框架：                       Furion.Pure v1.0.0.0
      ┣ .NET 架构：                      .NET 8.0.0
      ┣ ━━━━━━━━━━━━━━━  启动信息 ━━━━━━━━━━━━━━━
      ┣ 运行环境：                       Production
      ┣ 启动程序集：                     Admin.NET.Web.Entry
      ┣ 进程名称：                       Admin.NET.Web.Entry
      ┣ 托管程序：                       Kestrel
      ┣ ━━━━━━━━━━━━━━━  授权信息 ━━━━━━━━━━━━━━━
      ┣ JWT Token：                      Bearer eyJhbGciOiJIUzI1NiIsInR5cCI6IkpXVCJ9.eyJVc2VySWQiOjE0MjEzNDI2MzI3ODc3LCJUZW5hbnRJZCI6MTMwMDAwMDAwMDAwMSwiQWNjb3VudCI6IjE4NjAwNzY2MDQ1IiwiTmlja05hbWUiOiLmgKrlhb3mnaXkuoYiLCJBY2NvdW50VHlwZSI6Nzc3LCJpYXQiOjE3MTIyMjI5NzQsIm5iZiI6MTcxMjIyMjk3NCwiZXhwIjoxNzEyODI3Nzc0LCJpc3MiOiJndXhpbi5saW5rIiwiYXVkIjoiZ3V4aW4ubGluayJ9.JYT_ovWe-T6dJ7cVyMistom6_oxHCKAnL7YSoIQRSoY
      ┣ 
      ┣ UserId (integer64)：             14213426327877
      ┣ TenantId (integer64)：           1300000000001
      ┣ Account (string)：               18600766045
      ┣ NickName (string)：              怪兽来了
      ┣ AccountType (integer32)：        777
      ┣ iat (integer64)：                1712222974 (2024-04-04 17:29:34:0000(+08:00) 星期四 L)
      ┣ nbf (integer64)：                1712222974 (2024-04-04 17:29:34:0000(+08:00) 星期四 L)
      ┣ exp (integer64)：                1712827774 (2024-04-11 17:29:34:0000(+08:00) 星期四 L)
      ┣ iss (string)：                   guxin.link
      ┣ aud (string)：                   guxin.link
      ┣ ━━━━━━━━━━━━━━━  请求头信息 ━━━━━━━━━━━━━━━
      ┣ 
      ┣ Accept：                         application/json, text/plain, */*
      ┣ Connection：                     close
      ┣ Host：                           localhost:5005
      ┣ User-Agent：                     Mozilla/5.0 (Windows NT 10.0; Win64; x64) AppleWebKit/537.36 (KHTML, like Gecko) Chrome/123.0.0.0 Safari/537.36
      ┣ Accept-Encoding：                gzip, deflate, br, zstd
      ┣ Accept-Language：                zh-CN,zh;q=0.9
      ┣ Authorization：                  Bearer eyJhbGciOiJIUzI1NiIsInR5cCI6IkpXVCJ9.eyJVc2VySWQiOjE0MjEzNDI2MzI3ODc3LCJUZW5hbnRJZCI6MTMwMDAwMDAwMDAwMSwiQWNjb3VudCI6IjE4NjAwNzY2MDQ1IiwiTmlja05hbWUiOiLmgKrlhb3mnaXkuoYiLCJBY2NvdW50VHlwZSI6Nzc3LCJpYXQiOjE3MTIyMjI5NzQsIm5iZiI6MTcxMjIyMjk3NCwiZXhwIjoxNzEyODI3Nzc0LCJpc3MiOiJndXhpbi5saW5rIiwiYXVkIjoiZ3V4aW4ubGluayJ9.JYT_ovWe-T6dJ7cVyMistom6_oxHCKAnL7YSoIQRSoY
      ┣ Cache-Control：                  no-cache
      ┣ Pragma：                         no-cache
      ┣ Referer：                        http://localhost:9527/home
      ┣ sec-fetch-dest：                 empty
      ┣ sec-fetch-mode：                 cors
      ┣ sec-fetch-site：                 same-origin
      ┣ sec-ch-ua-platform：             "Windows"
      ┣ x-request-id：                   A1mwG-hTdQUJaXddgt5Po
      ┣ apifoxtoken：                    XL299LiMEDZ0H5h3A29PxwQXdMJqWyY2
      ┣ sec-ch-ua-mobile：               ?0
      ┣ DNT：                            1
      ┣ sec-ch-ua：                      "Google Chrome";v="123", "Not:A-Brand";v="8", "Chromium";v="123"
      ┣ ━━━━━━━━━━━━━━━  返回信息 ━━━━━━━━━━━━━━━
      ┣ HTTP响应状态码：                 200
      ┣ 原始类型：                       System.Threading.Tasks.Task<System.Object>
      ┣ 最终类型：                       Admin.NET.Core.AdminResult<System.Object>
      ┣ 最终返回值：                     {"code":200,"type":"success","message":"","result":{"chatCount":6,"drawingCount":45,"jifenCount":"1934128","visitCount":0},"extras":null,"time":"2024-04-04T17:31:54.4698969+08:00"}
      ┗━━━━━━━━━━━  Logging Monitor ━━━━━━━━━━━
info: 2024-04-04 17:32:03.1847548 +08:00 星期四 L System.Logging.LoggingMonitor[0] #3 '00-2ab67a45ad3fb7fc64b713c1aac4dde8-5dba5a38b1d42851-00'
      [System.Private.CoreLib.dll] void System.Runtime.CompilerServices.AsyncTaskMethodBuilder<TResult>+AsyncStateMachineBox<TStateMachine>.MoveNext(Thread threadPoolThread)
      ┏━━━━━━━━━━━  Logging Monitor ━━━━━━━━━━━
      ┣ Admin.NET.Core.JuAI.JuAIService.GetSysNoticeCount
      ┣ 
      ┣ 控制器名称：                     JuAIService
      ┣ 操作名称：                       GetSysNoticeCount
      ┣ 显示名称：                       系统消息数量
      ┣ 路由信息：                       [area]: ; [controller]: juAI; [action]: sysNoticeCount
      ┣ 请求方式：                       GET
      ┣ 请求地址：                       http://localhost:5005/app/api/juai/SysNoticeCount
      ┣ 来源地址：                       http://localhost:9527/home
      ┣ 请求端源：                       client
      ┣ 浏览器标识：                     Mozilla/5.0 (Windows NT 10.0; Win64; x64) AppleWebKit/537.36 (KHTML, like Gecko) Chrome/123.0.0.0 Safari/537.36
      ┣ 客户端区域语言：                 zh-CN,zh;q=0.9
      ┣ 客户端 IP 地址：                 127.0.0.1
      ┣ 服务端 IP 地址：                 127.0.0.1
      ┣ 客户端连接 ID：                  00-2ab67a45ad3fb7fc64b713c1aac4dde8-5dba5a38b1d42851-00
      ┣ 服务线程 ID：                    #3
      ┣ 执行耗时：                       52ms
      ┣ ━━━━━━━━━━━━━━━  Cookies ━━━━━━━━━━━━━━━
      ┣ 请求端：                         
      ┣ 响应端：                         
      ┣ ━━━━━━━━━━━━━━━  系统信息 ━━━━━━━━━━━━━━━
      ┣ 系统名称：                       Microsoft Windows 10.0.19045
      ┣ 系统架构：                       X64
      ┣ 基础框架：                       Furion.Pure v1.0.0.0
      ┣ .NET 架构：                      .NET 8.0.0
      ┣ ━━━━━━━━━━━━━━━  启动信息 ━━━━━━━━━━━━━━━
      ┣ 运行环境：                       Production
      ┣ 启动程序集：                     Admin.NET.Web.Entry
      ┣ 进程名称：                       Admin.NET.Web.Entry
      ┣ 托管程序：                       Kestrel
      ┣ ━━━━━━━━━━━━━━━  授权信息 ━━━━━━━━━━━━━━━
      ┣ JWT Token：                      Bearer eyJhbGciOiJIUzI1NiIsInR5cCI6IkpXVCJ9.eyJVc2VySWQiOjE0MjEzNDI2MzI3ODc3LCJUZW5hbnRJZCI6MTMwMDAwMDAwMDAwMSwiQWNjb3VudCI6IjE4NjAwNzY2MDQ1IiwiTmlja05hbWUiOiLmgKrlhb3mnaXkuoYiLCJBY2NvdW50VHlwZSI6Nzc3LCJpYXQiOjE3MTIyMjI5NzQsIm5iZiI6MTcxMjIyMjk3NCwiZXhwIjoxNzEyODI3Nzc0LCJpc3MiOiJndXhpbi5saW5rIiwiYXVkIjoiZ3V4aW4ubGluayJ9.JYT_ovWe-T6dJ7cVyMistom6_oxHCKAnL7YSoIQRSoY
      ┣ 
      ┣ UserId (integer64)：             14213426327877
      ┣ TenantId (integer64)：           1300000000001
      ┣ Account (string)：               18600766045
      ┣ NickName (string)：              怪兽来了
      ┣ AccountType (integer32)：        777
      ┣ iat (integer64)：                1712222974 (2024-04-04 17:29:34:0000(+08:00) 星期四 L)
      ┣ nbf (integer64)：                1712222974 (2024-04-04 17:29:34:0000(+08:00) 星期四 L)
      ┣ exp (integer64)：                1712827774 (2024-04-11 17:29:34:0000(+08:00) 星期四 L)
      ┣ iss (string)：                   guxin.link
      ┣ aud (string)：                   guxin.link
      ┣ ━━━━━━━━━━━━━━━  请求头信息 ━━━━━━━━━━━━━━━
      ┣ 
      ┣ Accept：                         application/json, text/plain, */*
      ┣ Connection：                     close
      ┣ Host：                           localhost:5005
      ┣ User-Agent：                     Mozilla/5.0 (Windows NT 10.0; Win64; x64) AppleWebKit/537.36 (KHTML, like Gecko) Chrome/123.0.0.0 Safari/537.36
      ┣ Accept-Encoding：                gzip, deflate, br, zstd
      ┣ Accept-Language：                zh-CN,zh;q=0.9
      ┣ Authorization：                  Bearer eyJhbGciOiJIUzI1NiIsInR5cCI6IkpXVCJ9.eyJVc2VySWQiOjE0MjEzNDI2MzI3ODc3LCJUZW5hbnRJZCI6MTMwMDAwMDAwMDAwMSwiQWNjb3VudCI6IjE4NjAwNzY2MDQ1IiwiTmlja05hbWUiOiLmgKrlhb3mnaXkuoYiLCJBY2NvdW50VHlwZSI6Nzc3LCJpYXQiOjE3MTIyMjI5NzQsIm5iZiI6MTcxMjIyMjk3NCwiZXhwIjoxNzEyODI3Nzc0LCJpc3MiOiJndXhpbi5saW5rIiwiYXVkIjoiZ3V4aW4ubGluayJ9.JYT_ovWe-T6dJ7cVyMistom6_oxHCKAnL7YSoIQRSoY
      ┣ Cache-Control：                  no-cache
      ┣ Pragma：                         no-cache
      ┣ Referer：                        http://localhost:9527/home
      ┣ sec-fetch-dest：                 empty
      ┣ sec-fetch-mode：                 cors
      ┣ sec-fetch-site：                 same-origin
      ┣ sec-ch-ua-platform：             "Windows"
      ┣ x-request-id：                   -KjNLC9oh8QVHc5qNpsya
      ┣ apifoxtoken：                    XL299LiMEDZ0H5h3A29PxwQXdMJqWyY2
      ┣ sec-ch-ua-mobile：               ?0
      ┣ DNT：                            1
      ┣ sec-ch-ua：                      "Google Chrome";v="123", "Not:A-Brand";v="8", "Chromium";v="123"
      ┣ ━━━━━━━━━━━━━━━  返回信息 ━━━━━━━━━━━━━━━
      ┣ HTTP响应状态码：                 200
      ┣ 原始类型：                       System.Threading.Tasks.Task<System.Object>
      ┣ 最终类型：                       Admin.NET.Core.AdminResult<System.Object>
      ┣ 最终返回值：                     {"code":200,"type":"success","message":"","result":0,"extras":null,"time":"2024-04-04T17:32:03.1838042+08:00"}
      ┗━━━━━━━━━━━  Logging Monitor ━━━━━━━━━━━
info: 2024-04-04 17:32:03.2798003 +08:00 星期四 L System.Logging.LoggingMonitor[0] #3 '00-6d8e3037ce09d2a6e267ea9fd8a5dc6d-db26ffc83c711633-00'
      [System.Private.CoreLib.dll] void System.Runtime.CompilerServices.AsyncTaskMethodBuilder<TResult>+AsyncStateMachineBox<TStateMachine>.MoveNext(Thread threadPoolThread)
      ┏━━━━━━━━━━━  Logging Monitor ━━━━━━━━━━━
      ┣ Admin.NET.Core.JuAI.JuAIService.GetMyStatistics
      ┣ 
      ┣ 控制器名称：                     JuAIService
      ┣ 操作名称：                       GetMyStatistics
      ┣ 显示名称：                       我的统计
      ┣ 路由信息：                       [area]: ; [controller]: juAI; [action]: myStatistics
      ┣ 请求方式：                       GET
      ┣ 请求地址：                       http://localhost:5005/app/api/juai/MyStatistics
      ┣ 来源地址：                       http://localhost:9527/home
      ┣ 请求端源：                       client
      ┣ 浏览器标识：                     Mozilla/5.0 (Windows NT 10.0; Win64; x64) AppleWebKit/537.36 (KHTML, like Gecko) Chrome/123.0.0.0 Safari/537.36
      ┣ 客户端区域语言：                 zh-CN,zh;q=0.9
      ┣ 客户端 IP 地址：                 127.0.0.1
      ┣ 服务端 IP 地址：                 127.0.0.1
      ┣ 客户端连接 ID：                  00-6d8e3037ce09d2a6e267ea9fd8a5dc6d-db26ffc83c711633-00
      ┣ 服务线程 ID：                    #25
      ┣ 执行耗时：                       215ms
      ┣ ━━━━━━━━━━━━━━━  Cookies ━━━━━━━━━━━━━━━
      ┣ 请求端：                         
      ┣ 响应端：                         
      ┣ ━━━━━━━━━━━━━━━  系统信息 ━━━━━━━━━━━━━━━
      ┣ 系统名称：                       Microsoft Windows 10.0.19045
      ┣ 系统架构：                       X64
      ┣ 基础框架：                       Furion.Pure v1.0.0.0
      ┣ .NET 架构：                      .NET 8.0.0
      ┣ ━━━━━━━━━━━━━━━  启动信息 ━━━━━━━━━━━━━━━
      ┣ 运行环境：                       Production
      ┣ 启动程序集：                     Admin.NET.Web.Entry
      ┣ 进程名称：                       Admin.NET.Web.Entry
      ┣ 托管程序：                       Kestrel
      ┣ ━━━━━━━━━━━━━━━  授权信息 ━━━━━━━━━━━━━━━
      ┣ JWT Token：                      Bearer eyJhbGciOiJIUzI1NiIsInR5cCI6IkpXVCJ9.eyJVc2VySWQiOjE0MjEzNDI2MzI3ODc3LCJUZW5hbnRJZCI6MTMwMDAwMDAwMDAwMSwiQWNjb3VudCI6IjE4NjAwNzY2MDQ1IiwiTmlja05hbWUiOiLmgKrlhb3mnaXkuoYiLCJBY2NvdW50VHlwZSI6Nzc3LCJpYXQiOjE3MTIyMjI5NzQsIm5iZiI6MTcxMjIyMjk3NCwiZXhwIjoxNzEyODI3Nzc0LCJpc3MiOiJndXhpbi5saW5rIiwiYXVkIjoiZ3V4aW4ubGluayJ9.JYT_ovWe-T6dJ7cVyMistom6_oxHCKAnL7YSoIQRSoY
      ┣ 
      ┣ UserId (integer64)：             14213426327877
      ┣ TenantId (integer64)：           1300000000001
      ┣ Account (string)：               18600766045
      ┣ NickName (string)：              怪兽来了
      ┣ AccountType (integer32)：        777
      ┣ iat (integer64)：                1712222974 (2024-04-04 17:29:34:0000(+08:00) 星期四 L)
      ┣ nbf (integer64)：                1712222974 (2024-04-04 17:29:34:0000(+08:00) 星期四 L)
      ┣ exp (integer64)：                1712827774 (2024-04-11 17:29:34:0000(+08:00) 星期四 L)
      ┣ iss (string)：                   guxin.link
      ┣ aud (string)：                   guxin.link
      ┣ ━━━━━━━━━━━━━━━  请求头信息 ━━━━━━━━━━━━━━━
      ┣ 
      ┣ Accept：                         application/json, text/plain, */*
      ┣ Connection：                     close
      ┣ Host：                           localhost:5005
      ┣ User-Agent：                     Mozilla/5.0 (Windows NT 10.0; Win64; x64) AppleWebKit/537.36 (KHTML, like Gecko) Chrome/123.0.0.0 Safari/537.36
      ┣ Accept-Encoding：                gzip, deflate, br, zstd
      ┣ Accept-Language：                zh-CN,zh;q=0.9
      ┣ Authorization：                  Bearer eyJhbGciOiJIUzI1NiIsInR5cCI6IkpXVCJ9.eyJVc2VySWQiOjE0MjEzNDI2MzI3ODc3LCJUZW5hbnRJZCI6MTMwMDAwMDAwMDAwMSwiQWNjb3VudCI6IjE4NjAwNzY2MDQ1IiwiTmlja05hbWUiOiLmgKrlhb3mnaXkuoYiLCJBY2NvdW50VHlwZSI6Nzc3LCJpYXQiOjE3MTIyMjI5NzQsIm5iZiI6MTcxMjIyMjk3NCwiZXhwIjoxNzEyODI3Nzc0LCJpc3MiOiJndXhpbi5saW5rIiwiYXVkIjoiZ3V4aW4ubGluayJ9.JYT_ovWe-T6dJ7cVyMistom6_oxHCKAnL7YSoIQRSoY
      ┣ Cache-Control：                  no-cache
      ┣ Pragma：                         no-cache
      ┣ Referer：                        http://localhost:9527/home
      ┣ sec-fetch-dest：                 empty
      ┣ sec-fetch-mode：                 cors
      ┣ sec-fetch-site：                 same-origin
      ┣ sec-ch-ua-platform：             "Windows"
      ┣ x-request-id：                   JC4agDryXbg7ROIn0n6Di
      ┣ apifoxtoken：                    XL299LiMEDZ0H5h3A29PxwQXdMJqWyY2
      ┣ sec-ch-ua-mobile：               ?0
      ┣ DNT：                            1
      ┣ sec-ch-ua：                      "Google Chrome";v="123", "Not:A-Brand";v="8", "Chromium";v="123"
      ┣ ━━━━━━━━━━━━━━━  返回信息 ━━━━━━━━━━━━━━━
      ┣ HTTP响应状态码：                 200
      ┣ 原始类型：                       System.Threading.Tasks.Task<System.Object>
      ┣ 最终类型：                       Admin.NET.Core.AdminResult<System.Object>
      ┣ 最终返回值：                     {"code":200,"type":"success","message":"","result":{"chatCount":6,"drawingCount":45,"jifenCount":"1934128","visitCount":0},"extras":null,"time":"2024-04-04T17:32:03.2787171+08:00"}
      ┗━━━━━━━━━━━  Logging Monitor ━━━━━━━━━━━
