fail: 2024-04-09 22:43:25.4324585 +08:00 星期二 L Microsoft.AspNetCore.Diagnostics.DeveloperExceptionPageMiddleware[1] #36 '00-1ea0058b105bb611175ebdded80d31c8-e78cf042dabdc561-00'
      [Microsoft.AspNetCore.Diagnostics.dll] void Microsoft.AspNetCore.Diagnostics.DiagnosticsTelemetry.ReportUnhandledException(ILogger logger, HttpContext context, Exception ex)
      An unhandled exception has occurred while executing the request.      
      ++++++++++++++++++++++++++++++++++++++++++++++++++++++++
      System.InvalidOperationException: Header name cannot be a null or empty string.
         at Microsoft.AspNetCore.Server.Kestrel.Core.Internal.Http.HttpHeaders.ThrowInvalidEmptyHeaderName()
         at Microsoft.AspNetCore.Server.Kestrel.Core.Internal.Http.HttpHeaders.Microsoft.AspNetCore.Http.IHeaderDictionary.set_Item(String key, StringValues value)
         at Admin.NET.Web.Core.JwtHandler.HandleAsync(AuthorizationHandlerContext context)
         at Microsoft.AspNetCore.Authorization.DefaultAuthorizationService.AuthorizeAsync(ClaimsPrincipal user, Object resource, IEnumerable`1 requirements)
         at Microsoft.AspNetCore.Authorization.Policy.PolicyEvaluator.AuthorizeAsync(AuthorizationPolicy policy, AuthenticateResult authenticationResult, HttpContext context, Object resource)
         at Microsoft.AspNetCore.Mvc.Authorization.AuthorizeFilter.OnAuthorizationAsync(AuthorizationFilterContext context)
         at Microsoft.AspNetCore.Mvc.Infrastructure.ResourceInvoker.<InvokeFilterPipelineAsync>g__Awaited|20_0(ResourceInvoker invoker, Task lastTask, State next, Scope scope, Object state, Boolean isCompleted)
         at Microsoft.AspNetCore.Mvc.Infrastructure.ResourceInvoker.<InvokeAsync>g__Logged|17_1(ResourceInvoker invoker)
         at Microsoft.AspNetCore.Mvc.Infrastructure.ResourceInvoker.<InvokeAsync>g__Logged|17_1(ResourceInvoker invoker)
         at StackExchange.Profiling.MiniProfilerMiddleware.Invoke(HttpContext context) in C:\projects\dotnet\src\MiniProfiler.AspNetCore\MiniProfilerMiddleware.cs:line 112
         at Swashbuckle.AspNetCore.SwaggerUI.SwaggerUIMiddleware.Invoke(HttpContext httpContext)
         at Swashbuckle.AspNetCore.Swagger.SwaggerMiddleware.Invoke(HttpContext httpContext, ISwaggerProvider swaggerProvider)
         at IGeekFan.AspNetCore.Knife4jUI.Knife4jUIMiddleware.Invoke(HttpContext httpContext)
         at Furion.Schedule.ScheduleUIMiddleware.InvokeAsync(HttpContext context) in D:\work\juai\api\Plugins\Furion.Pure\Schedule\Dashboard\backend\ScheduleUIMiddleware.cs:line 77
         at Microsoft.AspNetCore.Authorization.AuthorizationMiddleware.Invoke(HttpContext context)
         at Microsoft.AspNetCore.Authentication.AuthenticationMiddleware.Invoke(HttpContext context)
         at AspNetCoreRateLimit.RateLimitMiddleware`1.Invoke(HttpContext context) in C:\Users\User\Documents\Github\AspNetCoreRateLimit\src\AspNetCoreRateLimit\Middleware\RateLimitMiddleware.cs:line 124
         at AspNetCoreRateLimit.RateLimitMiddleware`1.Invoke(HttpContext context) in C:\Users\User\Documents\Github\AspNetCoreRateLimit\src\AspNetCoreRateLimit\Middleware\RateLimitMiddleware.cs:line 124
         at SixLabors.ImageSharp.Web.Middleware.ImageSharpMiddleware.Invoke(HttpContext httpContext, Boolean retry)
         at Microsoft.AspNetCore.Localization.RequestLocalizationMiddleware.Invoke(HttpContext context)
         at Furion.UnifyResult.UnifyResultStatusCodesMiddleware.InvokeAsync(HttpContext context) in D:\work\juai\api\Plugins\Furion.Pure\UnifyResult\Middlewares\UnifyResultStatusCodesMiddleware.cs:line 48
         at Microsoft.AspNetCore.Diagnostics.DeveloperExceptionPageMiddlewareImpl.Invoke(HttpContext context)
      ++++++++++++++++++++++++++++++++++++++++++++++++++++++++
