warn: 2024-04-28 18:44:29.1257831 +08:00 星期日 L System.Logging.ScheduleService[0] #1
      [Furion.Pure.dll] void Furion.Schedule.ScheduleLogger.LogWarning(string message, params object[] args)
      Schedule hosted service preload completed, and a total of <2> schedulers are appended.
warn: 2024-04-28 18:51:36.5277828 +08:00 星期日 L System.Logging.ScheduleService[0] #1
      [Furion.Pure.dll] void Furion.Schedule.ScheduleLogger.LogWarning(string message, params object[] args)
      Schedule hosted service preload completed, and a total of <2> schedulers are appended.
warn: 2024-04-28 18:53:05.0103605 +08:00 星期日 L System.Logging.ScheduleService[0] #1
      [Furion.Pure.dll] void Furion.Schedule.ScheduleLogger.LogWarning(string message, params object[] args)
      Schedule hosted service preload completed, and a total of <2> schedulers are appended.
warn: 2024-04-28 19:06:03.4402908 +08:00 星期日 L System.Logging.ScheduleService[0] #1
      [Furion.Pure.dll] void Furion.Schedule.ScheduleLogger.LogWarning(string message, params object[] args)
      Schedule hosted service preload completed, and a total of <2> schedulers are appended.
warn: 2024-04-28 21:58:35.2439553 +08:00 星期日 L System.Logging.ScheduleService[0] #1
      [Furion.Pure.dll] void Furion.Schedule.ScheduleLogger.LogWarning(string message, params object[] args)
      Schedule hosted service preload completed, and a total of <2> schedulers are appended.
warn: 2024-04-28 21:59:32.9712128 +08:00 星期日 L Microsoft.AspNetCore.Diagnostics.DeveloperExceptionPageMiddleware[2] #23 '00-92e6ed5f8248b3a89992c8f885a46112-f4020a14af792a61-00'
      [Microsoft.AspNetCore.Diagnostics.dll] async Task Microsoft.AspNetCore.Diagnostics.DeveloperExceptionPageMiddlewareImpl.Invoke(HttpContext context)
      The response has already started, the error page middleware will not be executed.
warn: 2024-04-28 22:00:28.6351135 +08:00 星期日 L System.Logging.ScheduleService[0] #1
      [Furion.Pure.dll] void Furion.Schedule.ScheduleLogger.LogWarning(string message, params object[] args)
      Schedule hosted service preload completed, and a total of <2> schedulers are appended.
warn: 2024-04-28 22:08:55.7728728 +08:00 星期日 L System.Logging.ScheduleService[0] #1
      [Furion.Pure.dll] void Furion.Schedule.ScheduleLogger.LogWarning(string message, params object[] args)
      Schedule hosted service preload completed, and a total of <2> schedulers are appended.
warn: 2024-04-28 22:52:08.9047661 +08:00 星期日 L System.Logging.ScheduleService[0] #1
      [Furion.Pure.dll] void Furion.Schedule.ScheduleLogger.LogWarning(string message, params object[] args)
      Schedule hosted service preload completed, and a total of <2> schedulers are appended.
warn: 2024-04-28 23:00:36.0859791 +08:00 星期日 L System.Logging.ScheduleService[0] #1
      [Furion.Pure.dll] void Furion.Schedule.ScheduleLogger.LogWarning(string message, params object[] args)
      Schedule hosted service preload completed, and a total of <2> schedulers are appended.
warn: 2024-04-28 23:11:26.7676044 +08:00 星期日 L Microsoft.AspNetCore.Diagnostics.DeveloperExceptionPageMiddleware[2] #45 '00-5bdab0db480cdac8beec95f269552732-f0de0c6243c37ef5-00'
      [Microsoft.AspNetCore.Diagnostics.dll] async Task Microsoft.AspNetCore.Diagnostics.DeveloperExceptionPageMiddlewareImpl.Invoke(HttpContext context)
      The response has already started, the error page middleware will not be executed.
warn: 2024-04-28 23:13:38.1110446 +08:00 星期日 L Microsoft.AspNetCore.Diagnostics.DeveloperExceptionPageMiddleware[2] #25 '00-df6c441cb40002eb244100530e04bb42-ecf88705a2969c70-00'
      [Microsoft.AspNetCore.Diagnostics.dll] async Task Microsoft.AspNetCore.Diagnostics.DeveloperExceptionPageMiddlewareImpl.Invoke(HttpContext context)
      The response has already started, the error page middleware will not be executed.
