fail: 2024-05-19 22:01:20.8014497 +08:00 星期日 L System.Logging.ScheduleService[0] #20
      [Furion.Pure.dll] void Furion.Schedule.ScheduleLogger.Log(LogLevel logLevel, string message, object[] args, Exception ex)
      The JobDetail of <job_ossAsync> persist failed.      
      ++++++++++++++++++++++++++++++++++++++++++++++++++++++++
      System.IO.IOException: Unable to read data from the transport connection: 由于连接方在一段时间后没有正确答复或连接的主机没有反应，连接尝试失败。.
       ---> System.Net.Sockets.SocketException (10060): 由于连接方在一段时间后没有正确答复或连接的主机没有反应，连接尝试失败。
         at System.Net.Sockets.NetworkStream.Read(Byte[] buffer, Int32 offset, Int32 count)
         --- End of inner exception stack trace ---
         at System.Net.Sockets.NetworkStream.Read(Byte[] buffer, Int32 offset, Int32 count)
         at System.IO.BufferedStream.ReadByteSlow()
         at NewLife.Caching.RedisClient.GetResponse(Stream ns, Int32 count)
         at NewLife.Caching.RedisClient.ExecuteCommand(String cmd, Packet[] args, Object[] oriArgs)
         at NewLife.Caching.RedisClient.Execute(String cmd, Object[] args)
         at NewLife.Caching.RedisClient.Execute[TResult](String cmd, Object[] args)
         at NewLife.Caching.FullRedis.<>c__DisplayClass41_1.<Search>b__0(RedisClient r)
         at NewLife.Caching.Redis.Execute[TResult](Func`2 func)
         at NewLife.Caching.FullRedis.Search(SearchModel model)+MoveNext()
         at System.Linq.Enumerable.SelectEnumerableIterator`2.ToList()
         at Admin.NET.Core.Service.SysCacheService.GetKeysByPrefixKey(String prefixKey) in D:\work\juai\api\Admin.NET.Core\Service\Cache\SysCacheService.cs:line 126
         at Admin.NET.Core.SqlSugarCache.GetAllKey[V]() in D:\work\juai\api\Admin.NET.Core\Cache\SqlSugarCache.cs:line 44
         at SqlSugar.CacheSchemeMain.RemoveCache(ICacheService cacheService, String tableName)
         at SqlSugar.UpdateableProvider`1.<RemoveDataCache>b__139_0()
         at SqlSugar.UpdateableProvider`1.After(String sql)
         at SqlSugar.UpdateableProvider`1.ExecuteCommand()
         at Admin.NET.Core.Service.DbJobPersistence.OnChanged(PersistenceContext context) in D:\work\juai\api\Admin.NET.Core\Service\Job\DbJobPersistence.cs:line 146
         at Furion.Schedule.SchedulerFactory.ProcessQueue() in D:\work\juai\api\Plugins\Furion.Pure\Schedule\Factories\SchedulerFactory.Internal.cs:line 447
      ++++++++++++++++++++++++++++++++++++++++++++++++++++++++
fail: 2024-05-19 22:05:34.9342553 +08:00 星期日 L Microsoft.AspNetCore.Diagnostics.DeveloperExceptionPageMiddleware[1] #39 '00-d7861f8a9574e31c38b6bfa96dc5f03c-6431132dec0d5506-00'
      [Microsoft.AspNetCore.Diagnostics.dll] void Microsoft.AspNetCore.Diagnostics.DiagnosticsTelemetry.ReportUnhandledException(ILogger logger, HttpContext context, Exception ex)
      An unhandled exception has occurred while executing the request.      
      ++++++++++++++++++++++++++++++++++++++++++++++++++++++++
      System.NullReferenceException: Object reference not set to an instance of an object.
         at Furion.DataEncryption.JWTEncryption.Exchange(String expiredToken, String refreshToken, Nullable`1 expiredTime, Int64 clockSkew) in D:\work\juai\api\Plugins\Furion.Extras.Authentication.JwtBearer\JWTEncryption.cs:line 164
         at Furion.DataEncryption.JWTEncryption.AutoRefreshToken(AuthorizationHandlerContext context, DefaultHttpContext httpContext, Nullable`1 expiredTime, Int32 refreshTokenExpiredTime, String tokenPrefix, Int64 clockSkew) in D:\work\juai\api\Plugins\Furion.Extras.Authentication.JwtBearer\JWTEncryption.cs:line 228
         at Admin.NET.Web.Core.JwtHandler.HandleAsync(AuthorizationHandlerContext context) in D:\work\juai\api\Admin.NET.Web.Core\Handlers\JwtHandler.cs:line 64
         at Microsoft.AspNetCore.Authorization.DefaultAuthorizationService.AuthorizeAsync(ClaimsPrincipal user, Object resource, IEnumerable`1 requirements)
         at Microsoft.AspNetCore.Authorization.Policy.PolicyEvaluator.AuthorizeAsync(AuthorizationPolicy policy, AuthenticateResult authenticationResult, HttpContext context, Object resource)
         at Microsoft.AspNetCore.Mvc.Authorization.AuthorizeFilter.OnAuthorizationAsync(AuthorizationFilterContext context)
         at Microsoft.AspNetCore.Mvc.Infrastructure.ResourceInvoker.<InvokeFilterPipelineAsync>g__Awaited|20_0(ResourceInvoker invoker, Task lastTask, State next, Scope scope, Object state, Boolean isCompleted)
         at Microsoft.AspNetCore.Mvc.Infrastructure.ResourceInvoker.<InvokeAsync>g__Logged|17_1(ResourceInvoker invoker)
         at Microsoft.AspNetCore.Mvc.Infrastructure.ResourceInvoker.<InvokeAsync>g__Logged|17_1(ResourceInvoker invoker)
         at StackExchange.Profiling.MiniProfilerMiddleware.Invoke(HttpContext context) in C:\projects\dotnet\src\MiniProfiler.AspNetCore\MiniProfilerMiddleware.cs:line 112
         at Swashbuckle.AspNetCore.SwaggerUI.SwaggerUIMiddleware.Invoke(HttpContext httpContext)
         at Swashbuckle.AspNetCore.Swagger.SwaggerMiddleware.Invoke(HttpContext httpContext, ISwaggerProvider swaggerProvider)
         at IGeekFan.AspNetCore.Knife4jUI.Knife4jUIMiddleware.Invoke(HttpContext httpContext)
         at Furion.Schedule.ScheduleUIMiddleware.InvokeAsync(HttpContext context) in D:\work\juai\api\Plugins\Furion.Pure\Schedule\Dashboard\backend\ScheduleUIMiddleware.cs:line 77
         at Microsoft.AspNetCore.Authorization.AuthorizationMiddleware.Invoke(HttpContext context)
         at Microsoft.AspNetCore.Authentication.AuthenticationMiddleware.Invoke(HttpContext context)
         at AspNetCoreRateLimit.RateLimitMiddleware`1.Invoke(HttpContext context) in C:\Users\User\Documents\Github\AspNetCoreRateLimit\src\AspNetCoreRateLimit\Middleware\RateLimitMiddleware.cs:line 124
         at AspNetCoreRateLimit.RateLimitMiddleware`1.Invoke(HttpContext context) in C:\Users\User\Documents\Github\AspNetCoreRateLimit\src\AspNetCoreRateLimit\Middleware\RateLimitMiddleware.cs:line 124
         at SixLabors.ImageSharp.Web.Middleware.ImageSharpMiddleware.Invoke(HttpContext httpContext, Boolean retry)
         at Microsoft.AspNetCore.Localization.RequestLocalizationMiddleware.Invoke(HttpContext context)
         at Furion.UnifyResult.UnifyResultStatusCodesMiddleware.InvokeAsync(HttpContext context) in D:\work\juai\api\Plugins\Furion.Pure\UnifyResult\Middlewares\UnifyResultStatusCodesMiddleware.cs:line 48
         at Microsoft.AspNetCore.Diagnostics.DeveloperExceptionPageMiddlewareImpl.Invoke(HttpContext context)
      ++++++++++++++++++++++++++++++++++++++++++++++++++++++++
