fail: 2024-11-22 23:49:33.7887599 +08:00 星期五 L System.Logging.LoggingMonitor[0] #77 '00-2a29e73de0743dd8704cb16da6d4a7cc-bbf0ced91c25f8ef-00'
      [Microsoft.Extensions.Logging.Abstractions.dll] void Microsoft.Extensions.Logging.LoggerExtensions.LogError(ILogger logger, Exception exception, string message, params object[] args)
      ┏━━━━━━━━━━━  Logging Monitor ━━━━━━━━━━━
      ┣ Admin.NET.Core.JuAI.Service.UserLoginService.LoginRegister
      ┣ 
      ┣ 控制器名称：                    UserLoginService
      ┣ 操作名称：                      LoginRegister
      ┣ 显示名称：                      app登录
      ┣ 路由信息：                      [area]: ; [controller]: userLogin; [action]: loginRegister
      ┣ 请求方式：                      POST
      ┣ 请求地址：                      http://localhost:5005/app/api/userLogin/loginRegister/false
      ┣ 来源地址：                      
      ┣ 请求端源：                      client
      ┣ 浏览器标识：                    Dart/3.5 (dart:io)
      ┣ 客户端区域语言：                
      ┣ 客户端 IP 地址：                127.0.0.1
      ┣ 服务端 IP 地址：                127.0.0.1
      ┣ 客户端连接 ID：                 00-2a29e73de0743dd8704cb16da6d4a7cc-bbf0ced91c25f8ef-00
      ┣ 服务线程 ID：                   #77
      ┣ 执行耗时：                      134ms
      ┣ ━━━━━━━━━━━━━━━  Cookies ━━━━━━━━━━━━━━━
      ┣ 请求端：                        
      ┣ 响应端：                        
      ┣ ━━━━━━━━━━━━━━━  系统信息 ━━━━━━━━━━━━━━━
      ┣ 系统名称：                      Microsoft Windows 10.0.19045
      ┣ 系统架构：                      X64
      ┣ 基础框架：                      Furion.Pure v1.0.0.0
      ┣ .NET 架构：                     .NET 8.0.6
      ┣ ━━━━━━━━━━━━━━━  启动信息 ━━━━━━━━━━━━━━━
      ┣ 运行环境：                      Production
      ┣ 启动程序集：                    Admin.NET.Web.Entry
      ┣ 进程名称：                      Admin.NET.Web.Entry
      ┣ 托管程序：                      Kestrel
      ┣ ━━━━━━━━━━━━━━━  请求头信息 ━━━━━━━━━━━━━━━
      ┣ 
      ┣ Host：                          localhost:5005
      ┣ User-Agent：                    Dart/3.5 (dart:io)
      ┣ Accept-Encoding：               gzip
      ┣ Content-Type：                  application/json
      ┣ Content-Length：                58
      ┣ version：                       1.0.0
      ┣ ━━━━━━━━━━━━━━━  参数列表 ━━━━━━━━━━━━━━━
      ┣ Content-Type：                  application/json
      ┣ 
      ┣ input (AppLoginInput)：         {"account":"12344","password":"4444","code":null,"u":null}
      ┣ isRefresh (Nullable`1)：        false
      ┣ ━━━━━━━━━━━━━━━  返回信息 ━━━━━━━━━━━━━━━
      ┣ HTTP响应状态码：                200
      ┣ 原始类型：                      System.Threading.Tasks.Task<Admin.NET.Core.JuAI.Service.AppLoginOutput>
      ┣ 最终类型：                      
      ┣ 最终返回值：                    null
      ┣ ━━━━━━━━━━━━━━━  异常信息 ━━━━━━━━━━━━━━━
      ┣ 类型：                          System.ArgumentException
      ┣ 消息：                          Offset and length were out of bounds for the array or count is greater than the number of elements from index to the end of the source collection.
      ┣ 错误堆栈：                      at System.Buffer.BlockCopy(Array src, Int32 srcOffset, Array dst, Int32 dstOffset, Int32 count)
         at Admin.NET.Core.GM.ChangeC1C3C2ToC1C2C3(Byte[] c1c3c2) in D:\work\chenyanyi\server\Admin.NET.Core\Util\GM\GM.cs:line 129
         at Admin.NET.Core.GM.Sm2Decrypt(Byte[] data, AsymmetricKeyParameter key) in D:\work\chenyanyi\server\Admin.NET.Core\Util\GM\GM.cs:line 144
         at Admin.NET.Core.GMUtil.SM2Decrypt(String privateKey_string, String encryptedData_string) in D:\work\chenyanyi\server\Admin.NET.Core\Util\GM\GMUtil.cs:line 65
         at Admin.NET.Core.CryptogramUtil.SM2Decrypt(String cipherText) in D:\work\chenyanyi\server\Admin.NET.Core\Util\CryptogramUtil.cs:line 78
         at Admin.NET.Core.JuAI.Service.UserLoginService.LoginRegister(AppLoginInput input, Nullable`1 isRefresh) in D:\work\chenyanyi\server\Admin.NET.Core.JuAi\Service\User\UserLoginService.cs:line 82
         at lambda_method52(Closure, Object)
         at Microsoft.AspNetCore.Mvc.Infrastructure.ActionMethodExecutor.AwaitableObjectResultExecutor.Execute(ActionContext actionContext, IActionResultTypeMapper mapper, ObjectMethodExecutor executor, Object controller, Object[] arguments)
         at Microsoft.AspNetCore.Mvc.Infrastructure.ControllerActionInvoker.<InvokeActionMethodAsync>g__Awaited|12_0(ControllerActionInvoker invoker, ValueTask`1 actionResultValueTask)
         at Microsoft.AspNetCore.Mvc.Infrastructure.ControllerActionInvoker.<InvokeNextActionFilterAsync>g__Awaited|10_0(ControllerActionInvoker invoker, Task lastTask, State next, Scope scope, Object state, Boolean isCompleted)
      ┗━━━━━━━━━━━  Logging Monitor ━━━━━━━━━━━      
      ++++++++++++++++++++++++++++++++++++++++++++++++++++++++
      System.ArgumentException: Offset and length were out of bounds for the array or count is greater than the number of elements from index to the end of the source collection.
         at System.Buffer.BlockCopy(Array src, Int32 srcOffset, Array dst, Int32 dstOffset, Int32 count)
         at Admin.NET.Core.GM.ChangeC1C3C2ToC1C2C3(Byte[] c1c3c2) in D:\work\chenyanyi\server\Admin.NET.Core\Util\GM\GM.cs:line 129
         at Admin.NET.Core.GM.Sm2Decrypt(Byte[] data, AsymmetricKeyParameter key) in D:\work\chenyanyi\server\Admin.NET.Core\Util\GM\GM.cs:line 144
         at Admin.NET.Core.GMUtil.SM2Decrypt(String privateKey_string, String encryptedData_string) in D:\work\chenyanyi\server\Admin.NET.Core\Util\GM\GMUtil.cs:line 65
         at Admin.NET.Core.CryptogramUtil.SM2Decrypt(String cipherText) in D:\work\chenyanyi\server\Admin.NET.Core\Util\CryptogramUtil.cs:line 78
         at Admin.NET.Core.JuAI.Service.UserLoginService.LoginRegister(AppLoginInput input, Nullable`1 isRefresh) in D:\work\chenyanyi\server\Admin.NET.Core.JuAi\Service\User\UserLoginService.cs:line 82
         at lambda_method52(Closure, Object)
         at Microsoft.AspNetCore.Mvc.Infrastructure.ActionMethodExecutor.AwaitableObjectResultExecutor.Execute(ActionContext actionContext, IActionResultTypeMapper mapper, ObjectMethodExecutor executor, Object controller, Object[] arguments)
         at Microsoft.AspNetCore.Mvc.Infrastructure.ControllerActionInvoker.<InvokeActionMethodAsync>g__Awaited|12_0(ControllerActionInvoker invoker, ValueTask`1 actionResultValueTask)
         at Microsoft.AspNetCore.Mvc.Infrastructure.ControllerActionInvoker.<InvokeNextActionFilterAsync>g__Awaited|10_0(ControllerActionInvoker invoker, Task lastTask, State next, Scope scope, Object state, Boolean isCompleted)
      ++++++++++++++++++++++++++++++++++++++++++++++++++++++++
fail: 2024-11-22 23:50:20.8059460 +08:00 星期五 L System.Logging.LoggingMonitor[0] #73 '00-9ff770a3ff786c3f0df35946db6ea6bc-22520bac6e135c18-00'
      [Microsoft.Extensions.Logging.Abstractions.dll] void Microsoft.Extensions.Logging.LoggerExtensions.LogError(ILogger logger, Exception exception, string message, params object[] args)
      ┏━━━━━━━━━━━  Logging Monitor ━━━━━━━━━━━
      ┣ Admin.NET.Core.JuAI.Service.UserLoginService.LoginRegister
      ┣ 
      ┣ 控制器名称：                    UserLoginService
      ┣ 操作名称：                      LoginRegister
      ┣ 显示名称：                      app登录
      ┣ 路由信息：                      [area]: ; [controller]: userLogin; [action]: loginRegister
      ┣ 请求方式：                      POST
      ┣ 请求地址：                      http://localhost:5005/app/api/userLogin/loginRegister/false
      ┣ 来源地址：                      
      ┣ 请求端源：                      client
      ┣ 浏览器标识：                    Dart/3.5 (dart:io)
      ┣ 客户端区域语言：                
      ┣ 客户端 IP 地址：                127.0.0.1
      ┣ 服务端 IP 地址：                127.0.0.1
      ┣ 客户端连接 ID：                 00-9ff770a3ff786c3f0df35946db6ea6bc-22520bac6e135c18-00
      ┣ 服务线程 ID：                   #73
      ┣ 执行耗时：                      0ms
      ┣ ━━━━━━━━━━━━━━━  Cookies ━━━━━━━━━━━━━━━
      ┣ 请求端：                        
      ┣ 响应端：                        
      ┣ ━━━━━━━━━━━━━━━  系统信息 ━━━━━━━━━━━━━━━
      ┣ 系统名称：                      Microsoft Windows 10.0.19045
      ┣ 系统架构：                      X64
      ┣ 基础框架：                      Furion.Pure v1.0.0.0
      ┣ .NET 架构：                     .NET 8.0.6
      ┣ ━━━━━━━━━━━━━━━  启动信息 ━━━━━━━━━━━━━━━
      ┣ 运行环境：                      Production
      ┣ 启动程序集：                    Admin.NET.Web.Entry
      ┣ 进程名称：                      Admin.NET.Web.Entry
      ┣ 托管程序：                      Kestrel
      ┣ ━━━━━━━━━━━━━━━  请求头信息 ━━━━━━━━━━━━━━━
      ┣ 
      ┣ Host：                          localhost:5005
      ┣ User-Agent：                    Dart/3.5 (dart:io)
      ┣ Accept-Encoding：               gzip
      ┣ Content-Type：                  application/json
      ┣ Content-Length：                58
      ┣ version：                       1.0.0
      ┣ ━━━━━━━━━━━━━━━  参数列表 ━━━━━━━━━━━━━━━
      ┣ Content-Type：                  application/json
      ┣ 
      ┣ input (AppLoginInput)：         {"account":"12344","password":"4444","code":null,"u":null}
      ┣ isRefresh (Nullable`1)：        false
      ┣ ━━━━━━━━━━━━━━━  返回信息 ━━━━━━━━━━━━━━━
      ┣ HTTP响应状态码：                200
      ┣ 原始类型：                      System.Threading.Tasks.Task<Admin.NET.Core.JuAI.Service.AppLoginOutput>
      ┣ 最终类型：                      
      ┣ 最终返回值：                    null
      ┣ ━━━━━━━━━━━━━━━  异常信息 ━━━━━━━━━━━━━━━
      ┣ 类型：                          System.ArgumentException
      ┣ 消息：                          Offset and length were out of bounds for the array or count is greater than the number of elements from index to the end of the source collection.
      ┣ 错误堆栈：                      at System.Buffer.BlockCopy(Array src, Int32 srcOffset, Array dst, Int32 dstOffset, Int32 count)
         at Admin.NET.Core.GM.ChangeC1C3C2ToC1C2C3(Byte[] c1c3c2) in D:\work\chenyanyi\server\Admin.NET.Core\Util\GM\GM.cs:line 129
         at Admin.NET.Core.GM.Sm2Decrypt(Byte[] data, AsymmetricKeyParameter key) in D:\work\chenyanyi\server\Admin.NET.Core\Util\GM\GM.cs:line 144
         at Admin.NET.Core.GMUtil.SM2Decrypt(String privateKey_string, String encryptedData_string) in D:\work\chenyanyi\server\Admin.NET.Core\Util\GM\GMUtil.cs:line 65
         at Admin.NET.Core.CryptogramUtil.SM2Decrypt(String cipherText) in D:\work\chenyanyi\server\Admin.NET.Core\Util\CryptogramUtil.cs:line 78
         at Admin.NET.Core.JuAI.Service.UserLoginService.LoginRegister(AppLoginInput input, Nullable`1 isRefresh) in D:\work\chenyanyi\server\Admin.NET.Core.JuAi\Service\User\UserLoginService.cs:line 82
         at lambda_method52(Closure, Object)
         at Microsoft.AspNetCore.Mvc.Infrastructure.ActionMethodExecutor.AwaitableObjectResultExecutor.Execute(ActionContext actionContext, IActionResultTypeMapper mapper, ObjectMethodExecutor executor, Object controller, Object[] arguments)
         at Microsoft.AspNetCore.Mvc.Infrastructure.ControllerActionInvoker.<InvokeActionMethodAsync>g__Awaited|12_0(ControllerActionInvoker invoker, ValueTask`1 actionResultValueTask)
         at Microsoft.AspNetCore.Mvc.Infrastructure.ControllerActionInvoker.<InvokeNextActionFilterAsync>g__Awaited|10_0(ControllerActionInvoker invoker, Task lastTask, State next, Scope scope, Object state, Boolean isCompleted)
      ┗━━━━━━━━━━━  Logging Monitor ━━━━━━━━━━━      
      ++++++++++++++++++++++++++++++++++++++++++++++++++++++++
      System.ArgumentException: Offset and length were out of bounds for the array or count is greater than the number of elements from index to the end of the source collection.
         at System.Buffer.BlockCopy(Array src, Int32 srcOffset, Array dst, Int32 dstOffset, Int32 count)
         at Admin.NET.Core.GM.ChangeC1C3C2ToC1C2C3(Byte[] c1c3c2) in D:\work\chenyanyi\server\Admin.NET.Core\Util\GM\GM.cs:line 129
         at Admin.NET.Core.GM.Sm2Decrypt(Byte[] data, AsymmetricKeyParameter key) in D:\work\chenyanyi\server\Admin.NET.Core\Util\GM\GM.cs:line 144
         at Admin.NET.Core.GMUtil.SM2Decrypt(String privateKey_string, String encryptedData_string) in D:\work\chenyanyi\server\Admin.NET.Core\Util\GM\GMUtil.cs:line 65
         at Admin.NET.Core.CryptogramUtil.SM2Decrypt(String cipherText) in D:\work\chenyanyi\server\Admin.NET.Core\Util\CryptogramUtil.cs:line 78
         at Admin.NET.Core.JuAI.Service.UserLoginService.LoginRegister(AppLoginInput input, Nullable`1 isRefresh) in D:\work\chenyanyi\server\Admin.NET.Core.JuAi\Service\User\UserLoginService.cs:line 82
         at lambda_method52(Closure, Object)
         at Microsoft.AspNetCore.Mvc.Infrastructure.ActionMethodExecutor.AwaitableObjectResultExecutor.Execute(ActionContext actionContext, IActionResultTypeMapper mapper, ObjectMethodExecutor executor, Object controller, Object[] arguments)
         at Microsoft.AspNetCore.Mvc.Infrastructure.ControllerActionInvoker.<InvokeActionMethodAsync>g__Awaited|12_0(ControllerActionInvoker invoker, ValueTask`1 actionResultValueTask)
         at Microsoft.AspNetCore.Mvc.Infrastructure.ControllerActionInvoker.<InvokeNextActionFilterAsync>g__Awaited|10_0(ControllerActionInvoker invoker, Task lastTask, State next, Scope scope, Object state, Boolean isCompleted)
      ++++++++++++++++++++++++++++++++++++++++++++++++++++++++
fail: 2024-11-22 23:54:05.9460925 +08:00 星期五 L System.Logging.LoggingMonitor[0] #71 '00-bd552b6ebf5ca2dcc259f8a1c81fafef-bfe9056978f30cc1-00'
      [Microsoft.Extensions.Logging.Abstractions.dll] void Microsoft.Extensions.Logging.LoggerExtensions.LogError(ILogger logger, Exception exception, string message, params object[] args)
      ┏━━━━━━━━━━━  Logging Monitor ━━━━━━━━━━━
      ┣ Admin.NET.Core.JuAI.Service.UserLoginService.LoginRegister
      ┣ 
      ┣ 控制器名称：                    UserLoginService
      ┣ 操作名称：                      LoginRegister
      ┣ 显示名称：                      app登录
      ┣ 路由信息：                      [area]: ; [controller]: userLogin; [action]: loginRegister
      ┣ 请求方式：                      POST
      ┣ 请求地址：                      http://localhost:5005/app/api/userLogin/loginRegister/false
      ┣ 来源地址：                      
      ┣ 请求端源：                      client
      ┣ 浏览器标识：                    Dart/3.5 (dart:io)
      ┣ 客户端区域语言：                
      ┣ 客户端 IP 地址：                127.0.0.1
      ┣ 服务端 IP 地址：                127.0.0.1
      ┣ 客户端连接 ID：                 00-bd552b6ebf5ca2dcc259f8a1c81fafef-bfe9056978f30cc1-00
      ┣ 服务线程 ID：                   #71
      ┣ 执行耗时：                      0ms
      ┣ ━━━━━━━━━━━━━━━  Cookies ━━━━━━━━━━━━━━━
      ┣ 请求端：                        
      ┣ 响应端：                        
      ┣ ━━━━━━━━━━━━━━━  系统信息 ━━━━━━━━━━━━━━━
      ┣ 系统名称：                      Microsoft Windows 10.0.19045
      ┣ 系统架构：                      X64
      ┣ 基础框架：                      Furion.Pure v1.0.0.0
      ┣ .NET 架构：                     .NET 8.0.6
      ┣ ━━━━━━━━━━━━━━━  启动信息 ━━━━━━━━━━━━━━━
      ┣ 运行环境：                      Production
      ┣ 启动程序集：                    Admin.NET.Web.Entry
      ┣ 进程名称：                      Admin.NET.Web.Entry
      ┣ 托管程序：                      Kestrel
      ┣ ━━━━━━━━━━━━━━━  请求头信息 ━━━━━━━━━━━━━━━
      ┣ 
      ┣ Host：                          localhost:5005
      ┣ User-Agent：                    Dart/3.5 (dart:io)
      ┣ Accept-Encoding：               gzip
      ┣ Content-Type：                  application/json
      ┣ Content-Length：                58
      ┣ version：                       1.0.0
      ┣ ━━━━━━━━━━━━━━━  参数列表 ━━━━━━━━━━━━━━━
      ┣ Content-Type：                  application/json
      ┣ 
      ┣ input (AppLoginInput)：         {"account":"12344","password":"4444","code":null,"u":null}
      ┣ isRefresh (Nullable`1)：        false
      ┣ ━━━━━━━━━━━━━━━  返回信息 ━━━━━━━━━━━━━━━
      ┣ HTTP响应状态码：                200
      ┣ 原始类型：                      System.Threading.Tasks.Task<Admin.NET.Core.JuAI.Service.AppLoginOutput>
      ┣ 最终类型：                      
      ┣ 最终返回值：                    null
      ┣ ━━━━━━━━━━━━━━━  异常信息 ━━━━━━━━━━━━━━━
      ┣ 类型：                          System.ArgumentException
      ┣ 消息：                          Offset and length were out of bounds for the array or count is greater than the number of elements from index to the end of the source collection.
      ┣ 错误堆栈：                      at System.Buffer.BlockCopy(Array src, Int32 srcOffset, Array dst, Int32 dstOffset, Int32 count)
         at Admin.NET.Core.GM.ChangeC1C3C2ToC1C2C3(Byte[] c1c3c2) in D:\work\chenyanyi\server\Admin.NET.Core\Util\GM\GM.cs:line 129
         at Admin.NET.Core.GM.Sm2Decrypt(Byte[] data, AsymmetricKeyParameter key) in D:\work\chenyanyi\server\Admin.NET.Core\Util\GM\GM.cs:line 144
         at Admin.NET.Core.GMUtil.SM2Decrypt(String privateKey_string, String encryptedData_string) in D:\work\chenyanyi\server\Admin.NET.Core\Util\GM\GMUtil.cs:line 65
         at Admin.NET.Core.CryptogramUtil.SM2Decrypt(String cipherText) in D:\work\chenyanyi\server\Admin.NET.Core\Util\CryptogramUtil.cs:line 78
         at Admin.NET.Core.JuAI.Service.UserLoginService.LoginRegister(AppLoginInput input, Nullable`1 isRefresh) in D:\work\chenyanyi\server\Admin.NET.Core.JuAi\Service\User\UserLoginService.cs:line 82
         at lambda_method52(Closure, Object)
         at Microsoft.AspNetCore.Mvc.Infrastructure.ActionMethodExecutor.AwaitableObjectResultExecutor.Execute(ActionContext actionContext, IActionResultTypeMapper mapper, ObjectMethodExecutor executor, Object controller, Object[] arguments)
         at Microsoft.AspNetCore.Mvc.Infrastructure.ControllerActionInvoker.<InvokeActionMethodAsync>g__Awaited|12_0(ControllerActionInvoker invoker, ValueTask`1 actionResultValueTask)
         at Microsoft.AspNetCore.Mvc.Infrastructure.ControllerActionInvoker.<InvokeNextActionFilterAsync>g__Awaited|10_0(ControllerActionInvoker invoker, Task lastTask, State next, Scope scope, Object state, Boolean isCompleted)
      ┗━━━━━━━━━━━  Logging Monitor ━━━━━━━━━━━      
      ++++++++++++++++++++++++++++++++++++++++++++++++++++++++
      System.ArgumentException: Offset and length were out of bounds for the array or count is greater than the number of elements from index to the end of the source collection.
         at System.Buffer.BlockCopy(Array src, Int32 srcOffset, Array dst, Int32 dstOffset, Int32 count)
         at Admin.NET.Core.GM.ChangeC1C3C2ToC1C2C3(Byte[] c1c3c2) in D:\work\chenyanyi\server\Admin.NET.Core\Util\GM\GM.cs:line 129
         at Admin.NET.Core.GM.Sm2Decrypt(Byte[] data, AsymmetricKeyParameter key) in D:\work\chenyanyi\server\Admin.NET.Core\Util\GM\GM.cs:line 144
         at Admin.NET.Core.GMUtil.SM2Decrypt(String privateKey_string, String encryptedData_string) in D:\work\chenyanyi\server\Admin.NET.Core\Util\GM\GMUtil.cs:line 65
         at Admin.NET.Core.CryptogramUtil.SM2Decrypt(String cipherText) in D:\work\chenyanyi\server\Admin.NET.Core\Util\CryptogramUtil.cs:line 78
         at Admin.NET.Core.JuAI.Service.UserLoginService.LoginRegister(AppLoginInput input, Nullable`1 isRefresh) in D:\work\chenyanyi\server\Admin.NET.Core.JuAi\Service\User\UserLoginService.cs:line 82
         at lambda_method52(Closure, Object)
         at Microsoft.AspNetCore.Mvc.Infrastructure.ActionMethodExecutor.AwaitableObjectResultExecutor.Execute(ActionContext actionContext, IActionResultTypeMapper mapper, ObjectMethodExecutor executor, Object controller, Object[] arguments)
         at Microsoft.AspNetCore.Mvc.Infrastructure.ControllerActionInvoker.<InvokeActionMethodAsync>g__Awaited|12_0(ControllerActionInvoker invoker, ValueTask`1 actionResultValueTask)
         at Microsoft.AspNetCore.Mvc.Infrastructure.ControllerActionInvoker.<InvokeNextActionFilterAsync>g__Awaited|10_0(ControllerActionInvoker invoker, Task lastTask, State next, Scope scope, Object state, Boolean isCompleted)
      ++++++++++++++++++++++++++++++++++++++++++++++++++++++++
fail: 2024-11-22 23:55:39.8809587 +08:00 星期五 L System.Logging.LoggingMonitor[0] #72 '00-5c8fc1cd24857414e34a58d8ec198277-d132cc98929860ca-00'
      [Microsoft.Extensions.Logging.Abstractions.dll] void Microsoft.Extensions.Logging.LoggerExtensions.LogError(ILogger logger, Exception exception, string message, params object[] args)
      ┏━━━━━━━━━━━  Logging Monitor ━━━━━━━━━━━
      ┣ Admin.NET.Core.JuAI.Service.UserLoginService.LoginRegister
      ┣ 
      ┣ 控制器名称：                    UserLoginService
      ┣ 操作名称：                      LoginRegister
      ┣ 显示名称：                      app登录
      ┣ 路由信息：                      [area]: ; [controller]: userLogin; [action]: loginRegister
      ┣ 请求方式：                      POST
      ┣ 请求地址：                      http://localhost:5005/app/api/userLogin/loginRegister/false
      ┣ 来源地址：                      
      ┣ 请求端源：                      client
      ┣ 浏览器标识：                    Dart/3.5 (dart:io)
      ┣ 客户端区域语言：                
      ┣ 客户端 IP 地址：                127.0.0.1
      ┣ 服务端 IP 地址：                127.0.0.1
      ┣ 客户端连接 ID：                 00-5c8fc1cd24857414e34a58d8ec198277-d132cc98929860ca-00
      ┣ 服务线程 ID：                   #72
      ┣ 执行耗时：                      14ms
      ┣ ━━━━━━━━━━━━━━━  Cookies ━━━━━━━━━━━━━━━
      ┣ 请求端：                        
      ┣ 响应端：                        
      ┣ ━━━━━━━━━━━━━━━  系统信息 ━━━━━━━━━━━━━━━
      ┣ 系统名称：                      Microsoft Windows 10.0.19045
      ┣ 系统架构：                      X64
      ┣ 基础框架：                      Furion.Pure v1.0.0.0
      ┣ .NET 架构：                     .NET 8.0.6
      ┣ ━━━━━━━━━━━━━━━  启动信息 ━━━━━━━━━━━━━━━
      ┣ 运行环境：                      Production
      ┣ 启动程序集：                    Admin.NET.Web.Entry
      ┣ 进程名称：                      Admin.NET.Web.Entry
      ┣ 托管程序：                      Kestrel
      ┣ ━━━━━━━━━━━━━━━  请求头信息 ━━━━━━━━━━━━━━━
      ┣ 
      ┣ Host：                          localhost:5005
      ┣ User-Agent：                    Dart/3.5 (dart:io)
      ┣ Accept-Encoding：               gzip
      ┣ Content-Type：                  application/json
      ┣ Content-Length：                59
      ┣ version：                       1.0.0
      ┣ ━━━━━━━━━━━━━━━  参数列表 ━━━━━━━━━━━━━━━
      ┣ Content-Type：                  application/json
      ┣ 
      ┣ input (AppLoginInput)：         {"account":"1234234","password":"444","code":null,"u":null}
      ┣ isRefresh (Nullable`1)：        false
      ┣ ━━━━━━━━━━━━━━━  返回信息 ━━━━━━━━━━━━━━━
      ┣ HTTP响应状态码：                200
      ┣ 原始类型：                      System.Threading.Tasks.Task<Admin.NET.Core.JuAI.Service.AppLoginOutput>
      ┣ 最终类型：                      
      ┣ 最终返回值：                    null
      ┣ ━━━━━━━━━━━━━━━  异常信息 ━━━━━━━━━━━━━━━
      ┣ 类型：                          System.IndexOutOfRangeException
      ┣ 消息：                          Index was outside the bounds of the array.
      ┣ 错误堆栈：                      at Org.BouncyCastle.Utilities.Encoders.HexEncoder.DecodeString(String data, Stream outStream)
         at Org.BouncyCastle.Utilities.Encoders.Hex.Decode(String data)
         at Admin.NET.Core.GMUtil.SM2Decrypt(String privateKey_string, String encryptedData_string) in D:\work\chenyanyi\server\Admin.NET.Core\Util\GM\GMUtil.cs:line 64
         at Admin.NET.Core.CryptogramUtil.SM2Decrypt(String cipherText) in D:\work\chenyanyi\server\Admin.NET.Core\Util\CryptogramUtil.cs:line 78
         at Admin.NET.Core.JuAI.Service.UserLoginService.LoginRegister(AppLoginInput input, Nullable`1 isRefresh) in D:\work\chenyanyi\server\Admin.NET.Core.JuAi\Service\User\UserLoginService.cs:line 82
         at lambda_method52(Closure, Object)
         at Microsoft.AspNetCore.Mvc.Infrastructure.ActionMethodExecutor.AwaitableObjectResultExecutor.Execute(ActionContext actionContext, IActionResultTypeMapper mapper, ObjectMethodExecutor executor, Object controller, Object[] arguments)
         at Microsoft.AspNetCore.Mvc.Infrastructure.ControllerActionInvoker.<InvokeActionMethodAsync>g__Awaited|12_0(ControllerActionInvoker invoker, ValueTask`1 actionResultValueTask)
         at Microsoft.AspNetCore.Mvc.Infrastructure.ControllerActionInvoker.<InvokeNextActionFilterAsync>g__Awaited|10_0(ControllerActionInvoker invoker, Task lastTask, State next, Scope scope, Object state, Boolean isCompleted)
      ┗━━━━━━━━━━━  Logging Monitor ━━━━━━━━━━━      
      ++++++++++++++++++++++++++++++++++++++++++++++++++++++++
      System.IndexOutOfRangeException: Index was outside the bounds of the array.
         at Org.BouncyCastle.Utilities.Encoders.HexEncoder.DecodeString(String data, Stream outStream)
         at Org.BouncyCastle.Utilities.Encoders.Hex.Decode(String data)
         at Admin.NET.Core.GMUtil.SM2Decrypt(String privateKey_string, String encryptedData_string) in D:\work\chenyanyi\server\Admin.NET.Core\Util\GM\GMUtil.cs:line 64
         at Admin.NET.Core.CryptogramUtil.SM2Decrypt(String cipherText) in D:\work\chenyanyi\server\Admin.NET.Core\Util\CryptogramUtil.cs:line 78
         at Admin.NET.Core.JuAI.Service.UserLoginService.LoginRegister(AppLoginInput input, Nullable`1 isRefresh) in D:\work\chenyanyi\server\Admin.NET.Core.JuAi\Service\User\UserLoginService.cs:line 82
         at lambda_method52(Closure, Object)
         at Microsoft.AspNetCore.Mvc.Infrastructure.ActionMethodExecutor.AwaitableObjectResultExecutor.Execute(ActionContext actionContext, IActionResultTypeMapper mapper, ObjectMethodExecutor executor, Object controller, Object[] arguments)
         at Microsoft.AspNetCore.Mvc.Infrastructure.ControllerActionInvoker.<InvokeActionMethodAsync>g__Awaited|12_0(ControllerActionInvoker invoker, ValueTask`1 actionResultValueTask)
         at Microsoft.AspNetCore.Mvc.Infrastructure.ControllerActionInvoker.<InvokeNextActionFilterAsync>g__Awaited|10_0(ControllerActionInvoker invoker, Task lastTask, State next, Scope scope, Object state, Boolean isCompleted)
      ++++++++++++++++++++++++++++++++++++++++++++++++++++++++
fail: 2024-11-22 23:57:05.0176430 +08:00 星期五 L System.Logging.LoggingMonitor[0] #72 '00-a098f53e7718bb930fa810eb2fa86d2f-563edac0de0f6c55-00'
      [Microsoft.Extensions.Logging.Abstractions.dll] void Microsoft.Extensions.Logging.LoggerExtensions.LogError(ILogger logger, Exception exception, string message, params object[] args)
      ┏━━━━━━━━━━━  Logging Monitor ━━━━━━━━━━━
      ┣ Admin.NET.Core.JuAI.Service.UserLoginService.LoginRegister
      ┣ 
      ┣ 控制器名称：                    UserLoginService
      ┣ 操作名称：                      LoginRegister
      ┣ 显示名称：                      app登录
      ┣ 路由信息：                      [area]: ; [controller]: userLogin; [action]: loginRegister
      ┣ 请求方式：                      POST
      ┣ 请求地址：                      http://localhost:5005/app/api/userLogin/loginRegister/false
      ┣ 来源地址：                      
      ┣ 请求端源：                      client
      ┣ 浏览器标识：                    Dart/3.5 (dart:io)
      ┣ 客户端区域语言：                
      ┣ 客户端 IP 地址：                127.0.0.1
      ┣ 服务端 IP 地址：                127.0.0.1
      ┣ 客户端连接 ID：                 00-a098f53e7718bb930fa810eb2fa86d2f-563edac0de0f6c55-00
      ┣ 服务线程 ID：                   #72
      ┣ 执行耗时：                      0ms
      ┣ ━━━━━━━━━━━━━━━  Cookies ━━━━━━━━━━━━━━━
      ┣ 请求端：                        
      ┣ 响应端：                        
      ┣ ━━━━━━━━━━━━━━━  系统信息 ━━━━━━━━━━━━━━━
      ┣ 系统名称：                      Microsoft Windows 10.0.19045
      ┣ 系统架构：                      X64
      ┣ 基础框架：                      Furion.Pure v1.0.0.0
      ┣ .NET 架构：                     .NET 8.0.6
      ┣ ━━━━━━━━━━━━━━━  启动信息 ━━━━━━━━━━━━━━━
      ┣ 运行环境：                      Production
      ┣ 启动程序集：                    Admin.NET.Web.Entry
      ┣ 进程名称：                      Admin.NET.Web.Entry
      ┣ 托管程序：                      Kestrel
      ┣ ━━━━━━━━━━━━━━━  请求头信息 ━━━━━━━━━━━━━━━
      ┣ 
      ┣ Host：                          localhost:5005
      ┣ User-Agent：                    Dart/3.5 (dart:io)
      ┣ Accept-Encoding：               gzip
      ┣ Content-Type：                  application/json
      ┣ Content-Length：                59
      ┣ version：                       1.0.0
      ┣ ━━━━━━━━━━━━━━━  参数列表 ━━━━━━━━━━━━━━━
      ┣ Content-Type：                  application/json
      ┣ 
      ┣ input (AppLoginInput)：         {"account":"1234234","password":"444","code":null,"u":null}
      ┣ isRefresh (Nullable`1)：        false
      ┣ ━━━━━━━━━━━━━━━  返回信息 ━━━━━━━━━━━━━━━
      ┣ HTTP响应状态码：                200
      ┣ 原始类型：                      System.Threading.Tasks.Task<Admin.NET.Core.JuAI.Service.AppLoginOutput>
      ┣ 最终类型：                      
      ┣ 最终返回值：                    null
      ┣ ━━━━━━━━━━━━━━━  异常信息 ━━━━━━━━━━━━━━━
      ┣ 类型：                          System.IndexOutOfRangeException
      ┣ 消息：                          Index was outside the bounds of the array.
      ┣ 错误堆栈：                      at Org.BouncyCastle.Utilities.Encoders.HexEncoder.DecodeString(String data, Stream outStream)
         at Org.BouncyCastle.Utilities.Encoders.Hex.Decode(String data)
         at Admin.NET.Core.GMUtil.SM2Decrypt(String privateKey_string, String encryptedData_string) in D:\work\chenyanyi\server\Admin.NET.Core\Util\GM\GMUtil.cs:line 64
         at Admin.NET.Core.CryptogramUtil.SM2Decrypt(String cipherText) in D:\work\chenyanyi\server\Admin.NET.Core\Util\CryptogramUtil.cs:line 78
         at Admin.NET.Core.JuAI.Service.UserLoginService.LoginRegister(AppLoginInput input, Nullable`1 isRefresh) in D:\work\chenyanyi\server\Admin.NET.Core.JuAi\Service\User\UserLoginService.cs:line 82
         at lambda_method52(Closure, Object)
         at Microsoft.AspNetCore.Mvc.Infrastructure.ActionMethodExecutor.AwaitableObjectResultExecutor.Execute(ActionContext actionContext, IActionResultTypeMapper mapper, ObjectMethodExecutor executor, Object controller, Object[] arguments)
         at Microsoft.AspNetCore.Mvc.Infrastructure.ControllerActionInvoker.<InvokeActionMethodAsync>g__Awaited|12_0(ControllerActionInvoker invoker, ValueTask`1 actionResultValueTask)
         at Microsoft.AspNetCore.Mvc.Infrastructure.ControllerActionInvoker.<InvokeNextActionFilterAsync>g__Awaited|10_0(ControllerActionInvoker invoker, Task lastTask, State next, Scope scope, Object state, Boolean isCompleted)
      ┗━━━━━━━━━━━  Logging Monitor ━━━━━━━━━━━      
      ++++++++++++++++++++++++++++++++++++++++++++++++++++++++
      System.IndexOutOfRangeException: Index was outside the bounds of the array.
         at Org.BouncyCastle.Utilities.Encoders.HexEncoder.DecodeString(String data, Stream outStream)
         at Org.BouncyCastle.Utilities.Encoders.Hex.Decode(String data)
         at Admin.NET.Core.GMUtil.SM2Decrypt(String privateKey_string, String encryptedData_string) in D:\work\chenyanyi\server\Admin.NET.Core\Util\GM\GMUtil.cs:line 64
         at Admin.NET.Core.CryptogramUtil.SM2Decrypt(String cipherText) in D:\work\chenyanyi\server\Admin.NET.Core\Util\CryptogramUtil.cs:line 78
         at Admin.NET.Core.JuAI.Service.UserLoginService.LoginRegister(AppLoginInput input, Nullable`1 isRefresh) in D:\work\chenyanyi\server\Admin.NET.Core.JuAi\Service\User\UserLoginService.cs:line 82
         at lambda_method52(Closure, Object)
         at Microsoft.AspNetCore.Mvc.Infrastructure.ActionMethodExecutor.AwaitableObjectResultExecutor.Execute(ActionContext actionContext, IActionResultTypeMapper mapper, ObjectMethodExecutor executor, Object controller, Object[] arguments)
         at Microsoft.AspNetCore.Mvc.Infrastructure.ControllerActionInvoker.<InvokeActionMethodAsync>g__Awaited|12_0(ControllerActionInvoker invoker, ValueTask`1 actionResultValueTask)
         at Microsoft.AspNetCore.Mvc.Infrastructure.ControllerActionInvoker.<InvokeNextActionFilterAsync>g__Awaited|10_0(ControllerActionInvoker invoker, Task lastTask, State next, Scope scope, Object state, Boolean isCompleted)
      ++++++++++++++++++++++++++++++++++++++++++++++++++++++++
fail: 2024-11-22 23:57:46.7898368 +08:00 星期五 L System.Logging.LoggingMonitor[0] #69 '00-013bfafe385c656254acde414501b5d9-d532d2557860a25b-00'
      [Microsoft.Extensions.Logging.Abstractions.dll] void Microsoft.Extensions.Logging.LoggerExtensions.LogError(ILogger logger, Exception exception, string message, params object[] args)
      ┏━━━━━━━━━━━  Logging Monitor ━━━━━━━━━━━
      ┣ Admin.NET.Core.JuAI.Service.UserLoginService.LoginRegister
      ┣ 
      ┣ 控制器名称：                    UserLoginService
      ┣ 操作名称：                      LoginRegister
      ┣ 显示名称：                      app登录
      ┣ 路由信息：                      [area]: ; [controller]: userLogin; [action]: loginRegister
      ┣ 请求方式：                      POST
      ┣ 请求地址：                      http://localhost:5005/app/api/userLogin/loginRegister/false
      ┣ 来源地址：                      
      ┣ 请求端源：                      client
      ┣ 浏览器标识：                    Dart/3.5 (dart:io)
      ┣ 客户端区域语言：                
      ┣ 客户端 IP 地址：                127.0.0.1
      ┣ 服务端 IP 地址：                127.0.0.1
      ┣ 客户端连接 ID：                 00-013bfafe385c656254acde414501b5d9-d532d2557860a25b-00
      ┣ 服务线程 ID：                   #69
      ┣ 执行耗时：                      0ms
      ┣ ━━━━━━━━━━━━━━━  Cookies ━━━━━━━━━━━━━━━
      ┣ 请求端：                        
      ┣ 响应端：                        
      ┣ ━━━━━━━━━━━━━━━  系统信息 ━━━━━━━━━━━━━━━
      ┣ 系统名称：                      Microsoft Windows 10.0.19045
      ┣ 系统架构：                      X64
      ┣ 基础框架：                      Furion.Pure v1.0.0.0
      ┣ .NET 架构：                     .NET 8.0.6
      ┣ ━━━━━━━━━━━━━━━  启动信息 ━━━━━━━━━━━━━━━
      ┣ 运行环境：                      Production
      ┣ 启动程序集：                    Admin.NET.Web.Entry
      ┣ 进程名称：                      Admin.NET.Web.Entry
      ┣ 托管程序：                      Kestrel
      ┣ ━━━━━━━━━━━━━━━  请求头信息 ━━━━━━━━━━━━━━━
      ┣ 
      ┣ Host：                          localhost:5005
      ┣ User-Agent：                    Dart/3.5 (dart:io)
      ┣ Accept-Encoding：               gzip
      ┣ Content-Type：                  application/json
      ┣ Content-Length：                59
      ┣ version：                       1.0.0
      ┣ ━━━━━━━━━━━━━━━  参数列表 ━━━━━━━━━━━━━━━
      ┣ Content-Type：                  application/json
      ┣ 
      ┣ input (AppLoginInput)：         {"account":"1234234","password":"444","code":null,"u":null}
      ┣ isRefresh (Nullable`1)：        false
      ┣ ━━━━━━━━━━━━━━━  返回信息 ━━━━━━━━━━━━━━━
      ┣ HTTP响应状态码：                200
      ┣ 原始类型：                      System.Threading.Tasks.Task<Admin.NET.Core.JuAI.Service.AppLoginOutput>
      ┣ 最终类型：                      
      ┣ 最终返回值：                    null
      ┣ ━━━━━━━━━━━━━━━  异常信息 ━━━━━━━━━━━━━━━
      ┣ 类型：                          System.IndexOutOfRangeException
      ┣ 消息：                          Index was outside the bounds of the array.
      ┣ 错误堆栈：                      at Org.BouncyCastle.Utilities.Encoders.HexEncoder.DecodeString(String data, Stream outStream)
         at Org.BouncyCastle.Utilities.Encoders.Hex.Decode(String data)
         at Admin.NET.Core.GMUtil.SM2Decrypt(String privateKey_string, String encryptedData_string) in D:\work\chenyanyi\server\Admin.NET.Core\Util\GM\GMUtil.cs:line 64
         at Admin.NET.Core.CryptogramUtil.SM2Decrypt(String cipherText) in D:\work\chenyanyi\server\Admin.NET.Core\Util\CryptogramUtil.cs:line 78
         at Admin.NET.Core.JuAI.Service.UserLoginService.LoginRegister(AppLoginInput input, Nullable`1 isRefresh) in D:\work\chenyanyi\server\Admin.NET.Core.JuAi\Service\User\UserLoginService.cs:line 82
         at lambda_method52(Closure, Object)
         at Microsoft.AspNetCore.Mvc.Infrastructure.ActionMethodExecutor.AwaitableObjectResultExecutor.Execute(ActionContext actionContext, IActionResultTypeMapper mapper, ObjectMethodExecutor executor, Object controller, Object[] arguments)
         at Microsoft.AspNetCore.Mvc.Infrastructure.ControllerActionInvoker.<InvokeActionMethodAsync>g__Awaited|12_0(ControllerActionInvoker invoker, ValueTask`1 actionResultValueTask)
         at Microsoft.AspNetCore.Mvc.Infrastructure.ControllerActionInvoker.<InvokeNextActionFilterAsync>g__Awaited|10_0(ControllerActionInvoker invoker, Task lastTask, State next, Scope scope, Object state, Boolean isCompleted)
      ┗━━━━━━━━━━━  Logging Monitor ━━━━━━━━━━━      
      ++++++++++++++++++++++++++++++++++++++++++++++++++++++++
      System.IndexOutOfRangeException: Index was outside the bounds of the array.
         at Org.BouncyCastle.Utilities.Encoders.HexEncoder.DecodeString(String data, Stream outStream)
         at Org.BouncyCastle.Utilities.Encoders.Hex.Decode(String data)
         at Admin.NET.Core.GMUtil.SM2Decrypt(String privateKey_string, String encryptedData_string) in D:\work\chenyanyi\server\Admin.NET.Core\Util\GM\GMUtil.cs:line 64
         at Admin.NET.Core.CryptogramUtil.SM2Decrypt(String cipherText) in D:\work\chenyanyi\server\Admin.NET.Core\Util\CryptogramUtil.cs:line 78
         at Admin.NET.Core.JuAI.Service.UserLoginService.LoginRegister(AppLoginInput input, Nullable`1 isRefresh) in D:\work\chenyanyi\server\Admin.NET.Core.JuAi\Service\User\UserLoginService.cs:line 82
         at lambda_method52(Closure, Object)
         at Microsoft.AspNetCore.Mvc.Infrastructure.ActionMethodExecutor.AwaitableObjectResultExecutor.Execute(ActionContext actionContext, IActionResultTypeMapper mapper, ObjectMethodExecutor executor, Object controller, Object[] arguments)
         at Microsoft.AspNetCore.Mvc.Infrastructure.ControllerActionInvoker.<InvokeActionMethodAsync>g__Awaited|12_0(ControllerActionInvoker invoker, ValueTask`1 actionResultValueTask)
         at Microsoft.AspNetCore.Mvc.Infrastructure.ControllerActionInvoker.<InvokeNextActionFilterAsync>g__Awaited|10_0(ControllerActionInvoker invoker, Task lastTask, State next, Scope scope, Object state, Boolean isCompleted)
      ++++++++++++++++++++++++++++++++++++++++++++++++++++++++
fail: 2024-11-22 23:58:54.7820414 +08:00 星期五 L System.Logging.LoggingMonitor[0] #72 '00-e0291fcd78d5d771391b764e8c87504e-df013ec144ca9712-00'
      [Microsoft.Extensions.Logging.Abstractions.dll] void Microsoft.Extensions.Logging.LoggerExtensions.LogError(ILogger logger, Exception exception, string message, params object[] args)
      ┏━━━━━━━━━━━  Logging Monitor ━━━━━━━━━━━
      ┣ Admin.NET.Core.JuAI.Service.UserLoginService.LoginRegister
      ┣ 
      ┣ 控制器名称：                    UserLoginService
      ┣ 操作名称：                      LoginRegister
      ┣ 显示名称：                      app登录
      ┣ 路由信息：                      [area]: ; [controller]: userLogin; [action]: loginRegister
      ┣ 请求方式：                      POST
      ┣ 请求地址：                      http://localhost:5005/app/api/userLogin/loginRegister/false
      ┣ 来源地址：                      
      ┣ 请求端源：                      client
      ┣ 浏览器标识：                    Dart/3.5 (dart:io)
      ┣ 客户端区域语言：                
      ┣ 客户端 IP 地址：                127.0.0.1
      ┣ 服务端 IP 地址：                127.0.0.1
      ┣ 客户端连接 ID：                 00-e0291fcd78d5d771391b764e8c87504e-df013ec144ca9712-00
      ┣ 服务线程 ID：                   #72
      ┣ 执行耗时：                      0ms
      ┣ ━━━━━━━━━━━━━━━  Cookies ━━━━━━━━━━━━━━━
      ┣ 请求端：                        
      ┣ 响应端：                        
      ┣ ━━━━━━━━━━━━━━━  系统信息 ━━━━━━━━━━━━━━━
      ┣ 系统名称：                      Microsoft Windows 10.0.19045
      ┣ 系统架构：                      X64
      ┣ 基础框架：                      Furion.Pure v1.0.0.0
      ┣ .NET 架构：                     .NET 8.0.6
      ┣ ━━━━━━━━━━━━━━━  启动信息 ━━━━━━━━━━━━━━━
      ┣ 运行环境：                      Production
      ┣ 启动程序集：                    Admin.NET.Web.Entry
      ┣ 进程名称：                      Admin.NET.Web.Entry
      ┣ 托管程序：                      Kestrel
      ┣ ━━━━━━━━━━━━━━━  请求头信息 ━━━━━━━━━━━━━━━
      ┣ 
      ┣ Host：                          localhost:5005
      ┣ User-Agent：                    Dart/3.5 (dart:io)
      ┣ Accept-Encoding：               gzip
      ┣ Content-Type：                  application/json
      ┣ Content-Length：                59
      ┣ version：                       1.0.0
      ┣ ━━━━━━━━━━━━━━━  参数列表 ━━━━━━━━━━━━━━━
      ┣ Content-Type：                  application/json
      ┣ 
      ┣ input (AppLoginInput)：         {"account":"1234234","password":"444","code":null,"u":null}
      ┣ isRefresh (Nullable`1)：        false
      ┣ ━━━━━━━━━━━━━━━  返回信息 ━━━━━━━━━━━━━━━
      ┣ HTTP响应状态码：                200
      ┣ 原始类型：                      System.Threading.Tasks.Task<Admin.NET.Core.JuAI.Service.AppLoginOutput>
      ┣ 最终类型：                      
      ┣ 最终返回值：                    null
      ┣ ━━━━━━━━━━━━━━━  异常信息 ━━━━━━━━━━━━━━━
      ┣ 类型：                          System.IndexOutOfRangeException
      ┣ 消息：                          Index was outside the bounds of the array.
      ┣ 错误堆栈：                      at Org.BouncyCastle.Utilities.Encoders.HexEncoder.DecodeString(String data, Stream outStream)
         at Org.BouncyCastle.Utilities.Encoders.Hex.Decode(String data)
         at Admin.NET.Core.GMUtil.SM2Decrypt(String privateKey_string, String encryptedData_string) in D:\work\chenyanyi\server\Admin.NET.Core\Util\GM\GMUtil.cs:line 64
         at Admin.NET.Core.CryptogramUtil.SM2Decrypt(String cipherText) in D:\work\chenyanyi\server\Admin.NET.Core\Util\CryptogramUtil.cs:line 78
         at Admin.NET.Core.JuAI.Service.UserLoginService.LoginRegister(AppLoginInput input, Nullable`1 isRefresh) in D:\work\chenyanyi\server\Admin.NET.Core.JuAi\Service\User\UserLoginService.cs:line 82
         at lambda_method52(Closure, Object)
         at Microsoft.AspNetCore.Mvc.Infrastructure.ActionMethodExecutor.AwaitableObjectResultExecutor.Execute(ActionContext actionContext, IActionResultTypeMapper mapper, ObjectMethodExecutor executor, Object controller, Object[] arguments)
         at Microsoft.AspNetCore.Mvc.Infrastructure.ControllerActionInvoker.<InvokeActionMethodAsync>g__Awaited|12_0(ControllerActionInvoker invoker, ValueTask`1 actionResultValueTask)
         at Microsoft.AspNetCore.Mvc.Infrastructure.ControllerActionInvoker.<InvokeNextActionFilterAsync>g__Awaited|10_0(ControllerActionInvoker invoker, Task lastTask, State next, Scope scope, Object state, Boolean isCompleted)
      ┗━━━━━━━━━━━  Logging Monitor ━━━━━━━━━━━      
      ++++++++++++++++++++++++++++++++++++++++++++++++++++++++
      System.IndexOutOfRangeException: Index was outside the bounds of the array.
         at Org.BouncyCastle.Utilities.Encoders.HexEncoder.DecodeString(String data, Stream outStream)
         at Org.BouncyCastle.Utilities.Encoders.Hex.Decode(String data)
         at Admin.NET.Core.GMUtil.SM2Decrypt(String privateKey_string, String encryptedData_string) in D:\work\chenyanyi\server\Admin.NET.Core\Util\GM\GMUtil.cs:line 64
         at Admin.NET.Core.CryptogramUtil.SM2Decrypt(String cipherText) in D:\work\chenyanyi\server\Admin.NET.Core\Util\CryptogramUtil.cs:line 78
         at Admin.NET.Core.JuAI.Service.UserLoginService.LoginRegister(AppLoginInput input, Nullable`1 isRefresh) in D:\work\chenyanyi\server\Admin.NET.Core.JuAi\Service\User\UserLoginService.cs:line 82
         at lambda_method52(Closure, Object)
         at Microsoft.AspNetCore.Mvc.Infrastructure.ActionMethodExecutor.AwaitableObjectResultExecutor.Execute(ActionContext actionContext, IActionResultTypeMapper mapper, ObjectMethodExecutor executor, Object controller, Object[] arguments)
         at Microsoft.AspNetCore.Mvc.Infrastructure.ControllerActionInvoker.<InvokeActionMethodAsync>g__Awaited|12_0(ControllerActionInvoker invoker, ValueTask`1 actionResultValueTask)
         at Microsoft.AspNetCore.Mvc.Infrastructure.ControllerActionInvoker.<InvokeNextActionFilterAsync>g__Awaited|10_0(ControllerActionInvoker invoker, Task lastTask, State next, Scope scope, Object state, Boolean isCompleted)
      ++++++++++++++++++++++++++++++++++++++++++++++++++++++++
