fail: 2024-03-28 21:50:56.8558873 +08:00 星期四 L System.Logging.LoggingMonitor[0] #4 '00-ced0de1ff3fc4dce15ae167571314f62-98729fc1c70e0068-00'
      [Furion.Pure.dll] async Task LoggingMonitorAttribute.MonitorAsync(MethodInfo actionMethod, IDictionary<string, object> parameterValues, FilterContext context, dynamic next)
      ┏━━━━━━━━━━━  Logging Monitor ━━━━━━━━━━━
      ┣ Admin.NET.Core.JuAI.Service.PromptService.Share
      ┣ 
      ┣ 控制器名称：                          PromptService
      ┣ 操作名称：                            Share
      ┣ 显示名称：                            
      ┣ 路由信息：                            [area]: ; [controller]: prompt; [action]: share
      ┣ 请求方式：                            POST
      ┣ 请求地址：                            http://localhost:5005/app/api/prompt/share
      ┣ 来源地址：                            http://localhost:9527/application
      ┣ 请求端源：                            client
      ┣ 浏览器标识：                          Mozilla/5.0 (Windows NT 10.0; Win64; x64) AppleWebKit/537.36 (KHTML, like Gecko) Chrome/123.0.0.0 Safari/537.36
      ┣ 客户端区域语言：                      zh-CN,zh;q=0.9
      ┣ 客户端 IP 地址：                      127.0.0.1
      ┣ 服务端 IP 地址：                      127.0.0.1
      ┣ 客户端连接 ID：                       00-ced0de1ff3fc4dce15ae167571314f62-98729fc1c70e0068-00
      ┣ 服务线程 ID：                         #4
      ┣ 执行耗时：                            13ms
      ┣ ━━━━━━━━━━━━━━━  Cookies ━━━━━━━━━━━━━━━
      ┣ 请求端：                              
      ┣ 响应端：                              
      ┣ ━━━━━━━━━━━━━━━  系统信息 ━━━━━━━━━━━━━━━
      ┣ 系统名称：                            Microsoft Windows 10.0.19045
      ┣ 系统架构：                            X64
      ┣ 基础框架：                            Furion.Pure v1.0.0.0
      ┣ .NET 架构：                           .NET 8.0.0
      ┣ ━━━━━━━━━━━━━━━  启动信息 ━━━━━━━━━━━━━━━
      ┣ 运行环境：                            Production
      ┣ 启动程序集：                          Admin.NET.Web.Entry
      ┣ 进程名称：                            Admin.NET.Web.Entry
      ┣ 托管程序：                            Kestrel
      ┣ ━━━━━━━━━━━━━━━  授权信息 ━━━━━━━━━━━━━━━
      ┣ JWT Token：                           Bearer eyJhbGciOiJIUzI1NiIsInR5cCI6IkpXVCJ9.eyJVc2VySWQiOjE0MjEzNDI2MzI3ODc3LCJUZW5hbnRJZCI6MTMwMDAwMDAwMDAwMSwiQWNjb3VudCI6IjE4NjAwNzY2MDQ1IiwiTmlja05hbWUiOiLmgKrlhb3mnaXkuoYiLCJBY2NvdW50VHlwZSI6Nzc3LCJpYXQiOjE3MTE1NDk4MTQsIm5iZiI6MTcxMTU0OTgxNCwiZXhwIjoxNzEyMTU0NjE0LCJpc3MiOiJndXhpbi5saW5rIiwiYXVkIjoiZ3V4aW4ubGluayJ9.ycU5AnLTEDJ4xrXoExEtjvqOmyMcFWnaFeMx5juJ1yQ
      ┣ 
      ┣ UserId (integer64)：                  14213426327877
      ┣ TenantId (integer64)：                1300000000001
      ┣ Account (string)：                    18600766045
      ┣ NickName (string)：                   怪兽来了
      ┣ AccountType (integer32)：             777
      ┣ iat (integer64)：                     1711549814 (2024-03-27 22:30:14:0000(+08:00) 星期三 L)
      ┣ nbf (integer64)：                     1711549814 (2024-03-27 22:30:14:0000(+08:00) 星期三 L)
      ┣ exp (integer64)：                     1712154614 (2024-04-03 22:30:14:0000(+08:00) 星期三 L)
      ┣ iss (string)：                        guxin.link
      ┣ aud (string)：                        guxin.link
      ┣ ━━━━━━━━━━━━━━━  请求头信息 ━━━━━━━━━━━━━━━
      ┣ 
      ┣ Accept：                              application/json, text/plain, */*
      ┣ Connection：                          close
      ┣ Host：                                localhost:5005
      ┣ User-Agent：                          Mozilla/5.0 (Windows NT 10.0; Win64; x64) AppleWebKit/537.36 (KHTML, like Gecko) Chrome/123.0.0.0 Safari/537.36
      ┣ Accept-Encoding：                     gzip, deflate, br, zstd
      ┣ Accept-Language：                     zh-CN,zh;q=0.9
      ┣ Authorization：                       Bearer eyJhbGciOiJIUzI1NiIsInR5cCI6IkpXVCJ9.eyJVc2VySWQiOjE0MjEzNDI2MzI3ODc3LCJUZW5hbnRJZCI6MTMwMDAwMDAwMDAwMSwiQWNjb3VudCI6IjE4NjAwNzY2MDQ1IiwiTmlja05hbWUiOiLmgKrlhb3mnaXkuoYiLCJBY2NvdW50VHlwZSI6Nzc3LCJpYXQiOjE3MTE1NDk4MTQsIm5iZiI6MTcxMTU0OTgxNCwiZXhwIjoxNzEyMTU0NjE0LCJpc3MiOiJndXhpbi5saW5rIiwiYXVkIjoiZ3V4aW4ubGluayJ9.ycU5AnLTEDJ4xrXoExEtjvqOmyMcFWnaFeMx5juJ1yQ
      ┣ Cache-Control：                       no-cache
      ┣ Content-Type：                        application/json
      ┣ Origin：                              http://localhost:9527
      ┣ Pragma：                              no-cache
      ┣ Referer：                             http://localhost:9527/application
      ┣ Content-Length：                      62
      ┣ sec-fetch-dest：                      empty
      ┣ sec-fetch-mode：                      cors
      ┣ sec-fetch-site：                      same-origin
      ┣ sec-ch-ua-platform：                  "Windows"
      ┣ x-request-id：                        hvtQmyifvJxMKxESNSJv3
      ┣ apifoxtoken：                         XL299LiMEDZ0H5h3A29PxwQXdMJqWyY2
      ┣ sec-ch-ua-mobile：                    ?0
      ┣ DNT：                                 1
      ┣ sec-ch-ua：                           "Google Chrome";v="123", "Not:A-Brand";v="8", "Chromium";v="123"
      ┣ ━━━━━━━━━━━━━━━  参数列表 ━━━━━━━━━━━━━━━
      ┣ Content-Type：                        application/json
      ┣ 
      ┣ shareModel (ChatPromptShare)：        {"promptId":"12","pwd":"","accessPersonNum":0,"effectiveDays":0,"lastVisitDate":null,"numUrl":0,"createTime":null,"updateTime":null,"createUserId":null,"createUser":null,"updateUserId":null,"isDelete":false,"id":"0"}
      ┣ ━━━━━━━━━━━━━━━  返回信息 ━━━━━━━━━━━━━━━
      ┣ HTTP响应状态码：                      200
      ┣ 原始类型：                            System.Threading.Tasks.Task<Admin.NET.Core.JuAI.ChatPromptShare>
      ┣ 最终类型：                            
      ┣ 最终返回值：                          null
      ┣ ━━━━━━━━━━━━━━━  异常信息 ━━━━━━━━━━━━━━━
      ┣ 类型：                                System.FormatException
      ┣ 消息：                                The input string '1        0' was not in a correct format.
      ┣ 错误堆栈：                            at System.Number.ThrowFormatException[TChar](ReadOnlySpan`1 value)
         at System.Int32.Parse(String s)
         at Admin.NET.Core.Extension.StringExtension.CreateRandNumCode(Int32 length, Int32 seed) in D:\work\juai\api\Admin.NET.Core\Extension\StringExtension.cs:line 51
         at Admin.NET.Core.JuAI.Service.PromptService.Share(ChatPromptShare shareModel) in D:\work\juai\api\Admin.NET.Core.JuAi\Service\AICommon\PromptService.cs:line 61
         at lambda_method57(Closure, Object)
         at Microsoft.AspNetCore.Mvc.Infrastructure.ActionMethodExecutor.AwaitableObjectResultExecutor.Execute(ActionContext actionContext, IActionResultTypeMapper mapper, ObjectMethodExecutor executor, Object controller, Object[] arguments)
         at Microsoft.AspNetCore.Mvc.Infrastructure.ControllerActionInvoker.<InvokeActionMethodAsync>g__Awaited|12_0(ControllerActionInvoker invoker, ValueTask`1 actionResultValueTask)
         at Microsoft.AspNetCore.Mvc.Infrastructure.ControllerActionInvoker.<InvokeNextActionFilterAsync>g__Awaited|10_0(ControllerActionInvoker invoker, Task lastTask, State next, Scope scope, Object state, Boolean isCompleted)
      ┗━━━━━━━━━━━  Logging Monitor ━━━━━━━━━━━      
      ++++++++++++++++++++++++++++++++++++++++++++++++++++++++
      System.FormatException: The input string '1        0' was not in a correct format.
         at System.Number.ThrowFormatException[TChar](ReadOnlySpan`1 value)
         at System.Int32.Parse(String s)
         at Admin.NET.Core.Extension.StringExtension.CreateRandNumCode(Int32 length, Int32 seed) in D:\work\juai\api\Admin.NET.Core\Extension\StringExtension.cs:line 51
         at Admin.NET.Core.JuAI.Service.PromptService.Share(ChatPromptShare shareModel) in D:\work\juai\api\Admin.NET.Core.JuAi\Service\AICommon\PromptService.cs:line 61
         at lambda_method57(Closure, Object)
         at Microsoft.AspNetCore.Mvc.Infrastructure.ActionMethodExecutor.AwaitableObjectResultExecutor.Execute(ActionContext actionContext, IActionResultTypeMapper mapper, ObjectMethodExecutor executor, Object controller, Object[] arguments)
         at Microsoft.AspNetCore.Mvc.Infrastructure.ControllerActionInvoker.<InvokeActionMethodAsync>g__Awaited|12_0(ControllerActionInvoker invoker, ValueTask`1 actionResultValueTask)
         at Microsoft.AspNetCore.Mvc.Infrastructure.ControllerActionInvoker.<InvokeNextActionFilterAsync>g__Awaited|10_0(ControllerActionInvoker invoker, Task lastTask, State next, Scope scope, Object state, Boolean isCompleted)
      ++++++++++++++++++++++++++++++++++++++++++++++++++++++++
fail: 2024-03-28 21:53:08.3450690 +08:00 星期四 L System.Logging.LoggingMonitor[0] #29 '00-7b812c18d46b6f3ebd6a98575390bb13-c61fbeff9d468d51-00'
      [Furion.Pure.dll] async Task LoggingMonitorAttribute.MonitorAsync(MethodInfo actionMethod, IDictionary<string, object> parameterValues, FilterContext context, dynamic next)
      ┏━━━━━━━━━━━  Logging Monitor ━━━━━━━━━━━
      ┣ Admin.NET.Core.JuAI.Service.PromptService.Share
      ┣ 
      ┣ 控制器名称：                          PromptService
      ┣ 操作名称：                            Share
      ┣ 显示名称：                            
      ┣ 路由信息：                            [area]: ; [controller]: prompt; [action]: share
      ┣ 请求方式：                            POST
      ┣ 请求地址：                            http://localhost:5005/app/api/prompt/share
      ┣ 来源地址：                            http://localhost:9527/application
      ┣ 请求端源：                            client
      ┣ 浏览器标识：                          Mozilla/5.0 (Windows NT 10.0; Win64; x64) AppleWebKit/537.36 (KHTML, like Gecko) Chrome/123.0.0.0 Safari/537.36
      ┣ 客户端区域语言：                      zh-CN,zh;q=0.9
      ┣ 客户端 IP 地址：                      127.0.0.1
      ┣ 服务端 IP 地址：                      127.0.0.1
      ┣ 客户端连接 ID：                       00-7b812c18d46b6f3ebd6a98575390bb13-c61fbeff9d468d51-00
      ┣ 服务线程 ID：                         #29
      ┣ 执行耗时：                            184ms
      ┣ ━━━━━━━━━━━━━━━  Cookies ━━━━━━━━━━━━━━━
      ┣ 请求端：                              
      ┣ 响应端：                              
      ┣ ━━━━━━━━━━━━━━━  系统信息 ━━━━━━━━━━━━━━━
      ┣ 系统名称：                            Microsoft Windows 10.0.19045
      ┣ 系统架构：                            X64
      ┣ 基础框架：                            Furion.Pure v1.0.0.0
      ┣ .NET 架构：                           .NET 8.0.0
      ┣ ━━━━━━━━━━━━━━━  启动信息 ━━━━━━━━━━━━━━━
      ┣ 运行环境：                            Production
      ┣ 启动程序集：                          Admin.NET.Web.Entry
      ┣ 进程名称：                            Admin.NET.Web.Entry
      ┣ 托管程序：                            Kestrel
      ┣ ━━━━━━━━━━━━━━━  授权信息 ━━━━━━━━━━━━━━━
      ┣ JWT Token：                           Bearer eyJhbGciOiJIUzI1NiIsInR5cCI6IkpXVCJ9.eyJVc2VySWQiOjE0MjEzNDI2MzI3ODc3LCJUZW5hbnRJZCI6MTMwMDAwMDAwMDAwMSwiQWNjb3VudCI6IjE4NjAwNzY2MDQ1IiwiTmlja05hbWUiOiLmgKrlhb3mnaXkuoYiLCJBY2NvdW50VHlwZSI6Nzc3LCJpYXQiOjE3MTE1NDk4MTQsIm5iZiI6MTcxMTU0OTgxNCwiZXhwIjoxNzEyMTU0NjE0LCJpc3MiOiJndXhpbi5saW5rIiwiYXVkIjoiZ3V4aW4ubGluayJ9.ycU5AnLTEDJ4xrXoExEtjvqOmyMcFWnaFeMx5juJ1yQ
      ┣ 
      ┣ UserId (integer64)：                  14213426327877
      ┣ TenantId (integer64)：                1300000000001
      ┣ Account (string)：                    18600766045
      ┣ NickName (string)：                   怪兽来了
      ┣ AccountType (integer32)：             777
      ┣ iat (integer64)：                     1711549814 (2024-03-27 22:30:14:0000(+08:00) 星期三 L)
      ┣ nbf (integer64)：                     1711549814 (2024-03-27 22:30:14:0000(+08:00) 星期三 L)
      ┣ exp (integer64)：                     1712154614 (2024-04-03 22:30:14:0000(+08:00) 星期三 L)
      ┣ iss (string)：                        guxin.link
      ┣ aud (string)：                        guxin.link
      ┣ ━━━━━━━━━━━━━━━  请求头信息 ━━━━━━━━━━━━━━━
      ┣ 
      ┣ Accept：                              application/json, text/plain, */*
      ┣ Connection：                          close
      ┣ Host：                                localhost:5005
      ┣ User-Agent：                          Mozilla/5.0 (Windows NT 10.0; Win64; x64) AppleWebKit/537.36 (KHTML, like Gecko) Chrome/123.0.0.0 Safari/537.36
      ┣ Accept-Encoding：                     gzip, deflate, br, zstd
      ┣ Accept-Language：                     zh-CN,zh;q=0.9
      ┣ Authorization：                       Bearer eyJhbGciOiJIUzI1NiIsInR5cCI6IkpXVCJ9.eyJVc2VySWQiOjE0MjEzNDI2MzI3ODc3LCJUZW5hbnRJZCI6MTMwMDAwMDAwMDAwMSwiQWNjb3VudCI6IjE4NjAwNzY2MDQ1IiwiTmlja05hbWUiOiLmgKrlhb3mnaXkuoYiLCJBY2NvdW50VHlwZSI6Nzc3LCJpYXQiOjE3MTE1NDk4MTQsIm5iZiI6MTcxMTU0OTgxNCwiZXhwIjoxNzEyMTU0NjE0LCJpc3MiOiJndXhpbi5saW5rIiwiYXVkIjoiZ3V4aW4ubGluayJ9.ycU5AnLTEDJ4xrXoExEtjvqOmyMcFWnaFeMx5juJ1yQ
      ┣ Cache-Control：                       no-cache
      ┣ Content-Type：                        application/json
      ┣ Origin：                              http://localhost:9527
      ┣ Pragma：                              no-cache
      ┣ Referer：                             http://localhost:9527/application
      ┣ Content-Length：                      62
      ┣ sec-fetch-dest：                      empty
      ┣ sec-fetch-mode：                      cors
      ┣ sec-fetch-site：                      same-origin
      ┣ sec-ch-ua-platform：                  "Windows"
      ┣ x-request-id：                        dW9nP8I9ZSv_6ybUCbOqJ
      ┣ apifoxtoken：                         XL299LiMEDZ0H5h3A29PxwQXdMJqWyY2
      ┣ sec-ch-ua-mobile：                    ?0
      ┣ DNT：                                 1
      ┣ sec-ch-ua：                           "Google Chrome";v="123", "Not:A-Brand";v="8", "Chromium";v="123"
      ┣ ━━━━━━━━━━━━━━━  参数列表 ━━━━━━━━━━━━━━━
      ┣ Content-Type：                        application/json
      ┣ 
      ┣ shareModel (ChatPromptShare)：        {"promptId":"12","pwd":"ECUX","accessPersonNum":0,"effectiveDays":0,"lastVisitDate":null,"numUrl":680963015,"createTime":"2024-03-28T21:53:08.1698644+08:00","updateTime":null,"createUserId":"14213426327877","createUser":null,"updateUserId":null,"isDelete":false,"id":"33144009255237"}
      ┣ ━━━━━━━━━━━━━━━  返回信息 ━━━━━━━━━━━━━━━
      ┣ HTTP响应状态码：                      200
      ┣ 原始类型：                            System.Threading.Tasks.Task<Admin.NET.Core.JuAI.ChatPromptShare>
      ┣ 最终类型：                            
      ┣ 最终返回值：                          null
      ┣ ━━━━━━━━━━━━━━━  异常信息 ━━━━━━━━━━━━━━━
      ┣ 类型：                                MySqlConnector.MySqlException
      ┣ 消息：                                Table 'juai.app.chat_prompt_share' doesn't exist
      ┣ 错误堆栈：                            at SqlSugar.MySqlProvider.ExecuteCommandAsync(String sql, SugarParameter[] parameters)
         at SqlSugar.MySqlProvider.ExecuteCommandAsync(String sql, SugarParameter[] parameters)
         at SqlSugar.InsertableProvider`1.ExecuteCommandAsync()
         at SqlSugar.InsertableProvider`1.ExecuteCommandIdentityIntoEntityAsync()
         at SqlSugar.InsertableProvider`1.ExecuteReturnEntityAsync()
         at SqlSugar.SimpleClient`1.InsertReturnEntityAsync(T insertObj)
         at Admin.NET.Core.JuAI.Service.PromptService.Share(ChatPromptShare shareModel) in D:\work\juai\api\Admin.NET.Core.JuAi\Service\AICommon\PromptService.cs:line 64
         at lambda_method151(Closure, Object)
         at Microsoft.AspNetCore.Mvc.Infrastructure.ActionMethodExecutor.AwaitableObjectResultExecutor.Execute(ActionContext actionContext, IActionResultTypeMapper mapper, ObjectMethodExecutor executor, Object controller, Object[] arguments)
         at Microsoft.AspNetCore.Mvc.Infrastructure.ControllerActionInvoker.<InvokeActionMethodAsync>g__Awaited|12_0(ControllerActionInvoker invoker, ValueTask`1 actionResultValueTask)
         at Microsoft.AspNetCore.Mvc.Infrastructure.ControllerActionInvoker.<InvokeNextActionFilterAsync>g__Awaited|10_0(ControllerActionInvoker invoker, Task lastTask, State next, Scope scope, Object state, Boolean isCompleted)
      ┗━━━━━━━━━━━  Logging Monitor ━━━━━━━━━━━      
      ++++++++++++++++++++++++++++++++++++++++++++++++++++++++
      MySqlConnector.MySqlException (0x80004005): Table 'juai.app.chat_prompt_share' doesn't exist
         at SqlSugar.MySqlProvider.ExecuteCommandAsync(String sql, SugarParameter[] parameters)
         at SqlSugar.MySqlProvider.ExecuteCommandAsync(String sql, SugarParameter[] parameters)
         at SqlSugar.InsertableProvider`1.ExecuteCommandAsync()
         at SqlSugar.InsertableProvider`1.ExecuteCommandIdentityIntoEntityAsync()
         at SqlSugar.InsertableProvider`1.ExecuteReturnEntityAsync()
         at SqlSugar.SimpleClient`1.InsertReturnEntityAsync(T insertObj)
         at Admin.NET.Core.JuAI.Service.PromptService.Share(ChatPromptShare shareModel) in D:\work\juai\api\Admin.NET.Core.JuAi\Service\AICommon\PromptService.cs:line 64
         at lambda_method151(Closure, Object)
         at Microsoft.AspNetCore.Mvc.Infrastructure.ActionMethodExecutor.AwaitableObjectResultExecutor.Execute(ActionContext actionContext, IActionResultTypeMapper mapper, ObjectMethodExecutor executor, Object controller, Object[] arguments)
         at Microsoft.AspNetCore.Mvc.Infrastructure.ControllerActionInvoker.<InvokeActionMethodAsync>g__Awaited|12_0(ControllerActionInvoker invoker, ValueTask`1 actionResultValueTask)
         at Microsoft.AspNetCore.Mvc.Infrastructure.ControllerActionInvoker.<InvokeNextActionFilterAsync>g__Awaited|10_0(ControllerActionInvoker invoker, Task lastTask, State next, Scope scope, Object state, Boolean isCompleted)
      ++++++++++++++++++++++++++++++++++++++++++++++++++++++++
