fail: 2024-04-04 17:21:53.3898262 +08:00 星期四 L System.Logging.LoggingMonitor[0] #23 '00-c5e8524ba84a4499a133533011246b46-58aae9ecef76ba4f-00'
      [Furion.Pure.dll] async Task LoggingMonitorAttribute.MonitorAsync(MethodInfo actionMethod, IDictionary<string, object> parameterValues, FilterContext context, dynamic next)
      ┏━━━━━━━━━━━  Logging Monitor ━━━━━━━━━━━
      ┣ Admin.NET.Core.JuAI.JuAIService.GetMyStatistics
      ┣ 
      ┣ 控制器名称：                JuAIService
      ┣ 操作名称：                  GetMyStatistics
      ┣ 显示名称：                  我的统计
      ┣ 路由信息：                  [area]: ; [controller]: juAI; [action]: myStatistics
      ┣ 请求方式：                  GET
      ┣ 请求地址：                  http://localhost:5005/app/api/juai/MyStatistics
      ┣ 来源地址：                  http://localhost:9527/home
      ┣ 请求端源：                  client
      ┣ 浏览器标识：                Mozilla/5.0 (Windows NT 10.0; Win64; x64) AppleWebKit/537.36 (KHTML, like Gecko) Chrome/123.0.0.0 Safari/537.36
      ┣ 客户端区域语言：            zh-CN,zh;q=0.9
      ┣ 客户端 IP 地址：            127.0.0.1
      ┣ 服务端 IP 地址：            127.0.0.1
      ┣ 客户端连接 ID：             00-c5e8524ba84a4499a133533011246b46-58aae9ecef76ba4f-00
      ┣ 服务线程 ID：               #23
      ┣ 执行耗时：                  244ms
      ┣ ━━━━━━━━━━━━━━━  Cookies ━━━━━━━━━━━━━━━
      ┣ 请求端：                    
      ┣ 响应端：                    
      ┣ ━━━━━━━━━━━━━━━  系统信息 ━━━━━━━━━━━━━━━
      ┣ 系统名称：                  Microsoft Windows 10.0.19045
      ┣ 系统架构：                  X64
      ┣ 基础框架：                  Furion.Pure v1.0.0.0
      ┣ .NET 架构：                 .NET 8.0.0
      ┣ ━━━━━━━━━━━━━━━  启动信息 ━━━━━━━━━━━━━━━
      ┣ 运行环境：                  Production
      ┣ 启动程序集：                Admin.NET.Web.Entry
      ┣ 进程名称：                  Admin.NET.Web.Entry
      ┣ 托管程序：                  Kestrel
      ┣ ━━━━━━━━━━━━━━━  请求头信息 ━━━━━━━━━━━━━━━
      ┣ 
      ┣ Accept：                    application/json, text/plain, */*
      ┣ Connection：                close
      ┣ Host：                      localhost:5005
      ┣ User-Agent：                Mozilla/5.0 (Windows NT 10.0; Win64; x64) AppleWebKit/537.36 (KHTML, like Gecko) Chrome/123.0.0.0 Safari/537.36
      ┣ Accept-Encoding：           gzip, deflate, br, zstd
      ┣ Accept-Language：           zh-CN,zh;q=0.9
      ┣ Authorization：             Bearer eyJhbGciOiJIUzI1NiIsInR5cCI6IkpXVCJ9.eyJVc2VySWQiOjE0MjEzNDI2MzI3ODc3LCJUZW5hbnRJZCI6MTMwMDAwMDAwMDAwMSwiQWNjb3VudCI6IjE4NjAwNzY2MDQ1IiwiTmlja05hbWUiOiLmgKrlhb3mnaXkuoYiLCJBY2NvdW50VHlwZSI6Nzc3LCJpYXQiOjE3MTE1NDk4MTQsIm5iZiI6MTcxMTU0OTgxNCwiZXhwIjoxNzEyMTU0NjE0LCJpc3MiOiJndXhpbi5saW5rIiwiYXVkIjoiZ3V4aW4ubGluayJ9.ycU5AnLTEDJ4xrXoExEtjvqOmyMcFWnaFeMx5juJ1yQ
      ┣ Cache-Control：             no-cache
      ┣ Pragma：                    no-cache
      ┣ Referer：                   http://localhost:9527/home
      ┣ sec-fetch-dest：            empty
      ┣ sec-fetch-mode：            cors
      ┣ sec-fetch-site：            same-origin
      ┣ sec-ch-ua-platform：        "Windows"
      ┣ x-request-id：              AerWnBRMuuvm-ZvkNulWG
      ┣ apifoxtoken：               XL299LiMEDZ0H5h3A29PxwQXdMJqWyY2
      ┣ sec-ch-ua-mobile：          ?0
      ┣ DNT：                       1
      ┣ sec-ch-ua：                 "Google Chrome";v="123", "Not:A-Brand";v="8", "Chromium";v="123"
      ┣ ━━━━━━━━━━━━━━━  返回信息 ━━━━━━━━━━━━━━━
      ┣ HTTP响应状态码：            200
      ┣ 原始类型：                  System.Threading.Tasks.Task<System.Object>
      ┣ 最终类型：                  
      ┣ 最终返回值：                null
      ┣ ━━━━━━━━━━━━━━━  异常信息 ━━━━━━━━━━━━━━━
      ┣ 类型：                      System.NullReferenceException
      ┣ 消息：                      Object reference not set to an instance of an object.
      ┣ 错误堆栈：                  at Admin.NET.Core.JuAI.JuAIService.GetMyStatistics() in D:\work\juai\api\Admin.NET.Core.JuAi\Service\JuAI\JuAIService.cs:line 74
         at lambda_method65(Closure, Object)
         at Microsoft.AspNetCore.Mvc.Infrastructure.ActionMethodExecutor.AwaitableObjectResultExecutor.Execute(ActionContext actionContext, IActionResultTypeMapper mapper, ObjectMethodExecutor executor, Object controller, Object[] arguments)
         at Microsoft.AspNetCore.Mvc.Infrastructure.ControllerActionInvoker.<InvokeActionMethodAsync>g__Awaited|12_0(ControllerActionInvoker invoker, ValueTask`1 actionResultValueTask)
         at Microsoft.AspNetCore.Mvc.Infrastructure.ControllerActionInvoker.<InvokeNextActionFilterAsync>g__Awaited|10_0(ControllerActionInvoker invoker, Task lastTask, State next, Scope scope, Object state, Boolean isCompleted)
      ┗━━━━━━━━━━━  Logging Monitor ━━━━━━━━━━━      
      ++++++++++++++++++++++++++++++++++++++++++++++++++++++++
      System.NullReferenceException: Object reference not set to an instance of an object.
         at Admin.NET.Core.JuAI.JuAIService.GetMyStatistics() in D:\work\juai\api\Admin.NET.Core.JuAi\Service\JuAI\JuAIService.cs:line 74
         at lambda_method65(Closure, Object)
         at Microsoft.AspNetCore.Mvc.Infrastructure.ActionMethodExecutor.AwaitableObjectResultExecutor.Execute(ActionContext actionContext, IActionResultTypeMapper mapper, ObjectMethodExecutor executor, Object controller, Object[] arguments)
         at Microsoft.AspNetCore.Mvc.Infrastructure.ControllerActionInvoker.<InvokeActionMethodAsync>g__Awaited|12_0(ControllerActionInvoker invoker, ValueTask`1 actionResultValueTask)
         at Microsoft.AspNetCore.Mvc.Infrastructure.ControllerActionInvoker.<InvokeNextActionFilterAsync>g__Awaited|10_0(ControllerActionInvoker invoker, Task lastTask, State next, Scope scope, Object state, Boolean isCompleted)
      ++++++++++++++++++++++++++++++++++++++++++++++++++++++++
fail: 2024-04-04 17:23:44.1376150 +08:00 星期四 L System.Logging.LoggingMonitor[0] #20 '00-dd5c70960c7a50d82afa342641165e0a-f5ed80a14fe2e033-00'
      [Furion.Pure.dll] async Task LoggingMonitorAttribute.MonitorAsync(MethodInfo actionMethod, IDictionary<string, object> parameterValues, FilterContext context, dynamic next)
      ┏━━━━━━━━━━━  Logging Monitor ━━━━━━━━━━━
      ┣ Admin.NET.Core.JuAI.JuAIService.GetMyStatistics
      ┣ 
      ┣ 控制器名称：                JuAIService
      ┣ 操作名称：                  GetMyStatistics
      ┣ 显示名称：                  我的统计
      ┣ 路由信息：                  [area]: ; [controller]: juAI; [action]: myStatistics
      ┣ 请求方式：                  GET
      ┣ 请求地址：                  http://localhost:5005/app/api/juai/MyStatistics
      ┣ 来源地址：                  http://localhost:9527/home
      ┣ 请求端源：                  client
      ┣ 浏览器标识：                Mozilla/5.0 (Windows NT 10.0; Win64; x64) AppleWebKit/537.36 (KHTML, like Gecko) Chrome/123.0.0.0 Safari/537.36
      ┣ 客户端区域语言：            zh-CN,zh;q=0.9
      ┣ 客户端 IP 地址：            127.0.0.1
      ┣ 服务端 IP 地址：            127.0.0.1
      ┣ 客户端连接 ID：             00-dd5c70960c7a50d82afa342641165e0a-f5ed80a14fe2e033-00
      ┣ 服务线程 ID：               #21
      ┣ 执行耗时：                  166ms
      ┣ ━━━━━━━━━━━━━━━  Cookies ━━━━━━━━━━━━━━━
      ┣ 请求端：                    
      ┣ 响应端：                    
      ┣ ━━━━━━━━━━━━━━━  系统信息 ━━━━━━━━━━━━━━━
      ┣ 系统名称：                  Microsoft Windows 10.0.19045
      ┣ 系统架构：                  X64
      ┣ 基础框架：                  Furion.Pure v1.0.0.0
      ┣ .NET 架构：                 .NET 8.0.0
      ┣ ━━━━━━━━━━━━━━━  启动信息 ━━━━━━━━━━━━━━━
      ┣ 运行环境：                  Production
      ┣ 启动程序集：                Admin.NET.Web.Entry
      ┣ 进程名称：                  Admin.NET.Web.Entry
      ┣ 托管程序：                  Kestrel
      ┣ ━━━━━━━━━━━━━━━  请求头信息 ━━━━━━━━━━━━━━━
      ┣ 
      ┣ Accept：                    application/json, text/plain, */*
      ┣ Connection：                close
      ┣ Host：                      localhost:5005
      ┣ User-Agent：                Mozilla/5.0 (Windows NT 10.0; Win64; x64) AppleWebKit/537.36 (KHTML, like Gecko) Chrome/123.0.0.0 Safari/537.36
      ┣ Accept-Encoding：           gzip, deflate, br, zstd
      ┣ Accept-Language：           zh-CN,zh;q=0.9
      ┣ Authorization：             Bearer eyJhbGciOiJIUzI1NiIsInR5cCI6IkpXVCJ9.eyJVc2VySWQiOjE0MjEzNDI2MzI3ODc3LCJUZW5hbnRJZCI6MTMwMDAwMDAwMDAwMSwiQWNjb3VudCI6IjE4NjAwNzY2MDQ1IiwiTmlja05hbWUiOiLmgKrlhb3mnaXkuoYiLCJBY2NvdW50VHlwZSI6Nzc3LCJpYXQiOjE3MTE1NDk4MTQsIm5iZiI6MTcxMTU0OTgxNCwiZXhwIjoxNzEyMTU0NjE0LCJpc3MiOiJndXhpbi5saW5rIiwiYXVkIjoiZ3V4aW4ubGluayJ9.ycU5AnLTEDJ4xrXoExEtjvqOmyMcFWnaFeMx5juJ1yQ
      ┣ Cache-Control：             no-cache
      ┣ Pragma：                    no-cache
      ┣ Referer：                   http://localhost:9527/home
      ┣ sec-fetch-dest：            empty
      ┣ sec-fetch-mode：            cors
      ┣ sec-fetch-site：            same-origin
      ┣ sec-ch-ua-platform：        "Windows"
      ┣ x-request-id：              k2RkRxGIRYZBtkHQc_M61
      ┣ apifoxtoken：               XL299LiMEDZ0H5h3A29PxwQXdMJqWyY2
      ┣ sec-ch-ua-mobile：          ?0
      ┣ DNT：                       1
      ┣ sec-ch-ua：                 "Google Chrome";v="123", "Not:A-Brand";v="8", "Chromium";v="123"
      ┣ ━━━━━━━━━━━━━━━  返回信息 ━━━━━━━━━━━━━━━
      ┣ HTTP响应状态码：            200
      ┣ 原始类型：                  System.Threading.Tasks.Task<System.Object>
      ┣ 最终类型：                  
      ┣ 最终返回值：                null
      ┣ ━━━━━━━━━━━━━━━  异常信息 ━━━━━━━━━━━━━━━
      ┣ 类型：                      System.NullReferenceException
      ┣ 消息：                      Object reference not set to an instance of an object.
      ┣ 错误堆栈：                  at Admin.NET.Core.JuAI.JuAIService.GetMyStatistics() in D:\work\juai\api\Admin.NET.Core.JuAi\Service\JuAI\JuAIService.cs:line 74
         at lambda_method65(Closure, Object)
         at Microsoft.AspNetCore.Mvc.Infrastructure.ActionMethodExecutor.AwaitableObjectResultExecutor.Execute(ActionContext actionContext, IActionResultTypeMapper mapper, ObjectMethodExecutor executor, Object controller, Object[] arguments)
         at Microsoft.AspNetCore.Mvc.Infrastructure.ControllerActionInvoker.<InvokeActionMethodAsync>g__Awaited|12_0(ControllerActionInvoker invoker, ValueTask`1 actionResultValueTask)
         at Microsoft.AspNetCore.Mvc.Infrastructure.ControllerActionInvoker.<InvokeNextActionFilterAsync>g__Awaited|10_0(ControllerActionInvoker invoker, Task lastTask, State next, Scope scope, Object state, Boolean isCompleted)
      ┗━━━━━━━━━━━  Logging Monitor ━━━━━━━━━━━      
      ++++++++++++++++++++++++++++++++++++++++++++++++++++++++
      System.NullReferenceException: Object reference not set to an instance of an object.
         at Admin.NET.Core.JuAI.JuAIService.GetMyStatistics() in D:\work\juai\api\Admin.NET.Core.JuAi\Service\JuAI\JuAIService.cs:line 74
         at lambda_method65(Closure, Object)
         at Microsoft.AspNetCore.Mvc.Infrastructure.ActionMethodExecutor.AwaitableObjectResultExecutor.Execute(ActionContext actionContext, IActionResultTypeMapper mapper, ObjectMethodExecutor executor, Object controller, Object[] arguments)
         at Microsoft.AspNetCore.Mvc.Infrastructure.ControllerActionInvoker.<InvokeActionMethodAsync>g__Awaited|12_0(ControllerActionInvoker invoker, ValueTask`1 actionResultValueTask)
         at Microsoft.AspNetCore.Mvc.Infrastructure.ControllerActionInvoker.<InvokeNextActionFilterAsync>g__Awaited|10_0(ControllerActionInvoker invoker, Task lastTask, State next, Scope scope, Object state, Boolean isCompleted)
      ++++++++++++++++++++++++++++++++++++++++++++++++++++++++
