info: 2024-04-01 14:47:50.0922999 +08:00 星期一 L System.Logging.TaskQueueService[0] #1
      [Furion.Pure.dll] async Task Furion.TaskQueue.TaskQueueHostedService.ExecuteAsync(CancellationToken stoppingToken)
      TaskQueue hosted service is running.
info: 2024-04-01 14:47:50.1308110 +08:00 星期一 L System.Logging.ScheduleService[0] #1
      [Furion.Pure.dll] void Furion.Schedule.ScheduleLogger.LogInformation(string message, params object[] args)
      Schedule hosted service is running.
info: 2024-04-01 14:47:50.1331088 +08:00 星期一 L System.Logging.ScheduleService[0] #1
      [Furion.Pure.dll] void Furion.Schedule.ScheduleLogger.LogInformation(string message, params object[] args)
      Schedule hosted service is preloading...
info: 2024-04-01 14:47:51.3144590 +08:00 星期一 L System.Logging.ScheduleService[0] #1
      [Furion.Pure.dll] void Furion.Schedule.ScheduleLogger.LogInformation(string message, params object[] args)
      The <trigger_log> trigger for scheduler of <job_log> successfully appended and updated to the schedule.
info: 2024-04-01 14:47:51.3160884 +08:00 星期一 L System.Logging.ScheduleService[0] #1
      [Furion.Pure.dll] void Furion.Schedule.ScheduleLogger.LogInformation(string message, params object[] args)
      The scheduler of <job_log> successfully appended and updated to the schedule.
info: 2024-04-01 14:47:51.3247603 +08:00 星期一 L System.Logging.ScheduleService[0] #1
      [Furion.Pure.dll] void Furion.Schedule.ScheduleLogger.LogInformation(string message, params object[] args)
      The <trigger_onlineUser> trigger for scheduler of <job_onlineUser> successfully appended and updated to the schedule.
info: 2024-04-01 14:47:51.3260497 +08:00 星期一 L System.Logging.ScheduleService[0] #1
      [Furion.Pure.dll] void Furion.Schedule.ScheduleLogger.LogInformation(string message, params object[] args)
      The scheduler of <job_onlineUser> successfully appended and updated to the schedule.
