warn: 2024-04-26 20:47:02.9214970 +08:00 星期五 L System.Logging.ScheduleService[0] #1
      [Furion.Pure.dll] void Furion.Schedule.ScheduleLogger.LogWarning(string message, params object[] args)
      Schedule hosted service preload completed, and a total of <2> schedulers are appended.
warn: 2024-04-26 21:18:15.1683804 +08:00 星期五 L Microsoft.AspNetCore.Diagnostics.ExceptionHandlerMiddleware[2] #23 '00-1eb8570e93dbcef19dd42a7e3730eb8a-bb01ed478ecdaf34-00'
      [Microsoft.AspNetCore.Diagnostics.dll] async Task Microsoft.AspNetCore.Diagnostics.ExceptionHandlerMiddlewareImpl.HandleException(HttpContext context, ExceptionDispatchInfo edi)
      The response has already started, the error handler will not be executed.
warn: 2024-04-26 21:18:17.4513336 +08:00 星期五 L Microsoft.AspNetCore.Diagnostics.ExceptionHandlerMiddleware[2] #25 '00-424b97cbecd359593597683694ccdbb0-822e2a23e94dba25-00'
      [Microsoft.AspNetCore.Diagnostics.dll] async Task Microsoft.AspNetCore.Diagnostics.ExceptionHandlerMiddlewareImpl.HandleException(HttpContext context, ExceptionDispatchInfo edi)
      The response has already started, the error handler will not be executed.
warn: 2024-04-26 21:18:20.1316451 +08:00 星期五 L Microsoft.AspNetCore.Diagnostics.ExceptionHandlerMiddleware[2] #6 '00-45c829e4c221cb8c8624c998787e5237-b84a2e5fa1ca7c6c-00'
      [Microsoft.AspNetCore.Diagnostics.dll] async Task Microsoft.AspNetCore.Diagnostics.ExceptionHandlerMiddlewareImpl.HandleException(HttpContext context, ExceptionDispatchInfo edi)
      The response has already started, the error handler will not be executed.
warn: 2024-04-26 21:18:22.7546955 +08:00 星期五 L Microsoft.AspNetCore.Diagnostics.ExceptionHandlerMiddleware[2] #6 '00-c4808b3d205b26a83c416551bda32fbe-829f0fdd9b70f36e-00'
      [Microsoft.AspNetCore.Diagnostics.dll] async Task Microsoft.AspNetCore.Diagnostics.ExceptionHandlerMiddlewareImpl.HandleException(HttpContext context, ExceptionDispatchInfo edi)
      The response has already started, the error handler will not be executed.
warn: 2024-04-26 21:21:42.0467220 +08:00 星期五 L Microsoft.AspNetCore.Diagnostics.ExceptionHandlerMiddleware[2] #6 '00-cf1e3de5e123747bada9c43c01e0a554-033a04e5c5fc1bbe-00'
      [Microsoft.AspNetCore.Diagnostics.dll] async Task Microsoft.AspNetCore.Diagnostics.ExceptionHandlerMiddlewareImpl.HandleException(HttpContext context, ExceptionDispatchInfo edi)
      The response has already started, the error handler will not be executed.
warn: 2024-04-26 21:21:45.1496043 +08:00 星期五 L Microsoft.AspNetCore.Diagnostics.ExceptionHandlerMiddleware[2] #22 '00-55a0bf21487c6e11b13a73cdeb3abc2b-f472d184c8022f11-00'
      [Microsoft.AspNetCore.Diagnostics.dll] async Task Microsoft.AspNetCore.Diagnostics.ExceptionHandlerMiddlewareImpl.HandleException(HttpContext context, ExceptionDispatchInfo edi)
      The response has already started, the error handler will not be executed.
warn: 2024-04-26 21:21:49.3534929 +08:00 星期五 L Microsoft.AspNetCore.Diagnostics.ExceptionHandlerMiddleware[2] #22 '00-9c065a4cb5d5b9955b5380b71be0c5a7-72c50da9bc0ddac2-00'
      [Microsoft.AspNetCore.Diagnostics.dll] async Task Microsoft.AspNetCore.Diagnostics.ExceptionHandlerMiddlewareImpl.HandleException(HttpContext context, ExceptionDispatchInfo edi)
      The response has already started, the error handler will not be executed.
warn: 2024-04-26 21:21:52.2593328 +08:00 星期五 L Microsoft.AspNetCore.Diagnostics.ExceptionHandlerMiddleware[2] #27 '00-a15bd9f1815d3194dbbe51005df72ddf-3ec118973782f438-00'
      [Microsoft.AspNetCore.Diagnostics.dll] async Task Microsoft.AspNetCore.Diagnostics.ExceptionHandlerMiddlewareImpl.HandleException(HttpContext context, ExceptionDispatchInfo edi)
      The response has already started, the error handler will not be executed.
warn: 2024-04-26 21:23:30.3348020 +08:00 星期五 L Microsoft.AspNetCore.Diagnostics.ExceptionHandlerMiddleware[2] #22 '00-c8f27f224c9711c77773e1a9347237e3-3798fb2afd6cfc25-00'
      [Microsoft.AspNetCore.Diagnostics.dll] async Task Microsoft.AspNetCore.Diagnostics.ExceptionHandlerMiddlewareImpl.HandleException(HttpContext context, ExceptionDispatchInfo edi)
      The response has already started, the error handler will not be executed.
warn: 2024-04-26 21:23:32.1380883 +08:00 星期五 L Microsoft.AspNetCore.Diagnostics.ExceptionHandlerMiddleware[2] #24 '00-80f3886e2a8d95abec2e188c44a551c8-093ff4fccf08310a-00'
      [Microsoft.AspNetCore.Diagnostics.dll] async Task Microsoft.AspNetCore.Diagnostics.ExceptionHandlerMiddlewareImpl.HandleException(HttpContext context, ExceptionDispatchInfo edi)
      The response has already started, the error handler will not be executed.
warn: 2024-04-26 21:23:33.8759479 +08:00 星期五 L Microsoft.AspNetCore.Diagnostics.ExceptionHandlerMiddleware[2] #9 '00-38202e2fd242cd35cba23f897b7286a0-a7599d23e8792205-00'
      [Microsoft.AspNetCore.Diagnostics.dll] async Task Microsoft.AspNetCore.Diagnostics.ExceptionHandlerMiddlewareImpl.HandleException(HttpContext context, ExceptionDispatchInfo edi)
      The response has already started, the error handler will not be executed.
warn: 2024-04-26 21:23:35.9359651 +08:00 星期五 L Microsoft.AspNetCore.Diagnostics.ExceptionHandlerMiddleware[2] #6 '00-8fd83b82914d4315e3c12765f72e741b-ba12d4deffff15df-00'
      [Microsoft.AspNetCore.Diagnostics.dll] async Task Microsoft.AspNetCore.Diagnostics.ExceptionHandlerMiddlewareImpl.HandleException(HttpContext context, ExceptionDispatchInfo edi)
      The response has already started, the error handler will not be executed.
warn: 2024-04-26 21:28:37.8268907 +08:00 星期五 L Microsoft.AspNetCore.Diagnostics.ExceptionHandlerMiddleware[2] #9 '00-008f92deb34484808066faa254b7217e-d95d485604695ca5-00'
      [Microsoft.AspNetCore.Diagnostics.dll] async Task Microsoft.AspNetCore.Diagnostics.ExceptionHandlerMiddlewareImpl.HandleException(HttpContext context, ExceptionDispatchInfo edi)
      The response has already started, the error handler will not be executed.
warn: 2024-04-26 21:28:40.5892528 +08:00 星期五 L Microsoft.AspNetCore.Diagnostics.ExceptionHandlerMiddleware[2] #27 '00-6a2b051d9c31b8986e7ed49ec3210c2f-4946ede47d4ee8f3-00'
      [Microsoft.AspNetCore.Diagnostics.dll] async Task Microsoft.AspNetCore.Diagnostics.ExceptionHandlerMiddlewareImpl.HandleException(HttpContext context, ExceptionDispatchInfo edi)
      The response has already started, the error handler will not be executed.
warn: 2024-04-26 21:28:44.3036687 +08:00 星期五 L Microsoft.AspNetCore.Diagnostics.ExceptionHandlerMiddleware[2] #21 '00-5401bb0525efcfaa63e994dc5715325e-cd8dc237740590f4-00'
      [Microsoft.AspNetCore.Diagnostics.dll] async Task Microsoft.AspNetCore.Diagnostics.ExceptionHandlerMiddlewareImpl.HandleException(HttpContext context, ExceptionDispatchInfo edi)
      The response has already started, the error handler will not be executed.
warn: 2024-04-26 21:28:47.5048474 +08:00 星期五 L Microsoft.AspNetCore.Diagnostics.ExceptionHandlerMiddleware[2] #27 '00-dbb8edfee1de08edef1d29473f851236-d8de27332ed6d1f5-00'
      [Microsoft.AspNetCore.Diagnostics.dll] async Task Microsoft.AspNetCore.Diagnostics.ExceptionHandlerMiddlewareImpl.HandleException(HttpContext context, ExceptionDispatchInfo edi)
      The response has already started, the error handler will not be executed.
warn: 2024-04-26 21:31:44.5717158 +08:00 星期五 L Microsoft.AspNetCore.Diagnostics.ExceptionHandlerMiddleware[2] #9 '00-e22857d1274a962615932bef4879c059-26dc1956f19669ba-00'
      [Microsoft.AspNetCore.Diagnostics.dll] async Task Microsoft.AspNetCore.Diagnostics.ExceptionHandlerMiddlewareImpl.HandleException(HttpContext context, ExceptionDispatchInfo edi)
      The response has already started, the error handler will not be executed.
warn: 2024-04-26 21:31:47.4134430 +08:00 星期五 L Microsoft.AspNetCore.Diagnostics.ExceptionHandlerMiddleware[2] #9 '00-16184be904862eb2928a14a9f80bd6ce-b0d01b3a00d69254-00'
      [Microsoft.AspNetCore.Diagnostics.dll] async Task Microsoft.AspNetCore.Diagnostics.ExceptionHandlerMiddlewareImpl.HandleException(HttpContext context, ExceptionDispatchInfo edi)
      The response has already started, the error handler will not be executed.
warn: 2024-04-26 21:31:49.9929498 +08:00 星期五 L Microsoft.AspNetCore.Diagnostics.ExceptionHandlerMiddleware[2] #22 '00-1b2858563eed2bc7f84d228ef0553736-e50668318bb90387-00'
      [Microsoft.AspNetCore.Diagnostics.dll] async Task Microsoft.AspNetCore.Diagnostics.ExceptionHandlerMiddlewareImpl.HandleException(HttpContext context, ExceptionDispatchInfo edi)
      The response has already started, the error handler will not be executed.
warn: 2024-04-26 21:31:52.5652253 +08:00 星期五 L Microsoft.AspNetCore.Diagnostics.ExceptionHandlerMiddleware[2] #24 '00-3858dba22cc59c37d30bfe8ede5d4093-ecf15c918736d333-00'
      [Microsoft.AspNetCore.Diagnostics.dll] async Task Microsoft.AspNetCore.Diagnostics.ExceptionHandlerMiddlewareImpl.HandleException(HttpContext context, ExceptionDispatchInfo edi)
      The response has already started, the error handler will not be executed.
warn: 2024-04-26 21:32:18.1097879 +08:00 星期五 L Microsoft.AspNetCore.Diagnostics.ExceptionHandlerMiddleware[2] #23 '00-471905d642d0f942c4a28873713af235-0f53d5be2ea02206-00'
      [Microsoft.AspNetCore.Diagnostics.dll] async Task Microsoft.AspNetCore.Diagnostics.ExceptionHandlerMiddlewareImpl.HandleException(HttpContext context, ExceptionDispatchInfo edi)
      The response has already started, the error handler will not be executed.
warn: 2024-04-26 21:32:20.1885706 +08:00 星期五 L Microsoft.AspNetCore.Diagnostics.ExceptionHandlerMiddleware[2] #24 '00-1a14c961eb8e91922a26dedf3f9f1bfd-c809fa714b574228-00'
      [Microsoft.AspNetCore.Diagnostics.dll] async Task Microsoft.AspNetCore.Diagnostics.ExceptionHandlerMiddlewareImpl.HandleException(HttpContext context, ExceptionDispatchInfo edi)
      The response has already started, the error handler will not be executed.
warn: 2024-04-26 21:32:22.5914420 +08:00 星期五 L Microsoft.AspNetCore.Diagnostics.ExceptionHandlerMiddleware[2] #22 '00-6cabbd9acda7fae3a5d7ab1d189ec448-7bf3c02b82c128dc-00'
      [Microsoft.AspNetCore.Diagnostics.dll] async Task Microsoft.AspNetCore.Diagnostics.ExceptionHandlerMiddlewareImpl.HandleException(HttpContext context, ExceptionDispatchInfo edi)
      The response has already started, the error handler will not be executed.
warn: 2024-04-26 21:32:25.4136265 +08:00 星期五 L Microsoft.AspNetCore.Diagnostics.ExceptionHandlerMiddleware[2] #22 '00-e03a2903febd96b04daf74c753ff414b-1f3e42fe60727155-00'
      [Microsoft.AspNetCore.Diagnostics.dll] async Task Microsoft.AspNetCore.Diagnostics.ExceptionHandlerMiddlewareImpl.HandleException(HttpContext context, ExceptionDispatchInfo edi)
      The response has already started, the error handler will not be executed.
warn: 2024-04-26 21:33:11.1373138 +08:00 星期五 L Microsoft.AspNetCore.Diagnostics.ExceptionHandlerMiddleware[2] #22 '00-0a4793524ff8d62f20f9abec2b0111d8-fda782e621d4df1c-00'
      [Microsoft.AspNetCore.Diagnostics.dll] async Task Microsoft.AspNetCore.Diagnostics.ExceptionHandlerMiddlewareImpl.HandleException(HttpContext context, ExceptionDispatchInfo edi)
      The response has already started, the error handler will not be executed.
warn: 2024-04-26 21:33:12.8935671 +08:00 星期五 L Microsoft.AspNetCore.Diagnostics.ExceptionHandlerMiddleware[2] #27 '00-184c66daa1f37e6cc6be4e3f84be658e-ce35f24911bae5b4-00'
      [Microsoft.AspNetCore.Diagnostics.dll] async Task Microsoft.AspNetCore.Diagnostics.ExceptionHandlerMiddlewareImpl.HandleException(HttpContext context, ExceptionDispatchInfo edi)
      The response has already started, the error handler will not be executed.
warn: 2024-04-26 21:33:16.7225042 +08:00 星期五 L Microsoft.AspNetCore.Diagnostics.ExceptionHandlerMiddleware[2] #6 '00-8cd40e4a3166fadc76a6949202aabfbb-50cb829798efaaa9-00'
      [Microsoft.AspNetCore.Diagnostics.dll] async Task Microsoft.AspNetCore.Diagnostics.ExceptionHandlerMiddlewareImpl.HandleException(HttpContext context, ExceptionDispatchInfo edi)
      The response has already started, the error handler will not be executed.
warn: 2024-04-26 21:33:18.9062107 +08:00 星期五 L Microsoft.AspNetCore.Diagnostics.ExceptionHandlerMiddleware[2] #27 '00-766efe8fc4fb9c995099e05d60550c17-ef65eb98864fc85a-00'
      [Microsoft.AspNetCore.Diagnostics.dll] async Task Microsoft.AspNetCore.Diagnostics.ExceptionHandlerMiddlewareImpl.HandleException(HttpContext context, ExceptionDispatchInfo edi)
      The response has already started, the error handler will not be executed.
warn: 2024-04-26 21:36:05.8195002 +08:00 星期五 L Microsoft.AspNetCore.Diagnostics.ExceptionHandlerMiddleware[2] #9 '00-77ef4cb74d1373ee37ac185ea4966190-dcfbec3f4eaef306-00'
      [Microsoft.AspNetCore.Diagnostics.dll] async Task Microsoft.AspNetCore.Diagnostics.ExceptionHandlerMiddlewareImpl.HandleException(HttpContext context, ExceptionDispatchInfo edi)
      The response has already started, the error handler will not be executed.
warn: 2024-04-26 21:36:08.1123574 +08:00 星期五 L Microsoft.AspNetCore.Diagnostics.ExceptionHandlerMiddleware[2] #9 '00-3e7aef0b85feb907c1fda240c1910fad-d2090cd6c0cba702-00'
      [Microsoft.AspNetCore.Diagnostics.dll] async Task Microsoft.AspNetCore.Diagnostics.ExceptionHandlerMiddlewareImpl.HandleException(HttpContext context, ExceptionDispatchInfo edi)
      The response has already started, the error handler will not be executed.
warn: 2024-04-26 21:36:11.6416403 +08:00 星期五 L Microsoft.AspNetCore.Diagnostics.ExceptionHandlerMiddleware[2] #9 '00-7e1ab834914607e414b3e880b8c40436-104c0fb4c370587f-00'
      [Microsoft.AspNetCore.Diagnostics.dll] async Task Microsoft.AspNetCore.Diagnostics.ExceptionHandlerMiddlewareImpl.HandleException(HttpContext context, ExceptionDispatchInfo edi)
      The response has already started, the error handler will not be executed.
warn: 2024-04-26 21:36:15.2254236 +08:00 星期五 L Microsoft.AspNetCore.Diagnostics.ExceptionHandlerMiddleware[2] #6 '00-21d3e052f197f27f2ccfffdb40897c53-598f4772a1c10262-00'
      [System.Private.CoreLib.dll] void System.Runtime.CompilerServices.AsyncMethodBuilderCore.Start<TStateMachine>(ref TStateMachine stateMachine)
      The response has already started, the error handler will not be executed.
warn: 2024-04-26 21:36:33.7305382 +08:00 星期五 L Microsoft.AspNetCore.Diagnostics.ExceptionHandlerMiddleware[2] #27 '00-34917606e66408d805c86c6ed04e180c-7331ab225d3ed369-00'
      [System.Private.CoreLib.dll] void System.Runtime.CompilerServices.AsyncMethodBuilderCore.Start<TStateMachine>(ref TStateMachine stateMachine)
      The response has already started, the error handler will not be executed.
warn: 2024-04-26 21:36:35.4748648 +08:00 星期五 L Microsoft.AspNetCore.Diagnostics.ExceptionHandlerMiddleware[2] #23 '00-112f959da4dd33e2cd0056eda831ba55-d8d65186f9582c64-00'
      [System.Private.CoreLib.dll] void System.Runtime.CompilerServices.AsyncMethodBuilderCore.Start<TStateMachine>(ref TStateMachine stateMachine)
      The response has already started, the error handler will not be executed.
warn: 2024-04-26 21:36:38.0884511 +08:00 星期五 L Microsoft.AspNetCore.Diagnostics.ExceptionHandlerMiddleware[2] #9 '00-14a5547bc072213f5a09ea0f0735b067-a0ecd3584a7a4ee5-00'
      [System.Private.CoreLib.dll] void System.Runtime.CompilerServices.AsyncMethodBuilderCore.Start<TStateMachine>(ref TStateMachine stateMachine)
      The response has already started, the error handler will not be executed.
warn: 2024-04-26 21:36:39.9843462 +08:00 星期五 L Microsoft.AspNetCore.Diagnostics.ExceptionHandlerMiddleware[2] #27 '00-3608e17b9397befdac8c4befda79e933-7516c8a4b10e987e-00'
      [System.Private.CoreLib.dll] void System.Runtime.CompilerServices.AsyncMethodBuilderCore.Start<TStateMachine>(ref TStateMachine stateMachine)
      The response has already started, the error handler will not be executed.
warn: 2024-04-26 21:38:08.5253441 +08:00 星期五 L Microsoft.AspNetCore.Diagnostics.ExceptionHandlerMiddleware[2] #27 '00-2baa2af190bc0421334afe9ee0670dc0-f9cc12e02c686245-00'
      [System.Private.CoreLib.dll] void System.Runtime.CompilerServices.AsyncMethodBuilderCore.Start<TStateMachine>(ref TStateMachine stateMachine)
      The response has already started, the error handler will not be executed.
warn: 2024-04-26 21:38:10.3541613 +08:00 星期五 L Microsoft.AspNetCore.Diagnostics.ExceptionHandlerMiddleware[2] #23 '00-a2cee8cfac9ac9c533f6d852396a00cf-d019f31fc29789a2-00'
      [System.Private.CoreLib.dll] void System.Runtime.CompilerServices.AsyncMethodBuilderCore.Start<TStateMachine>(ref TStateMachine stateMachine)
      The response has already started, the error handler will not be executed.
warn: 2024-04-26 21:38:12.2575591 +08:00 星期五 L Microsoft.AspNetCore.Diagnostics.ExceptionHandlerMiddleware[2] #27 '00-16e9e406545c285aedd369b45d05b665-e72bf3d956a6db9d-00'
      [System.Private.CoreLib.dll] void System.Runtime.CompilerServices.AsyncMethodBuilderCore.Start<TStateMachine>(ref TStateMachine stateMachine)
      The response has already started, the error handler will not be executed.
warn: 2024-04-26 21:38:14.3157065 +08:00 星期五 L Microsoft.AspNetCore.Diagnostics.ExceptionHandlerMiddleware[2] #9 '00-d687abef78530ec01ef2b58dbd2dcc42-b1aa0654f2f1217d-00'
      [System.Private.CoreLib.dll] void System.Runtime.CompilerServices.AsyncMethodBuilderCore.Start<TStateMachine>(ref TStateMachine stateMachine)
      The response has already started, the error handler will not be executed.
warn: 2024-04-26 21:40:24.2507580 +08:00 星期五 L System.Logging.ScheduleService[0] #1
      [Furion.Pure.dll] void Furion.Schedule.ScheduleLogger.LogWarning(string message, params object[] args)
      Schedule hosted service preload completed, and a total of <2> schedulers are appended.
