info: 2024-06-27 19:24:38.2662246 +08:00 星期四 L System.Logging.TaskQueueService[0] #1
      [Furion.Pure.dll] async Task Furion.TaskQueue.TaskQueueHostedService.ExecuteAsync(CancellationToken stoppingToken)
      TaskQueue hosted service is running.
info: 2024-06-27 19:24:38.3327875 +08:00 星期四 L System.Logging.ScheduleService[0] #1
      [Furion.Pure.dll] void Furion.Schedule.ScheduleLogger.LogInformation(string message, params object[] args)
      Schedule hosted service is running.
info: 2024-06-27 19:24:38.3376491 +08:00 星期四 L System.Logging.ScheduleService[0] #1
      [Furion.Pure.dll] void Furion.Schedule.ScheduleLogger.LogInformation(string message, params object[] args)
      Schedule hosted service is preloading...
info: 2024-06-27 19:26:12.5143928 +08:00 星期四 L System.Logging.TaskQueueService[0] #1
      [Furion.Pure.dll] async Task Furion.TaskQueue.TaskQueueHostedService.ExecuteAsync(CancellationToken stoppingToken)
      TaskQueue hosted service is running.
info: 2024-06-27 19:26:12.5728685 +08:00 星期四 L System.Logging.ScheduleService[0] #1
      [Furion.Pure.dll] void Furion.Schedule.ScheduleLogger.LogInformation(string message, params object[] args)
      Schedule hosted service is running.
info: 2024-06-27 19:26:12.5774975 +08:00 星期四 L System.Logging.ScheduleService[0] #1
      [Furion.Pure.dll] void Furion.Schedule.ScheduleLogger.LogInformation(string message, params object[] args)
      Schedule hosted service is preloading...
info: 2024-06-27 19:26:29.6722042 +08:00 星期四 L System.Logging.LoggingMonitor[0] #9 '00-bf27dc3e26e21051af8eca6391385972-00852e2643103b50-00'
      [System.Private.CoreLib.dll] void System.Runtime.CompilerServices.AsyncMethodBuilderCore.Start<TStateMachine>(ref TStateMachine stateMachine)
      ┏━━━━━━━━━━━  Logging Monitor ━━━━━━━━━━━
      ┣ Admin.NET.Core.Service.SysAuthService.SwaggerCheckUrl
      ┣ 
      ┣ 控制器名称：                SysAuthService
      ┣ 操作名称：                  SwaggerCheckUrl
      ┣ 显示名称：                  Swagger登录检查
      ┣ 路由信息：                  [area]: ; [controller]: sysAuth; [action]: swaggerCheckUrl
      ┣ 请求方式：                  POST
      ┣ 请求地址：                  http://localhost:5005/swagger/checkUrl
      ┣ 来源地址：                  http://localhost:5005/index.html
      ┣ 请求端源：                  client
      ┣ 浏览器标识：                Mozilla/5.0 (Windows NT 10.0; Win64; x64) AppleWebKit/537.36 (KHTML, like Gecko) Chrome/126.0.0.0 Safari/537.36
      ┣ 客户端区域语言：            zh-CN,zh;q=0.9
      ┣ 客户端 IP 地址：            127.0.0.1
      ┣ 服务端 IP 地址：            127.0.0.1
      ┣ 客户端连接 ID：             00-bf27dc3e26e21051af8eca6391385972-00852e2643103b50-00
      ┣ 服务线程 ID：               #9
      ┣ 执行耗时：                  9ms
      ┣ ━━━━━━━━━━━━━━━  Cookies ━━━━━━━━━━━━━━━
      ┣ 请求端：                    
      ┣ 响应端：                    
      ┣ ━━━━━━━━━━━━━━━  系统信息 ━━━━━━━━━━━━━━━
      ┣ 系统名称：                  Microsoft Windows 10.0.19045
      ┣ 系统架构：                  X64
      ┣ 基础框架：                  Furion.Pure v1.0.0.0
      ┣ .NET 架构：                 .NET 8.0.0
      ┣ ━━━━━━━━━━━━━━━  启动信息 ━━━━━━━━━━━━━━━
      ┣ 运行环境：                  Development
      ┣ 启动程序集：                Admin.NET.Web.Entry
      ┣ 进程名称：                  Admin.NET.Web.Entry
      ┣ 托管程序：                  Kestrel
      ┣ ━━━━━━━━━━━━━━━  请求头信息 ━━━━━━━━━━━━━━━
      ┣ 
      ┣ Accept：                    */*
      ┣ Connection：                keep-alive
      ┣ Host：                      localhost:5005
      ┣ User-Agent：                Mozilla/5.0 (Windows NT 10.0; Win64; x64) AppleWebKit/537.36 (KHTML, like Gecko) Chrome/126.0.0.0 Safari/537.36
      ┣ Accept-Encoding：           gzip, deflate, br, zstd
      ┣ Accept-Language：           zh-CN,zh;q=0.9
      ┣ Authorization：             Bearer eyJhbGciOiJIUzI1NiIsInR5cCI6IkpXVCJ9.eyJVc2VySWQiOjEzMDAwMDAwMDAxMTEsIlRlbmFudElkIjoxMzAwMDAwMDAwMDAxLCJBY2NvdW50IjoiYWRtaW4iLCJSZWFsTmFtZSI6Iuezu-e7n-euoeeQhuWRmCIsIkFjY291bnRUeXBlIjo4ODgsIk9yZ0lkIjoxMzAwMDAwMDAwMTAxLCJPcmdOYW1lIjoi5aSn5ZCN56eR5oqAIiwiT3JnVHlwZSI6IjEwMSIsImlhdCI6MTcxNjU2OTcxMywibmJmIjoxNzE2NTY5NzEzLCJleHAiOjE3MTcxNzQ1MTMsImlzcyI6Imd1eGluLmxpbmsiLCJhdWQiOiJndXhpbi5saW5rIn0.Pj30zAh7ZdsllhpqxYybQCb1KThpY71AKYb0qUNy0jU
      ┣ Content-Type：              application/x-www-form-urlencoded
      ┣ Origin：                    http://localhost:5005
      ┣ Referer：                   http://localhost:5005/index.html
      ┣ Content-Length：            0
      ┣ sec-ch-ua：                 "Not/A)Brand";v="8", "Chromium";v="126", "Google Chrome";v="126"
      ┣ sec-ch-ua-mobile：          ?0
      ┣ sec-ch-ua-platform：        "Windows"
      ┣ Sec-Fetch-Site：            same-origin
      ┣ Sec-Fetch-Mode：            cors
      ┣ Sec-Fetch-Dest：            empty
      ┣ ━━━━━━━━━━━━━━━  返回信息 ━━━━━━━━━━━━━━━
      ┣ HTTP响应状态码：            200
      ┣ 原始类型：                  System.Int32
      ┣ 最终类型：                  System.Int32
      ┣ 最终返回值：                401
      ┗━━━━━━━━━━━  Logging Monitor ━━━━━━━━━━━
info: 2024-06-27 19:28:36.0684075 +08:00 星期四 L System.Logging.LoggingMonitor[0] #22 '00-e2e9c391c8d00cf04b6e6f02830770c7-6f5710b422b38e90-00'
      [System.Private.CoreLib.dll] void System.Runtime.CompilerServices.AsyncTaskMethodBuilder<TResult>+AsyncStateMachineBox<TStateMachine>.MoveNext(Thread threadPoolThread)
      ┏━━━━━━━━━━━  Logging Monitor ━━━━━━━━━━━
      ┣ Admin.NET.Core.Service.SysAuthService.Login
      ┣ 
      ┣ 控制器名称：                SysAuthService
      ┣ 操作名称：                  Login
      ┣ 显示名称：                  账号密码登录
      ┣ 路由信息：                  [area]: ; [controller]: sysAuth; [action]: login
      ┣ 请求方式：                  POST
      ┣ 请求地址：                  http://localhost:5005/api/sysAuth/login
      ┣ 来源地址：                  http://localhost:8888/
      ┣ 请求端源：                  client
      ┣ 浏览器标识：                Mozilla/5.0 (Windows NT 10.0; Win64; x64) AppleWebKit/537.36 (KHTML, like Gecko) Chrome/126.0.0.0 Safari/537.36
      ┣ 客户端区域语言：            zh-cn
      ┣ 客户端 IP 地址：            127.0.0.1
      ┣ 服务端 IP 地址：            127.0.0.1
      ┣ 客户端连接 ID：             00-e2e9c391c8d00cf04b6e6f02830770c7-6f5710b422b38e90-00
      ┣ 服务线程 ID：               #22
      ┣ 执行耗时：                  4275ms
      ┣ ━━━━━━━━━━━━━━━  Cookies ━━━━━━━━━━━━━━━
      ┣ 请求端：                    
      ┣ 响应端：                    
      ┣ ━━━━━━━━━━━━━━━  系统信息 ━━━━━━━━━━━━━━━
      ┣ 系统名称：                  Microsoft Windows 10.0.19045
      ┣ 系统架构：                  X64
      ┣ 基础框架：                  Furion.Pure v1.0.0.0
      ┣ .NET 架构：                 .NET 8.0.0
      ┣ ━━━━━━━━━━━━━━━  启动信息 ━━━━━━━━━━━━━━━
      ┣ 运行环境：                  Development
      ┣ 启动程序集：                Admin.NET.Web.Entry
      ┣ 进程名称：                  Admin.NET.Web.Entry
      ┣ 托管程序：                  Kestrel
      ┣ ━━━━━━━━━━━━━━━  请求头信息 ━━━━━━━━━━━━━━━
      ┣ 
      ┣ Accept：                    application/json, text/plain, */*
      ┣ Connection：                keep-alive
      ┣ Host：                      localhost:5005
      ┣ User-Agent：                Mozilla/5.0 (Windows NT 10.0; Win64; x64) AppleWebKit/537.36 (KHTML, like Gecko) Chrome/126.0.0.0 Safari/537.36
      ┣ Accept-Encoding：           gzip, deflate, br, zstd
      ┣ Accept-Language：           zh-cn
      ┣ Authorization：             Bearer eyJhbGciOiJIUzI1NiIsInR5cCI6IkpXVCJ9.eyJVc2VySWQiOjEzMDAwMDAwMDAxMDEsIlRlbmFudElkIjoxMzAwMDAwMDAwMDAxLCJBY2NvdW50Ijoic3VwZXJhZG1pbiIsIlJlYWxOYW1lIjoi6LaF57qn566h55CG5ZGYIiwiQWNjb3VudFR5cGUiOjk5OSwiT3JnSWQiOjAsIk9yZ05hbWUiOm51bGwsIk9yZ1R5cGUiOm51bGwsImlhdCI6MTcxODYzNDMzMywibmJmIjoxNzE4NjM0MzMzLCJleHAiOjE3MTkyMzkxMzMsImlzcyI6Imd1eGluLmxpbmsiLCJhdWQiOiJndXhpbi5saW5rIn0.hQ6lyRQKS4lJYyhnUiHvaHj3GdkmCSR3OOBrDF3CEbw
      ┣ Cache-Control：             no-cache
      ┣ Content-Type：              application/json-patch+json
      ┣ Origin：                    http://localhost:8888
      ┣ Pragma：                    no-cache
      ┣ Referer：                   http://localhost:8888/
      ┣ Content-Length：            280
      ┣ sec-ch-ua：                 "Not/A)Brand";v="8", "Chromium";v="126", "Google Chrome";v="126"
      ┣ DNT：                       1
      ┣ sec-ch-ua-mobile：          ?0
      ┣ X-Authorization：           Bearer eyJhbGciOiJIUzI1NiIsInR5cCI6IkpXVCJ9.eyJmIjoiZXlKaGJHY2lPaUpJVXpJMU5pSXNJblI1Y0NJNklrcFhWQ0o5IiwiZSI6ImhRNmx5UlFLUzRsSll5aG5VaUh2YUhqM0dka21DU1IzT09CckRGM0NFYnciLCJzIjoxNDQsImwiOjUsImsiOiJkRlI1YyIsImlhdCI6MTcxODYzNDMzMywibmJmIjoxNzE4NjM0MzMzLCJleHAiOjE3MTk4NDM5MzMsImlzcyI6Imd1eGluLmxpbmsiLCJhdWQiOiJndXhpbi5saW5rIn0.3wLulK4XvvjWMHRTK0Qh05fCbFoVwPEG09JL8sJibh4
      ┣ sec-ch-ua-platform：        "Windows"
      ┣ Sec-Fetch-Site：            same-site
      ┣ Sec-Fetch-Mode：            cors
      ┣ Sec-Fetch-Dest：            empty
      ┣ ━━━━━━━━━━━━━━━  参数列表 ━━━━━━━━━━━━━━━
      ┣ Content-Type：              application/json-patch+json
      ┣ 
      ┣ input (LoginInput)：        {"account":"superadmin","password":"123456","codeId":"35154560227397","code":"32"}
      ┣ ━━━━━━━━━━━━━━━  返回信息 ━━━━━━━━━━━━━━━
      ┣ HTTP响应状态码：            200
      ┣ 原始类型：                  System.Threading.Tasks.Task<Admin.NET.Core.Service.LoginOutput>
      ┣ 最终类型：                  Admin.NET.Core.AdminResult<System.Object>
      ┣ 最终返回值：                {"code":200,"type":"success","message":"","result":{"accessToken":"eyJhbGciOiJIUzI1NiIsInR5cCI6IkpXVCJ9.eyJVc2VySWQiOjEzMDAwMDAwMDAxMDEsIlRlbmFudElkIjoxMzAwMDAwMDAwMDAxLCJBY2NvdW50Ijoic3VwZXJhZG1pbiIsIlJlYWxOYW1lIjoi6LaF57qn566h55CG5ZGYIiwiQWNjb3VudFR5cGUiOjk5OSwiT3JnSWQiOjAsIk9yZ05hbWUiOm51bGwsIk9yZ1R5cGUiOm51bGwsImlhdCI6MTcxOTQ4NzcxNSwibmJmIjoxNzE5NDg3NzE1LCJleHAiOjE3MjAwOTI1MTUsImlzcyI6Imd1eGluLmxpbmsiLCJhdWQiOiJndXhpbi5saW5rIn0.gK_iQQAlZlzKcQKzqpLnmot1102k6myCC3LSUOEpwSk","refreshToken":"eyJ
      ┗━━━━━━━━━━━  Logging Monitor ━━━━━━━━━━━
info: 2024-06-27 19:28:36.7448255 +08:00 星期四 L System.Logging.LoggingMonitor[0] #3 '00-19be1d4a3491fe09edecc2362515542e-2cacc86b3112f1bc-00'
      [System.Private.CoreLib.dll] void System.Runtime.CompilerServices.AsyncTaskMethodBuilder<TResult>+AsyncStateMachineBox<TStateMachine>.MoveNext(Thread threadPoolThread)
      ┏━━━━━━━━━━━  Logging Monitor ━━━━━━━━━━━
      ┣ Admin.NET.Core.Service.SysAuthService.GetUserInfo
      ┣ 
      ┣ 控制器名称：                     SysAuthService
      ┣ 操作名称：                       GetUserInfo
      ┣ 显示名称：                       获取登录账号
      ┣ 路由信息：                       [area]: ; [controller]: sysAuth; [action]: userInfo
      ┣ 请求方式：                       GET
      ┣ 请求地址：                       http://localhost:5005/api/sysAuth/userInfo
      ┣ 来源地址：                       http://localhost:8888/
      ┣ 请求端源：                       client
      ┣ 浏览器标识：                     Mozilla/5.0 (Windows NT 10.0; Win64; x64) AppleWebKit/537.36 (KHTML, like Gecko) Chrome/126.0.0.0 Safari/537.36
      ┣ 客户端区域语言：                 zh-cn
      ┣ 客户端 IP 地址：                 127.0.0.1
      ┣ 服务端 IP 地址：                 127.0.0.1
      ┣ 客户端连接 ID：                  00-19be1d4a3491fe09edecc2362515542e-2cacc86b3112f1bc-00
      ┣ 服务线程 ID：                    #22
      ┣ 执行耗时：                       222ms
      ┣ ━━━━━━━━━━━━━━━  Cookies ━━━━━━━━━━━━━━━
      ┣ 请求端：                         
      ┣ 响应端：                         
      ┣ ━━━━━━━━━━━━━━━  系统信息 ━━━━━━━━━━━━━━━
      ┣ 系统名称：                       Microsoft Windows 10.0.19045
      ┣ 系统架构：                       X64
      ┣ 基础框架：                       Furion.Pure v1.0.0.0
      ┣ .NET 架构：                      .NET 8.0.0
      ┣ ━━━━━━━━━━━━━━━  启动信息 ━━━━━━━━━━━━━━━
      ┣ 运行环境：                       Development
      ┣ 启动程序集：                     Admin.NET.Web.Entry
      ┣ 进程名称：                       Admin.NET.Web.Entry
      ┣ 托管程序：                       Kestrel
      ┣ ━━━━━━━━━━━━━━━  授权信息 ━━━━━━━━━━━━━━━
      ┣ JWT Token：                      Bearer eyJhbGciOiJIUzI1NiIsInR5cCI6IkpXVCJ9.eyJVc2VySWQiOjEzMDAwMDAwMDAxMDEsIlRlbmFudElkIjoxMzAwMDAwMDAwMDAxLCJBY2NvdW50Ijoic3VwZXJhZG1pbiIsIlJlYWxOYW1lIjoi6LaF57qn566h55CG5ZGYIiwiQWNjb3VudFR5cGUiOjk5OSwiT3JnSWQiOjAsIk9yZ05hbWUiOm51bGwsIk9yZ1R5cGUiOm51bGwsImlhdCI6MTcxOTQ4NzcxNSwibmJmIjoxNzE5NDg3NzE1LCJleHAiOjE3MjAwOTI1MTUsImlzcyI6Imd1eGluLmxpbmsiLCJhdWQiOiJndXhpbi5saW5rIn0.gK_iQQAlZlzKcQKzqpLnmot1102k6myCC3LSUOEpwSk
      ┣ 
      ┣ UserId (integer64)：             1300000000101
      ┣ TenantId (integer64)：           1300000000001
      ┣ Account (string)：               superadmin
      ┣ RealName (string)：              超级管理员
      ┣ AccountType (integer32)：        999
      ┣ OrgId (integer32)：              0
      ┣ OrgName (JSON_NULL)：            
      ┣ OrgType (JSON_NULL)：            
      ┣ iat (integer64)：                1719487715 (2024-06-27 19:28:35:0000(+08:00) 星期四 L)
      ┣ nbf (integer64)：                1719487715 (2024-06-27 19:28:35:0000(+08:00) 星期四 L)
      ┣ exp (integer64)：                1720092515 (2024-07-04 19:28:35:0000(+08:00) 星期四 L)
      ┣ iss (string)：                   guxin.link
      ┣ aud (string)：                   guxin.link
      ┣ ━━━━━━━━━━━━━━━  请求头信息 ━━━━━━━━━━━━━━━
      ┣ 
      ┣ Accept：                         application/json, text/plain, */*
      ┣ Connection：                     keep-alive
      ┣ Host：                           localhost:5005
      ┣ User-Agent：                     Mozilla/5.0 (Windows NT 10.0; Win64; x64) AppleWebKit/537.36 (KHTML, like Gecko) Chrome/126.0.0.0 Safari/537.36
      ┣ Accept-Encoding：                gzip, deflate, br, zstd
      ┣ Accept-Language：                zh-cn
      ┣ Authorization：                  Bearer eyJhbGciOiJIUzI1NiIsInR5cCI6IkpXVCJ9.eyJVc2VySWQiOjEzMDAwMDAwMDAxMDEsIlRlbmFudElkIjoxMzAwMDAwMDAwMDAxLCJBY2NvdW50Ijoic3VwZXJhZG1pbiIsIlJlYWxOYW1lIjoi6LaF57qn566h55CG5ZGYIiwiQWNjb3VudFR5cGUiOjk5OSwiT3JnSWQiOjAsIk9yZ05hbWUiOm51bGwsIk9yZ1R5cGUiOm51bGwsImlhdCI6MTcxOTQ4NzcxNSwibmJmIjoxNzE5NDg3NzE1LCJleHAiOjE3MjAwOTI1MTUsImlzcyI6Imd1eGluLmxpbmsiLCJhdWQiOiJndXhpbi5saW5rIn0.gK_iQQAlZlzKcQKzqpLnmot1102k6myCC3LSUOEpwSk
      ┣ Cache-Control：                  no-cache
      ┣ Origin：                         http://localhost:8888
      ┣ Pragma：                         no-cache
      ┣ Referer：                        http://localhost:8888/
      ┣ sec-ch-ua：                      "Not/A)Brand";v="8", "Chromium";v="126", "Google Chrome";v="126"
      ┣ DNT：                            1
      ┣ sec-ch-ua-mobile：               ?0
      ┣ sec-ch-ua-platform：             "Windows"
      ┣ Sec-Fetch-Site：                 same-site
      ┣ Sec-Fetch-Mode：                 cors
      ┣ Sec-Fetch-Dest：                 empty
      ┣ ━━━━━━━━━━━━━━━  返回信息 ━━━━━━━━━━━━━━━
      ┣ HTTP响应状态码：                 200
      ┣ 原始类型：                       System.Threading.Tasks.Task<Admin.NET.Core.Service.LoginUserOutput>
      ┣ 最终类型：                       Admin.NET.Core.AdminResult<System.Object>
      ┣ 最终返回值：                     {"code":200,"type":"success","message":"","result":{"id":"1300000000101","account":"superadmin","realName":"超级管理员","accountType":999,"avatar":null,"introduction":null,"address":null,"signature":null,"orgId":"0","orgName":null,"orgType":null,"posName":null,"buttons":["sysUser:page","sysUser:update","sysUser:add","sysUser:delete","sysUser:detail","sysUser:grantRole","sysUser:resetPwd","sysUser:setStatus","sysOnlineUser:forceOffline","sysRole:page","sysRole:update","sysRole:add","sysRole:delete","s
      ┗━━━━━━━━━━━  Logging Monitor ━━━━━━━━━━━
info: 2024-06-27 19:28:37.4413217 +08:00 星期四 L System.Logging.LoggingMonitor[0] #22 '00-f89cbd1e297ceb58e877c80043686d65-875ea0dea3b77e14-00'
      [System.Private.CoreLib.dll] void System.Runtime.CompilerServices.AsyncTaskMethodBuilder<TResult>+AsyncStateMachineBox<TStateMachine>.MoveNext(Thread threadPoolThread)
      ┏━━━━━━━━━━━  Logging Monitor ━━━━━━━━━━━
      ┣ Admin.NET.Core.Service.SysMenuService.GetLoginMenuTree
      ┣ 
      ┣ 控制器名称：                     SysMenuService
      ┣ 操作名称：                       GetLoginMenuTree
      ┣ 显示名称：                       获取登录菜单树
      ┣ 路由信息：                       [area]: ; [controller]: sysMenu; [action]: loginMenuTree
      ┣ 请求方式：                       GET
      ┣ 请求地址：                       http://localhost:5005/api/sysMenu/loginMenuTree
      ┣ 来源地址：                       http://localhost:8888/
      ┣ 请求端源：                       client
      ┣ 浏览器标识：                     Mozilla/5.0 (Windows NT 10.0; Win64; x64) AppleWebKit/537.36 (KHTML, like Gecko) Chrome/126.0.0.0 Safari/537.36
      ┣ 客户端区域语言：                 zh-cn
      ┣ 客户端 IP 地址：                 127.0.0.1
      ┣ 服务端 IP 地址：                 127.0.0.1
      ┣ 客户端连接 ID：                  00-f89cbd1e297ceb58e877c80043686d65-875ea0dea3b77e14-00
      ┣ 服务线程 ID：                    #22
      ┣ 执行耗时：                       119ms
      ┣ ━━━━━━━━━━━━━━━  Cookies ━━━━━━━━━━━━━━━
      ┣ 请求端：                         
      ┣ 响应端：                         
      ┣ ━━━━━━━━━━━━━━━  系统信息 ━━━━━━━━━━━━━━━
      ┣ 系统名称：                       Microsoft Windows 10.0.19045
      ┣ 系统架构：                       X64
      ┣ 基础框架：                       Furion.Pure v1.0.0.0
      ┣ .NET 架构：                      .NET 8.0.0
      ┣ ━━━━━━━━━━━━━━━  启动信息 ━━━━━━━━━━━━━━━
      ┣ 运行环境：                       Development
      ┣ 启动程序集：                     Admin.NET.Web.Entry
      ┣ 进程名称：                       Admin.NET.Web.Entry
      ┣ 托管程序：                       Kestrel
      ┣ ━━━━━━━━━━━━━━━  授权信息 ━━━━━━━━━━━━━━━
      ┣ JWT Token：                      Bearer eyJhbGciOiJIUzI1NiIsInR5cCI6IkpXVCJ9.eyJVc2VySWQiOjEzMDAwMDAwMDAxMDEsIlRlbmFudElkIjoxMzAwMDAwMDAwMDAxLCJBY2NvdW50Ijoic3VwZXJhZG1pbiIsIlJlYWxOYW1lIjoi6LaF57qn566h55CG5ZGYIiwiQWNjb3VudFR5cGUiOjk5OSwiT3JnSWQiOjAsIk9yZ05hbWUiOm51bGwsIk9yZ1R5cGUiOm51bGwsImlhdCI6MTcxOTQ4NzcxNSwibmJmIjoxNzE5NDg3NzE1LCJleHAiOjE3MjAwOTI1MTUsImlzcyI6Imd1eGluLmxpbmsiLCJhdWQiOiJndXhpbi5saW5rIn0.gK_iQQAlZlzKcQKzqpLnmot1102k6myCC3LSUOEpwSk
      ┣ 
      ┣ UserId (integer64)：             1300000000101
      ┣ TenantId (integer64)：           1300000000001
      ┣ Account (string)：               superadmin
      ┣ RealName (string)：              超级管理员
      ┣ AccountType (integer32)：        999
      ┣ OrgId (integer32)：              0
      ┣ OrgName (JSON_NULL)：            
      ┣ OrgType (JSON_NULL)：            
      ┣ iat (integer64)：                1719487715 (2024-06-27 19:28:35:0000(+08:00) 星期四 L)
      ┣ nbf (integer64)：                1719487715 (2024-06-27 19:28:35:0000(+08:00) 星期四 L)
      ┣ exp (integer64)：                1720092515 (2024-07-04 19:28:35:0000(+08:00) 星期四 L)
      ┣ iss (string)：                   guxin.link
      ┣ aud (string)：                   guxin.link
      ┣ ━━━━━━━━━━━━━━━  请求头信息 ━━━━━━━━━━━━━━━
      ┣ 
      ┣ Accept：                         application/json, text/plain, */*
      ┣ Connection：                     keep-alive
      ┣ Host：                           localhost:5005
      ┣ User-Agent：                     Mozilla/5.0 (Windows NT 10.0; Win64; x64) AppleWebKit/537.36 (KHTML, like Gecko) Chrome/126.0.0.0 Safari/537.36
      ┣ Accept-Encoding：                gzip, deflate, br, zstd
      ┣ Accept-Language：                zh-cn
      ┣ Authorization：                  Bearer eyJhbGciOiJIUzI1NiIsInR5cCI6IkpXVCJ9.eyJVc2VySWQiOjEzMDAwMDAwMDAxMDEsIlRlbmFudElkIjoxMzAwMDAwMDAwMDAxLCJBY2NvdW50Ijoic3VwZXJhZG1pbiIsIlJlYWxOYW1lIjoi6LaF57qn566h55CG5ZGYIiwiQWNjb3VudFR5cGUiOjk5OSwiT3JnSWQiOjAsIk9yZ05hbWUiOm51bGwsIk9yZ1R5cGUiOm51bGwsImlhdCI6MTcxOTQ4NzcxNSwibmJmIjoxNzE5NDg3NzE1LCJleHAiOjE3MjAwOTI1MTUsImlzcyI6Imd1eGluLmxpbmsiLCJhdWQiOiJndXhpbi5saW5rIn0.gK_iQQAlZlzKcQKzqpLnmot1102k6myCC3LSUOEpwSk
      ┣ Cache-Control：                  no-cache
      ┣ Origin：                         http://localhost:8888
      ┣ Pragma：                         no-cache
      ┣ Referer：                        http://localhost:8888/
      ┣ sec-ch-ua：                      "Not/A)Brand";v="8", "Chromium";v="126", "Google Chrome";v="126"
      ┣ DNT：                            1
      ┣ sec-ch-ua-mobile：               ?0
      ┣ sec-ch-ua-platform：             "Windows"
      ┣ Sec-Fetch-Site：                 same-site
      ┣ Sec-Fetch-Mode：                 cors
      ┣ Sec-Fetch-Dest：                 empty
      ┣ ━━━━━━━━━━━━━━━  返回信息 ━━━━━━━━━━━━━━━
      ┣ HTTP响应状态码：                 200
      ┣ 原始类型：                       System.Threading.Tasks.Task<System.Collections.Generic.List<Admin.NET.Core.Service.MenuOutput>>
      ┣ 最终类型：                       Admin.NET.Core.AdminResult<System.Object>
      ┣ 最终返回值：                     {"code":200,"type":"success","message":"","result":[{"id":"1300000000101","pid":"0","type":1,"name":"dashboard","path":"/dashboard","component":"Layout","permission":null,"redirect":null,"orderNo":0,"status":1,"remark":null,"createTime":"2023-12-24T03:04:14","updateTime":"2024-03-18T12:41:14","createUserName":null,"updateUserName":null,"meta":{"title":"工作台","icon":"ele-HomeFilled","isIframe":false,"isLink":null,"isHide":false,"isKeepAlive":true,"isAffix":false},"children":[{"id":"1300000000111",
      ┗━━━━━━━━━━━  Logging Monitor ━━━━━━━━━━━
info: 2024-06-27 19:28:39.2570643 +08:00 星期四 L System.Logging.LoggingMonitor[0] #29 '00-6ccf77587856cb58c518dff3a34003d1-44faab9b33a4246b-00'
      [System.Private.CoreLib.dll] void System.Runtime.CompilerServices.AsyncTaskMethodBuilder<TResult>+AsyncStateMachineBox<TStateMachine>.MoveNext(Thread threadPoolThread)
      ┏━━━━━━━━━━━  Logging Monitor ━━━━━━━━━━━
      ┣ Admin.NET.Application.JuAI.StatisticsService.GetHomeUser
      ┣ 
      ┣ 控制器名称：                     StatisticsService
      ┣ 操作名称：                       GetHomeUser
      ┣ 显示名称：                       
      ┣ 路由信息：                       [area]: ; [controller]: statistics; [action]: homeUser
      ┣ 请求方式：                       GET
      ┣ 请求地址：                       http://localhost:5005/api/statistics/homeUser
      ┣ 来源地址：                       http://localhost:8888/
      ┣ 请求端源：                       client
      ┣ 浏览器标识：                     Mozilla/5.0 (Windows NT 10.0; Win64; x64) AppleWebKit/537.36 (KHTML, like Gecko) Chrome/126.0.0.0 Safari/537.36
      ┣ 客户端区域语言：                 zh-CN,zh;q=0.9
      ┣ 客户端 IP 地址：                 127.0.0.1
      ┣ 服务端 IP 地址：                 127.0.0.1
      ┣ 客户端连接 ID：                  00-6ccf77587856cb58c518dff3a34003d1-44faab9b33a4246b-00
      ┣ 服务线程 ID：                    #5
      ┣ 执行耗时：                       507ms
      ┣ ━━━━━━━━━━━━━━━  Cookies ━━━━━━━━━━━━━━━
      ┣ 请求端：                         
      ┣ 响应端：                         
      ┣ ━━━━━━━━━━━━━━━  系统信息 ━━━━━━━━━━━━━━━
      ┣ 系统名称：                       Microsoft Windows 10.0.19045
      ┣ 系统架构：                       X64
      ┣ 基础框架：                       Furion.Pure v1.0.0.0
      ┣ .NET 架构：                      .NET 8.0.0
      ┣ ━━━━━━━━━━━━━━━  启动信息 ━━━━━━━━━━━━━━━
      ┣ 运行环境：                       Development
      ┣ 启动程序集：                     Admin.NET.Web.Entry
      ┣ 进程名称：                       Admin.NET.Web.Entry
      ┣ 托管程序：                       Kestrel
      ┣ ━━━━━━━━━━━━━━━  授权信息 ━━━━━━━━━━━━━━━
      ┣ JWT Token：                      Bearer eyJhbGciOiJIUzI1NiIsInR5cCI6IkpXVCJ9.eyJVc2VySWQiOjEzMDAwMDAwMDAxMDEsIlRlbmFudElkIjoxMzAwMDAwMDAwMDAxLCJBY2NvdW50Ijoic3VwZXJhZG1pbiIsIlJlYWxOYW1lIjoi6LaF57qn566h55CG5ZGYIiwiQWNjb3VudFR5cGUiOjk5OSwiT3JnSWQiOjAsIk9yZ05hbWUiOm51bGwsIk9yZ1R5cGUiOm51bGwsImlhdCI6MTcxOTQ4NzcxNSwibmJmIjoxNzE5NDg3NzE1LCJleHAiOjE3MjAwOTI1MTUsImlzcyI6Imd1eGluLmxpbmsiLCJhdWQiOiJndXhpbi5saW5rIn0.gK_iQQAlZlzKcQKzqpLnmot1102k6myCC3LSUOEpwSk
      ┣ 
      ┣ UserId (integer64)：             1300000000101
      ┣ TenantId (integer64)：           1300000000001
      ┣ Account (string)：               superadmin
      ┣ RealName (string)：              超级管理员
      ┣ AccountType (integer32)：        999
      ┣ OrgId (integer32)：              0
      ┣ OrgName (JSON_NULL)：            
      ┣ OrgType (JSON_NULL)：            
      ┣ iat (integer64)：                1719487715 (2024-06-27 19:28:35:0000(+08:00) 星期四 L)
      ┣ nbf (integer64)：                1719487715 (2024-06-27 19:28:35:0000(+08:00) 星期四 L)
      ┣ exp (integer64)：                1720092515 (2024-07-04 19:28:35:0000(+08:00) 星期四 L)
      ┣ iss (string)：                   guxin.link
      ┣ aud (string)：                   guxin.link
      ┣ ━━━━━━━━━━━━━━━  请求头信息 ━━━━━━━━━━━━━━━
      ┣ 
      ┣ Accept：                         application/json, text/plain, */*
      ┣ Connection：                     keep-alive
      ┣ Host：                           localhost:5005
      ┣ User-Agent：                     Mozilla/5.0 (Windows NT 10.0; Win64; x64) AppleWebKit/537.36 (KHTML, like Gecko) Chrome/126.0.0.0 Safari/537.36
      ┣ Accept-Encoding：                gzip, deflate, br, zstd
      ┣ Accept-Language：                zh-CN,zh;q=0.9
      ┣ Authorization：                  Bearer eyJhbGciOiJIUzI1NiIsInR5cCI6IkpXVCJ9.eyJVc2VySWQiOjEzMDAwMDAwMDAxMDEsIlRlbmFudElkIjoxMzAwMDAwMDAwMDAxLCJBY2NvdW50Ijoic3VwZXJhZG1pbiIsIlJlYWxOYW1lIjoi6LaF57qn566h55CG5ZGYIiwiQWNjb3VudFR5cGUiOjk5OSwiT3JnSWQiOjAsIk9yZ05hbWUiOm51bGwsIk9yZ1R5cGUiOm51bGwsImlhdCI6MTcxOTQ4NzcxNSwibmJmIjoxNzE5NDg3NzE1LCJleHAiOjE3MjAwOTI1MTUsImlzcyI6Imd1eGluLmxpbmsiLCJhdWQiOiJndXhpbi5saW5rIn0.gK_iQQAlZlzKcQKzqpLnmot1102k6myCC3LSUOEpwSk
      ┣ Cache-Control：                  no-cache
      ┣ Origin：                         http://localhost:8888
      ┣ Pragma：                         no-cache
      ┣ Referer：                        http://localhost:8888/
      ┣ sec-ch-ua：                      "Not/A)Brand";v="8", "Chromium";v="126", "Google Chrome";v="126"
      ┣ DNT：                            1
      ┣ sec-ch-ua-mobile：               ?0
      ┣ sec-ch-ua-platform：             "Windows"
      ┣ Sec-Fetch-Site：                 same-site
      ┣ Sec-Fetch-Mode：                 cors
      ┣ Sec-Fetch-Dest：                 empty
      ┣ ━━━━━━━━━━━━━━━  返回信息 ━━━━━━━━━━━━━━━
      ┣ HTTP响应状态码：                 200
      ┣ 原始类型：                       System.Threading.Tasks.Task<System.Object>
      ┣ 最终类型：                       Admin.NET.Core.AdminResult<System.Object>
      ┣ 最终返回值：                     {"code":200,"type":"success","message":"","result":[{"key":"总用户","value":185},{"key":"日活用户","value":0},{"key":"今日注册用户","value":0},{"key":"今日使用AI用户","value":0}],"extras":null,"time":"2024-06-27T19:28:39.2510127+08:00"}
      ┗━━━━━━━━━━━  Logging Monitor ━━━━━━━━━━━
info: 2024-06-27 19:28:39.4587874 +08:00 星期四 L System.Logging.LoggingMonitor[0] #5 '00-1b930352b99bb9fa3164f2d3ec451741-d54c79a22106c90a-00'
      [System.Private.CoreLib.dll] void System.Runtime.CompilerServices.AsyncTaskMethodBuilder<TResult>+AsyncStateMachineBox<TStateMachine>.MoveNext(Thread threadPoolThread)
      ┏━━━━━━━━━━━  Logging Monitor ━━━━━━━━━━━
      ┣ Admin.NET.Core.Service.SysNoticeService.GetUnReadList
      ┣ 
      ┣ 控制器名称：                     SysNoticeService
      ┣ 操作名称：                       GetUnReadList
      ┣ 显示名称：                       获取未读的通知公告
      ┣ 路由信息：                       [area]: ; [controller]: sysNotice; [action]: unReadList
      ┣ 请求方式：                       GET
      ┣ 请求地址：                       http://localhost:5005/api/sysNotice/unReadList
      ┣ 来源地址：                       http://localhost:8888/
      ┣ 请求端源：                       client
      ┣ 浏览器标识：                     Mozilla/5.0 (Windows NT 10.0; Win64; x64) AppleWebKit/537.36 (KHTML, like Gecko) Chrome/126.0.0.0 Safari/537.36
      ┣ 客户端区域语言：                 zh-cn
      ┣ 客户端 IP 地址：                 127.0.0.1
      ┣ 服务端 IP 地址：                 127.0.0.1
      ┣ 客户端连接 ID：                  00-1b930352b99bb9fa3164f2d3ec451741-d54c79a22106c90a-00
      ┣ 服务线程 ID：                    #28
      ┣ 执行耗时：                       62ms
      ┣ ━━━━━━━━━━━━━━━  Cookies ━━━━━━━━━━━━━━━
      ┣ 请求端：                         
      ┣ 响应端：                         
      ┣ ━━━━━━━━━━━━━━━  系统信息 ━━━━━━━━━━━━━━━
      ┣ 系统名称：                       Microsoft Windows 10.0.19045
      ┣ 系统架构：                       X64
      ┣ 基础框架：                       Furion.Pure v1.0.0.0
      ┣ .NET 架构：                      .NET 8.0.0
      ┣ ━━━━━━━━━━━━━━━  启动信息 ━━━━━━━━━━━━━━━
      ┣ 运行环境：                       Development
      ┣ 启动程序集：                     Admin.NET.Web.Entry
      ┣ 进程名称：                       Admin.NET.Web.Entry
      ┣ 托管程序：                       Kestrel
      ┣ ━━━━━━━━━━━━━━━  授权信息 ━━━━━━━━━━━━━━━
      ┣ JWT Token：                      Bearer eyJhbGciOiJIUzI1NiIsInR5cCI6IkpXVCJ9.eyJVc2VySWQiOjEzMDAwMDAwMDAxMDEsIlRlbmFudElkIjoxMzAwMDAwMDAwMDAxLCJBY2NvdW50Ijoic3VwZXJhZG1pbiIsIlJlYWxOYW1lIjoi6LaF57qn566h55CG5ZGYIiwiQWNjb3VudFR5cGUiOjk5OSwiT3JnSWQiOjAsIk9yZ05hbWUiOm51bGwsIk9yZ1R5cGUiOm51bGwsImlhdCI6MTcxOTQ4NzcxNSwibmJmIjoxNzE5NDg3NzE1LCJleHAiOjE3MjAwOTI1MTUsImlzcyI6Imd1eGluLmxpbmsiLCJhdWQiOiJndXhpbi5saW5rIn0.gK_iQQAlZlzKcQKzqpLnmot1102k6myCC3LSUOEpwSk
      ┣ 
      ┣ UserId (integer64)：             1300000000101
      ┣ TenantId (integer64)：           1300000000001
      ┣ Account (string)：               superadmin
      ┣ RealName (string)：              超级管理员
      ┣ AccountType (integer32)：        999
      ┣ OrgId (integer32)：              0
      ┣ OrgName (JSON_NULL)：            
      ┣ OrgType (JSON_NULL)：            
      ┣ iat (integer64)：                1719487715 (2024-06-27 19:28:35:0000(+08:00) 星期四 L)
      ┣ nbf (integer64)：                1719487715 (2024-06-27 19:28:35:0000(+08:00) 星期四 L)
      ┣ exp (integer64)：                1720092515 (2024-07-04 19:28:35:0000(+08:00) 星期四 L)
      ┣ iss (string)：                   guxin.link
      ┣ aud (string)：                   guxin.link
      ┣ ━━━━━━━━━━━━━━━  请求头信息 ━━━━━━━━━━━━━━━
      ┣ 
      ┣ Accept：                         application/json, text/plain, */*
      ┣ Connection：                     keep-alive
      ┣ Host：                           localhost:5005
      ┣ User-Agent：                     Mozilla/5.0 (Windows NT 10.0; Win64; x64) AppleWebKit/537.36 (KHTML, like Gecko) Chrome/126.0.0.0 Safari/537.36
      ┣ Accept-Encoding：                gzip, deflate, br, zstd
      ┣ Accept-Language：                zh-cn
      ┣ Authorization：                  Bearer eyJhbGciOiJIUzI1NiIsInR5cCI6IkpXVCJ9.eyJVc2VySWQiOjEzMDAwMDAwMDAxMDEsIlRlbmFudElkIjoxMzAwMDAwMDAwMDAxLCJBY2NvdW50Ijoic3VwZXJhZG1pbiIsIlJlYWxOYW1lIjoi6LaF57qn566h55CG5ZGYIiwiQWNjb3VudFR5cGUiOjk5OSwiT3JnSWQiOjAsIk9yZ05hbWUiOm51bGwsIk9yZ1R5cGUiOm51bGwsImlhdCI6MTcxOTQ4NzcxNSwibmJmIjoxNzE5NDg3NzE1LCJleHAiOjE3MjAwOTI1MTUsImlzcyI6Imd1eGluLmxpbmsiLCJhdWQiOiJndXhpbi5saW5rIn0.gK_iQQAlZlzKcQKzqpLnmot1102k6myCC3LSUOEpwSk
      ┣ Cache-Control：                  no-cache
      ┣ Origin：                         http://localhost:8888
      ┣ Pragma：                         no-cache
      ┣ Referer：                        http://localhost:8888/
      ┣ sec-ch-ua：                      "Not/A)Brand";v="8", "Chromium";v="126", "Google Chrome";v="126"
      ┣ DNT：                            1
      ┣ sec-ch-ua-mobile：               ?0
      ┣ sec-ch-ua-platform：             "Windows"
      ┣ Sec-Fetch-Site：                 same-site
      ┣ Sec-Fetch-Mode：                 cors
      ┣ Sec-Fetch-Dest：                 empty
      ┣ ━━━━━━━━━━━━━━━  返回信息 ━━━━━━━━━━━━━━━
      ┣ HTTP响应状态码：                 200
      ┣ 原始类型：                       System.Threading.Tasks.Task<System.Collections.Generic.List<Admin.NET.Core.SysNotice>>
      ┣ 最终类型：                       Admin.NET.Core.AdminResult<System.Object>
      ┣ 最终返回值：                     {"code":200,"type":"success","message":"","result":[],"extras":null,"time":"2024-06-27T19:28:39.3962249+08:00"}
      ┗━━━━━━━━━━━  Logging Monitor ━━━━━━━━━━━
info: 2024-06-27 19:28:39.8313331 +08:00 星期四 L System.Logging.LoggingMonitor[0] #30 '00-48e3b6645c7aef1b4024d162fb7b7736-d805b94234e9ef6a-00'
      [System.Private.CoreLib.dll] void System.Runtime.CompilerServices.AsyncTaskMethodBuilder<TResult>+AsyncStateMachineBox<TStateMachine>.MoveNext(Thread threadPoolThread)
      ┏━━━━━━━━━━━  Logging Monitor ━━━━━━━━━━━
      ┣ Admin.NET.Application.JuAI.StatisticsService.GetHomeContent
      ┣ 
      ┣ 控制器名称：                     StatisticsService
      ┣ 操作名称：                       GetHomeContent
      ┣ 显示名称：                       
      ┣ 路由信息：                       [area]: ; [controller]: statistics; [action]: homeContent
      ┣ 请求方式：                       GET
      ┣ 请求地址：                       http://localhost:5005/api/statistics/homeContent
      ┣ 来源地址：                       http://localhost:8888/
      ┣ 请求端源：                       client
      ┣ 浏览器标识：                     Mozilla/5.0 (Windows NT 10.0; Win64; x64) AppleWebKit/537.36 (KHTML, like Gecko) Chrome/126.0.0.0 Safari/537.36
      ┣ 客户端区域语言：                 zh-CN,zh;q=0.9
      ┣ 客户端 IP 地址：                 127.0.0.1
      ┣ 服务端 IP 地址：                 127.0.0.1
      ┣ 客户端连接 ID：                  00-48e3b6645c7aef1b4024d162fb7b7736-d805b94234e9ef6a-00
      ┣ 服务线程 ID：                    #9
      ┣ 执行耗时：                       485ms
      ┣ ━━━━━━━━━━━━━━━  Cookies ━━━━━━━━━━━━━━━
      ┣ 请求端：                         
      ┣ 响应端：                         
      ┣ ━━━━━━━━━━━━━━━  系统信息 ━━━━━━━━━━━━━━━
      ┣ 系统名称：                       Microsoft Windows 10.0.19045
      ┣ 系统架构：                       X64
      ┣ 基础框架：                       Furion.Pure v1.0.0.0
      ┣ .NET 架构：                      .NET 8.0.0
      ┣ ━━━━━━━━━━━━━━━  启动信息 ━━━━━━━━━━━━━━━
      ┣ 运行环境：                       Development
      ┣ 启动程序集：                     Admin.NET.Web.Entry
      ┣ 进程名称：                       Admin.NET.Web.Entry
      ┣ 托管程序：                       Kestrel
      ┣ ━━━━━━━━━━━━━━━  授权信息 ━━━━━━━━━━━━━━━
      ┣ JWT Token：                      Bearer eyJhbGciOiJIUzI1NiIsInR5cCI6IkpXVCJ9.eyJVc2VySWQiOjEzMDAwMDAwMDAxMDEsIlRlbmFudElkIjoxMzAwMDAwMDAwMDAxLCJBY2NvdW50Ijoic3VwZXJhZG1pbiIsIlJlYWxOYW1lIjoi6LaF57qn566h55CG5ZGYIiwiQWNjb3VudFR5cGUiOjk5OSwiT3JnSWQiOjAsIk9yZ05hbWUiOm51bGwsIk9yZ1R5cGUiOm51bGwsImlhdCI6MTcxOTQ4NzcxNSwibmJmIjoxNzE5NDg3NzE1LCJleHAiOjE3MjAwOTI1MTUsImlzcyI6Imd1eGluLmxpbmsiLCJhdWQiOiJndXhpbi5saW5rIn0.gK_iQQAlZlzKcQKzqpLnmot1102k6myCC3LSUOEpwSk
      ┣ 
      ┣ UserId (integer64)：             1300000000101
      ┣ TenantId (integer64)：           1300000000001
      ┣ Account (string)：               superadmin
      ┣ RealName (string)：              超级管理员
      ┣ AccountType (integer32)：        999
      ┣ OrgId (integer32)：              0
      ┣ OrgName (JSON_NULL)：            
      ┣ OrgType (JSON_NULL)：            
      ┣ iat (integer64)：                1719487715 (2024-06-27 19:28:35:0000(+08:00) 星期四 L)
      ┣ nbf (integer64)：                1719487715 (2024-06-27 19:28:35:0000(+08:00) 星期四 L)
      ┣ exp (integer64)：                1720092515 (2024-07-04 19:28:35:0000(+08:00) 星期四 L)
      ┣ iss (string)：                   guxin.link
      ┣ aud (string)：                   guxin.link
      ┣ ━━━━━━━━━━━━━━━  请求头信息 ━━━━━━━━━━━━━━━
      ┣ 
      ┣ Accept：                         application/json, text/plain, */*
      ┣ Connection：                     keep-alive
      ┣ Host：                           localhost:5005
      ┣ User-Agent：                     Mozilla/5.0 (Windows NT 10.0; Win64; x64) AppleWebKit/537.36 (KHTML, like Gecko) Chrome/126.0.0.0 Safari/537.36
      ┣ Accept-Encoding：                gzip, deflate, br, zstd
      ┣ Accept-Language：                zh-CN,zh;q=0.9
      ┣ Authorization：                  Bearer eyJhbGciOiJIUzI1NiIsInR5cCI6IkpXVCJ9.eyJVc2VySWQiOjEzMDAwMDAwMDAxMDEsIlRlbmFudElkIjoxMzAwMDAwMDAwMDAxLCJBY2NvdW50Ijoic3VwZXJhZG1pbiIsIlJlYWxOYW1lIjoi6LaF57qn566h55CG5ZGYIiwiQWNjb3VudFR5cGUiOjk5OSwiT3JnSWQiOjAsIk9yZ05hbWUiOm51bGwsIk9yZ1R5cGUiOm51bGwsImlhdCI6MTcxOTQ4NzcxNSwibmJmIjoxNzE5NDg3NzE1LCJleHAiOjE3MjAwOTI1MTUsImlzcyI6Imd1eGluLmxpbmsiLCJhdWQiOiJndXhpbi5saW5rIn0.gK_iQQAlZlzKcQKzqpLnmot1102k6myCC3LSUOEpwSk
      ┣ Cache-Control：                  no-cache
      ┣ Origin：                         http://localhost:8888
      ┣ Pragma：                         no-cache
      ┣ Referer：                        http://localhost:8888/
      ┣ sec-ch-ua：                      "Not/A)Brand";v="8", "Chromium";v="126", "Google Chrome";v="126"
      ┣ DNT：                            1
      ┣ sec-ch-ua-mobile：               ?0
      ┣ sec-ch-ua-platform：             "Windows"
      ┣ Sec-Fetch-Site：                 same-site
      ┣ Sec-Fetch-Mode：                 cors
      ┣ Sec-Fetch-Dest：                 empty
      ┣ ━━━━━━━━━━━━━━━  返回信息 ━━━━━━━━━━━━━━━
      ┣ HTTP响应状态码：                 200
      ┣ 原始类型：                       System.Threading.Tasks.Task<System.Object>
      ┣ 最终类型：                       Admin.NET.Core.AdminResult<System.Object>
      ┣ 最终返回值：                     {"code":200,"type":"success","message":"","result":[{"key":"总文章","value":123},{"key":"今日新增文章","value":0},{"key":"总专栏","value":9},{"key":"今日新增专栏","value":0}],"extras":null,"time":"2024-06-27T19:28:39.7430916+08:00"}
      ┗━━━━━━━━━━━  Logging Monitor ━━━━━━━━━━━
info: 2024-06-27 19:28:40.0003143 +08:00 星期四 L System.Logging.LoggingMonitor[0] #32 '00-84f5d7350225209b22cd14bb0d0133d7-6972433c31c094b4-00'
      [System.Private.CoreLib.dll] void System.Runtime.CompilerServices.AsyncTaskMethodBuilder<TResult>+AsyncStateMachineBox<TStateMachine>.MoveNext(Thread threadPoolThread)
      ┏━━━━━━━━━━━  Logging Monitor ━━━━━━━━━━━
      ┣ Admin.NET.Application.JuAI.StatisticsService.GetHomeAI
      ┣ 
      ┣ 控制器名称：                     StatisticsService
      ┣ 操作名称：                       GetHomeAI
      ┣ 显示名称：                       
      ┣ 路由信息：                       [area]: ; [controller]: statistics; [action]: homeAI
      ┣ 请求方式：                       GET
      ┣ 请求地址：                       http://localhost:5005/api/statistics/homeAI
      ┣ 来源地址：                       http://localhost:8888/
      ┣ 请求端源：                       client
      ┣ 浏览器标识：                     Mozilla/5.0 (Windows NT 10.0; Win64; x64) AppleWebKit/537.36 (KHTML, like Gecko) Chrome/126.0.0.0 Safari/537.36
      ┣ 客户端区域语言：                 zh-CN,zh;q=0.9
      ┣ 客户端 IP 地址：                 127.0.0.1
      ┣ 服务端 IP 地址：                 127.0.0.1
      ┣ 客户端连接 ID：                  00-84f5d7350225209b22cd14bb0d0133d7-6972433c31c094b4-00
      ┣ 服务线程 ID：                    #5
      ┣ 执行耗时：                       713ms
      ┣ ━━━━━━━━━━━━━━━  Cookies ━━━━━━━━━━━━━━━
      ┣ 请求端：                         
      ┣ 响应端：                         
      ┣ ━━━━━━━━━━━━━━━  系统信息 ━━━━━━━━━━━━━━━
      ┣ 系统名称：                       Microsoft Windows 10.0.19045
      ┣ 系统架构：                       X64
      ┣ 基础框架：                       Furion.Pure v1.0.0.0
      ┣ .NET 架构：                      .NET 8.0.0
      ┣ ━━━━━━━━━━━━━━━  启动信息 ━━━━━━━━━━━━━━━
      ┣ 运行环境：                       Development
      ┣ 启动程序集：                     Admin.NET.Web.Entry
      ┣ 进程名称：                       Admin.NET.Web.Entry
      ┣ 托管程序：                       Kestrel
      ┣ ━━━━━━━━━━━━━━━  授权信息 ━━━━━━━━━━━━━━━
      ┣ JWT Token：                      Bearer eyJhbGciOiJIUzI1NiIsInR5cCI6IkpXVCJ9.eyJVc2VySWQiOjEzMDAwMDAwMDAxMDEsIlRlbmFudElkIjoxMzAwMDAwMDAwMDAxLCJBY2NvdW50Ijoic3VwZXJhZG1pbiIsIlJlYWxOYW1lIjoi6LaF57qn566h55CG5ZGYIiwiQWNjb3VudFR5cGUiOjk5OSwiT3JnSWQiOjAsIk9yZ05hbWUiOm51bGwsIk9yZ1R5cGUiOm51bGwsImlhdCI6MTcxOTQ4NzcxNSwibmJmIjoxNzE5NDg3NzE1LCJleHAiOjE3MjAwOTI1MTUsImlzcyI6Imd1eGluLmxpbmsiLCJhdWQiOiJndXhpbi5saW5rIn0.gK_iQQAlZlzKcQKzqpLnmot1102k6myCC3LSUOEpwSk
      ┣ 
      ┣ UserId (integer64)：             1300000000101
      ┣ TenantId (integer64)：           1300000000001
      ┣ Account (string)：               superadmin
      ┣ RealName (string)：              超级管理员
      ┣ AccountType (integer32)：        999
      ┣ OrgId (integer32)：              0
      ┣ OrgName (JSON_NULL)：            
      ┣ OrgType (JSON_NULL)：            
      ┣ iat (integer64)：                1719487715 (2024-06-27 19:28:35:0000(+08:00) 星期四 L)
      ┣ nbf (integer64)：                1719487715 (2024-06-27 19:28:35:0000(+08:00) 星期四 L)
      ┣ exp (integer64)：                1720092515 (2024-07-04 19:28:35:0000(+08:00) 星期四 L)
      ┣ iss (string)：                   guxin.link
      ┣ aud (string)：                   guxin.link
      ┣ ━━━━━━━━━━━━━━━  请求头信息 ━━━━━━━━━━━━━━━
      ┣ 
      ┣ Accept：                         application/json, text/plain, */*
      ┣ Connection：                     keep-alive
      ┣ Host：                           localhost:5005
      ┣ User-Agent：                     Mozilla/5.0 (Windows NT 10.0; Win64; x64) AppleWebKit/537.36 (KHTML, like Gecko) Chrome/126.0.0.0 Safari/537.36
      ┣ Accept-Encoding：                gzip, deflate, br, zstd
      ┣ Accept-Language：                zh-CN,zh;q=0.9
      ┣ Authorization：                  Bearer eyJhbGciOiJIUzI1NiIsInR5cCI6IkpXVCJ9.eyJVc2VySWQiOjEzMDAwMDAwMDAxMDEsIlRlbmFudElkIjoxMzAwMDAwMDAwMDAxLCJBY2NvdW50Ijoic3VwZXJhZG1pbiIsIlJlYWxOYW1lIjoi6LaF57qn566h55CG5ZGYIiwiQWNjb3VudFR5cGUiOjk5OSwiT3JnSWQiOjAsIk9yZ05hbWUiOm51bGwsIk9yZ1R5cGUiOm51bGwsImlhdCI6MTcxOTQ4NzcxNSwibmJmIjoxNzE5NDg3NzE1LCJleHAiOjE3MjAwOTI1MTUsImlzcyI6Imd1eGluLmxpbmsiLCJhdWQiOiJndXhpbi5saW5rIn0.gK_iQQAlZlzKcQKzqpLnmot1102k6myCC3LSUOEpwSk
      ┣ Cache-Control：                  no-cache
      ┣ Origin：                         http://localhost:8888
      ┣ Pragma：                         no-cache
      ┣ Referer：                        http://localhost:8888/
      ┣ sec-ch-ua：                      "Not/A)Brand";v="8", "Chromium";v="126", "Google Chrome";v="126"
      ┣ DNT：                            1
      ┣ sec-ch-ua-mobile：               ?0
      ┣ sec-ch-ua-platform：             "Windows"
      ┣ Sec-Fetch-Site：                 same-site
      ┣ Sec-Fetch-Mode：                 cors
      ┣ Sec-Fetch-Dest：                 empty
      ┣ ━━━━━━━━━━━━━━━  返回信息 ━━━━━━━━━━━━━━━
      ┣ HTTP响应状态码：                 200
      ┣ 原始类型：                       System.Threading.Tasks.Task<System.Object>
      ┣ 最终类型：                       Admin.NET.Core.AdminResult<System.Object>
      ┣ 最终返回值：                     {"code":200,"type":"success","message":"","result":[{"key":"总会话","value":189},{"key":"今日新增会话","value":0},{"key":"总绘画(GPT)","value":102},{"key":"今日新增绘画(GPT)","value":0},{"key":"总绘画(Mid)","value":83},{"key":"今日新增绘画(Mid)","value":0}],"extras":null,"time":"2024-06-27T19:28:39.9340462+08:00"}
      ┗━━━━━━━━━━━  Logging Monitor ━━━━━━━━━━━
info: 2024-06-27 19:28:39.6932960 +08:00 星期四 L System.Logging.LoggingMonitor[0] #28 '00-b9c6ed0bb037d4fa373a1416cab9a998-86979708f205f7cd-00'
      [System.Private.CoreLib.dll] void System.Runtime.CompilerServices.AsyncTaskMethodBuilder<TResult>+AsyncStateMachineBox<TStateMachine>.MoveNext(Thread threadPoolThread)
      ┏━━━━━━━━━━━  Logging Monitor ━━━━━━━━━━━
      ┣ Admin.NET.Application.JuAI.StatisticsService.GetHomePay
      ┣ 
      ┣ 控制器名称：                     StatisticsService
      ┣ 操作名称：                       GetHomePay
      ┣ 显示名称：                       
      ┣ 路由信息：                       [area]: ; [controller]: statistics; [action]: homePay
      ┣ 请求方式：                       GET
      ┣ 请求地址：                       http://localhost:5005/api/statistics/homePay
      ┣ 来源地址：                       http://localhost:8888/
      ┣ 请求端源：                       client
      ┣ 浏览器标识：                     Mozilla/5.0 (Windows NT 10.0; Win64; x64) AppleWebKit/537.36 (KHTML, like Gecko) Chrome/126.0.0.0 Safari/537.36
      ┣ 客户端区域语言：                 zh-CN,zh;q=0.9
      ┣ 客户端 IP 地址：                 127.0.0.1
      ┣ 服务端 IP 地址：                 127.0.0.1
      ┣ 客户端连接 ID：                  00-b9c6ed0bb037d4fa373a1416cab9a998-86979708f205f7cd-00
      ┣ 服务线程 ID：                    #22
      ┣ 执行耗时：                       412ms
      ┣ ━━━━━━━━━━━━━━━  Cookies ━━━━━━━━━━━━━━━
      ┣ 请求端：                         
      ┣ 响应端：                         
      ┣ ━━━━━━━━━━━━━━━  系统信息 ━━━━━━━━━━━━━━━
      ┣ 系统名称：                       Microsoft Windows 10.0.19045
      ┣ 系统架构：                       X64
      ┣ 基础框架：                       Furion.Pure v1.0.0.0
      ┣ .NET 架构：                      .NET 8.0.0
      ┣ ━━━━━━━━━━━━━━━  启动信息 ━━━━━━━━━━━━━━━
      ┣ 运行环境：                       Development
      ┣ 启动程序集：                     Admin.NET.Web.Entry
      ┣ 进程名称：                       Admin.NET.Web.Entry
      ┣ 托管程序：                       Kestrel
      ┣ ━━━━━━━━━━━━━━━  授权信息 ━━━━━━━━━━━━━━━
      ┣ JWT Token：                      Bearer eyJhbGciOiJIUzI1NiIsInR5cCI6IkpXVCJ9.eyJVc2VySWQiOjEzMDAwMDAwMDAxMDEsIlRlbmFudElkIjoxMzAwMDAwMDAwMDAxLCJBY2NvdW50Ijoic3VwZXJhZG1pbiIsIlJlYWxOYW1lIjoi6LaF57qn566h55CG5ZGYIiwiQWNjb3VudFR5cGUiOjk5OSwiT3JnSWQiOjAsIk9yZ05hbWUiOm51bGwsIk9yZ1R5cGUiOm51bGwsImlhdCI6MTcxOTQ4NzcxNSwibmJmIjoxNzE5NDg3NzE1LCJleHAiOjE3MjAwOTI1MTUsImlzcyI6Imd1eGluLmxpbmsiLCJhdWQiOiJndXhpbi5saW5rIn0.gK_iQQAlZlzKcQKzqpLnmot1102k6myCC3LSUOEpwSk
      ┣ 
      ┣ UserId (integer64)：             1300000000101
      ┣ TenantId (integer64)：           1300000000001
      ┣ Account (string)：               superadmin
      ┣ RealName (string)：              超级管理员
      ┣ AccountType (integer32)：        999
      ┣ OrgId (integer32)：              0
      ┣ OrgName (JSON_NULL)：            
      ┣ OrgType (JSON_NULL)：            
      ┣ iat (integer64)：                1719487715 (2024-06-27 19:28:35:0000(+08:00) 星期四 L)
      ┣ nbf (integer64)：                1719487715 (2024-06-27 19:28:35:0000(+08:00) 星期四 L)
      ┣ exp (integer64)：                1720092515 (2024-07-04 19:28:35:0000(+08:00) 星期四 L)
      ┣ iss (string)：                   guxin.link
      ┣ aud (string)：                   guxin.link
      ┣ ━━━━━━━━━━━━━━━  请求头信息 ━━━━━━━━━━━━━━━
      ┣ 
      ┣ Accept：                         application/json, text/plain, */*
      ┣ Connection：                     keep-alive
      ┣ Host：                           localhost:5005
      ┣ User-Agent：                     Mozilla/5.0 (Windows NT 10.0; Win64; x64) AppleWebKit/537.36 (KHTML, like Gecko) Chrome/126.0.0.0 Safari/537.36
      ┣ Accept-Encoding：                gzip, deflate, br, zstd
      ┣ Accept-Language：                zh-CN,zh;q=0.9
      ┣ Authorization：                  Bearer eyJhbGciOiJIUzI1NiIsInR5cCI6IkpXVCJ9.eyJVc2VySWQiOjEzMDAwMDAwMDAxMDEsIlRlbmFudElkIjoxMzAwMDAwMDAwMDAxLCJBY2NvdW50Ijoic3VwZXJhZG1pbiIsIlJlYWxOYW1lIjoi6LaF57qn566h55CG5ZGYIiwiQWNjb3VudFR5cGUiOjk5OSwiT3JnSWQiOjAsIk9yZ05hbWUiOm51bGwsIk9yZ1R5cGUiOm51bGwsImlhdCI6MTcxOTQ4NzcxNSwibmJmIjoxNzE5NDg3NzE1LCJleHAiOjE3MjAwOTI1MTUsImlzcyI6Imd1eGluLmxpbmsiLCJhdWQiOiJndXhpbi5saW5rIn0.gK_iQQAlZlzKcQKzqpLnmot1102k6myCC3LSUOEpwSk
      ┣ Cache-Control：                  no-cache
      ┣ Origin：                         http://localhost:8888
      ┣ Pragma：                         no-cache
      ┣ Referer：                        http://localhost:8888/
      ┣ sec-ch-ua：                      "Not/A)Brand";v="8", "Chromium";v="126", "Google Chrome";v="126"
      ┣ DNT：                            1
      ┣ sec-ch-ua-mobile：               ?0
      ┣ sec-ch-ua-platform：             "Windows"
      ┣ Sec-Fetch-Site：                 same-site
      ┣ Sec-Fetch-Mode：                 cors
      ┣ Sec-Fetch-Dest：                 empty
      ┣ ━━━━━━━━━━━━━━━  返回信息 ━━━━━━━━━━━━━━━
      ┣ HTTP响应状态码：                 200
      ┣ 原始类型：                       System.Threading.Tasks.Task<System.Object>
      ┣ 最终类型：                       Admin.NET.Core.AdminResult<System.Object>
      ┣ 最终返回值：                     {"code":200,"type":"success","message":"","result":[{"key":"付费总人数","value":17.0},{"key":"今日付费人数","value":0.0},{"key":"付费总金额","value":482.30000000000007},{"key":"今日付费金额","value":null}],"extras":null,"time":"2024-06-27T19:28:39.6341648+08:00"}
      ┗━━━━━━━━━━━  Logging Monitor ━━━━━━━━━━━
info: 2024-06-27 19:28:58.9332548 +08:00 星期四 L System.Logging.LoggingMonitor[0] #22 '00-86729446136b55291037c3ce58553ab4-70cc1ec624cc4ba0-00'
      [System.Private.CoreLib.dll] void System.Runtime.CompilerServices.AsyncTaskMethodBuilder<TResult>+AsyncStateMachineBox<TStateMachine>.MoveNext(Thread threadPoolThread)
      ┏━━━━━━━━━━━  Logging Monitor ━━━━━━━━━━━
      ┣ Admin.NET.Core.Service.SysNoticeService.GetPageReceived
      ┣ 
      ┣ 控制器名称：                     SysNoticeService
      ┣ 操作名称：                       GetPageReceived
      ┣ 显示名称：                       获取接收的通知公告
      ┣ 路由信息：                       [area]: ; [controller]: sysNotice; [action]: pageReceived
      ┣ 请求方式：                       GET
      ┣ 请求地址：                       http://localhost:5005/api/sysNotice/pageReceived?Page=1&PageSize=20
      ┣ 来源地址：                       http://localhost:8888/
      ┣ 请求端源：                       client
      ┣ 浏览器标识：                     Mozilla/5.0 (Windows NT 10.0; Win64; x64) AppleWebKit/537.36 (KHTML, like Gecko) Chrome/126.0.0.0 Safari/537.36
      ┣ 客户端区域语言：                 zh-cn
      ┣ 客户端 IP 地址：                 127.0.0.1
      ┣ 服务端 IP 地址：                 127.0.0.1
      ┣ 客户端连接 ID：                  00-86729446136b55291037c3ce58553ab4-70cc1ec624cc4ba0-00
      ┣ 服务线程 ID：                    #9
      ┣ 执行耗时：                       113ms
      ┣ ━━━━━━━━━━━━━━━  Cookies ━━━━━━━━━━━━━━━
      ┣ 请求端：                         
      ┣ 响应端：                         
      ┣ ━━━━━━━━━━━━━━━  系统信息 ━━━━━━━━━━━━━━━
      ┣ 系统名称：                       Microsoft Windows 10.0.19045
      ┣ 系统架构：                       X64
      ┣ 基础框架：                       Furion.Pure v1.0.0.0
      ┣ .NET 架构：                      .NET 8.0.0
      ┣ ━━━━━━━━━━━━━━━  启动信息 ━━━━━━━━━━━━━━━
      ┣ 运行环境：                       Development
      ┣ 启动程序集：                     Admin.NET.Web.Entry
      ┣ 进程名称：                       Admin.NET.Web.Entry
      ┣ 托管程序：                       Kestrel
      ┣ ━━━━━━━━━━━━━━━  授权信息 ━━━━━━━━━━━━━━━
      ┣ JWT Token：                      Bearer eyJhbGciOiJIUzI1NiIsInR5cCI6IkpXVCJ9.eyJVc2VySWQiOjEzMDAwMDAwMDAxMDEsIlRlbmFudElkIjoxMzAwMDAwMDAwMDAxLCJBY2NvdW50Ijoic3VwZXJhZG1pbiIsIlJlYWxOYW1lIjoi6LaF57qn566h55CG5ZGYIiwiQWNjb3VudFR5cGUiOjk5OSwiT3JnSWQiOjAsIk9yZ05hbWUiOm51bGwsIk9yZ1R5cGUiOm51bGwsImlhdCI6MTcxOTQ4NzcxNSwibmJmIjoxNzE5NDg3NzE1LCJleHAiOjE3MjAwOTI1MTUsImlzcyI6Imd1eGluLmxpbmsiLCJhdWQiOiJndXhpbi5saW5rIn0.gK_iQQAlZlzKcQKzqpLnmot1102k6myCC3LSUOEpwSk
      ┣ 
      ┣ UserId (integer64)：             1300000000101
      ┣ TenantId (integer64)：           1300000000001
      ┣ Account (string)：               superadmin
      ┣ RealName (string)：              超级管理员
      ┣ AccountType (integer32)：        999
      ┣ OrgId (integer32)：              0
      ┣ OrgName (JSON_NULL)：            
      ┣ OrgType (JSON_NULL)：            
      ┣ iat (integer64)：                1719487715 (2024-06-27 19:28:35:0000(+08:00) 星期四 L)
      ┣ nbf (integer64)：                1719487715 (2024-06-27 19:28:35:0000(+08:00) 星期四 L)
      ┣ exp (integer64)：                1720092515 (2024-07-04 19:28:35:0000(+08:00) 星期四 L)
      ┣ iss (string)：                   guxin.link
      ┣ aud (string)：                   guxin.link
      ┣ ━━━━━━━━━━━━━━━  请求头信息 ━━━━━━━━━━━━━━━
      ┣ 
      ┣ Accept：                         application/json, text/plain, */*
      ┣ Connection：                     keep-alive
      ┣ Host：                           localhost:5005
      ┣ User-Agent：                     Mozilla/5.0 (Windows NT 10.0; Win64; x64) AppleWebKit/537.36 (KHTML, like Gecko) Chrome/126.0.0.0 Safari/537.36
      ┣ Accept-Encoding：                gzip, deflate, br, zstd
      ┣ Accept-Language：                zh-cn
      ┣ Authorization：                  Bearer eyJhbGciOiJIUzI1NiIsInR5cCI6IkpXVCJ9.eyJVc2VySWQiOjEzMDAwMDAwMDAxMDEsIlRlbmFudElkIjoxMzAwMDAwMDAwMDAxLCJBY2NvdW50Ijoic3VwZXJhZG1pbiIsIlJlYWxOYW1lIjoi6LaF57qn566h55CG5ZGYIiwiQWNjb3VudFR5cGUiOjk5OSwiT3JnSWQiOjAsIk9yZ05hbWUiOm51bGwsIk9yZ1R5cGUiOm51bGwsImlhdCI6MTcxOTQ4NzcxNSwibmJmIjoxNzE5NDg3NzE1LCJleHAiOjE3MjAwOTI1MTUsImlzcyI6Imd1eGluLmxpbmsiLCJhdWQiOiJndXhpbi5saW5rIn0.gK_iQQAlZlzKcQKzqpLnmot1102k6myCC3LSUOEpwSk
      ┣ Cache-Control：                  no-cache
      ┣ Origin：                         http://localhost:8888
      ┣ Pragma：                         no-cache
      ┣ Referer：                        http://localhost:8888/
      ┣ sec-ch-ua：                      "Not/A)Brand";v="8", "Chromium";v="126", "Google Chrome";v="126"
      ┣ DNT：                            1
      ┣ sec-ch-ua-mobile：               ?0
      ┣ sec-ch-ua-platform：             "Windows"
      ┣ Sec-Fetch-Site：                 same-site
      ┣ Sec-Fetch-Mode：                 cors
      ┣ Sec-Fetch-Dest：                 empty
      ┣ ━━━━━━━━━━━━━━━  参数列表 ━━━━━━━━━━━━━━━
      ┣ Content-Type：                   
      ┣ 
      ┣ input (PageNoticeInput)：        {"title":null,"type":null,"page":1,"pageSize":20,"field":null,"order":null,"descStr":"descending"}
      ┣ ━━━━━━━━━━━━━━━  返回信息 ━━━━━━━━━━━━━━━
      ┣ HTTP响应状态码：                 200
      ┣ 原始类型：                       System.Threading.Tasks.Task<Admin.NET.Core.SqlSugarPagedList<Admin.NET.Core.SysNoticeUser>>
      ┣ 最终类型：                       Admin.NET.Core.AdminResult<System.Object>
      ┣ 最终返回值：                     {"code":200,"type":"success","message":"","result":{"page":1,"pageSize":20,"total":0,"totalPages":0,"items":[],"hasPrevPage":false,"hasNextPage":false},"extras":null,"time":"2024-06-27T19:28:58.9239877+08:00"}
      ┗━━━━━━━━━━━  Logging Monitor ━━━━━━━━━━━
info: 2024-06-27 19:47:25.3713044 +08:00 星期四 L System.Logging.LoggingMonitor[0] #37 '00-ffc21f457b92299c6c5d60471195dd48-39d2f05204a4c115-00'
      [System.Private.CoreLib.dll] void System.Runtime.CompilerServices.AsyncTaskMethodBuilder<TResult>+AsyncStateMachineBox<TStateMachine>.MoveNext(Thread threadPoolThread)
      ┏━━━━━━━━━━━  Logging Monitor ━━━━━━━━━━━
      ┣ Admin.NET.Core.Service.SysAuthService.Login
      ┣ 
      ┣ 控制器名称：                SysAuthService
      ┣ 操作名称：                  Login
      ┣ 显示名称：                  账号密码登录
      ┣ 路由信息：                  [area]: ; [controller]: sysAuth; [action]: login
      ┣ 请求方式：                  POST
      ┣ 请求地址：                  http://localhost:5005/api/sysAuth/login
      ┣ 来源地址：                  http://localhost:8888/
      ┣ 请求端源：                  client
      ┣ 浏览器标识：                Mozilla/5.0 (Windows NT 10.0; Win64; x64) AppleWebKit/537.36 (KHTML, like Gecko) Chrome/126.0.0.0 Safari/537.36
      ┣ 客户端区域语言：            zh-cn
      ┣ 客户端 IP 地址：            127.0.0.1
      ┣ 服务端 IP 地址：            127.0.0.1
      ┣ 客户端连接 ID：             00-ffc21f457b92299c6c5d60471195dd48-39d2f05204a4c115-00
      ┣ 服务线程 ID：               #49
      ┣ 执行耗时：                  313ms
      ┣ ━━━━━━━━━━━━━━━  Cookies ━━━━━━━━━━━━━━━
      ┣ 请求端：                    
      ┣ 响应端：                    
      ┣ ━━━━━━━━━━━━━━━  系统信息 ━━━━━━━━━━━━━━━
      ┣ 系统名称：                  Microsoft Windows 10.0.19045
      ┣ 系统架构：                  X64
      ┣ 基础框架：                  Furion.Pure v1.0.0.0
      ┣ .NET 架构：                 .NET 8.0.0
      ┣ ━━━━━━━━━━━━━━━  启动信息 ━━━━━━━━━━━━━━━
      ┣ 运行环境：                  Development
      ┣ 启动程序集：                Admin.NET.Web.Entry
      ┣ 进程名称：                  Admin.NET.Web.Entry
      ┣ 托管程序：                  Kestrel
      ┣ ━━━━━━━━━━━━━━━  请求头信息 ━━━━━━━━━━━━━━━
      ┣ 
      ┣ Accept：                    application/json, text/plain, */*
      ┣ Connection：                keep-alive
      ┣ Host：                      localhost:5005
      ┣ User-Agent：                Mozilla/5.0 (Windows NT 10.0; Win64; x64) AppleWebKit/537.36 (KHTML, like Gecko) Chrome/126.0.0.0 Safari/537.36
      ┣ Accept-Encoding：           gzip, deflate, br, zstd
      ┣ Accept-Language：           zh-cn
      ┣ Cache-Control：             no-cache
      ┣ Content-Type：              application/json-patch+json
      ┣ Origin：                    http://localhost:8888
      ┣ Pragma：                    no-cache
      ┣ Referer：                   http://localhost:8888/
      ┣ Content-Length：            280
      ┣ sec-ch-ua：                 "Not/A)Brand";v="8", "Chromium";v="126", "Google Chrome";v="126"
      ┣ DNT：                       1
      ┣ sec-ch-ua-mobile：          ?0
      ┣ sec-ch-ua-platform：        "Windows"
      ┣ Sec-Fetch-Site：            same-site
      ┣ Sec-Fetch-Mode：            cors
      ┣ Sec-Fetch-Dest：            empty
      ┣ ━━━━━━━━━━━━━━━  参数列表 ━━━━━━━━━━━━━━━
      ┣ Content-Type：              application/json-patch+json
      ┣ 
      ┣ input (LoginInput)：        {"account":"superadmin","password":"123456","codeId":"35154850092357","code":"89"}
      ┣ ━━━━━━━━━━━━━━━  返回信息 ━━━━━━━━━━━━━━━
      ┣ HTTP响应状态码：            200
      ┣ 原始类型：                  System.Threading.Tasks.Task<Admin.NET.Core.Service.LoginOutput>
      ┣ 最终类型：                  Admin.NET.Core.AdminResult<System.Object>
      ┣ 最终返回值：                {"code":200,"type":"success","message":"","result":{"accessToken":"eyJhbGciOiJIUzI1NiIsInR5cCI6IkpXVCJ9.eyJVc2VySWQiOjEzMDAwMDAwMDAxMDEsIlRlbmFudElkIjoxMzAwMDAwMDAwMDAxLCJBY2NvdW50Ijoic3VwZXJhZG1pbiIsIlJlYWxOYW1lIjoi6LaF57qn566h55CG5ZGYIiwiQWNjb3VudFR5cGUiOjk5OSwiT3JnSWQiOjAsIk9yZ05hbWUiOm51bGwsIk9yZ1R5cGUiOm51bGwsImlhdCI6MTcxOTQ4ODg0NSwibmJmIjoxNzE5NDg4ODQ1LCJleHAiOjE3MjAwOTM2NDUsImlzcyI6Imd1eGluLmxpbmsiLCJhdWQiOiJndXhpbi5saW5rIn0.E5kDohDeKJMdQy2ZDGoMz-qktLscBYHkDjkpAM9hEqY","refreshToken":"eyJ
      ┗━━━━━━━━━━━  Logging Monitor ━━━━━━━━━━━
info: 2024-06-27 19:47:25.9512113 +08:00 星期四 L System.Logging.LoggingMonitor[0] #37 '00-6756fb6c20651bf1acaa1057dd8a6e00-3b53b4f5f83e67ec-00'
      [System.Private.CoreLib.dll] void System.Runtime.CompilerServices.AsyncTaskMethodBuilder<TResult>+AsyncStateMachineBox<TStateMachine>.MoveNext(Thread threadPoolThread)
      ┏━━━━━━━━━━━  Logging Monitor ━━━━━━━━━━━
      ┣ Admin.NET.Core.Service.SysAuthService.GetUserInfo
      ┣ 
      ┣ 控制器名称：                     SysAuthService
      ┣ 操作名称：                       GetUserInfo
      ┣ 显示名称：                       获取登录账号
      ┣ 路由信息：                       [area]: ; [controller]: sysAuth; [action]: userInfo
      ┣ 请求方式：                       GET
      ┣ 请求地址：                       http://localhost:5005/api/sysAuth/userInfo
      ┣ 来源地址：                       http://localhost:8888/
      ┣ 请求端源：                       client
      ┣ 浏览器标识：                     Mozilla/5.0 (Windows NT 10.0; Win64; x64) AppleWebKit/537.36 (KHTML, like Gecko) Chrome/126.0.0.0 Safari/537.36
      ┣ 客户端区域语言：                 zh-cn
      ┣ 客户端 IP 地址：                 127.0.0.1
      ┣ 服务端 IP 地址：                 127.0.0.1
      ┣ 客户端连接 ID：                  00-6756fb6c20651bf1acaa1057dd8a6e00-3b53b4f5f83e67ec-00
      ┣ 服务线程 ID：                    #49
      ┣ 执行耗时：                       196ms
      ┣ ━━━━━━━━━━━━━━━  Cookies ━━━━━━━━━━━━━━━
      ┣ 请求端：                         
      ┣ 响应端：                         
      ┣ ━━━━━━━━━━━━━━━  系统信息 ━━━━━━━━━━━━━━━
      ┣ 系统名称：                       Microsoft Windows 10.0.19045
      ┣ 系统架构：                       X64
      ┣ 基础框架：                       Furion.Pure v1.0.0.0
      ┣ .NET 架构：                      .NET 8.0.0
      ┣ ━━━━━━━━━━━━━━━  启动信息 ━━━━━━━━━━━━━━━
      ┣ 运行环境：                       Development
      ┣ 启动程序集：                     Admin.NET.Web.Entry
      ┣ 进程名称：                       Admin.NET.Web.Entry
      ┣ 托管程序：                       Kestrel
      ┣ ━━━━━━━━━━━━━━━  授权信息 ━━━━━━━━━━━━━━━
      ┣ JWT Token：                      Bearer eyJhbGciOiJIUzI1NiIsInR5cCI6IkpXVCJ9.eyJVc2VySWQiOjEzMDAwMDAwMDAxMDEsIlRlbmFudElkIjoxMzAwMDAwMDAwMDAxLCJBY2NvdW50Ijoic3VwZXJhZG1pbiIsIlJlYWxOYW1lIjoi6LaF57qn566h55CG5ZGYIiwiQWNjb3VudFR5cGUiOjk5OSwiT3JnSWQiOjAsIk9yZ05hbWUiOm51bGwsIk9yZ1R5cGUiOm51bGwsImlhdCI6MTcxOTQ4ODg0NSwibmJmIjoxNzE5NDg4ODQ1LCJleHAiOjE3MjAwOTM2NDUsImlzcyI6Imd1eGluLmxpbmsiLCJhdWQiOiJndXhpbi5saW5rIn0.E5kDohDeKJMdQy2ZDGoMz-qktLscBYHkDjkpAM9hEqY
      ┣ 
      ┣ UserId (integer64)：             1300000000101
      ┣ TenantId (integer64)：           1300000000001
      ┣ Account (string)：               superadmin
      ┣ RealName (string)：              超级管理员
      ┣ AccountType (integer32)：        999
      ┣ OrgId (integer32)：              0
      ┣ OrgName (JSON_NULL)：            
      ┣ OrgType (JSON_NULL)：            
      ┣ iat (integer64)：                1719488845 (2024-06-27 19:47:25:0000(+08:00) 星期四 L)
      ┣ nbf (integer64)：                1719488845 (2024-06-27 19:47:25:0000(+08:00) 星期四 L)
      ┣ exp (integer64)：                1720093645 (2024-07-04 19:47:25:0000(+08:00) 星期四 L)
      ┣ iss (string)：                   guxin.link
      ┣ aud (string)：                   guxin.link
      ┣ ━━━━━━━━━━━━━━━  请求头信息 ━━━━━━━━━━━━━━━
      ┣ 
      ┣ Accept：                         application/json, text/plain, */*
      ┣ Connection：                     keep-alive
      ┣ Host：                           localhost:5005
      ┣ User-Agent：                     Mozilla/5.0 (Windows NT 10.0; Win64; x64) AppleWebKit/537.36 (KHTML, like Gecko) Chrome/126.0.0.0 Safari/537.36
      ┣ Accept-Encoding：                gzip, deflate, br, zstd
      ┣ Accept-Language：                zh-cn
      ┣ Authorization：                  Bearer eyJhbGciOiJIUzI1NiIsInR5cCI6IkpXVCJ9.eyJVc2VySWQiOjEzMDAwMDAwMDAxMDEsIlRlbmFudElkIjoxMzAwMDAwMDAwMDAxLCJBY2NvdW50Ijoic3VwZXJhZG1pbiIsIlJlYWxOYW1lIjoi6LaF57qn566h55CG5ZGYIiwiQWNjb3VudFR5cGUiOjk5OSwiT3JnSWQiOjAsIk9yZ05hbWUiOm51bGwsIk9yZ1R5cGUiOm51bGwsImlhdCI6MTcxOTQ4ODg0NSwibmJmIjoxNzE5NDg4ODQ1LCJleHAiOjE3MjAwOTM2NDUsImlzcyI6Imd1eGluLmxpbmsiLCJhdWQiOiJndXhpbi5saW5rIn0.E5kDohDeKJMdQy2ZDGoMz-qktLscBYHkDjkpAM9hEqY
      ┣ Cache-Control：                  no-cache
      ┣ Origin：                         http://localhost:8888
      ┣ Pragma：                         no-cache
      ┣ Referer：                        http://localhost:8888/
      ┣ sec-ch-ua：                      "Not/A)Brand";v="8", "Chromium";v="126", "Google Chrome";v="126"
      ┣ DNT：                            1
      ┣ sec-ch-ua-mobile：               ?0
      ┣ sec-ch-ua-platform：             "Windows"
      ┣ Sec-Fetch-Site：                 same-site
      ┣ Sec-Fetch-Mode：                 cors
      ┣ Sec-Fetch-Dest：                 empty
      ┣ ━━━━━━━━━━━━━━━  返回信息 ━━━━━━━━━━━━━━━
      ┣ HTTP响应状态码：                 200
      ┣ 原始类型：                       System.Threading.Tasks.Task<Admin.NET.Core.Service.LoginUserOutput>
      ┣ 最终类型：                       Admin.NET.Core.AdminResult<System.Object>
      ┣ 最终返回值：                     {"code":200,"type":"success","message":"","result":{"id":"1300000000101","account":"superadmin","realName":"超级管理员","accountType":999,"avatar":null,"introduction":null,"address":null,"signature":null,"orgId":"0","orgName":null,"orgType":null,"posName":null,"buttons":["sysUser:page","sysUser:update","sysUser:add","sysUser:delete","sysUser:detail","sysUser:grantRole","sysUser:resetPwd","sysUser:setStatus","sysOnlineUser:forceOffline","sysRole:page","sysRole:update","sysRole:add","sysRole:delete","s
      ┗━━━━━━━━━━━  Logging Monitor ━━━━━━━━━━━
info: 2024-06-27 19:47:26.5548848 +08:00 星期四 L System.Logging.LoggingMonitor[0] #44 '00-f8afa626967659e1b576f0106e7ad512-66a599a18e5ff87e-00'
      [System.Private.CoreLib.dll] void System.Runtime.CompilerServices.AsyncTaskMethodBuilder<TResult>+AsyncStateMachineBox<TStateMachine>.MoveNext(Thread threadPoolThread)
      ┏━━━━━━━━━━━  Logging Monitor ━━━━━━━━━━━
      ┣ Admin.NET.Core.Service.SysMenuService.GetLoginMenuTree
      ┣ 
      ┣ 控制器名称：                     SysMenuService
      ┣ 操作名称：                       GetLoginMenuTree
      ┣ 显示名称：                       获取登录菜单树
      ┣ 路由信息：                       [area]: ; [controller]: sysMenu; [action]: loginMenuTree
      ┣ 请求方式：                       GET
      ┣ 请求地址：                       http://localhost:5005/api/sysMenu/loginMenuTree
      ┣ 来源地址：                       http://localhost:8888/
      ┣ 请求端源：                       client
      ┣ 浏览器标识：                     Mozilla/5.0 (Windows NT 10.0; Win64; x64) AppleWebKit/537.36 (KHTML, like Gecko) Chrome/126.0.0.0 Safari/537.36
      ┣ 客户端区域语言：                 zh-cn
      ┣ 客户端 IP 地址：                 127.0.0.1
      ┣ 服务端 IP 地址：                 127.0.0.1
      ┣ 客户端连接 ID：                  00-f8afa626967659e1b576f0106e7ad512-66a599a18e5ff87e-00
      ┣ 服务线程 ID：                    #37
      ┣ 执行耗时：                       55ms
      ┣ ━━━━━━━━━━━━━━━  Cookies ━━━━━━━━━━━━━━━
      ┣ 请求端：                         
      ┣ 响应端：                         
      ┣ ━━━━━━━━━━━━━━━  系统信息 ━━━━━━━━━━━━━━━
      ┣ 系统名称：                       Microsoft Windows 10.0.19045
      ┣ 系统架构：                       X64
      ┣ 基础框架：                       Furion.Pure v1.0.0.0
      ┣ .NET 架构：                      .NET 8.0.0
      ┣ ━━━━━━━━━━━━━━━  启动信息 ━━━━━━━━━━━━━━━
      ┣ 运行环境：                       Development
      ┣ 启动程序集：                     Admin.NET.Web.Entry
      ┣ 进程名称：                       Admin.NET.Web.Entry
      ┣ 托管程序：                       Kestrel
      ┣ ━━━━━━━━━━━━━━━  授权信息 ━━━━━━━━━━━━━━━
      ┣ JWT Token：                      Bearer eyJhbGciOiJIUzI1NiIsInR5cCI6IkpXVCJ9.eyJVc2VySWQiOjEzMDAwMDAwMDAxMDEsIlRlbmFudElkIjoxMzAwMDAwMDAwMDAxLCJBY2NvdW50Ijoic3VwZXJhZG1pbiIsIlJlYWxOYW1lIjoi6LaF57qn566h55CG5ZGYIiwiQWNjb3VudFR5cGUiOjk5OSwiT3JnSWQiOjAsIk9yZ05hbWUiOm51bGwsIk9yZ1R5cGUiOm51bGwsImlhdCI6MTcxOTQ4ODg0NSwibmJmIjoxNzE5NDg4ODQ1LCJleHAiOjE3MjAwOTM2NDUsImlzcyI6Imd1eGluLmxpbmsiLCJhdWQiOiJndXhpbi5saW5rIn0.E5kDohDeKJMdQy2ZDGoMz-qktLscBYHkDjkpAM9hEqY
      ┣ 
      ┣ UserId (integer64)：             1300000000101
      ┣ TenantId (integer64)：           1300000000001
      ┣ Account (string)：               superadmin
      ┣ RealName (string)：              超级管理员
      ┣ AccountType (integer32)：        999
      ┣ OrgId (integer32)：              0
      ┣ OrgName (JSON_NULL)：            
      ┣ OrgType (JSON_NULL)：            
      ┣ iat (integer64)：                1719488845 (2024-06-27 19:47:25:0000(+08:00) 星期四 L)
      ┣ nbf (integer64)：                1719488845 (2024-06-27 19:47:25:0000(+08:00) 星期四 L)
      ┣ exp (integer64)：                1720093645 (2024-07-04 19:47:25:0000(+08:00) 星期四 L)
      ┣ iss (string)：                   guxin.link
      ┣ aud (string)：                   guxin.link
      ┣ ━━━━━━━━━━━━━━━  请求头信息 ━━━━━━━━━━━━━━━
      ┣ 
      ┣ Accept：                         application/json, text/plain, */*
      ┣ Connection：                     keep-alive
      ┣ Host：                           localhost:5005
      ┣ User-Agent：                     Mozilla/5.0 (Windows NT 10.0; Win64; x64) AppleWebKit/537.36 (KHTML, like Gecko) Chrome/126.0.0.0 Safari/537.36
      ┣ Accept-Encoding：                gzip, deflate, br, zstd
      ┣ Accept-Language：                zh-cn
      ┣ Authorization：                  Bearer eyJhbGciOiJIUzI1NiIsInR5cCI6IkpXVCJ9.eyJVc2VySWQiOjEzMDAwMDAwMDAxMDEsIlRlbmFudElkIjoxMzAwMDAwMDAwMDAxLCJBY2NvdW50Ijoic3VwZXJhZG1pbiIsIlJlYWxOYW1lIjoi6LaF57qn566h55CG5ZGYIiwiQWNjb3VudFR5cGUiOjk5OSwiT3JnSWQiOjAsIk9yZ05hbWUiOm51bGwsIk9yZ1R5cGUiOm51bGwsImlhdCI6MTcxOTQ4ODg0NSwibmJmIjoxNzE5NDg4ODQ1LCJleHAiOjE3MjAwOTM2NDUsImlzcyI6Imd1eGluLmxpbmsiLCJhdWQiOiJndXhpbi5saW5rIn0.E5kDohDeKJMdQy2ZDGoMz-qktLscBYHkDjkpAM9hEqY
      ┣ Cache-Control：                  no-cache
      ┣ Origin：                         http://localhost:8888
      ┣ Pragma：                         no-cache
      ┣ Referer：                        http://localhost:8888/
      ┣ sec-ch-ua：                      "Not/A)Brand";v="8", "Chromium";v="126", "Google Chrome";v="126"
      ┣ DNT：                            1
      ┣ sec-ch-ua-mobile：               ?0
      ┣ sec-ch-ua-platform：             "Windows"
      ┣ Sec-Fetch-Site：                 same-site
      ┣ Sec-Fetch-Mode：                 cors
      ┣ Sec-Fetch-Dest：                 empty
      ┣ ━━━━━━━━━━━━━━━  返回信息 ━━━━━━━━━━━━━━━
      ┣ HTTP响应状态码：                 200
      ┣ 原始类型：                       System.Threading.Tasks.Task<System.Collections.Generic.List<Admin.NET.Core.Service.MenuOutput>>
      ┣ 最终类型：                       Admin.NET.Core.AdminResult<System.Object>
      ┣ 最终返回值：                     {"code":200,"type":"success","message":"","result":[{"id":"1300000000101","pid":"0","type":1,"name":"dashboard","path":"/dashboard","component":"Layout","permission":null,"redirect":null,"orderNo":0,"status":1,"remark":null,"createTime":"2023-12-24T03:04:14","updateTime":"2024-03-18T12:41:14","createUserName":null,"updateUserName":null,"meta":{"title":"工作台","icon":"ele-HomeFilled","isIframe":false,"isLink":null,"isHide":false,"isKeepAlive":true,"isAffix":false},"children":[{"id":"1300000000111",
      ┗━━━━━━━━━━━  Logging Monitor ━━━━━━━━━━━
info: 2024-06-27 19:47:27.7907920 +08:00 星期四 L System.Logging.LoggingMonitor[0] #49 '00-71e768de99ee1324ca0a4c91cfa9e8bd-284e1d60a1fa0819-00'
      [System.Private.CoreLib.dll] void System.Runtime.CompilerServices.AsyncTaskMethodBuilder<TResult>+AsyncStateMachineBox<TStateMachine>.MoveNext(Thread threadPoolThread)
      ┏━━━━━━━━━━━  Logging Monitor ━━━━━━━━━━━
      ┣ Admin.NET.Core.Service.SysNoticeService.GetPageReceived
      ┣ 
      ┣ 控制器名称：                     SysNoticeService
      ┣ 操作名称：                       GetPageReceived
      ┣ 显示名称：                       获取接收的通知公告
      ┣ 路由信息：                       [area]: ; [controller]: sysNotice; [action]: pageReceived
      ┣ 请求方式：                       GET
      ┣ 请求地址：                       http://localhost:5005/api/sysNotice/pageReceived?Page=1&PageSize=20
      ┣ 来源地址：                       http://localhost:8888/
      ┣ 请求端源：                       client
      ┣ 浏览器标识：                     Mozilla/5.0 (Windows NT 10.0; Win64; x64) AppleWebKit/537.36 (KHTML, like Gecko) Chrome/126.0.0.0 Safari/537.36
      ┣ 客户端区域语言：                 zh-cn
      ┣ 客户端 IP 地址：                 127.0.0.1
      ┣ 服务端 IP 地址：                 127.0.0.1
      ┣ 客户端连接 ID：                  00-71e768de99ee1324ca0a4c91cfa9e8bd-284e1d60a1fa0819-00
      ┣ 服务线程 ID：                    #49
      ┣ 执行耗时：                       106ms
      ┣ ━━━━━━━━━━━━━━━  Cookies ━━━━━━━━━━━━━━━
      ┣ 请求端：                         
      ┣ 响应端：                         
      ┣ ━━━━━━━━━━━━━━━  系统信息 ━━━━━━━━━━━━━━━
      ┣ 系统名称：                       Microsoft Windows 10.0.19045
      ┣ 系统架构：                       X64
      ┣ 基础框架：                       Furion.Pure v1.0.0.0
      ┣ .NET 架构：                      .NET 8.0.0
      ┣ ━━━━━━━━━━━━━━━  启动信息 ━━━━━━━━━━━━━━━
      ┣ 运行环境：                       Development
      ┣ 启动程序集：                     Admin.NET.Web.Entry
      ┣ 进程名称：                       Admin.NET.Web.Entry
      ┣ 托管程序：                       Kestrel
      ┣ ━━━━━━━━━━━━━━━  授权信息 ━━━━━━━━━━━━━━━
      ┣ JWT Token：                      Bearer eyJhbGciOiJIUzI1NiIsInR5cCI6IkpXVCJ9.eyJVc2VySWQiOjEzMDAwMDAwMDAxMDEsIlRlbmFudElkIjoxMzAwMDAwMDAwMDAxLCJBY2NvdW50Ijoic3VwZXJhZG1pbiIsIlJlYWxOYW1lIjoi6LaF57qn566h55CG5ZGYIiwiQWNjb3VudFR5cGUiOjk5OSwiT3JnSWQiOjAsIk9yZ05hbWUiOm51bGwsIk9yZ1R5cGUiOm51bGwsImlhdCI6MTcxOTQ4ODg0NSwibmJmIjoxNzE5NDg4ODQ1LCJleHAiOjE3MjAwOTM2NDUsImlzcyI6Imd1eGluLmxpbmsiLCJhdWQiOiJndXhpbi5saW5rIn0.E5kDohDeKJMdQy2ZDGoMz-qktLscBYHkDjkpAM9hEqY
      ┣ 
      ┣ UserId (integer64)：             1300000000101
      ┣ TenantId (integer64)：           1300000000001
      ┣ Account (string)：               superadmin
      ┣ RealName (string)：              超级管理员
      ┣ AccountType (integer32)：        999
      ┣ OrgId (integer32)：              0
      ┣ OrgName (JSON_NULL)：            
      ┣ OrgType (JSON_NULL)：            
      ┣ iat (integer64)：                1719488845 (2024-06-27 19:47:25:0000(+08:00) 星期四 L)
      ┣ nbf (integer64)：                1719488845 (2024-06-27 19:47:25:0000(+08:00) 星期四 L)
      ┣ exp (integer64)：                1720093645 (2024-07-04 19:47:25:0000(+08:00) 星期四 L)
      ┣ iss (string)：                   guxin.link
      ┣ aud (string)：                   guxin.link
      ┣ ━━━━━━━━━━━━━━━  请求头信息 ━━━━━━━━━━━━━━━
      ┣ 
      ┣ Accept：                         application/json, text/plain, */*
      ┣ Connection：                     keep-alive
      ┣ Host：                           localhost:5005
      ┣ User-Agent：                     Mozilla/5.0 (Windows NT 10.0; Win64; x64) AppleWebKit/537.36 (KHTML, like Gecko) Chrome/126.0.0.0 Safari/537.36
      ┣ Accept-Encoding：                gzip, deflate, br, zstd
      ┣ Accept-Language：                zh-cn
      ┣ Authorization：                  Bearer eyJhbGciOiJIUzI1NiIsInR5cCI6IkpXVCJ9.eyJVc2VySWQiOjEzMDAwMDAwMDAxMDEsIlRlbmFudElkIjoxMzAwMDAwMDAwMDAxLCJBY2NvdW50Ijoic3VwZXJhZG1pbiIsIlJlYWxOYW1lIjoi6LaF57qn566h55CG5ZGYIiwiQWNjb3VudFR5cGUiOjk5OSwiT3JnSWQiOjAsIk9yZ05hbWUiOm51bGwsIk9yZ1R5cGUiOm51bGwsImlhdCI6MTcxOTQ4ODg0NSwibmJmIjoxNzE5NDg4ODQ1LCJleHAiOjE3MjAwOTM2NDUsImlzcyI6Imd1eGluLmxpbmsiLCJhdWQiOiJndXhpbi5saW5rIn0.E5kDohDeKJMdQy2ZDGoMz-qktLscBYHkDjkpAM9hEqY
      ┣ Cache-Control：                  no-cache
      ┣ Origin：                         http://localhost:8888
      ┣ Pragma：                         no-cache
      ┣ Referer：                        http://localhost:8888/
      ┣ sec-ch-ua：                      "Not/A)Brand";v="8", "Chromium";v="126", "Google Chrome";v="126"
      ┣ DNT：                            1
      ┣ sec-ch-ua-mobile：               ?0
      ┣ sec-ch-ua-platform：             "Windows"
      ┣ Sec-Fetch-Site：                 same-site
      ┣ Sec-Fetch-Mode：                 cors
      ┣ Sec-Fetch-Dest：                 empty
      ┣ ━━━━━━━━━━━━━━━  参数列表 ━━━━━━━━━━━━━━━
      ┣ Content-Type：                   
      ┣ 
      ┣ input (PageNoticeInput)：        {"title":null,"type":null,"page":1,"pageSize":20,"field":null,"order":null,"descStr":"descending"}
      ┣ ━━━━━━━━━━━━━━━  返回信息 ━━━━━━━━━━━━━━━
      ┣ HTTP响应状态码：                 200
      ┣ 原始类型：                       System.Threading.Tasks.Task<Admin.NET.Core.SqlSugarPagedList<Admin.NET.Core.SysNoticeUser>>
      ┣ 最终类型：                       Admin.NET.Core.AdminResult<System.Object>
      ┣ 最终返回值：                     {"code":200,"type":"success","message":"","result":{"page":1,"pageSize":20,"total":0,"totalPages":0,"items":[],"hasPrevPage":false,"hasNextPage":false},"extras":null,"time":"2024-06-27T19:47:27.7530646+08:00"}
      ┗━━━━━━━━━━━  Logging Monitor ━━━━━━━━━━━
info: 2024-06-27 19:47:27.9293495 +08:00 星期四 L System.Logging.LoggingMonitor[0] #44 '00-7e6d802807c7112c376adab0fa2c460f-64b43afc37693a81-00'
      [System.Private.CoreLib.dll] void System.Runtime.CompilerServices.AsyncTaskMethodBuilder<TResult>+AsyncStateMachineBox<TStateMachine>.MoveNext(Thread threadPoolThread)
      ┏━━━━━━━━━━━  Logging Monitor ━━━━━━━━━━━
      ┣ Admin.NET.Core.Service.SysNoticeService.GetUnReadList
      ┣ 
      ┣ 控制器名称：                     SysNoticeService
      ┣ 操作名称：                       GetUnReadList
      ┣ 显示名称：                       获取未读的通知公告
      ┣ 路由信息：                       [area]: ; [controller]: sysNotice; [action]: unReadList
      ┣ 请求方式：                       GET
      ┣ 请求地址：                       http://localhost:5005/api/sysNotice/unReadList
      ┣ 来源地址：                       http://localhost:8888/
      ┣ 请求端源：                       client
      ┣ 浏览器标识：                     Mozilla/5.0 (Windows NT 10.0; Win64; x64) AppleWebKit/537.36 (KHTML, like Gecko) Chrome/126.0.0.0 Safari/537.36
      ┣ 客户端区域语言：                 zh-cn
      ┣ 客户端 IP 地址：                 127.0.0.1
      ┣ 服务端 IP 地址：                 127.0.0.1
      ┣ 客户端连接 ID：                  00-7e6d802807c7112c376adab0fa2c460f-64b43afc37693a81-00
      ┣ 服务线程 ID：                    #47
      ┣ 执行耗时：                       61ms
      ┣ ━━━━━━━━━━━━━━━  Cookies ━━━━━━━━━━━━━━━
      ┣ 请求端：                         
      ┣ 响应端：                         
      ┣ ━━━━━━━━━━━━━━━  系统信息 ━━━━━━━━━━━━━━━
      ┣ 系统名称：                       Microsoft Windows 10.0.19045
      ┣ 系统架构：                       X64
      ┣ 基础框架：                       Furion.Pure v1.0.0.0
      ┣ .NET 架构：                      .NET 8.0.0
      ┣ ━━━━━━━━━━━━━━━  启动信息 ━━━━━━━━━━━━━━━
      ┣ 运行环境：                       Development
      ┣ 启动程序集：                     Admin.NET.Web.Entry
      ┣ 进程名称：                       Admin.NET.Web.Entry
      ┣ 托管程序：                       Kestrel
      ┣ ━━━━━━━━━━━━━━━  授权信息 ━━━━━━━━━━━━━━━
      ┣ JWT Token：                      Bearer eyJhbGciOiJIUzI1NiIsInR5cCI6IkpXVCJ9.eyJVc2VySWQiOjEzMDAwMDAwMDAxMDEsIlRlbmFudElkIjoxMzAwMDAwMDAwMDAxLCJBY2NvdW50Ijoic3VwZXJhZG1pbiIsIlJlYWxOYW1lIjoi6LaF57qn566h55CG5ZGYIiwiQWNjb3VudFR5cGUiOjk5OSwiT3JnSWQiOjAsIk9yZ05hbWUiOm51bGwsIk9yZ1R5cGUiOm51bGwsImlhdCI6MTcxOTQ4ODg0NSwibmJmIjoxNzE5NDg4ODQ1LCJleHAiOjE3MjAwOTM2NDUsImlzcyI6Imd1eGluLmxpbmsiLCJhdWQiOiJndXhpbi5saW5rIn0.E5kDohDeKJMdQy2ZDGoMz-qktLscBYHkDjkpAM9hEqY
      ┣ 
      ┣ UserId (integer64)：             1300000000101
      ┣ TenantId (integer64)：           1300000000001
      ┣ Account (string)：               superadmin
      ┣ RealName (string)：              超级管理员
      ┣ AccountType (integer32)：        999
      ┣ OrgId (integer32)：              0
      ┣ OrgName (JSON_NULL)：            
      ┣ OrgType (JSON_NULL)：            
      ┣ iat (integer64)：                1719488845 (2024-06-27 19:47:25:0000(+08:00) 星期四 L)
      ┣ nbf (integer64)：                1719488845 (2024-06-27 19:47:25:0000(+08:00) 星期四 L)
      ┣ exp (integer64)：                1720093645 (2024-07-04 19:47:25:0000(+08:00) 星期四 L)
      ┣ iss (string)：                   guxin.link
      ┣ aud (string)：                   guxin.link
      ┣ ━━━━━━━━━━━━━━━  请求头信息 ━━━━━━━━━━━━━━━
      ┣ 
      ┣ Accept：                         application/json, text/plain, */*
      ┣ Connection：                     keep-alive
      ┣ Host：                           localhost:5005
      ┣ User-Agent：                     Mozilla/5.0 (Windows NT 10.0; Win64; x64) AppleWebKit/537.36 (KHTML, like Gecko) Chrome/126.0.0.0 Safari/537.36
      ┣ Accept-Encoding：                gzip, deflate, br, zstd
      ┣ Accept-Language：                zh-cn
      ┣ Authorization：                  Bearer eyJhbGciOiJIUzI1NiIsInR5cCI6IkpXVCJ9.eyJVc2VySWQiOjEzMDAwMDAwMDAxMDEsIlRlbmFudElkIjoxMzAwMDAwMDAwMDAxLCJBY2NvdW50Ijoic3VwZXJhZG1pbiIsIlJlYWxOYW1lIjoi6LaF57qn566h55CG5ZGYIiwiQWNjb3VudFR5cGUiOjk5OSwiT3JnSWQiOjAsIk9yZ05hbWUiOm51bGwsIk9yZ1R5cGUiOm51bGwsImlhdCI6MTcxOTQ4ODg0NSwibmJmIjoxNzE5NDg4ODQ1LCJleHAiOjE3MjAwOTM2NDUsImlzcyI6Imd1eGluLmxpbmsiLCJhdWQiOiJndXhpbi5saW5rIn0.E5kDohDeKJMdQy2ZDGoMz-qktLscBYHkDjkpAM9hEqY
      ┣ Cache-Control：                  no-cache
      ┣ Origin：                         http://localhost:8888
      ┣ Pragma：                         no-cache
      ┣ Referer：                        http://localhost:8888/
      ┣ sec-ch-ua：                      "Not/A)Brand";v="8", "Chromium";v="126", "Google Chrome";v="126"
      ┣ DNT：                            1
      ┣ sec-ch-ua-mobile：               ?0
      ┣ sec-ch-ua-platform：             "Windows"
      ┣ Sec-Fetch-Site：                 same-site
      ┣ Sec-Fetch-Mode：                 cors
      ┣ Sec-Fetch-Dest：                 empty
      ┣ ━━━━━━━━━━━━━━━  返回信息 ━━━━━━━━━━━━━━━
      ┣ HTTP响应状态码：                 200
      ┣ 原始类型：                       System.Threading.Tasks.Task<System.Collections.Generic.List<Admin.NET.Core.SysNotice>>
      ┣ 最终类型：                       Admin.NET.Core.AdminResult<System.Object>
      ┣ 最终返回值：                     {"code":200,"type":"success","message":"","result":[],"extras":null,"time":"2024-06-27T19:47:27.868861+08:00"}
      ┗━━━━━━━━━━━  Logging Monitor ━━━━━━━━━━━
