fail: 2024-11-06 22:54:25.3912335 +08:00 星期三 L System.Logging.ScheduleService[0] #19
      [Furion.Pure.dll] void Furion.Schedule.ScheduleLogger.Log(LogLevel logLevel, string message, object[] args, Exception ex)
      Persistence of <trigger_realtime> trigger of <job_realtime> job failed.      
      ++++++++++++++++++++++++++++++++++++++++++++++++++++++++
      System.AggregateException: One or more errors occurred. (A task was canceled.)
       ---> System.Threading.Tasks.TaskCanceledException: A task was canceled.
         at System.Threading.Tasks.Task.GetExceptions(Boolean includeTaskCanceledExceptions)
         at System.Threading.Tasks.Task.ThrowIfExceptional(Boolean includeTaskCanceledExceptions)
         at NewLife.Caching.RedisClient.Execute[TResult](String cmd, Object[] args)
         at NewLife.Caching.FullRedis.Execute[TResult](Func`2 func, IRedisNode node)
         at NewLife.Caching.FullRedis.<>c__DisplayClass54_0.<<Search>g__Scan|1>d.MoveNext()
         at System.Linq.Enumerable.SelectEnumerableIterator`2.ToList()
         at Admin.NET.Core.Service.SysCacheService.GetKeysByPrefixKey(String prefixKey) in D:\work\chenyanyi\server\Admin.NET.Core\Service\Cache\SysCacheService.cs:line 126
         at Admin.NET.Core.SqlSugarCache.GetAllKey[V]() in D:\work\chenyanyi\server\Admin.NET.Core\Cache\SqlSugarCache.cs:line 44
         at SqlSugar.CacheSchemeMain.RemoveCache(ICacheService cacheService, String tableName)
         at SqlSugar.UpdateableProvider`1.<RemoveDataCache>b__144_0()
         at SqlSugar.UpdateableProvider`1.After(String sql)
         at SqlSugar.UpdateableProvider`1.ExecuteCommand()
         at Admin.NET.Core.Service.DbJobPersistence.OnTriggerChanged(PersistenceTriggerContext context) in D:\work\chenyanyi\server\Admin.NET.Core\Service\Job\DbJobPersistence.cs:line 177
         at Furion.Schedule.SchedulerFactory.ProcessQueue() in D:\work\chenyanyi\server\Plugins\Furion.Pure\Schedule\Factories\SchedulerFactory.Internal.cs:line 445
         at Furion.Schedule.SchedulerFactory.<>c.<.ctor>b__81_0(Object state) in D:\work\chenyanyi\server\Plugins\Furion.Pure\Schedule\Factories\SchedulerFactory.Internal.cs:line 114
         at System.Threading.ExecutionContext.RunInternal(ExecutionContext executionContext, ContextCallback callback, Object state)
         at System.Threading.Tasks.Task.ExecuteWithThreadLocal(Task& currentTaskSlot, Thread threadPoolThread)
      --- End of stack trace from previous location ---
      
         --- End of inner exception stack trace ---
         at System.Threading.Tasks.Task.ThrowIfExceptional(Boolean includeTaskCanceledExceptions)
         at NewLife.Caching.RedisClient.Execute[TResult](String cmd, Object[] args)
         at NewLife.Caching.FullRedis.Execute[TResult](Func`2 func, IRedisNode node)
         at NewLife.Caching.FullRedis.<>c__DisplayClass54_0.<<Search>g__Scan|1>d.MoveNext()
         at System.Linq.Enumerable.SelectEnumerableIterator`2.ToList()
         at Admin.NET.Core.Service.SysCacheService.GetKeysByPrefixKey(String prefixKey) in D:\work\chenyanyi\server\Admin.NET.Core\Service\Cache\SysCacheService.cs:line 126
         at Admin.NET.Core.SqlSugarCache.GetAllKey[V]() in D:\work\chenyanyi\server\Admin.NET.Core\Cache\SqlSugarCache.cs:line 44
         at SqlSugar.CacheSchemeMain.RemoveCache(ICacheService cacheService, String tableName)
         at SqlSugar.UpdateableProvider`1.<RemoveDataCache>b__144_0()
         at SqlSugar.UpdateableProvider`1.After(String sql)
         at SqlSugar.UpdateableProvider`1.ExecuteCommand()
         at Admin.NET.Core.Service.DbJobPersistence.OnTriggerChanged(PersistenceTriggerContext context) in D:\work\chenyanyi\server\Admin.NET.Core\Service\Job\DbJobPersistence.cs:line 177
         at Furion.Schedule.SchedulerFactory.ProcessQueue() in D:\work\chenyanyi\server\Plugins\Furion.Pure\Schedule\Factories\SchedulerFactory.Internal.cs:line 445
      ++++++++++++++++++++++++++++++++++++++++++++++++++++++++
