warn: 2024-11-01 23:23:41.3104334 +08:00 星期五 L System.Logging.ScheduleService[0] #1
      [Furion.Pure.dll] void Furion.Schedule.ScheduleLogger.Log(LogLevel logLevel, string message, object[] args, Exception ex)
      Schedule hosted service preload completed, and a total of <4> schedulers are appended.
warn: 2024-11-01 23:23:46.2936222 +08:00 星期五 L System.Logging.ScheduleService[0] #21
      [Furion.Pure.dll] void Furion.Schedule.ScheduleLogger.Log(LogLevel logLevel, string message, object[] args, Exception ex)
      11/01/2024 23:23:46: The <trigger_realtime> trigger of job <job_realtime> failed to execute as scheduled due to blocking.
warn: 2024-11-01 23:23:51.2841067 +08:00 星期五 L System.Logging.ScheduleService[0] #13
      [Furion.Pure.dll] void Furion.Schedule.ScheduleLogger.Log(LogLevel logLevel, string message, object[] args, Exception ex)
      11/01/2024 23:23:51: The <trigger_realtime> trigger of job <job_realtime> failed to execute as scheduled due to blocking.
warn: 2024-11-01 23:23:56.2694972 +08:00 星期五 L System.Logging.ScheduleService[0] #7
      [Furion.Pure.dll] void Furion.Schedule.ScheduleLogger.Log(LogLevel logLevel, string message, object[] args, Exception ex)
      11/01/2024 23:23:56: The <trigger_realtime> trigger of job <job_realtime> failed to execute as scheduled due to blocking.
warn: 2024-11-01 23:24:01.2461191 +08:00 星期五 L System.Logging.ScheduleService[0] #23
      [Furion.Pure.dll] void Furion.Schedule.ScheduleLogger.Log(LogLevel logLevel, string message, object[] args, Exception ex)
      11/01/2024 23:24:01: The <trigger_realtime> trigger of job <job_realtime> failed to execute as scheduled due to blocking.
warn: 2024-11-01 23:24:06.2255342 +08:00 星期五 L System.Logging.ScheduleService[0] #23
      [Furion.Pure.dll] void Furion.Schedule.ScheduleLogger.Log(LogLevel logLevel, string message, object[] args, Exception ex)
      11/01/2024 23:24:06: The <trigger_realtime> trigger of job <job_realtime> failed to execute as scheduled due to blocking.
warn: 2024-11-01 23:24:11.2007805 +08:00 星期五 L System.Logging.ScheduleService[0] #7
      [Furion.Pure.dll] void Furion.Schedule.ScheduleLogger.Log(LogLevel logLevel, string message, object[] args, Exception ex)
      11/01/2024 23:24:11: The <trigger_realtime> trigger of job <job_realtime> failed to execute as scheduled due to blocking.
warn: 2024-11-01 23:24:16.1838199 +08:00 星期五 L System.Logging.ScheduleService[0] #13
      [Furion.Pure.dll] void Furion.Schedule.ScheduleLogger.Log(LogLevel logLevel, string message, object[] args, Exception ex)
      11/01/2024 23:24:16: The <trigger_realtime> trigger of job <job_realtime> failed to execute as scheduled due to blocking.
warn: 2024-11-01 23:24:21.1620195 +08:00 星期五 L System.Logging.ScheduleService[0] #21
      [Furion.Pure.dll] void Furion.Schedule.ScheduleLogger.Log(LogLevel logLevel, string message, object[] args, Exception ex)
      11/01/2024 23:24:21: The <trigger_realtime> trigger of job <job_realtime> failed to execute as scheduled due to blocking.
warn: 2024-11-01 23:24:26.1441401 +08:00 星期五 L System.Logging.ScheduleService[0] #13
      [Furion.Pure.dll] void Furion.Schedule.ScheduleLogger.Log(LogLevel logLevel, string message, object[] args, Exception ex)
      11/01/2024 23:24:26: The <trigger_realtime> trigger of job <job_realtime> failed to execute as scheduled due to blocking.
warn: 2024-11-01 23:24:31.1208943 +08:00 星期五 L System.Logging.ScheduleService[0] #21
      [Furion.Pure.dll] void Furion.Schedule.ScheduleLogger.Log(LogLevel logLevel, string message, object[] args, Exception ex)
      11/01/2024 23:24:31: The <trigger_realtime> trigger of job <job_realtime> failed to execute as scheduled due to blocking.
warn: 2024-11-01 23:24:36.1050011 +08:00 星期五 L System.Logging.ScheduleService[0] #21
      [Furion.Pure.dll] void Furion.Schedule.ScheduleLogger.Log(LogLevel logLevel, string message, object[] args, Exception ex)
      11/01/2024 23:24:36: The <trigger_realtime> trigger of job <job_realtime> failed to execute as scheduled due to blocking.
warn: 2024-11-01 23:24:41.0868102 +08:00 星期五 L System.Logging.ScheduleService[0] #21
      [Furion.Pure.dll] void Furion.Schedule.ScheduleLogger.Log(LogLevel logLevel, string message, object[] args, Exception ex)
      11/01/2024 23:24:41: The <trigger_realtime> trigger of job <job_realtime> failed to execute as scheduled due to blocking.
warn: 2024-11-01 23:24:46.0665216 +08:00 星期五 L System.Logging.ScheduleService[0] #23
      [Furion.Pure.dll] void Furion.Schedule.ScheduleLogger.LogWarning(string message, params object[] args)
      11/01/2024 23:24:46: The <trigger_realtime> trigger of job <job_realtime> failed to execute as scheduled due to blocking.
warn: 2024-11-01 23:24:51.0552751 +08:00 星期五 L System.Logging.ScheduleService[0] #22
      [Furion.Pure.dll] void Furion.Schedule.ScheduleLogger.LogWarning(string message, params object[] args)
      11/01/2024 23:24:51: The <trigger_realtime> trigger of job <job_realtime> failed to execute as scheduled due to blocking.
warn: 2024-11-01 23:24:56.0402660 +08:00 星期五 L System.Logging.ScheduleService[0] #23
      [Furion.Pure.dll] void Furion.Schedule.ScheduleLogger.LogWarning(string message, params object[] args)
      11/01/2024 23:24:56: The <trigger_realtime> trigger of job <job_realtime> failed to execute as scheduled due to blocking.
warn: 2024-11-01 23:25:01.0278447 +08:00 星期五 L System.Logging.ScheduleService[0] #13
      [Furion.Pure.dll] void Furion.Schedule.ScheduleLogger.LogWarning(string message, params object[] args)
      11/01/2024 23:25:01: The <trigger_realtime> trigger of job <job_realtime> failed to execute as scheduled due to blocking.
warn: 2024-11-01 23:25:06.0441142 +08:00 星期五 L System.Logging.ScheduleService[0] #13
      [Furion.Pure.dll] void Furion.Schedule.ScheduleLogger.LogWarning(string message, params object[] args)
      11/01/2024 23:25:06: The <trigger_realtime> trigger of job <job_realtime> failed to execute as scheduled due to blocking.
warn: 2024-11-01 23:25:11.0245772 +08:00 星期五 L System.Logging.ScheduleService[0] #23
      [Furion.Pure.dll] void Furion.Schedule.ScheduleLogger.LogWarning(string message, params object[] args)
      11/01/2024 23:25:11: The <trigger_realtime> trigger of job <job_realtime> failed to execute as scheduled due to blocking.
warn: 2024-11-01 23:25:16.0377897 +08:00 星期五 L System.Logging.ScheduleService[0] #13
      [Furion.Pure.dll] void Furion.Schedule.ScheduleLogger.LogWarning(string message, params object[] args)
      11/01/2024 23:25:16: The <trigger_realtime> trigger of job <job_realtime> failed to execute as scheduled due to blocking.
warn: 2024-11-01 23:25:21.0165713 +08:00 星期五 L System.Logging.ScheduleService[0] #13
      [Furion.Pure.dll] void Furion.Schedule.ScheduleLogger.LogWarning(string message, params object[] args)
      11/01/2024 23:25:21: The <trigger_realtime> trigger of job <job_realtime> failed to execute as scheduled due to blocking.
warn: 2024-11-01 23:25:26.0323553 +08:00 星期五 L System.Logging.ScheduleService[0] #13
      [Furion.Pure.dll] void Furion.Schedule.ScheduleLogger.LogWarning(string message, params object[] args)
      11/01/2024 23:25:26: The <trigger_realtime> trigger of job <job_realtime> failed to execute as scheduled due to blocking.
warn: 2024-11-01 23:25:31.0180232 +08:00 星期五 L System.Logging.ScheduleService[0] #13
      [Furion.Pure.dll] void Furion.Schedule.ScheduleLogger.LogWarning(string message, params object[] args)
      11/01/2024 23:25:31: The <trigger_realtime> trigger of job <job_realtime> failed to execute as scheduled due to blocking.
warn: 2024-11-01 23:25:36.0381666 +08:00 星期五 L System.Logging.ScheduleService[0] #21
      [Furion.Pure.dll] void Furion.Schedule.ScheduleLogger.LogWarning(string message, params object[] args)
      11/01/2024 23:25:36: The <trigger_realtime> trigger of job <job_realtime> failed to execute as scheduled due to blocking.
warn: 2024-11-01 23:25:41.0197618 +08:00 星期五 L System.Logging.ScheduleService[0] #23
      [Furion.Pure.dll] void Furion.Schedule.ScheduleLogger.LogWarning(string message, params object[] args)
      11/01/2024 23:25:41: The <trigger_realtime> trigger of job <job_realtime> failed to execute as scheduled due to blocking.
warn: 2024-11-01 23:25:46.0279467 +08:00 星期五 L System.Logging.ScheduleService[0] #3
      [Furion.Pure.dll] void Furion.Schedule.ScheduleLogger.LogWarning(string message, params object[] args)
      11/01/2024 23:25:46: The <trigger_realtime> trigger of job <job_realtime> failed to execute as scheduled due to blocking.
warn: 2024-11-01 23:25:51.0415669 +08:00 星期五 L System.Logging.ScheduleService[0] #13
      [Furion.Pure.dll] void Furion.Schedule.ScheduleLogger.LogWarning(string message, params object[] args)
      11/01/2024 23:25:51: The <trigger_realtime> trigger of job <job_realtime> failed to execute as scheduled due to blocking.
warn: 2024-11-01 23:26:01.0369800 +08:00 星期五 L System.Logging.ScheduleService[0] #13
      [Furion.Pure.dll] void Furion.Schedule.ScheduleLogger.LogWarning(string message, params object[] args)
      11/01/2024 23:26:01: The <trigger_realtime> trigger of job <job_realtime> failed to execute as scheduled due to blocking.
warn: 2024-11-01 23:26:06.0194729 +08:00 星期五 L System.Logging.ScheduleService[0] #23
      [Furion.Pure.dll] void Furion.Schedule.ScheduleLogger.LogWarning(string message, params object[] args)
      11/01/2024 23:26:06: The <trigger_realtime> trigger of job <job_realtime> failed to execute as scheduled due to blocking.
warn: 2024-11-01 23:26:11.0332587 +08:00 星期五 L System.Logging.ScheduleService[0] #27
      [Furion.Pure.dll] void Furion.Schedule.ScheduleLogger.LogWarning(string message, params object[] args)
      11/01/2024 23:26:11: The <trigger_realtime> trigger of job <job_realtime> failed to execute as scheduled due to blocking.
warn: 2024-11-01 23:26:16.0143671 +08:00 星期五 L System.Logging.ScheduleService[0] #23
      [Furion.Pure.dll] void Furion.Schedule.ScheduleLogger.LogWarning(string message, params object[] args)
      11/01/2024 23:26:16: The <trigger_realtime> trigger of job <job_realtime> failed to execute as scheduled due to blocking.
warn: 2024-11-01 23:26:21.0328906 +08:00 星期五 L System.Logging.ScheduleService[0] #23
      [Furion.Pure.dll] void Furion.Schedule.ScheduleLogger.LogWarning(string message, params object[] args)
      11/01/2024 23:26:21: The <trigger_realtime> trigger of job <job_realtime> failed to execute as scheduled due to blocking.
warn: 2024-11-01 23:26:26.0162316 +08:00 星期五 L System.Logging.ScheduleService[0] #23
      [Furion.Pure.dll] void Furion.Schedule.ScheduleLogger.LogWarning(string message, params object[] args)
      11/01/2024 23:26:26: The <trigger_realtime> trigger of job <job_realtime> failed to execute as scheduled due to blocking.
warn: 2024-11-01 23:26:31.0302514 +08:00 星期五 L System.Logging.ScheduleService[0] #24
      [Furion.Pure.dll] void Furion.Schedule.ScheduleLogger.LogWarning(string message, params object[] args)
      11/01/2024 23:26:31: The <trigger_realtime> trigger of job <job_realtime> failed to execute as scheduled due to blocking.
warn: 2024-11-01 23:26:36.0427330 +08:00 星期五 L System.Logging.ScheduleService[0] #28
      [Furion.Pure.dll] void Furion.Schedule.ScheduleLogger.LogWarning(string message, params object[] args)
      11/01/2024 23:26:36: The <trigger_realtime> trigger of job <job_realtime> failed to execute as scheduled due to blocking.
warn: 2024-11-01 23:26:41.0214129 +08:00 星期五 L System.Logging.ScheduleService[0] #27
      [Furion.Pure.dll] void Furion.Schedule.ScheduleLogger.LogWarning(string message, params object[] args)
      11/01/2024 23:26:41: The <trigger_realtime> trigger of job <job_realtime> failed to execute as scheduled due to blocking.
warn: 2024-11-01 23:26:46.0249811 +08:00 星期五 L System.Logging.ScheduleService[0] #27
      [Furion.Pure.dll] void Furion.Schedule.ScheduleLogger.LogWarning(string message, params object[] args)
      11/01/2024 23:26:46: The <trigger_realtime> trigger of job <job_realtime> failed to execute as scheduled due to blocking.
warn: 2024-11-01 23:26:51.0411731 +08:00 星期五 L System.Logging.ScheduleService[0] #28
      [Furion.Pure.dll] void Furion.Schedule.ScheduleLogger.LogWarning(string message, params object[] args)
      11/01/2024 23:26:51: The <trigger_realtime> trigger of job <job_realtime> failed to execute as scheduled due to blocking.
warn: 2024-11-01 23:26:56.0146476 +08:00 星期五 L System.Logging.ScheduleService[0] #24
      [Furion.Pure.dll] void Furion.Schedule.ScheduleLogger.LogWarning(string message, params object[] args)
      11/01/2024 23:26:56: The <trigger_realtime> trigger of job <job_realtime> failed to execute as scheduled due to blocking.
warn: 2024-11-01 23:27:01.0201332 +08:00 星期五 L System.Logging.ScheduleService[0] #24
      [Furion.Pure.dll] void Furion.Schedule.ScheduleLogger.LogWarning(string message, params object[] args)
      11/01/2024 23:27:01: The <trigger_realtime> trigger of job <job_realtime> failed to execute as scheduled due to blocking.
warn: 2024-11-01 23:27:06.0309264 +08:00 星期五 L System.Logging.ScheduleService[0] #24
      [Furion.Pure.dll] void Furion.Schedule.ScheduleLogger.LogWarning(string message, params object[] args)
      11/01/2024 23:27:06: The <trigger_realtime> trigger of job <job_realtime> failed to execute as scheduled due to blocking.
warn: 2024-11-01 23:27:11.0458859 +08:00 星期五 L System.Logging.ScheduleService[0] #26
      [Furion.Pure.dll] void Furion.Schedule.ScheduleLogger.LogWarning(string message, params object[] args)
      11/01/2024 23:27:11: The <trigger_realtime> trigger of job <job_realtime> failed to execute as scheduled due to blocking.
warn: 2024-11-01 23:27:16.0179089 +08:00 星期五 L System.Logging.ScheduleService[0] #26
      [Furion.Pure.dll] void Furion.Schedule.ScheduleLogger.LogWarning(string message, params object[] args)
      11/01/2024 23:27:16: The <trigger_realtime> trigger of job <job_realtime> failed to execute as scheduled due to blocking.
warn: 2024-11-01 23:27:21.0305929 +08:00 星期五 L System.Logging.ScheduleService[0] #28
      [Furion.Pure.dll] void Furion.Schedule.ScheduleLogger.LogWarning(string message, params object[] args)
      11/01/2024 23:27:21: The <trigger_realtime> trigger of job <job_realtime> failed to execute as scheduled due to blocking.
warn: 2024-11-01 23:27:26.0408581 +08:00 星期五 L System.Logging.ScheduleService[0] #28
      [Furion.Pure.dll] void Furion.Schedule.ScheduleLogger.LogWarning(string message, params object[] args)
      11/01/2024 23:27:26: The <trigger_realtime> trigger of job <job_realtime> failed to execute as scheduled due to blocking.
warn: 2024-11-01 23:27:31.0275797 +08:00 星期五 L System.Logging.ScheduleService[0] #28
      [Furion.Pure.dll] void Furion.Schedule.ScheduleLogger.LogWarning(string message, params object[] args)
      11/01/2024 23:27:31: The <trigger_realtime> trigger of job <job_realtime> failed to execute as scheduled due to blocking.
warn: 2024-11-01 23:27:36.0473719 +08:00 星期五 L System.Logging.ScheduleService[0] #30
      [Furion.Pure.dll] void Furion.Schedule.ScheduleLogger.LogWarning(string message, params object[] args)
      11/01/2024 23:27:36: The <trigger_realtime> trigger of job <job_realtime> failed to execute as scheduled due to blocking.
warn: 2024-11-01 23:27:41.0206388 +08:00 星期五 L System.Logging.ScheduleService[0] #28
      [Furion.Pure.dll] void Furion.Schedule.ScheduleLogger.LogWarning(string message, params object[] args)
      11/01/2024 23:27:41: The <trigger_realtime> trigger of job <job_realtime> failed to execute as scheduled due to blocking.
warn: 2024-11-01 23:27:46.0385812 +08:00 星期五 L System.Logging.ScheduleService[0] #24
      [Furion.Pure.dll] void Furion.Schedule.ScheduleLogger.LogWarning(string message, params object[] args)
      11/01/2024 23:27:46: The <trigger_realtime> trigger of job <job_realtime> failed to execute as scheduled due to blocking.
warn: 2024-11-01 23:27:51.0209191 +08:00 星期五 L System.Logging.ScheduleService[0] #24
      [Furion.Pure.dll] void Furion.Schedule.ScheduleLogger.LogWarning(string message, params object[] args)
      11/01/2024 23:27:51: The <trigger_realtime> trigger of job <job_realtime> failed to execute as scheduled due to blocking.
warn: 2024-11-01 23:27:56.0358569 +08:00 星期五 L System.Logging.ScheduleService[0] #28
      [Furion.Pure.dll] void Furion.Schedule.ScheduleLogger.LogWarning(string message, params object[] args)
      11/01/2024 23:27:56: The <trigger_realtime> trigger of job <job_realtime> failed to execute as scheduled due to blocking.
warn: 2024-11-01 23:28:01.0193254 +08:00 星期五 L System.Logging.ScheduleService[0] #30
      [Furion.Pure.dll] void Furion.Schedule.ScheduleLogger.LogWarning(string message, params object[] args)
      11/01/2024 23:28:01: The <trigger_realtime> trigger of job <job_realtime> failed to execute as scheduled due to blocking.
warn: 2024-11-01 23:28:06.0347758 +08:00 星期五 L System.Logging.ScheduleService[0] #9
      [Furion.Pure.dll] void Furion.Schedule.ScheduleLogger.LogWarning(string message, params object[] args)
      11/01/2024 23:28:06: The <trigger_realtime> trigger of job <job_realtime> failed to execute as scheduled due to blocking.
warn: 2024-11-01 23:28:11.0202529 +08:00 星期五 L System.Logging.ScheduleService[0] #9
      [Furion.Pure.dll] void Furion.Schedule.ScheduleLogger.LogWarning(string message, params object[] args)
      11/01/2024 23:28:11: The <trigger_realtime> trigger of job <job_realtime> failed to execute as scheduled due to blocking.
warn: 2024-11-01 23:28:16.0243868 +08:00 星期五 L System.Logging.ScheduleService[0] #30
      [Furion.Pure.dll] void Furion.Schedule.ScheduleLogger.LogWarning(string message, params object[] args)
      11/01/2024 23:28:16: The <trigger_realtime> trigger of job <job_realtime> failed to execute as scheduled due to blocking.
warn: 2024-11-01 23:28:21.0398923 +08:00 星期五 L System.Logging.ScheduleService[0] #9
      [Furion.Pure.dll] void Furion.Schedule.ScheduleLogger.LogWarning(string message, params object[] args)
      11/01/2024 23:28:21: The <trigger_realtime> trigger of job <job_realtime> failed to execute as scheduled due to blocking.
warn: 2024-11-01 23:28:26.0134326 +08:00 星期五 L System.Logging.ScheduleService[0] #24
      [Furion.Pure.dll] void Furion.Schedule.ScheduleLogger.LogWarning(string message, params object[] args)
      11/01/2024 23:28:26: The <trigger_realtime> trigger of job <job_realtime> failed to execute as scheduled due to blocking.
warn: 2024-11-01 23:28:31.0306244 +08:00 星期五 L System.Logging.ScheduleService[0] #30
      [Furion.Pure.dll] void Furion.Schedule.ScheduleLogger.LogWarning(string message, params object[] args)
      11/01/2024 23:28:31: The <trigger_realtime> trigger of job <job_realtime> failed to execute as scheduled due to blocking.
warn: 2024-11-01 23:28:36.0498315 +08:00 星期五 L System.Logging.ScheduleService[0] #30
      [Furion.Pure.dll] void Furion.Schedule.ScheduleLogger.LogWarning(string message, params object[] args)
      11/01/2024 23:28:36: The <trigger_realtime> trigger of job <job_realtime> failed to execute as scheduled due to blocking.
warn: 2024-11-01 23:28:41.0361607 +08:00 星期五 L System.Logging.ScheduleService[0] #30
      [Furion.Pure.dll] void Furion.Schedule.ScheduleLogger.LogWarning(string message, params object[] args)
      11/01/2024 23:28:41: The <trigger_realtime> trigger of job <job_realtime> failed to execute as scheduled due to blocking.
warn: 2024-11-01 23:28:46.0072810 +08:00 星期五 L System.Logging.ScheduleService[0] #24
      [Furion.Pure.dll] void Furion.Schedule.ScheduleLogger.LogWarning(string message, params object[] args)
      11/01/2024 23:28:46: The <trigger_realtime> trigger of job <job_realtime> failed to execute as scheduled due to blocking.
warn: 2024-11-01 23:28:51.0146027 +08:00 星期五 L System.Logging.ScheduleService[0] #30
      [Furion.Pure.dll] void Furion.Schedule.ScheduleLogger.LogWarning(string message, params object[] args)
      11/01/2024 23:28:51: The <trigger_realtime> trigger of job <job_realtime> failed to execute as scheduled due to blocking.
warn: 2024-11-01 23:28:56.0330775 +08:00 星期五 L System.Logging.ScheduleService[0] #30
      [Furion.Pure.dll] void Furion.Schedule.ScheduleLogger.LogWarning(string message, params object[] args)
      11/01/2024 23:28:56: The <trigger_realtime> trigger of job <job_realtime> failed to execute as scheduled due to blocking.
warn: 2024-11-01 23:29:01.0123131 +08:00 星期五 L System.Logging.ScheduleService[0] #29
      [Furion.Pure.dll] void Furion.Schedule.ScheduleLogger.LogWarning(string message, params object[] args)
      11/01/2024 23:29:01: The <trigger_realtime> trigger of job <job_realtime> failed to execute as scheduled due to blocking.
warn: 2024-11-01 23:29:06.0147539 +08:00 星期五 L System.Logging.ScheduleService[0] #29
      [Furion.Pure.dll] void Furion.Schedule.ScheduleLogger.LogWarning(string message, params object[] args)
      11/01/2024 23:29:06: The <trigger_realtime> trigger of job <job_realtime> failed to execute as scheduled due to blocking.
warn: 2024-11-01 23:29:11.0243477 +08:00 星期五 L System.Logging.ScheduleService[0] #29
      [Furion.Pure.dll] void Furion.Schedule.ScheduleLogger.LogWarning(string message, params object[] args)
      11/01/2024 23:29:11: The <trigger_realtime> trigger of job <job_realtime> failed to execute as scheduled due to blocking.
warn: 2024-11-01 23:29:21.0323753 +08:00 星期五 L System.Logging.ScheduleService[0] #24
      [Furion.Pure.dll] void Furion.Schedule.ScheduleLogger.LogWarning(string message, params object[] args)
      11/01/2024 23:29:21: The <trigger_realtime> trigger of job <job_realtime> failed to execute as scheduled due to blocking.
warn: 2024-11-01 23:29:26.0173693 +08:00 星期五 L System.Logging.ScheduleService[0] #24
      [Furion.Pure.dll] void Furion.Schedule.ScheduleLogger.LogWarning(string message, params object[] args)
      11/01/2024 23:29:26: The <trigger_realtime> trigger of job <job_realtime> failed to execute as scheduled due to blocking.
warn: 2024-11-01 23:29:31.0258849 +08:00 星期五 L System.Logging.ScheduleService[0] #3
      [Furion.Pure.dll] void Furion.Schedule.ScheduleLogger.LogWarning(string message, params object[] args)
      11/01/2024 23:29:31: The <trigger_realtime> trigger of job <job_realtime> failed to execute as scheduled due to blocking.
warn: 2024-11-01 23:29:36.0288644 +08:00 星期五 L System.Logging.ScheduleService[0] #30
      [Furion.Pure.dll] void Furion.Schedule.ScheduleLogger.LogWarning(string message, params object[] args)
      11/01/2024 23:29:36: The <trigger_realtime> trigger of job <job_realtime> failed to execute as scheduled due to blocking.
warn: 2024-11-01 23:29:41.0340776 +08:00 星期五 L System.Logging.ScheduleService[0] #24
      [Furion.Pure.dll] void Furion.Schedule.ScheduleLogger.LogWarning(string message, params object[] args)
      11/01/2024 23:29:41: The <trigger_realtime> trigger of job <job_realtime> failed to execute as scheduled due to blocking.
warn: 2024-11-01 23:29:46.0172584 +08:00 星期五 L System.Logging.ScheduleService[0] #3
      [Furion.Pure.dll] void Furion.Schedule.ScheduleLogger.LogWarning(string message, params object[] args)
      11/01/2024 23:29:46: The <trigger_realtime> trigger of job <job_realtime> failed to execute as scheduled due to blocking.
warn: 2024-11-01 23:29:51.0196346 +08:00 星期五 L System.Logging.ScheduleService[0] #31
      [Furion.Pure.dll] void Furion.Schedule.ScheduleLogger.LogWarning(string message, params object[] args)
      11/01/2024 23:29:51: The <trigger_realtime> trigger of job <job_realtime> failed to execute as scheduled due to blocking.
warn: 2024-11-01 23:29:56.0233415 +08:00 星期五 L System.Logging.ScheduleService[0] #31
      [Furion.Pure.dll] void Furion.Schedule.ScheduleLogger.LogWarning(string message, params object[] args)
      11/01/2024 23:29:56: The <trigger_realtime> trigger of job <job_realtime> failed to execute as scheduled due to blocking.
warn: 2024-11-01 23:30:01.0305617 +08:00 星期五 L System.Logging.ScheduleService[0] #31
      [Furion.Pure.dll] void Furion.Schedule.ScheduleLogger.LogWarning(string message, params object[] args)
      11/01/2024 23:30:01: The <trigger_realtime> trigger of job <job_realtime> failed to execute as scheduled due to blocking.
warn: 2024-11-01 23:30:06.0390062 +08:00 星期五 L System.Logging.ScheduleService[0] #3
      [Furion.Pure.dll] void Furion.Schedule.ScheduleLogger.LogWarning(string message, params object[] args)
      11/01/2024 23:30:06: The <trigger_realtime> trigger of job <job_realtime> failed to execute as scheduled due to blocking.
warn: 2024-11-01 23:30:11.0136480 +08:00 星期五 L System.Logging.ScheduleService[0] #3
      [Furion.Pure.dll] void Furion.Schedule.ScheduleLogger.LogWarning(string message, params object[] args)
      11/01/2024 23:30:11: The <trigger_realtime> trigger of job <job_realtime> failed to execute as scheduled due to blocking.
warn: 2024-11-01 23:30:16.0152437 +08:00 星期五 L System.Logging.ScheduleService[0] #3
      [Furion.Pure.dll] void Furion.Schedule.ScheduleLogger.LogWarning(string message, params object[] args)
      11/01/2024 23:30:16: The <trigger_realtime> trigger of job <job_realtime> failed to execute as scheduled due to blocking.
warn: 2024-11-01 23:30:21.0205170 +08:00 星期五 L System.Logging.ScheduleService[0] #24
      [Furion.Pure.dll] void Furion.Schedule.ScheduleLogger.LogWarning(string message, params object[] args)
      11/01/2024 23:30:21: The <trigger_realtime> trigger of job <job_realtime> failed to execute as scheduled due to blocking.
warn: 2024-11-01 23:30:26.0301747 +08:00 星期五 L System.Logging.ScheduleService[0] #3
      [Furion.Pure.dll] void Furion.Schedule.ScheduleLogger.LogWarning(string message, params object[] args)
      11/01/2024 23:30:26: The <trigger_realtime> trigger of job <job_realtime> failed to execute as scheduled due to blocking.
warn: 2024-11-01 23:30:31.0313932 +08:00 星期五 L System.Logging.ScheduleService[0] #31
      [Furion.Pure.dll] void Furion.Schedule.ScheduleLogger.LogWarning(string message, params object[] args)
      11/01/2024 23:30:31: The <trigger_realtime> trigger of job <job_realtime> failed to execute as scheduled due to blocking.
warn: 2024-11-01 23:30:36.0045075 +08:00 星期五 L System.Logging.ScheduleService[0] #31
      [Furion.Pure.dll] void Furion.Schedule.ScheduleLogger.LogWarning(string message, params object[] args)
      11/01/2024 23:30:36: The <trigger_realtime> trigger of job <job_realtime> failed to execute as scheduled due to blocking.
warn: 2024-11-01 23:30:41.0117573 +08:00 星期五 L System.Logging.ScheduleService[0] #28
      [Furion.Pure.dll] void Furion.Schedule.ScheduleLogger.LogWarning(string message, params object[] args)
      11/01/2024 23:30:41: The <trigger_realtime> trigger of job <job_realtime> failed to execute as scheduled due to blocking.
warn: 2024-11-01 23:30:46.0244126 +08:00 星期五 L System.Logging.ScheduleService[0] #28
      [Furion.Pure.dll] void Furion.Schedule.ScheduleLogger.LogWarning(string message, params object[] args)
      11/01/2024 23:30:46: The <trigger_realtime> trigger of job <job_realtime> failed to execute as scheduled due to blocking.
warn: 2024-11-01 23:30:51.0386669 +08:00 星期五 L System.Logging.ScheduleService[0] #28
      [Furion.Pure.dll] void Furion.Schedule.ScheduleLogger.LogWarning(string message, params object[] args)
      11/01/2024 23:30:51: The <trigger_realtime> trigger of job <job_realtime> failed to execute as scheduled due to blocking.
warn: 2024-11-01 23:30:56.0232850 +08:00 星期五 L System.Logging.ScheduleService[0] #28
      [Furion.Pure.dll] void Furion.Schedule.ScheduleLogger.LogWarning(string message, params object[] args)
      11/01/2024 23:30:56: The <trigger_realtime> trigger of job <job_realtime> failed to execute as scheduled due to blocking.
warn: 2024-11-01 23:31:01.0355260 +08:00 星期五 L System.Logging.ScheduleService[0] #28
      [Furion.Pure.dll] void Furion.Schedule.ScheduleLogger.LogWarning(string message, params object[] args)
      11/01/2024 23:31:01: The <trigger_realtime> trigger of job <job_realtime> failed to execute as scheduled due to blocking.
warn: 2024-11-01 23:31:06.0139665 +08:00 星期五 L System.Logging.ScheduleService[0] #28
      [Furion.Pure.dll] void Furion.Schedule.ScheduleLogger.LogWarning(string message, params object[] args)
      11/01/2024 23:31:06: The <trigger_realtime> trigger of job <job_realtime> failed to execute as scheduled due to blocking.
warn: 2024-11-01 23:31:11.0291854 +08:00 星期五 L System.Logging.ScheduleService[0] #28
      [Furion.Pure.dll] void Furion.Schedule.ScheduleLogger.LogWarning(string message, params object[] args)
      11/01/2024 23:31:11: The <trigger_realtime> trigger of job <job_realtime> failed to execute as scheduled due to blocking.
warn: 2024-11-01 23:31:16.0455005 +08:00 星期五 L System.Logging.ScheduleService[0] #32
      [Furion.Pure.dll] void Furion.Schedule.ScheduleLogger.LogWarning(string message, params object[] args)
      11/01/2024 23:31:16: The <trigger_realtime> trigger of job <job_realtime> failed to execute as scheduled due to blocking.
warn: 2024-11-01 23:31:21.0176192 +08:00 星期五 L System.Logging.ScheduleService[0] #28
      [Furion.Pure.dll] void Furion.Schedule.ScheduleLogger.LogWarning(string message, params object[] args)
      11/01/2024 23:31:21: The <trigger_realtime> trigger of job <job_realtime> failed to execute as scheduled due to blocking.
warn: 2024-11-01 23:31:31.0047930 +08:00 星期五 L System.Logging.ScheduleService[0] #22
      [Furion.Pure.dll] void Furion.Schedule.ScheduleLogger.LogWarning(string message, params object[] args)
      11/01/2024 23:31:31: The <trigger_realtime> trigger of job <job_realtime> failed to execute as scheduled due to blocking.
warn: 2024-11-01 23:31:36.0078202 +08:00 星期五 L System.Logging.ScheduleService[0] #32
      [Furion.Pure.dll] void Furion.Schedule.ScheduleLogger.LogWarning(string message, params object[] args)
      11/01/2024 23:31:36: The <trigger_realtime> trigger of job <job_realtime> failed to execute as scheduled due to blocking.
warn: 2024-11-01 23:31:41.0156096 +08:00 星期五 L System.Logging.ScheduleService[0] #32
      [Furion.Pure.dll] void Furion.Schedule.ScheduleLogger.LogWarning(string message, params object[] args)
      11/01/2024 23:31:41: The <trigger_realtime> trigger of job <job_realtime> failed to execute as scheduled due to blocking.
warn: 2024-11-01 23:31:46.0313302 +08:00 星期五 L System.Logging.ScheduleService[0] #22
      [Furion.Pure.dll] void Furion.Schedule.ScheduleLogger.LogWarning(string message, params object[] args)
      11/01/2024 23:31:46: The <trigger_realtime> trigger of job <job_realtime> failed to execute as scheduled due to blocking.
warn: 2024-11-01 23:31:51.0068738 +08:00 星期五 L System.Logging.ScheduleService[0] #25
      [Furion.Pure.dll] void Furion.Schedule.ScheduleLogger.LogWarning(string message, params object[] args)
      11/01/2024 23:31:51: The <trigger_realtime> trigger of job <job_realtime> failed to execute as scheduled due to blocking.
warn: 2024-11-01 23:31:56.0154541 +08:00 星期五 L System.Logging.ScheduleService[0] #24
      [Furion.Pure.dll] void Furion.Schedule.ScheduleLogger.LogWarning(string message, params object[] args)
      11/01/2024 23:31:56: The <trigger_realtime> trigger of job <job_realtime> failed to execute as scheduled due to blocking.
warn: 2024-11-01 23:32:01.0217200 +08:00 星期五 L System.Logging.ScheduleService[0] #24
      [Furion.Pure.dll] void Furion.Schedule.ScheduleLogger.LogWarning(string message, params object[] args)
      11/01/2024 23:32:01: The <trigger_realtime> trigger of job <job_realtime> failed to execute as scheduled due to blocking.
warn: 2024-11-01 23:32:06.0365961 +08:00 星期五 L System.Logging.ScheduleService[0] #24
      [Furion.Pure.dll] void Furion.Schedule.ScheduleLogger.LogWarning(string message, params object[] args)
      11/01/2024 23:32:06: The <trigger_realtime> trigger of job <job_realtime> failed to execute as scheduled due to blocking.
warn: 2024-11-01 23:32:11.0179028 +08:00 星期五 L System.Logging.ScheduleService[0] #27
      [Furion.Pure.dll] void Furion.Schedule.ScheduleLogger.LogWarning(string message, params object[] args)
      11/01/2024 23:32:11: The <trigger_realtime> trigger of job <job_realtime> failed to execute as scheduled due to blocking.
warn: 2024-11-01 23:32:16.0282956 +08:00 星期五 L System.Logging.ScheduleService[0] #27
      [Furion.Pure.dll] void Furion.Schedule.ScheduleLogger.LogWarning(string message, params object[] args)
      11/01/2024 23:32:16: The <trigger_realtime> trigger of job <job_realtime> failed to execute as scheduled due to blocking.
warn: 2024-11-01 23:32:21.0310890 +08:00 星期五 L System.Logging.ScheduleService[0] #24
      [Furion.Pure.dll] void Furion.Schedule.ScheduleLogger.LogWarning(string message, params object[] args)
      11/01/2024 23:32:21: The <trigger_realtime> trigger of job <job_realtime> failed to execute as scheduled due to blocking.
warn: 2024-11-01 23:32:26.0340248 +08:00 星期五 L System.Logging.ScheduleService[0] #27
      [Furion.Pure.dll] void Furion.Schedule.ScheduleLogger.LogWarning(string message, params object[] args)
      11/01/2024 23:32:26: The <trigger_realtime> trigger of job <job_realtime> failed to execute as scheduled due to blocking.
warn: 2024-11-01 23:32:31.0136080 +08:00 星期五 L System.Logging.ScheduleService[0] #9
      [Furion.Pure.dll] void Furion.Schedule.ScheduleLogger.LogWarning(string message, params object[] args)
      11/01/2024 23:32:31: The <trigger_realtime> trigger of job <job_realtime> failed to execute as scheduled due to blocking.
warn: 2024-11-01 23:32:36.0252925 +08:00 星期五 L System.Logging.ScheduleService[0] #9
      [Furion.Pure.dll] void Furion.Schedule.ScheduleLogger.LogWarning(string message, params object[] args)
      11/01/2024 23:32:36: The <trigger_realtime> trigger of job <job_realtime> failed to execute as scheduled due to blocking.
warn: 2024-11-01 23:32:41.0351974 +08:00 星期五 L System.Logging.ScheduleService[0] #27
      [Furion.Pure.dll] void Furion.Schedule.ScheduleLogger.LogWarning(string message, params object[] args)
      11/01/2024 23:32:41: The <trigger_realtime> trigger of job <job_realtime> failed to execute as scheduled due to blocking.
warn: 2024-11-01 23:32:46.0104726 +08:00 星期五 L System.Logging.ScheduleService[0] #21
      [Furion.Pure.dll] void Furion.Schedule.ScheduleLogger.LogWarning(string message, params object[] args)
      11/01/2024 23:32:46: The <trigger_realtime> trigger of job <job_realtime> failed to execute as scheduled due to blocking.
warn: 2024-11-01 23:32:51.0239154 +08:00 星期五 L System.Logging.ScheduleService[0] #21
      [Furion.Pure.dll] void Furion.Schedule.ScheduleLogger.LogWarning(string message, params object[] args)
      11/01/2024 23:32:51: The <trigger_realtime> trigger of job <job_realtime> failed to execute as scheduled due to blocking.
warn: 2024-11-01 23:32:56.0294327 +08:00 星期五 L System.Logging.ScheduleService[0] #24
      [Furion.Pure.dll] void Furion.Schedule.ScheduleLogger.LogWarning(string message, params object[] args)
      11/01/2024 23:32:56: The <trigger_realtime> trigger of job <job_realtime> failed to execute as scheduled due to blocking.
warn: 2024-11-01 23:33:01.0387054 +08:00 星期五 L System.Logging.ScheduleService[0] #27
      [Furion.Pure.dll] void Furion.Schedule.ScheduleLogger.LogWarning(string message, params object[] args)
      11/01/2024 23:33:01: The <trigger_realtime> trigger of job <job_realtime> failed to execute as scheduled due to blocking.
warn: 2024-11-01 23:33:06.0178257 +08:00 星期五 L System.Logging.ScheduleService[0] #7
      [Furion.Pure.dll] void Furion.Schedule.ScheduleLogger.LogWarning(string message, params object[] args)
      11/01/2024 23:33:06: The <trigger_realtime> trigger of job <job_realtime> failed to execute as scheduled due to blocking.
warn: 2024-11-01 23:33:11.0200896 +08:00 星期五 L System.Logging.ScheduleService[0] #7
      [Furion.Pure.dll] void Furion.Schedule.ScheduleLogger.LogWarning(string message, params object[] args)
      11/01/2024 23:33:11: The <trigger_realtime> trigger of job <job_realtime> failed to execute as scheduled due to blocking.
warn: 2024-11-01 23:33:16.0330065 +08:00 星期五 L System.Logging.ScheduleService[0] #7
      [Furion.Pure.dll] void Furion.Schedule.ScheduleLogger.LogWarning(string message, params object[] args)
      11/01/2024 23:33:16: The <trigger_realtime> trigger of job <job_realtime> failed to execute as scheduled due to blocking.
warn: 2024-11-01 23:33:21.0174576 +08:00 星期五 L System.Logging.ScheduleService[0] #7
      [Furion.Pure.dll] void Furion.Schedule.ScheduleLogger.LogWarning(string message, params object[] args)
      11/01/2024 23:33:21: The <trigger_realtime> trigger of job <job_realtime> failed to execute as scheduled due to blocking.
warn: 2024-11-01 23:33:26.0213860 +08:00 星期五 L System.Logging.ScheduleService[0] #33
      [Furion.Pure.dll] void Furion.Schedule.ScheduleLogger.LogWarning(string message, params object[] args)
      11/01/2024 23:33:26: The <trigger_realtime> trigger of job <job_realtime> failed to execute as scheduled due to blocking.
warn: 2024-11-01 23:33:31.0355950 +08:00 星期五 L System.Logging.ScheduleService[0] #7
      [Furion.Pure.dll] void Furion.Schedule.ScheduleLogger.LogWarning(string message, params object[] args)
      11/01/2024 23:33:31: The <trigger_realtime> trigger of job <job_realtime> failed to execute as scheduled due to blocking.
warn: 2024-11-01 23:33:36.0195599 +08:00 星期五 L System.Logging.ScheduleService[0] #35
      [Furion.Pure.dll] void Furion.Schedule.ScheduleLogger.LogWarning(string message, params object[] args)
      11/01/2024 23:33:36: The <trigger_realtime> trigger of job <job_realtime> failed to execute as scheduled due to blocking.
warn: 2024-11-01 23:33:46.0102455 +08:00 星期五 L System.Logging.ScheduleService[0] #27
      [Furion.Pure.dll] void Furion.Schedule.ScheduleLogger.LogWarning(string message, params object[] args)
      11/01/2024 23:33:46: The <trigger_realtime> trigger of job <job_realtime> failed to execute as scheduled due to blocking.
warn: 2024-11-01 23:33:51.0187994 +08:00 星期五 L System.Logging.ScheduleService[0] #27
      [Furion.Pure.dll] void Furion.Schedule.ScheduleLogger.LogWarning(string message, params object[] args)
      11/01/2024 23:33:51: The <trigger_realtime> trigger of job <job_realtime> failed to execute as scheduled due to blocking.
warn: 2024-11-01 23:33:56.0216153 +08:00 星期五 L System.Logging.ScheduleService[0] #33
      [Furion.Pure.dll] void Furion.Schedule.ScheduleLogger.LogWarning(string message, params object[] args)
      11/01/2024 23:33:56: The <trigger_realtime> trigger of job <job_realtime> failed to execute as scheduled due to blocking.
warn: 2024-11-01 23:34:01.0342577 +08:00 星期五 L System.Logging.ScheduleService[0] #35
      [Furion.Pure.dll] void Furion.Schedule.ScheduleLogger.LogWarning(string message, params object[] args)
      11/01/2024 23:34:01: The <trigger_realtime> trigger of job <job_realtime> failed to execute as scheduled due to blocking.
warn: 2024-11-01 23:34:06.0187950 +08:00 星期五 L System.Logging.ScheduleService[0] #37
      [Furion.Pure.dll] void Furion.Schedule.ScheduleLogger.LogWarning(string message, params object[] args)
      11/01/2024 23:34:06: The <trigger_realtime> trigger of job <job_realtime> failed to execute as scheduled due to blocking.
warn: 2024-11-01 23:34:11.0286140 +08:00 星期五 L System.Logging.ScheduleService[0] #37
      [Furion.Pure.dll] void Furion.Schedule.ScheduleLogger.LogWarning(string message, params object[] args)
      11/01/2024 23:34:11: The <trigger_realtime> trigger of job <job_realtime> failed to execute as scheduled due to blocking.
warn: 2024-11-01 23:34:16.0471578 +08:00 星期五 L System.Logging.ScheduleService[0] #33
      [Furion.Pure.dll] void Furion.Schedule.ScheduleLogger.LogWarning(string message, params object[] args)
      11/01/2024 23:34:16: The <trigger_realtime> trigger of job <job_realtime> failed to execute as scheduled due to blocking.
warn: 2024-11-01 23:34:21.0272510 +08:00 星期五 L System.Logging.ScheduleService[0] #35
      [Furion.Pure.dll] void Furion.Schedule.ScheduleLogger.LogWarning(string message, params object[] args)
      11/01/2024 23:34:21: The <trigger_realtime> trigger of job <job_realtime> failed to execute as scheduled due to blocking.
warn: 2024-11-01 23:34:26.0298636 +08:00 星期五 L System.Logging.ScheduleService[0] #35
      [Furion.Pure.dll] void Furion.Schedule.ScheduleLogger.LogWarning(string message, params object[] args)
      11/01/2024 23:34:26: The <trigger_realtime> trigger of job <job_realtime> failed to execute as scheduled due to blocking.
warn: 2024-11-01 23:34:31.0461053 +08:00 星期五 L System.Logging.ScheduleService[0] #35
      [Furion.Pure.dll] void Furion.Schedule.ScheduleLogger.LogWarning(string message, params object[] args)
      11/01/2024 23:34:31: The <trigger_realtime> trigger of job <job_realtime> failed to execute as scheduled due to blocking.
warn: 2024-11-01 23:34:36.0282266 +08:00 星期五 L System.Logging.ScheduleService[0] #35
      [Furion.Pure.dll] void Furion.Schedule.ScheduleLogger.LogWarning(string message, params object[] args)
      11/01/2024 23:34:36: The <trigger_realtime> trigger of job <job_realtime> failed to execute as scheduled due to blocking.
warn: 2024-11-01 23:34:41.0365527 +08:00 星期五 L System.Logging.ScheduleService[0] #35
      [Furion.Pure.dll] void Furion.Schedule.ScheduleLogger.LogWarning(string message, params object[] args)
      11/01/2024 23:34:41: The <trigger_realtime> trigger of job <job_realtime> failed to execute as scheduled due to blocking.
warn: 2024-11-01 23:34:46.0190128 +08:00 星期五 L System.Logging.ScheduleService[0] #27
      [Furion.Pure.dll] void Furion.Schedule.ScheduleLogger.LogWarning(string message, params object[] args)
      11/01/2024 23:34:46: The <trigger_realtime> trigger of job <job_realtime> failed to execute as scheduled due to blocking.
warn: 2024-11-01 23:34:51.0220277 +08:00 星期五 L System.Logging.ScheduleService[0] #27
      [Furion.Pure.dll] void Furion.Schedule.ScheduleLogger.LogWarning(string message, params object[] args)
      11/01/2024 23:34:51: The <trigger_realtime> trigger of job <job_realtime> failed to execute as scheduled due to blocking.
warn: 2024-11-01 23:34:56.0342099 +08:00 星期五 L System.Logging.ScheduleService[0] #35
      [Furion.Pure.dll] void Furion.Schedule.ScheduleLogger.LogWarning(string message, params object[] args)
      11/01/2024 23:34:56: The <trigger_realtime> trigger of job <job_realtime> failed to execute as scheduled due to blocking.
warn: 2024-11-01 23:35:01.0165488 +08:00 星期五 L System.Logging.ScheduleService[0] #35
      [Furion.Pure.dll] void Furion.Schedule.ScheduleLogger.LogWarning(string message, params object[] args)
      11/01/2024 23:35:01: The <trigger_realtime> trigger of job <job_realtime> failed to execute as scheduled due to blocking.
warn: 2024-11-01 23:35:06.0211657 +08:00 星期五 L System.Logging.ScheduleService[0] #27
      [Furion.Pure.dll] void Furion.Schedule.ScheduleLogger.LogWarning(string message, params object[] args)
      11/01/2024 23:35:06: The <trigger_realtime> trigger of job <job_realtime> failed to execute as scheduled due to blocking.
warn: 2024-11-01 23:35:11.0308814 +08:00 星期五 L System.Logging.ScheduleService[0] #27
      [Furion.Pure.dll] void Furion.Schedule.ScheduleLogger.LogWarning(string message, params object[] args)
      11/01/2024 23:35:11: The <trigger_realtime> trigger of job <job_realtime> failed to execute as scheduled due to blocking.
warn: 2024-11-01 23:35:16.0400124 +08:00 星期五 L System.Logging.ScheduleService[0] #6
      [Furion.Pure.dll] void Furion.Schedule.ScheduleLogger.LogWarning(string message, params object[] args)
      11/01/2024 23:35:16: The <trigger_realtime> trigger of job <job_realtime> failed to execute as scheduled due to blocking.
warn: 2024-11-01 23:35:21.0125803 +08:00 星期五 L System.Logging.ScheduleService[0] #6
      [Furion.Pure.dll] void Furion.Schedule.ScheduleLogger.LogWarning(string message, params object[] args)
      11/01/2024 23:35:21: The <trigger_realtime> trigger of job <job_realtime> failed to execute as scheduled due to blocking.
warn: 2024-11-01 23:35:26.0292579 +08:00 星期五 L System.Logging.ScheduleService[0] #33
      [Furion.Pure.dll] void Furion.Schedule.ScheduleLogger.LogWarning(string message, params object[] args)
      11/01/2024 23:35:26: The <trigger_realtime> trigger of job <job_realtime> failed to execute as scheduled due to blocking.
warn: 2024-11-01 23:35:31.0446631 +08:00 星期五 L System.Logging.ScheduleService[0] #6
      [Furion.Pure.dll] void Furion.Schedule.ScheduleLogger.LogWarning(string message, params object[] args)
      11/01/2024 23:35:31: The <trigger_realtime> trigger of job <job_realtime> failed to execute as scheduled due to blocking.
warn: 2024-11-01 23:35:36.0185927 +08:00 星期五 L System.Logging.ScheduleService[0] #6
      [Furion.Pure.dll] void Furion.Schedule.ScheduleLogger.LogWarning(string message, params object[] args)
      11/01/2024 23:35:36: The <trigger_realtime> trigger of job <job_realtime> failed to execute as scheduled due to blocking.
warn: 2024-11-01 23:35:41.0328689 +08:00 星期五 L System.Logging.ScheduleService[0] #6
      [Furion.Pure.dll] void Furion.Schedule.ScheduleLogger.LogWarning(string message, params object[] args)
      11/01/2024 23:35:41: The <trigger_realtime> trigger of job <job_realtime> failed to execute as scheduled due to blocking.
warn: 2024-11-01 23:35:46.0067193 +08:00 星期五 L System.Logging.ScheduleService[0] #6
      [Furion.Pure.dll] void Furion.Schedule.ScheduleLogger.LogWarning(string message, params object[] args)
      11/01/2024 23:35:46: The <trigger_realtime> trigger of job <job_realtime> failed to execute as scheduled due to blocking.
warn: 2024-11-01 23:38:07.6826915 +08:00 星期五 L System.Logging.ScheduleService[0] #1
      [Furion.Pure.dll] void Furion.Schedule.ScheduleLogger.Log(LogLevel logLevel, string message, object[] args, Exception ex)
      Schedule hosted service preload completed, and a total of <4> schedulers are appended.
warn: 2024-11-01 23:47:19.8519264 +08:00 星期五 L System.Logging.ScheduleService[0] #1
      [Furion.Pure.dll] void Furion.Schedule.ScheduleLogger.Log(LogLevel logLevel, string message, object[] args, Exception ex)
      Schedule hosted service preload completed, and a total of <0> schedulers are appended.
warn: 2024-11-01 23:47:19.8684207 +08:00 星期五 L System.Logging.ScheduleService[0] #1
      [Furion.Pure.dll] void Furion.Schedule.ScheduleLogger.Log(LogLevel logLevel, string message, object[] args, Exception ex)
      Schedule hosted service will sleep until it wakes up.
