fail: 2024-11-24 18:44:41.6842341 +08:00 星期日 L System.Logging.LoggingMonitor[0] #76 '00-091953205dbdb669d623a2187450eeb9-0df9df1d5473b760-00'
      [Furion.Pure.dll] async Task LoggingMonitorAttribute.MonitorAsync(MethodInfo actionMethod, IDictionary<string, object> parameterValues, FilterContext context, dynamic next)
      ┏━━━━━━━━━━━  Logging Monitor ━━━━━━━━━━━
      ┣ Admin.NET.Core.JuAI.Service.PromptService.Get
      ┣ 
      ┣ 控制器名称：                     PromptService
      ┣ 操作名称：                       Get
      ┣ 显示名称：                       
      ┣ 路由信息：                       [area]: ; [controller]: prompt; [action]: 
      ┣ 请求方式：                       GET
      ┣ 请求地址：                       http://localhost:5005/app/api/prompt?category=&lastCreate
      ┣ 来源地址：                       
      ┣ 请求端源：                       client
      ┣ 浏览器标识：                     Dart/3.5 (dart:io)
      ┣ 客户端区域语言：                 
      ┣ 客户端 IP 地址：                 127.0.0.1
      ┣ 服务端 IP 地址：                 127.0.0.1
      ┣ 客户端连接 ID：                  00-091953205dbdb669d623a2187450eeb9-0df9df1d5473b760-00
      ┣ 服务线程 ID：                    #76
      ┣ 执行耗时：                       4148ms
      ┣ ━━━━━━━━━━━━━━━  Cookies ━━━━━━━━━━━━━━━
      ┣ 请求端：                         
      ┣ 响应端：                         
      ┣ ━━━━━━━━━━━━━━━  系统信息 ━━━━━━━━━━━━━━━
      ┣ 系统名称：                       Microsoft Windows 10.0.19045
      ┣ 系统架构：                       X64
      ┣ 基础框架：                       Furion.Pure v1.0.0.0
      ┣ .NET 架构：                      .NET 8.0.6
      ┣ ━━━━━━━━━━━━━━━  启动信息 ━━━━━━━━━━━━━━━
      ┣ 运行环境：                       Production
      ┣ 启动程序集：                     Admin.NET.Web.Entry
      ┣ 进程名称：                       Admin.NET.Web.Entry
      ┣ 托管程序：                       Kestrel
      ┣ ━━━━━━━━━━━━━━━  请求头信息 ━━━━━━━━━━━━━━━
      ┣ 
      ┣ Host：                           localhost:5005
      ┣ User-Agent：                     Dart/3.5 (dart:io)
      ┣ Accept-Encoding：                gzip
      ┣ Authorization：                  Bearer eyJhbGciOiJIUzI1NiIsInR5cCI6IkpXVCJ9.eyJVc2VySWQiOjE0MjEzNDI2MzI3ODc3LCJUZW5hbnRJZCI6MTMwMDAwMDAwMDAwMSwiQWNjb3VudCI6bnVsbCwiUmVhbE5hbWUiOiLmgKrlhb3mnaXkuoYiLCJBY2NvdW50VHlwZSI6OTk5LCJPcmdJZCI6MCwiT3JnTmFtZSI6bnVsbCwiT3JnVHlwZSI6bnVsbCwiaWF0IjoxNzMyMzM4NDQwLCJuYmYiOjE3MzIzMzg0NDAsImV4cCI6MTczMjk0MzI0MCwiaXNzIjoiZ3V4aW4ubGluayIsImF1ZCI6Imd1eGluLmxpbmsifQ.96Cg-L6P34Wm5f7QQY0q4D4Rz1L5tLNYrm3GrxplDSY
      ┣ version：                        1.0.0
      ┣ ━━━━━━━━━━━━━━━  参数列表 ━━━━━━━━━━━━━━━
      ┣ Content-Type：                   
      ┣ 
      ┣ lastCreate (Nullable`1)：        
      ┣ category (String)：              
      ┣ pageSize (Int32)：               
      ┣ ━━━━━━━━━━━━━━━  返回信息 ━━━━━━━━━━━━━━━
      ┣ HTTP响应状态码：                 200
      ┣ 原始类型：                       System.Threading.Tasks.Task<System.Collections.Generic.IList<Admin.NET.Core.JuAI.Service.PromptReponse>>
      ┣ 最终类型：                       
      ┣ 最终返回值：                     null
      ┣ ━━━━━━━━━━━━━━━  异常信息 ━━━━━━━━━━━━━━━
      ┣ 类型：                           System.Exception
      ┣ 消息：                           中文提示 : Category绑定到ChatPrompt失败,可以试着换一个类型，或者使用ORM自定义类型实现
      English Message : ChatPrompt Category bind error
      ┣ 错误堆栈：                       at SqlSugarEntity(IDataRecord)
         at SqlSugar.IDataReaderEntityBuilder`1.Build(IDataRecord dataRecord)
         at SqlSugar.DbBindAccessory.GetEntityListAsync[T](SqlSugarProvider context, IDataReader dataReader)
         at SqlSugar.DbBindProvider.DataReaderToListAsync[T](Type type, IDataReader dataReader)
         at SqlSugar.QueryableProvider`1.GetDataAsync[TResult](Boolean isComplexModel, Type entityType, IDataReader dataReader)
         at SqlSugar.QueryableProvider`1.GetDataAsync[TResult](KeyValuePair`2 sqlObj)
         at SqlSugar.QueryableProvider`1._ToListAsync[TResult]()
         at SqlSugar.QueryableProvider`1.ToPageListAsync(Int32 pageIndex, Int32 pageSize, RefAsync`1 totalNumber)
         at SqlSugar.SimpleClient`1.GetPageListAsync(Expression`1 whereExpression, PageModel page, Expression`1 orderByExpression, OrderByType orderByType)
         at Admin.NET.Core.JuAI.Service.PromptService.Get(Nullable`1 lastCreate, String category, Int32 pageSize)
         at lambda_method202(Closure, Object)
         at Microsoft.AspNetCore.Mvc.Infrastructure.ActionMethodExecutor.AwaitableObjectResultExecutor.Execute(ActionContext actionContext, IActionResultTypeMapper mapper, ObjectMethodExecutor executor, Object controller, Object[] arguments)
         at Microsoft.AspNetCore.Mvc.Infrastructure.ControllerActionInvoker.<InvokeActionMethodAsync>g__Awaited|12_0(ControllerActionInvoker invoker, ValueTask`1 actionResultValueTask)
         at Microsoft.AspNetCore.Mvc.Infrastructure.ControllerActionInvoker.<InvokeNextActionFilterAsync>g__Awaited|10_0(ControllerActionInvoker invoker, Task lastTask, State next, Scope scope, Object state, Boolean isCompleted)
      ┗━━━━━━━━━━━  Logging Monitor ━━━━━━━━━━━      
      ++++++++++++++++++++++++++++++++++++++++++++++++++++++++
      System.Exception: 中文提示 : Category绑定到ChatPrompt失败,可以试着换一个类型，或者使用ORM自定义类型实现
      English Message : ChatPrompt Category bind error
         at SqlSugarEntity(IDataRecord)
         at SqlSugar.IDataReaderEntityBuilder`1.Build(IDataRecord dataRecord)
         at SqlSugar.DbBindAccessory.GetEntityListAsync[T](SqlSugarProvider context, IDataReader dataReader)
         at SqlSugar.DbBindProvider.DataReaderToListAsync[T](Type type, IDataReader dataReader)
         at SqlSugar.QueryableProvider`1.GetDataAsync[TResult](Boolean isComplexModel, Type entityType, IDataReader dataReader)
         at SqlSugar.QueryableProvider`1.GetDataAsync[TResult](KeyValuePair`2 sqlObj)
         at SqlSugar.QueryableProvider`1._ToListAsync[TResult]()
         at SqlSugar.QueryableProvider`1.ToPageListAsync(Int32 pageIndex, Int32 pageSize, RefAsync`1 totalNumber)
         at SqlSugar.SimpleClient`1.GetPageListAsync(Expression`1 whereExpression, PageModel page, Expression`1 orderByExpression, OrderByType orderByType)
         at Admin.NET.Core.JuAI.Service.PromptService.Get(Nullable`1 lastCreate, String category, Int32 pageSize)
         at lambda_method202(Closure, Object)
         at Microsoft.AspNetCore.Mvc.Infrastructure.ActionMethodExecutor.AwaitableObjectResultExecutor.Execute(ActionContext actionContext, IActionResultTypeMapper mapper, ObjectMethodExecutor executor, Object controller, Object[] arguments)
         at Microsoft.AspNetCore.Mvc.Infrastructure.ControllerActionInvoker.<InvokeActionMethodAsync>g__Awaited|12_0(ControllerActionInvoker invoker, ValueTask`1 actionResultValueTask)
         at Microsoft.AspNetCore.Mvc.Infrastructure.ControllerActionInvoker.<InvokeNextActionFilterAsync>g__Awaited|10_0(ControllerActionInvoker invoker, Task lastTask, State next, Scope scope, Object state, Boolean isCompleted)
      ++++++++++++++++++++++++++++++++++++++++++++++++++++++++
fail: 2024-11-24 22:21:29.7508840 +08:00 星期日 L Microsoft.AspNetCore.Diagnostics.ExceptionHandlerMiddleware[1] #22 '00-6301c5580adffe36d2d178dcb31a6aff-59abb9bc900b397c-00'
      [Microsoft.AspNetCore.Diagnostics.dll] void Microsoft.AspNetCore.Diagnostics.DiagnosticsTelemetry.ReportUnhandledException(ILogger logger, HttpContext context, Exception ex)
      An unhandled exception has occurred while executing the request.      
      ++++++++++++++++++++++++++++++++++++++++++++++++++++++++
      Microsoft.AspNetCore.Routing.Matching.AmbiguousMatchException: The request matched multiple endpoints. Matches: 
      
      Admin.NET.Core.JuAI.Service.PromptService.Get (Admin.NET.Core.JuAI)
      Admin.NET.Core.JuAI.Service.PromptService.Get (Admin.NET.Core.JuAI)
         at Microsoft.AspNetCore.Routing.Matching.DefaultEndpointSelector.ReportAmbiguity(Span`1 candidateState)
         at Microsoft.AspNetCore.Routing.Matching.DefaultEndpointSelector.ProcessFinalCandidates(HttpContext httpContext, Span`1 candidateState)
         at Microsoft.AspNetCore.Routing.Matching.DfaMatcher.MatchAsync(HttpContext httpContext)
         at Microsoft.AspNetCore.Routing.EndpointRoutingMiddleware.Invoke(HttpContext httpContext)
         at Microsoft.AspNetCore.StaticFiles.StaticFileMiddleware.Invoke(HttpContext context)
         at SixLabors.ImageSharp.Web.Middleware.ImageSharpMiddleware.Invoke(HttpContext httpContext, Boolean retry)
         at Microsoft.AspNetCore.Localization.RequestLocalizationMiddleware.Invoke(HttpContext context)
         at Furion.UnifyResult.UnifyResultStatusCodesMiddleware.InvokeAsync(HttpContext context) in D:\work\chenyanyi\server\Plugins\Furion.Pure\UnifyResult\Middlewares\UnifyResultStatusCodesMiddleware.cs:line 48
         at Microsoft.AspNetCore.Diagnostics.ExceptionHandlerMiddlewareImpl.<Invoke>g__Awaited|10_0(ExceptionHandlerMiddlewareImpl middleware, HttpContext context, Task task)
      ++++++++++++++++++++++++++++++++++++++++++++++++++++++++
fail: 2024-11-24 22:21:29.8285747 +08:00 星期日 L Microsoft.AspNetCore.Server.Kestrel[13] #22 '00-6301c5580adffe36d2d178dcb31a6aff-59abb9bc900b397c-00'
      [Microsoft.AspNetCore.Server.Kestrel.Core.dll] async Task Microsoft.AspNetCore.Server.Kestrel.Core.Internal.Http.HttpProtocol.ProcessRequests<TContext>(IHttpApplication<TContext> application)
      Connection id "0HN8CES13B4TO", Request id "0HN8CES13B4TO:00000001": An unhandled exception was thrown by the application.      
      ++++++++++++++++++++++++++++++++++++++++++++++++++++++++
      System.InvalidOperationException: The exception handler configured on ExceptionHandlerOptions produced a 404 status response. This InvalidOperationException containing the original exception was thrown since this is often due to a misconfigured ExceptionHandlingPath. If the exception handler is expected to return 404 status responses then set AllowStatusCode404Response to true.
       ---> Microsoft.AspNetCore.Routing.Matching.AmbiguousMatchException: The request matched multiple endpoints. Matches: 
      
      Admin.NET.Core.JuAI.Service.PromptService.Get (Admin.NET.Core.JuAI)
      Admin.NET.Core.JuAI.Service.PromptService.Get (Admin.NET.Core.JuAI)
         at Microsoft.AspNetCore.Routing.Matching.DefaultEndpointSelector.ReportAmbiguity(Span`1 candidateState)
         at Microsoft.AspNetCore.Routing.Matching.DefaultEndpointSelector.ProcessFinalCandidates(HttpContext httpContext, Span`1 candidateState)
         at Microsoft.AspNetCore.Routing.Matching.DfaMatcher.MatchAsync(HttpContext httpContext)
         at Microsoft.AspNetCore.Routing.EndpointRoutingMiddleware.Invoke(HttpContext httpContext)
         at Microsoft.AspNetCore.StaticFiles.StaticFileMiddleware.Invoke(HttpContext context)
         at SixLabors.ImageSharp.Web.Middleware.ImageSharpMiddleware.Invoke(HttpContext httpContext, Boolean retry)
         at Microsoft.AspNetCore.Localization.RequestLocalizationMiddleware.Invoke(HttpContext context)
         at Furion.UnifyResult.UnifyResultStatusCodesMiddleware.InvokeAsync(HttpContext context) in D:\work\chenyanyi\server\Plugins\Furion.Pure\UnifyResult\Middlewares\UnifyResultStatusCodesMiddleware.cs:line 48
         at Microsoft.AspNetCore.Diagnostics.ExceptionHandlerMiddlewareImpl.<Invoke>g__Awaited|10_0(ExceptionHandlerMiddlewareImpl middleware, HttpContext context, Task task)
         --- End of inner exception stack trace ---
         at Microsoft.AspNetCore.Diagnostics.ExceptionHandlerMiddlewareImpl.HandleException(HttpContext context, ExceptionDispatchInfo edi)
         at Microsoft.AspNetCore.Diagnostics.ExceptionHandlerMiddlewareImpl.<Invoke>g__Awaited|10_0(ExceptionHandlerMiddlewareImpl middleware, HttpContext context, Task task)
         at Furion.StartupFilter.<>c__DisplayClass0_1.<<Configure>b__1>d.MoveNext() in D:\work\chenyanyi\server\Plugins\Furion.Pure\App\Filters\StartupFilter.cs:line 57
      --- End of stack trace from previous location ---
         at Microsoft.AspNetCore.Watch.BrowserRefresh.BrowserRefreshMiddleware.InvokeAsync(HttpContext context)
         at Microsoft.AspNetCore.Server.Kestrel.Core.Internal.Http.HttpProtocol.ProcessRequests[TContext](IHttpApplication`1 application)
      ++++++++++++++++++++++++++++++++++++++++++++++++++++++++
fail: 2024-11-24 22:45:52.7721949 +08:00 星期日 L System.Logging.LoggingMonitor[0] #3 '00-a93c7edea13371c0706d9939cfe032e5-69a3c0ac3851a664-00'
      [Microsoft.Extensions.Logging.Abstractions.dll] void Microsoft.Extensions.Logging.LoggerExtensions.LogError(ILogger logger, Exception exception, string message, params object[] args)
      ┏━━━━━━━━━━━  Logging Monitor ━━━━━━━━━━━
      ┣ Admin.NET.Core.JuAI.Service.PromptService.Get
      ┣ 
      ┣ 控制器名称：                     PromptService
      ┣ 操作名称：                       Get
      ┣ 显示名称：                       
      ┣ 路由信息：                       [area]: ; [controller]: prompt; [action]: 
      ┣ 请求方式：                       GET
      ┣ 请求地址：                       http://localhost:5005/app/api/prompt?Page=1&PageSize=10&LastCreate&SearchKey
      ┣ 来源地址：                       
      ┣ 请求端源：                       client
      ┣ 浏览器标识：                     Dart/3.5 (dart:io)
      ┣ 客户端区域语言：                 
      ┣ 客户端 IP 地址：                 127.0.0.1
      ┣ 服务端 IP 地址：                 127.0.0.1
      ┣ 客户端连接 ID：                  00-a93c7edea13371c0706d9939cfe032e5-69a3c0ac3851a664-00
      ┣ 服务线程 ID：                    #9
      ┣ 执行耗时：                       19234ms
      ┣ ━━━━━━━━━━━━━━━  Cookies ━━━━━━━━━━━━━━━
      ┣ 请求端：                         
      ┣ 响应端：                         
      ┣ ━━━━━━━━━━━━━━━  系统信息 ━━━━━━━━━━━━━━━
      ┣ 系统名称：                       Microsoft Windows 10.0.19045
      ┣ 系统架构：                       X64
      ┣ 基础框架：                       Furion.Pure v1.0.0.0
      ┣ .NET 架构：                      .NET 8.0.6
      ┣ ━━━━━━━━━━━━━━━  启动信息 ━━━━━━━━━━━━━━━
      ┣ 运行环境：                       Production
      ┣ 启动程序集：                     Admin.NET.Web.Entry
      ┣ 进程名称：                       Admin.NET.Web.Entry
      ┣ 托管程序：                       Kestrel
      ┣ ━━━━━━━━━━━━━━━  请求头信息 ━━━━━━━━━━━━━━━
      ┣ 
      ┣ Host：                           localhost:5005
      ┣ User-Agent：                     Dart/3.5 (dart:io)
      ┣ Accept-Encoding：                gzip
      ┣ Authorization：                  Bearer eyJhbGciOiJIUzI1NiIsInR5cCI6IkpXVCJ9.eyJVc2VySWQiOjE0MjEzNDI2MzI3ODc3LCJUZW5hbnRJZCI6MTMwMDAwMDAwMDAwMSwiQWNjb3VudCI6bnVsbCwiUmVhbE5hbWUiOiLmgKrlhb3mnaXkuoYiLCJBY2NvdW50VHlwZSI6OTk5LCJPcmdJZCI6MCwiT3JnTmFtZSI6bnVsbCwiT3JnVHlwZSI6bnVsbCwiaWF0IjoxNzMyMzM4NDQwLCJuYmYiOjE3MzIzMzg0NDAsImV4cCI6MTczMjk0MzI0MCwiaXNzIjoiZ3V4aW4ubGluayIsImF1ZCI6Imd1eGluLmxpbmsifQ.96Cg-L6P34Wm5f7QQY0q4D4Rz1L5tLNYrm3GrxplDSY
      ┣ version：                        1.0.0
      ┣ ━━━━━━━━━━━━━━━  参数列表 ━━━━━━━━━━━━━━━
      ┣ Content-Type：                   
      ┣ 
      ┣ searchKey (String)：             
      ┣ lastCreate (Nullable`1)：        
      ┣ pageSize (Int32)：               10
      ┣ ━━━━━━━━━━━━━━━  返回信息 ━━━━━━━━━━━━━━━
      ┣ HTTP响应状态码：                 200
      ┣ 原始类型：                       System.Threading.Tasks.Task<System.Collections.Generic.IList<Admin.NET.Core.JuAI.Service.PromptReponse>>
      ┣ 最终类型：                       
      ┣ 最终返回值：                     null
      ┣ ━━━━━━━━━━━━━━━  异常信息 ━━━━━━━━━━━━━━━
      ┣ 类型：                           SqlSugar.SqlSugarException
      ┣ 消息：                           Connect Timeout expired.
      ┣ 错误堆栈：                       at SqlSugar.MySqlProvider.GetDataReaderAsync(String sql, SugarParameter[] parameters)
         at SqlSugar.QueryableProvider`1.GetDataAsync[TResult](KeyValuePair`2 sqlObj)
         at SqlSugar.QueryableProvider`1._ToListAsync[TResult]()
         at Admin.NET.Core.JuAI.Service.PromptService.Get(String searchKey, Nullable`1 lastCreate, Int32 pageSize) in D:\work\chenyanyi\server\Admin.NET.Core.JuAi\Service\AICommon\PromptService.cs:line 38
         at lambda_method60(Closure, Object)
         at Microsoft.AspNetCore.Mvc.Infrastructure.ActionMethodExecutor.AwaitableObjectResultExecutor.Execute(ActionContext actionContext, IActionResultTypeMapper mapper, ObjectMethodExecutor executor, Object controller, Object[] arguments)
         at Microsoft.AspNetCore.Mvc.Infrastructure.ControllerActionInvoker.<InvokeActionMethodAsync>g__Awaited|12_0(ControllerActionInvoker invoker, ValueTask`1 actionResultValueTask)
         at Microsoft.AspNetCore.Mvc.Infrastructure.ControllerActionInvoker.<InvokeNextActionFilterAsync>g__Awaited|10_0(ControllerActionInvoker invoker, Task lastTask, State next, Scope scope, Object state, Boolean isCompleted)
      ┗━━━━━━━━━━━  Logging Monitor ━━━━━━━━━━━      
      ++++++++++++++++++++++++++++++++++++++++++++++++++++++++
      SqlSugar.SqlSugarException: Connect Timeout expired.
         at SqlSugar.MySqlProvider.GetDataReaderAsync(String sql, SugarParameter[] parameters)
         at SqlSugar.QueryableProvider`1.GetDataAsync[TResult](KeyValuePair`2 sqlObj)
         at SqlSugar.QueryableProvider`1._ToListAsync[TResult]()
         at Admin.NET.Core.JuAI.Service.PromptService.Get(String searchKey, Nullable`1 lastCreate, Int32 pageSize) in D:\work\chenyanyi\server\Admin.NET.Core.JuAi\Service\AICommon\PromptService.cs:line 38
         at lambda_method60(Closure, Object)
         at Microsoft.AspNetCore.Mvc.Infrastructure.ActionMethodExecutor.AwaitableObjectResultExecutor.Execute(ActionContext actionContext, IActionResultTypeMapper mapper, ObjectMethodExecutor executor, Object controller, Object[] arguments)
         at Microsoft.AspNetCore.Mvc.Infrastructure.ControllerActionInvoker.<InvokeActionMethodAsync>g__Awaited|12_0(ControllerActionInvoker invoker, ValueTask`1 actionResultValueTask)
         at Microsoft.AspNetCore.Mvc.Infrastructure.ControllerActionInvoker.<InvokeNextActionFilterAsync>g__Awaited|10_0(ControllerActionInvoker invoker, Task lastTask, State next, Scope scope, Object state, Boolean isCompleted)
      ++++++++++++++++++++++++++++++++++++++++++++++++++++++++
