fail: 2024-11-03 00:00:15.8460487 +08:00 星期日 L System.Logging.ScheduleService[0] #18
      [Furion.Pure.dll] void Furion.Schedule.ScheduleLogger.Log(LogLevel logLevel, string message, object[] args, Exception ex)
      Persistence of <trigger_realtime> trigger of <job_realtime> job failed.      
      ++++++++++++++++++++++++++++++++++++++++++++++++++++++++
      System.AggregateException: One or more errors occurred. (由于连接方在一段时间后没有正确答复或连接的主机没有反应，连接尝试失败。)
       ---> System.Net.Sockets.SocketException (10060): 由于连接方在一段时间后没有正确答复或连接的主机没有反应，连接尝试失败。
         at System.Net.Sockets.Socket.AwaitableSocketAsyncEventArgs.System.Threading.Tasks.Sources.IValueTaskSource.GetResult(Int16 token)
         at System.Threading.Tasks.ValueTask.ValueTaskSourceAsTask.<>c.<.cctor>b__4_0(Object state)
      --- End of stack trace from previous location ---
         at System.Net.Sockets.TcpClient.CompleteConnectAsync(Task task)
         at NewLife.Caching.RedisClient.GetStreamAsync(Boolean create)
         at NewLife.Caching.RedisClient.ExecuteCommandAsync(String cmd, Object[] args, CancellationToken cancellationToken)
         at NewLife.Caching.RedisClient.ExecuteAsync(String cmd, Object[] args, CancellationToken cancellationToken)
         --- End of inner exception stack trace ---
         at System.Threading.Tasks.Task.ThrowIfExceptional(Boolean includeTaskCanceledExceptions)
         at NewLife.Caching.RedisClient.Execute[TResult](String cmd, Object[] args)
         at NewLife.Caching.Redis.Execute[TResult](Func`2 func)
         at NewLife.Caching.Redis.GetInfo(Boolean all)
         at NewLife.Caching.FullRedis.InitCluster()
         at NewLife.Caching.FullRedis.Search(SearchModel model)
         at Admin.NET.Core.Service.SysCacheService.GetKeysByPrefixKey(String prefixKey) in D:\work\chenyanyi\server\Admin.NET.Core\Service\Cache\SysCacheService.cs:line 126
         at Admin.NET.Core.SqlSugarCache.GetAllKey[V]() in D:\work\chenyanyi\server\Admin.NET.Core\Cache\SqlSugarCache.cs:line 44
         at SqlSugar.CacheSchemeMain.RemoveCache(ICacheService cacheService, String tableName)
         at SqlSugar.UpdateableProvider`1.<RemoveDataCache>b__144_0()
         at SqlSugar.UpdateableProvider`1.After(String sql)
         at SqlSugar.UpdateableProvider`1.ExecuteCommand()
         at Admin.NET.Core.Service.DbJobPersistence.OnTriggerChanged(PersistenceTriggerContext context) in D:\work\chenyanyi\server\Admin.NET.Core\Service\Job\DbJobPersistence.cs:line 177
         at Furion.Schedule.SchedulerFactory.ProcessQueue() in D:\work\chenyanyi\server\Plugins\Furion.Pure\Schedule\Factories\SchedulerFactory.Internal.cs:line 445
      ++++++++++++++++++++++++++++++++++++++++++++++++++++++++
fail: 2024-11-03 00:01:22.0571374 +08:00 星期日 L System.Logging.ScheduleService[0] #18
      [Furion.Pure.dll] void Furion.Schedule.ScheduleLogger.Log(LogLevel logLevel, string message, object[] args, Exception ex)
      The JobDetail of <job_realtime> persist failed.      
      ++++++++++++++++++++++++++++++++++++++++++++++++++++++++
      System.AggregateException: One or more errors occurred. (由于连接方在一段时间后没有正确答复或连接的主机没有反应，连接尝试失败。)
       ---> System.Net.Sockets.SocketException (10060): 由于连接方在一段时间后没有正确答复或连接的主机没有反应，连接尝试失败。
         at System.Net.Sockets.Socket.AwaitableSocketAsyncEventArgs.System.Threading.Tasks.Sources.IValueTaskSource.GetResult(Int16 token)
         at System.Threading.Tasks.ValueTask.ValueTaskSourceAsTask.<>c.<.cctor>b__4_0(Object state)
      --- End of stack trace from previous location ---
         at System.Net.Sockets.TcpClient.CompleteConnectAsync(Task task)
         at NewLife.Caching.RedisClient.GetStreamAsync(Boolean create)
         at NewLife.Caching.RedisClient.ExecuteCommandAsync(String cmd, Object[] args, CancellationToken cancellationToken)
         at NewLife.Caching.RedisClient.ExecuteAsync(String cmd, Object[] args, CancellationToken cancellationToken)
         --- End of inner exception stack trace ---
         at System.Threading.Tasks.Task.ThrowIfExceptional(Boolean includeTaskCanceledExceptions)
         at NewLife.Caching.RedisClient.Execute[TResult](String cmd, Object[] args)
         at NewLife.Caching.Redis.Execute[TResult](Func`2 func)
         at NewLife.Caching.Redis.GetInfo(Boolean all)
         at NewLife.Caching.FullRedis.InitCluster()
         at NewLife.Caching.FullRedis.Search(SearchModel model)
         at Admin.NET.Core.Service.SysCacheService.GetKeysByPrefixKey(String prefixKey) in D:\work\chenyanyi\server\Admin.NET.Core\Service\Cache\SysCacheService.cs:line 126
         at Admin.NET.Core.SqlSugarCache.GetAllKey[V]() in D:\work\chenyanyi\server\Admin.NET.Core\Cache\SqlSugarCache.cs:line 44
         at SqlSugar.CacheSchemeMain.RemoveCache(ICacheService cacheService, String tableName)
         at SqlSugar.UpdateableProvider`1.<RemoveDataCache>b__144_0()
         at SqlSugar.UpdateableProvider`1.After(String sql)
         at SqlSugar.UpdateableProvider`1.ExecuteCommand()
         at Admin.NET.Core.Service.DbJobPersistence.OnChanged(PersistenceContext context) in D:\work\chenyanyi\server\Admin.NET.Core\Service\Job\DbJobPersistence.cs:line 146
         at Furion.Schedule.SchedulerFactory.ProcessQueue() in D:\work\chenyanyi\server\Plugins\Furion.Pure\Schedule\Factories\SchedulerFactory.Internal.cs:line 448
      ++++++++++++++++++++++++++++++++++++++++++++++++++++++++
fail: 2024-11-03 00:02:28.2906166 +08:00 星期日 L System.Logging.ScheduleService[0] #18
      [Furion.Pure.dll] void Furion.Schedule.ScheduleLogger.Log(LogLevel logLevel, string message, object[] args, Exception ex)
      The JobDetail of <job_realtime> persist failed.      
      ++++++++++++++++++++++++++++++++++++++++++++++++++++++++
      System.AggregateException: One or more errors occurred. (由于连接方在一段时间后没有正确答复或连接的主机没有反应，连接尝试失败。)
       ---> System.Net.Sockets.SocketException (10060): 由于连接方在一段时间后没有正确答复或连接的主机没有反应，连接尝试失败。
         at System.Net.Sockets.Socket.AwaitableSocketAsyncEventArgs.System.Threading.Tasks.Sources.IValueTaskSource.GetResult(Int16 token)
         at System.Threading.Tasks.ValueTask.ValueTaskSourceAsTask.<>c.<.cctor>b__4_0(Object state)
      --- End of stack trace from previous location ---
         at System.Net.Sockets.TcpClient.CompleteConnectAsync(Task task)
         at NewLife.Caching.RedisClient.GetStreamAsync(Boolean create)
         at NewLife.Caching.RedisClient.ExecuteCommandAsync(String cmd, Object[] args, CancellationToken cancellationToken)
         at NewLife.Caching.RedisClient.ExecuteAsync(String cmd, Object[] args, CancellationToken cancellationToken)
         --- End of inner exception stack trace ---
         at System.Threading.Tasks.Task.ThrowIfExceptional(Boolean includeTaskCanceledExceptions)
         at NewLife.Caching.RedisClient.Execute[TResult](String cmd, Object[] args)
         at NewLife.Caching.Redis.Execute[TResult](Func`2 func)
         at NewLife.Caching.Redis.GetInfo(Boolean all)
         at NewLife.Caching.FullRedis.InitCluster()
         at NewLife.Caching.FullRedis.Search(SearchModel model)
         at Admin.NET.Core.Service.SysCacheService.GetKeysByPrefixKey(String prefixKey) in D:\work\chenyanyi\server\Admin.NET.Core\Service\Cache\SysCacheService.cs:line 126
         at Admin.NET.Core.SqlSugarCache.GetAllKey[V]() in D:\work\chenyanyi\server\Admin.NET.Core\Cache\SqlSugarCache.cs:line 44
         at SqlSugar.CacheSchemeMain.RemoveCache(ICacheService cacheService, String tableName)
         at SqlSugar.UpdateableProvider`1.<RemoveDataCache>b__144_0()
         at SqlSugar.UpdateableProvider`1.After(String sql)
         at SqlSugar.UpdateableProvider`1.ExecuteCommand()
         at Admin.NET.Core.Service.DbJobPersistence.OnChanged(PersistenceContext context) in D:\work\chenyanyi\server\Admin.NET.Core\Service\Job\DbJobPersistence.cs:line 146
         at Furion.Schedule.SchedulerFactory.ProcessQueue() in D:\work\chenyanyi\server\Plugins\Furion.Pure\Schedule\Factories\SchedulerFactory.Internal.cs:line 448
      ++++++++++++++++++++++++++++++++++++++++++++++++++++++++
fail: 2024-11-03 00:03:34.4611801 +08:00 星期日 L System.Logging.ScheduleService[0] #18
      [Furion.Pure.dll] void Furion.Schedule.ScheduleLogger.Log(LogLevel logLevel, string message, object[] args, Exception ex)
      Persistence of <trigger_realtime> trigger of <job_realtime> job failed.      
      ++++++++++++++++++++++++++++++++++++++++++++++++++++++++
      System.AggregateException: One or more errors occurred. (由于连接方在一段时间后没有正确答复或连接的主机没有反应，连接尝试失败。)
       ---> System.Net.Sockets.SocketException (10060): 由于连接方在一段时间后没有正确答复或连接的主机没有反应，连接尝试失败。
         at System.Net.Sockets.Socket.AwaitableSocketAsyncEventArgs.System.Threading.Tasks.Sources.IValueTaskSource.GetResult(Int16 token)
         at System.Threading.Tasks.ValueTask.ValueTaskSourceAsTask.<>c.<.cctor>b__4_0(Object state)
      --- End of stack trace from previous location ---
         at System.Net.Sockets.TcpClient.CompleteConnectAsync(Task task)
         at NewLife.Caching.RedisClient.GetStreamAsync(Boolean create)
         at NewLife.Caching.RedisClient.ExecuteCommandAsync(String cmd, Object[] args, CancellationToken cancellationToken)
         at NewLife.Caching.RedisClient.ExecuteAsync(String cmd, Object[] args, CancellationToken cancellationToken)
         --- End of inner exception stack trace ---
         at System.Threading.Tasks.Task.ThrowIfExceptional(Boolean includeTaskCanceledExceptions)
         at NewLife.Caching.RedisClient.Execute[TResult](String cmd, Object[] args)
         at NewLife.Caching.Redis.Execute[TResult](Func`2 func)
         at NewLife.Caching.Redis.GetInfo(Boolean all)
         at NewLife.Caching.FullRedis.InitCluster()
         at NewLife.Caching.FullRedis.Search(SearchModel model)
         at Admin.NET.Core.Service.SysCacheService.GetKeysByPrefixKey(String prefixKey) in D:\work\chenyanyi\server\Admin.NET.Core\Service\Cache\SysCacheService.cs:line 126
         at Admin.NET.Core.SqlSugarCache.GetAllKey[V]() in D:\work\chenyanyi\server\Admin.NET.Core\Cache\SqlSugarCache.cs:line 44
         at SqlSugar.CacheSchemeMain.RemoveCache(ICacheService cacheService, String tableName)
         at SqlSugar.UpdateableProvider`1.<RemoveDataCache>b__144_0()
         at SqlSugar.UpdateableProvider`1.After(String sql)
         at SqlSugar.UpdateableProvider`1.ExecuteCommand()
         at Admin.NET.Core.Service.DbJobPersistence.OnTriggerChanged(PersistenceTriggerContext context) in D:\work\chenyanyi\server\Admin.NET.Core\Service\Job\DbJobPersistence.cs:line 177
         at Furion.Schedule.SchedulerFactory.ProcessQueue() in D:\work\chenyanyi\server\Plugins\Furion.Pure\Schedule\Factories\SchedulerFactory.Internal.cs:line 445
      ++++++++++++++++++++++++++++++++++++++++++++++++++++++++
fail: 2024-11-03 21:38:45.3979471 +08:00 星期日 L System.Logging.ScheduleService[0] #22
      [Microsoft.Extensions.Logging.Abstractions.dll] void Microsoft.Extensions.Logging.LoggerExtensions.LogError(ILogger logger, Exception exception, string message, params object[] args)
      Error occurred executing in <job_onlineUser> 清理在线用户 [S] <job_onlineUser trigger_onlineUser> 1s 清理在线用户 1ts 2024-11-03 21:37:38.005 [Overrun].      
      ++++++++++++++++++++++++++++++++++++++++++++++++++++++++
      System.AggregateException: One or more errors occurred. (由于连接方在一段时间后没有正确答复或连接的主机没有反应，连接尝试失败。)
       ---> System.Net.Sockets.SocketException (10060): 由于连接方在一段时间后没有正确答复或连接的主机没有反应，连接尝试失败。
         at System.Net.Sockets.Socket.AwaitableSocketAsyncEventArgs.ThrowException(SocketError error, CancellationToken cancellationToken)
         at System.Net.Sockets.Socket.AwaitableSocketAsyncEventArgs.System.Threading.Tasks.Sources.IValueTaskSource.GetResult(Int16 token)
         at System.Threading.Tasks.ValueTask.ValueTaskSourceAsTask.<>c.<.cctor>b__4_0(Object state)
      --- End of stack trace from previous location ---
         at System.Net.Sockets.TcpClient.CompleteConnectAsync(Task task)
         at NewLife.Caching.RedisClient.GetStreamAsync(Boolean create)
         at NewLife.Caching.RedisClient.ExecuteCommandAsync(String cmd, Object[] args, CancellationToken cancellationToken)
         at NewLife.Caching.RedisClient.ExecuteAsync(String cmd, Object[] args, CancellationToken cancellationToken)
         --- End of inner exception stack trace ---
         at System.Threading.Tasks.Task.ThrowIfExceptional(Boolean includeTaskCanceledExceptions)
         at System.Threading.Tasks.Task`1.GetResultCore(Boolean waitCompletionNotification)
         at NewLife.Caching.RedisClient.Execute[TResult](String cmd, Object[] args)
         at NewLife.Caching.Redis.<>c.<GetInfo>b__109_1(RedisClient rds)
         at NewLife.Caching.Redis.Execute[TResult](Func`2 func)
         at NewLife.Caching.Redis.GetInfo(Boolean all)
         at NewLife.Caching.Redis.get_Info()
         at NewLife.Caching.FullRedis.InitCluster()
         at NewLife.Caching.FullRedis.Search(SearchModel model)
         at NewLife.Caching.FullRedis.Search(String pattern, Int32 count)
         at Admin.NET.Core.Service.SysCacheService.GetKeysByPrefixKey(String prefixKey) in D:\work\chenyanyi\server\Admin.NET.Core\Service\Cache\SysCacheService.cs:line 126
         at Admin.NET.Core.SqlSugarCache.GetAllKey[V]() in D:\work\chenyanyi\server\Admin.NET.Core\Cache\SqlSugarCache.cs:line 44
         at SqlSugar.CacheSchemeMain.RemoveCache(ICacheService cacheService, String tableName)
         at SqlSugar.DeleteableProvider`1.<RemoveDataCache>b__67_0()
         at SqlSugar.DeleteableProvider`1.After(String sql)
         at SqlSugar.DeleteableProvider`1.ExecuteCommandAsync()
         at Admin.NET.Core.OnlineUserJob.ExecuteAsync(JobExecutingContext context, CancellationToken stoppingToken) in D:\work\chenyanyi\server\Admin.NET.Core\Job\OnlineUserJob.cs:line 31
         at Furion.Schedule.ScheduleHostedService.<>c__DisplayClass25_3.<<BackgroundProcessing>b__3>d.MoveNext() in D:\work\chenyanyi\server\Plugins\Furion.Pure\Schedule\HostedServices\ScheduleHostedService.cs:line 252
      --- End of stack trace from previous location ---
         at Furion.FriendlyException.Retry.InvokeAsync(Func`1 action, Int32 numRetries, Int32 retryTimeout, Boolean finalThrow, Type[] exceptionTypes, Func`2 fallbackPolicy, Action`2 retryAction) in D:\work\chenyanyi\server\Plugins\Furion.Pure\FriendlyException\Retry.cs:line 79
         at Furion.Schedule.ScheduleHostedService.<>c__DisplayClass25_2.<<BackgroundProcessing>b__2>d.MoveNext() in D:\work\chenyanyi\server\Plugins\Furion.Pure\Schedule\HostedServices\ScheduleHostedService.cs:line 250
      ++++++++++++++++++++++++++++++++++++++++++++++++++++++++
fail: 2024-11-03 21:39:51.5557246 +08:00 星期日 L System.Logging.ScheduleService[0] #19
      [Furion.Pure.dll] void Furion.Schedule.ScheduleLogger.Log(LogLevel logLevel, string message, object[] args, Exception ex)
      The JobDetail of <job_log> persist failed.      
      ++++++++++++++++++++++++++++++++++++++++++++++++++++++++
      System.AggregateException: One or more errors occurred. (由于连接方在一段时间后没有正确答复或连接的主机没有反应，连接尝试失败。)
       ---> System.Net.Sockets.SocketException (10060): 由于连接方在一段时间后没有正确答复或连接的主机没有反应，连接尝试失败。
         at System.Net.Sockets.Socket.AwaitableSocketAsyncEventArgs.ThrowException(SocketError error, CancellationToken cancellationToken)
         at System.Net.Sockets.Socket.AwaitableSocketAsyncEventArgs.System.Threading.Tasks.Sources.IValueTaskSource.GetResult(Int16 token)
         at System.Threading.Tasks.ValueTask.ValueTaskSourceAsTask.<>c.<.cctor>b__4_0(Object state)
      --- End of stack trace from previous location ---
         at System.Net.Sockets.TcpClient.CompleteConnectAsync(Task task)
         at NewLife.Caching.RedisClient.GetStreamAsync(Boolean create)
         at NewLife.Caching.RedisClient.ExecuteCommandAsync(String cmd, Object[] args, CancellationToken cancellationToken)
         at NewLife.Caching.RedisClient.ExecuteAsync(String cmd, Object[] args, CancellationToken cancellationToken)
         --- End of inner exception stack trace ---
         at System.Threading.Tasks.Task.ThrowIfExceptional(Boolean includeTaskCanceledExceptions)
         at System.Threading.Tasks.Task`1.GetResultCore(Boolean waitCompletionNotification)
         at NewLife.Caching.RedisClient.Execute[TResult](String cmd, Object[] args)
         at NewLife.Caching.Redis.<>c.<GetInfo>b__109_1(RedisClient rds)
         at NewLife.Caching.Redis.Execute[TResult](Func`2 func)
         at NewLife.Caching.Redis.GetInfo(Boolean all)
         at NewLife.Caching.Redis.get_Info()
         at NewLife.Caching.FullRedis.InitCluster()
         at NewLife.Caching.FullRedis.Search(SearchModel model)
         at NewLife.Caching.FullRedis.Search(String pattern, Int32 count)
         at Admin.NET.Core.Service.SysCacheService.GetKeysByPrefixKey(String prefixKey) in D:\work\chenyanyi\server\Admin.NET.Core\Service\Cache\SysCacheService.cs:line 126
         at Admin.NET.Core.SqlSugarCache.GetAllKey[V]() in D:\work\chenyanyi\server\Admin.NET.Core\Cache\SqlSugarCache.cs:line 44
         at SqlSugar.CacheSchemeMain.RemoveCache(ICacheService cacheService, String tableName)
         at SqlSugar.UpdateableProvider`1.<RemoveDataCache>b__144_0()
         at SqlSugar.UpdateableProvider`1.After(String sql)
         at SqlSugar.UpdateableProvider`1.ExecuteCommand()
         at Admin.NET.Core.Service.DbJobPersistence.OnChanged(PersistenceContext context) in D:\work\chenyanyi\server\Admin.NET.Core\Service\Job\DbJobPersistence.cs:line 146
         at Furion.Schedule.SchedulerFactory.ProcessQueue() in D:\work\chenyanyi\server\Plugins\Furion.Pure\Schedule\Factories\SchedulerFactory.Internal.cs:line 448
      ++++++++++++++++++++++++++++++++++++++++++++++++++++++++
fail: 2024-11-03 22:02:41.3142458 +08:00 星期日 L System.Logging.ScheduleService[0] #18
      [Microsoft.Extensions.Logging.Abstractions.dll] void Microsoft.Extensions.Logging.LoggerExtensions.LogError(ILogger logger, Exception exception, string message, params object[] args)
      The JobDetail of <job_log> persist failed.      
      ++++++++++++++++++++++++++++++++++++++++++++++++++++++++
      System.AggregateException: One or more errors occurred. (由于连接方在一段时间后没有正确答复或连接的主机没有反应，连接尝试失败。)
       ---> System.Net.Sockets.SocketException (10060): 由于连接方在一段时间后没有正确答复或连接的主机没有反应，连接尝试失败。
         at System.Net.Sockets.Socket.AwaitableSocketAsyncEventArgs.ThrowException(SocketError error, CancellationToken cancellationToken)
         at System.Net.Sockets.Socket.AwaitableSocketAsyncEventArgs.System.Threading.Tasks.Sources.IValueTaskSource.GetResult(Int16 token)
         at System.Threading.Tasks.ValueTask.ValueTaskSourceAsTask.<>c.<.cctor>b__4_0(Object state)
      --- End of stack trace from previous location ---
         at System.Net.Sockets.TcpClient.CompleteConnectAsync(Task task)
         at NewLife.Caching.RedisClient.GetStreamAsync(Boolean create)
         at NewLife.Caching.RedisClient.ExecuteCommandAsync(String cmd, Object[] args, CancellationToken cancellationToken)
         at NewLife.Caching.RedisClient.ExecuteAsync(String cmd, Object[] args, CancellationToken cancellationToken)
         --- End of inner exception stack trace ---
         at System.Threading.Tasks.Task.ThrowIfExceptional(Boolean includeTaskCanceledExceptions)
         at System.Threading.Tasks.Task`1.GetResultCore(Boolean waitCompletionNotification)
         at NewLife.Caching.RedisClient.Execute[TResult](String cmd, Object[] args)
         at NewLife.Caching.Redis.<>c.<GetInfo>b__109_1(RedisClient rds)
         at NewLife.Caching.Redis.Execute[TResult](Func`2 func)
         at NewLife.Caching.Redis.GetInfo(Boolean all)
         at NewLife.Caching.Redis.get_Info()
         at NewLife.Caching.FullRedis.InitCluster()
         at NewLife.Caching.FullRedis.Search(SearchModel model)
         at NewLife.Caching.FullRedis.Search(String pattern, Int32 count)
         at Admin.NET.Core.Service.SysCacheService.GetKeysByPrefixKey(String prefixKey) in D:\work\chenyanyi\server\Admin.NET.Core\Service\Cache\SysCacheService.cs:line 126
         at Admin.NET.Core.SqlSugarCache.GetAllKey[V]() in D:\work\chenyanyi\server\Admin.NET.Core\Cache\SqlSugarCache.cs:line 44
         at SqlSugar.CacheSchemeMain.RemoveCache(ICacheService cacheService, String tableName)
         at SqlSugar.UpdateableProvider`1.<RemoveDataCache>b__144_0()
         at SqlSugar.UpdateableProvider`1.After(String sql)
         at SqlSugar.UpdateableProvider`1.ExecuteCommand()
         at Admin.NET.Core.Service.DbJobPersistence.OnChanged(PersistenceContext context) in D:\work\chenyanyi\server\Admin.NET.Core\Service\Job\DbJobPersistence.cs:line 146
         at Furion.Schedule.SchedulerFactory.ProcessQueue() in D:\work\chenyanyi\server\Plugins\Furion.Pure\Schedule\Factories\SchedulerFactory.Internal.cs:line 448
      ++++++++++++++++++++++++++++++++++++++++++++++++++++++++
fail: 2024-11-03 22:03:47.4439368 +08:00 星期日 L System.Logging.ScheduleService[0] #20
      [Furion.Pure.dll] void Furion.Schedule.ScheduleLogger.Log(LogLevel logLevel, string message, object[] args, Exception ex)
      Error occurred executing in <job_onlineUser> 清理在线用户 [S] <job_onlineUser trigger_onlineUser> 1s 清理在线用户 1ts 2024-11-03 22:01:33.963 [Overrun].      
      ++++++++++++++++++++++++++++++++++++++++++++++++++++++++
      System.AggregateException: One or more errors occurred. (由于连接方在一段时间后没有正确答复或连接的主机没有反应，连接尝试失败。)
       ---> System.Net.Sockets.SocketException (10060): 由于连接方在一段时间后没有正确答复或连接的主机没有反应，连接尝试失败。
         at System.Net.Sockets.Socket.AwaitableSocketAsyncEventArgs.ThrowException(SocketError error, CancellationToken cancellationToken)
         at System.Net.Sockets.Socket.AwaitableSocketAsyncEventArgs.System.Threading.Tasks.Sources.IValueTaskSource.GetResult(Int16 token)
         at System.Threading.Tasks.ValueTask.ValueTaskSourceAsTask.<>c.<.cctor>b__4_0(Object state)
      --- End of stack trace from previous location ---
         at System.Net.Sockets.TcpClient.CompleteConnectAsync(Task task)
         at NewLife.Caching.RedisClient.GetStreamAsync(Boolean create)
         at NewLife.Caching.RedisClient.ExecuteCommandAsync(String cmd, Object[] args, CancellationToken cancellationToken)
         at NewLife.Caching.RedisClient.ExecuteAsync(String cmd, Object[] args, CancellationToken cancellationToken)
         --- End of inner exception stack trace ---
         at System.Threading.Tasks.Task.ThrowIfExceptional(Boolean includeTaskCanceledExceptions)
         at System.Threading.Tasks.Task`1.GetResultCore(Boolean waitCompletionNotification)
         at NewLife.Caching.RedisClient.Execute[TResult](String cmd, Object[] args)
         at NewLife.Caching.Redis.<>c.<GetInfo>b__109_1(RedisClient rds)
         at NewLife.Caching.Redis.Execute[TResult](Func`2 func)
         at NewLife.Caching.Redis.GetInfo(Boolean all)
         at NewLife.Caching.Redis.get_Info()
         at NewLife.Caching.FullRedis.InitCluster()
         at NewLife.Caching.FullRedis.Search(SearchModel model)
         at NewLife.Caching.FullRedis.Search(String pattern, Int32 count)
         at Admin.NET.Core.Service.SysCacheService.GetKeysByPrefixKey(String prefixKey) in D:\work\chenyanyi\server\Admin.NET.Core\Service\Cache\SysCacheService.cs:line 126
         at Admin.NET.Core.SqlSugarCache.GetAllKey[V]() in D:\work\chenyanyi\server\Admin.NET.Core\Cache\SqlSugarCache.cs:line 44
         at SqlSugar.CacheSchemeMain.RemoveCache(ICacheService cacheService, String tableName)
         at SqlSugar.DeleteableProvider`1.<RemoveDataCache>b__67_0()
         at SqlSugar.DeleteableProvider`1.After(String sql)
         at SqlSugar.DeleteableProvider`1.ExecuteCommandAsync()
         at Admin.NET.Core.OnlineUserJob.ExecuteAsync(JobExecutingContext context, CancellationToken stoppingToken) in D:\work\chenyanyi\server\Admin.NET.Core\Job\OnlineUserJob.cs:line 31
         at Furion.Schedule.ScheduleHostedService.<>c__DisplayClass25_3.<<BackgroundProcessing>b__3>d.MoveNext() in D:\work\chenyanyi\server\Plugins\Furion.Pure\Schedule\HostedServices\ScheduleHostedService.cs:line 252
      --- End of stack trace from previous location ---
         at Furion.FriendlyException.Retry.InvokeAsync(Func`1 action, Int32 numRetries, Int32 retryTimeout, Boolean finalThrow, Type[] exceptionTypes, Func`2 fallbackPolicy, Action`2 retryAction) in D:\work\chenyanyi\server\Plugins\Furion.Pure\FriendlyException\Retry.cs:line 79
         at Furion.Schedule.ScheduleHostedService.<>c__DisplayClass25_2.<<BackgroundProcessing>b__2>d.MoveNext() in D:\work\chenyanyi\server\Plugins\Furion.Pure\Schedule\HostedServices\ScheduleHostedService.cs:line 250
      ++++++++++++++++++++++++++++++++++++++++++++++++++++++++
fail: 2024-11-03 22:47:10.9058529 +08:00 星期日 L System.Logging.ScheduleService[0] #19
      [Microsoft.Extensions.Logging.Abstractions.dll] void Microsoft.Extensions.Logging.LoggerExtensions.LogError(ILogger logger, Exception exception, string message, params object[] args)
      The JobDetail of <job_log> persist failed.      
      ++++++++++++++++++++++++++++++++++++++++++++++++++++++++
      System.AggregateException: One or more errors occurred. (由于连接方在一段时间后没有正确答复或连接的主机没有反应，连接尝试失败。)
       ---> System.Net.Sockets.SocketException (10060): 由于连接方在一段时间后没有正确答复或连接的主机没有反应，连接尝试失败。
         at System.Net.Sockets.Socket.AwaitableSocketAsyncEventArgs.ThrowException(SocketError error, CancellationToken cancellationToken)
         at System.Net.Sockets.Socket.AwaitableSocketAsyncEventArgs.System.Threading.Tasks.Sources.IValueTaskSource.GetResult(Int16 token)
         at System.Threading.Tasks.ValueTask.ValueTaskSourceAsTask.<>c.<.cctor>b__4_0(Object state)
      --- End of stack trace from previous location ---
         at System.Net.Sockets.TcpClient.CompleteConnectAsync(Task task)
         at NewLife.Caching.RedisClient.GetStreamAsync(Boolean create)
         at NewLife.Caching.RedisClient.ExecuteCommandAsync(String cmd, Object[] args, CancellationToken cancellationToken)
         at NewLife.Caching.RedisClient.ExecuteAsync(String cmd, Object[] args, CancellationToken cancellationToken)
         --- End of inner exception stack trace ---
         at System.Threading.Tasks.Task.ThrowIfExceptional(Boolean includeTaskCanceledExceptions)
         at System.Threading.Tasks.Task`1.GetResultCore(Boolean waitCompletionNotification)
         at NewLife.Caching.RedisClient.Execute[TResult](String cmd, Object[] args)
         at NewLife.Caching.Redis.<>c.<GetInfo>b__109_1(RedisClient rds)
         at NewLife.Caching.Redis.Execute[TResult](Func`2 func)
         at NewLife.Caching.Redis.GetInfo(Boolean all)
         at NewLife.Caching.Redis.get_Info()
         at NewLife.Caching.FullRedis.InitCluster()
         at NewLife.Caching.FullRedis.Search(SearchModel model)
         at NewLife.Caching.FullRedis.Search(String pattern, Int32 count)
         at Admin.NET.Core.Service.SysCacheService.GetKeysByPrefixKey(String prefixKey) in D:\work\chenyanyi\server\Admin.NET.Core\Service\Cache\SysCacheService.cs:line 126
         at Admin.NET.Core.SqlSugarCache.GetAllKey[V]() in D:\work\chenyanyi\server\Admin.NET.Core\Cache\SqlSugarCache.cs:line 44
         at SqlSugar.CacheSchemeMain.RemoveCache(ICacheService cacheService, String tableName)
         at SqlSugar.UpdateableProvider`1.<RemoveDataCache>b__144_0()
         at SqlSugar.UpdateableProvider`1.After(String sql)
         at SqlSugar.UpdateableProvider`1.ExecuteCommand()
         at Admin.NET.Core.Service.DbJobPersistence.OnChanged(PersistenceContext context) in D:\work\chenyanyi\server\Admin.NET.Core\Service\Job\DbJobPersistence.cs:line 146
         at Furion.Schedule.SchedulerFactory.ProcessQueue() in D:\work\chenyanyi\server\Plugins\Furion.Pure\Schedule\Factories\SchedulerFactory.Internal.cs:line 448
      ++++++++++++++++++++++++++++++++++++++++++++++++++++++++
fail: 2024-11-03 22:48:17.0485710 +08:00 星期日 L System.Logging.ScheduleService[0] #4
      [Furion.Pure.dll] void Furion.Schedule.ScheduleLogger.Log(LogLevel logLevel, string message, object[] args, Exception ex)
      Error occurred executing in <job_onlineUser> 清理在线用户 [S] <job_onlineUser trigger_onlineUser> 1s 清理在线用户 1ts 2024-11-03 22:46:03.545 [Overrun].      
      ++++++++++++++++++++++++++++++++++++++++++++++++++++++++
      System.AggregateException: One or more errors occurred. (由于连接方在一段时间后没有正确答复或连接的主机没有反应，连接尝试失败。)
       ---> System.Net.Sockets.SocketException (10060): 由于连接方在一段时间后没有正确答复或连接的主机没有反应，连接尝试失败。
         at System.Net.Sockets.Socket.AwaitableSocketAsyncEventArgs.ThrowException(SocketError error, CancellationToken cancellationToken)
         at System.Net.Sockets.Socket.AwaitableSocketAsyncEventArgs.System.Threading.Tasks.Sources.IValueTaskSource.GetResult(Int16 token)
         at System.Threading.Tasks.ValueTask.ValueTaskSourceAsTask.<>c.<.cctor>b__4_0(Object state)
      --- End of stack trace from previous location ---
         at System.Net.Sockets.TcpClient.CompleteConnectAsync(Task task)
         at NewLife.Caching.RedisClient.GetStreamAsync(Boolean create)
         at NewLife.Caching.RedisClient.ExecuteCommandAsync(String cmd, Object[] args, CancellationToken cancellationToken)
         at NewLife.Caching.RedisClient.ExecuteAsync(String cmd, Object[] args, CancellationToken cancellationToken)
         --- End of inner exception stack trace ---
         at System.Threading.Tasks.Task.ThrowIfExceptional(Boolean includeTaskCanceledExceptions)
         at System.Threading.Tasks.Task`1.GetResultCore(Boolean waitCompletionNotification)
         at NewLife.Caching.RedisClient.Execute[TResult](String cmd, Object[] args)
         at NewLife.Caching.Redis.<>c.<GetInfo>b__109_1(RedisClient rds)
         at NewLife.Caching.Redis.Execute[TResult](Func`2 func)
         at NewLife.Caching.Redis.GetInfo(Boolean all)
         at NewLife.Caching.Redis.get_Info()
         at NewLife.Caching.FullRedis.InitCluster()
         at NewLife.Caching.FullRedis.Search(SearchModel model)
         at NewLife.Caching.FullRedis.Search(String pattern, Int32 count)
         at Admin.NET.Core.Service.SysCacheService.GetKeysByPrefixKey(String prefixKey) in D:\work\chenyanyi\server\Admin.NET.Core\Service\Cache\SysCacheService.cs:line 126
         at Admin.NET.Core.SqlSugarCache.GetAllKey[V]() in D:\work\chenyanyi\server\Admin.NET.Core\Cache\SqlSugarCache.cs:line 44
         at SqlSugar.CacheSchemeMain.RemoveCache(ICacheService cacheService, String tableName)
         at SqlSugar.DeleteableProvider`1.<RemoveDataCache>b__67_0()
         at SqlSugar.DeleteableProvider`1.After(String sql)
         at SqlSugar.DeleteableProvider`1.ExecuteCommandAsync()
         at Admin.NET.Core.OnlineUserJob.ExecuteAsync(JobExecutingContext context, CancellationToken stoppingToken) in D:\work\chenyanyi\server\Admin.NET.Core\Job\OnlineUserJob.cs:line 31
         at Furion.Schedule.ScheduleHostedService.<>c__DisplayClass25_3.<<BackgroundProcessing>b__3>d.MoveNext() in D:\work\chenyanyi\server\Plugins\Furion.Pure\Schedule\HostedServices\ScheduleHostedService.cs:line 252
      --- End of stack trace from previous location ---
         at Furion.FriendlyException.Retry.InvokeAsync(Func`1 action, Int32 numRetries, Int32 retryTimeout, Boolean finalThrow, Type[] exceptionTypes, Func`2 fallbackPolicy, Action`2 retryAction) in D:\work\chenyanyi\server\Plugins\Furion.Pure\FriendlyException\Retry.cs:line 79
         at Furion.Schedule.ScheduleHostedService.<>c__DisplayClass25_2.<<BackgroundProcessing>b__2>d.MoveNext() in D:\work\chenyanyi\server\Plugins\Furion.Pure\Schedule\HostedServices\ScheduleHostedService.cs:line 250
      ++++++++++++++++++++++++++++++++++++++++++++++++++++++++
fail: 2024-11-03 22:49:23.1760456 +08:00 星期日 L System.Logging.ScheduleService[0] #19
      [Furion.Pure.dll] void Furion.Schedule.ScheduleLogger.Log(LogLevel logLevel, string message, object[] args, Exception ex)
      Persistence of <trigger_log> trigger of <job_log> job failed.      
      ++++++++++++++++++++++++++++++++++++++++++++++++++++++++
      System.AggregateException: One or more errors occurred. (由于连接方在一段时间后没有正确答复或连接的主机没有反应，连接尝试失败。)
       ---> System.Net.Sockets.SocketException (10060): 由于连接方在一段时间后没有正确答复或连接的主机没有反应，连接尝试失败。
         at System.Net.Sockets.Socket.AwaitableSocketAsyncEventArgs.ThrowException(SocketError error, CancellationToken cancellationToken)
         at System.Net.Sockets.Socket.AwaitableSocketAsyncEventArgs.System.Threading.Tasks.Sources.IValueTaskSource.GetResult(Int16 token)
         at System.Threading.Tasks.ValueTask.ValueTaskSourceAsTask.<>c.<.cctor>b__4_0(Object state)
      --- End of stack trace from previous location ---
         at System.Net.Sockets.TcpClient.CompleteConnectAsync(Task task)
         at NewLife.Caching.RedisClient.GetStreamAsync(Boolean create)
         at NewLife.Caching.RedisClient.ExecuteCommandAsync(String cmd, Object[] args, CancellationToken cancellationToken)
         at NewLife.Caching.RedisClient.ExecuteAsync(String cmd, Object[] args, CancellationToken cancellationToken)
         --- End of inner exception stack trace ---
         at System.Threading.Tasks.Task.ThrowIfExceptional(Boolean includeTaskCanceledExceptions)
         at System.Threading.Tasks.Task`1.GetResultCore(Boolean waitCompletionNotification)
         at NewLife.Caching.RedisClient.Execute[TResult](String cmd, Object[] args)
         at NewLife.Caching.Redis.<>c.<GetInfo>b__109_1(RedisClient rds)
         at NewLife.Caching.Redis.Execute[TResult](Func`2 func)
         at NewLife.Caching.Redis.GetInfo(Boolean all)
         at NewLife.Caching.Redis.get_Info()
         at NewLife.Caching.FullRedis.InitCluster()
         at NewLife.Caching.FullRedis.Search(SearchModel model)
         at NewLife.Caching.FullRedis.Search(String pattern, Int32 count)
         at Admin.NET.Core.Service.SysCacheService.GetKeysByPrefixKey(String prefixKey) in D:\work\chenyanyi\server\Admin.NET.Core\Service\Cache\SysCacheService.cs:line 126
         at Admin.NET.Core.SqlSugarCache.GetAllKey[V]() in D:\work\chenyanyi\server\Admin.NET.Core\Cache\SqlSugarCache.cs:line 44
         at SqlSugar.CacheSchemeMain.RemoveCache(ICacheService cacheService, String tableName)
         at SqlSugar.UpdateableProvider`1.<RemoveDataCache>b__144_0()
         at SqlSugar.UpdateableProvider`1.After(String sql)
         at SqlSugar.UpdateableProvider`1.ExecuteCommand()
         at Admin.NET.Core.Service.DbJobPersistence.OnTriggerChanged(PersistenceTriggerContext context) in D:\work\chenyanyi\server\Admin.NET.Core\Service\Job\DbJobPersistence.cs:line 177
         at Furion.Schedule.SchedulerFactory.ProcessQueue() in D:\work\chenyanyi\server\Plugins\Furion.Pure\Schedule\Factories\SchedulerFactory.Internal.cs:line 445
      ++++++++++++++++++++++++++++++++++++++++++++++++++++++++
fail: 2024-11-03 22:50:29.8006629 +08:00 星期日 L System.Logging.ScheduleService[0] #19
      [Furion.Pure.dll] void Furion.Schedule.ScheduleLogger.Log(LogLevel logLevel, string message, object[] args, Exception ex)
      The JobDetail of <job_onlineUser> persist failed.      
      ++++++++++++++++++++++++++++++++++++++++++++++++++++++++
      System.AggregateException: One or more errors occurred. (由于连接方在一段时间后没有正确答复或连接的主机没有反应，连接尝试失败。)
       ---> System.Net.Sockets.SocketException (10060): 由于连接方在一段时间后没有正确答复或连接的主机没有反应，连接尝试失败。
         at System.Net.Sockets.Socket.AwaitableSocketAsyncEventArgs.ThrowException(SocketError error, CancellationToken cancellationToken)
         at System.Net.Sockets.Socket.AwaitableSocketAsyncEventArgs.System.Threading.Tasks.Sources.IValueTaskSource.GetResult(Int16 token)
         at System.Threading.Tasks.ValueTask.ValueTaskSourceAsTask.<>c.<.cctor>b__4_0(Object state)
      --- End of stack trace from previous location ---
         at System.Net.Sockets.TcpClient.CompleteConnectAsync(Task task)
         at NewLife.Caching.RedisClient.GetStreamAsync(Boolean create)
         at NewLife.Caching.RedisClient.ExecuteCommandAsync(String cmd, Object[] args, CancellationToken cancellationToken)
         at NewLife.Caching.RedisClient.ExecuteAsync(String cmd, Object[] args, CancellationToken cancellationToken)
         --- End of inner exception stack trace ---
         at System.Threading.Tasks.Task.ThrowIfExceptional(Boolean includeTaskCanceledExceptions)
         at System.Threading.Tasks.Task`1.GetResultCore(Boolean waitCompletionNotification)
         at NewLife.Caching.RedisClient.Execute[TResult](String cmd, Object[] args)
         at NewLife.Caching.Redis.<>c.<GetInfo>b__109_1(RedisClient rds)
         at NewLife.Caching.Redis.Execute[TResult](Func`2 func)
         at NewLife.Caching.Redis.GetInfo(Boolean all)
         at NewLife.Caching.Redis.get_Info()
         at NewLife.Caching.FullRedis.InitCluster()
         at NewLife.Caching.FullRedis.Search(SearchModel model)
         at NewLife.Caching.FullRedis.Search(String pattern, Int32 count)
         at Admin.NET.Core.Service.SysCacheService.GetKeysByPrefixKey(String prefixKey) in D:\work\chenyanyi\server\Admin.NET.Core\Service\Cache\SysCacheService.cs:line 126
         at Admin.NET.Core.SqlSugarCache.GetAllKey[V]() in D:\work\chenyanyi\server\Admin.NET.Core\Cache\SqlSugarCache.cs:line 44
         at SqlSugar.CacheSchemeMain.RemoveCache(ICacheService cacheService, String tableName)
         at SqlSugar.UpdateableProvider`1.<RemoveDataCache>b__144_0()
         at SqlSugar.UpdateableProvider`1.After(String sql)
         at SqlSugar.UpdateableProvider`1.ExecuteCommand()
         at Admin.NET.Core.Service.DbJobPersistence.OnChanged(PersistenceContext context) in D:\work\chenyanyi\server\Admin.NET.Core\Service\Job\DbJobPersistence.cs:line 146
         at Furion.Schedule.SchedulerFactory.ProcessQueue() in D:\work\chenyanyi\server\Plugins\Furion.Pure\Schedule\Factories\SchedulerFactory.Internal.cs:line 448
      ++++++++++++++++++++++++++++++++++++++++++++++++++++++++
