warn: 2024-12-31 18:23:44.0224427 +08:00 星期二 L System.Logging.ScheduleService[0] #1
      [Furion.Pure.dll] void Furion.Schedule.ScheduleLogger.Log(LogLevel logLevel, string message, object[] args, Exception ex)
      Schedule hosted service preload completed, and a total of <2> schedulers are appended.
warn: 2024-12-31 20:52:49.0195378 +08:00 星期二 L System.Logging.ScheduleService[0] #1
      [Furion.Pure.dll] void Furion.Schedule.ScheduleLogger.Log(LogLevel logLevel, string message, object[] args, Exception ex)
      Schedule hosted service preload completed, and a total of <2> schedulers are appended.
warn: 2024-12-31 20:59:35.9912866 +08:00 星期二 L System.Logging.ScheduleService[0] #1
      [Furion.Pure.dll] void Furion.Schedule.ScheduleLogger.Log(LogLevel logLevel, string message, object[] args, Exception ex)
      Schedule hosted service preload completed, and a total of <2> schedulers are appended.
warn: 2024-12-31 21:04:22.0316691 +08:00 星期二 L System.Logging.ScheduleService[0] #1
      [Furion.Pure.dll] void Furion.Schedule.ScheduleLogger.Log(LogLevel logLevel, string message, object[] args, Exception ex)
      Schedule hosted service preload completed, and a total of <2> schedulers are appended.
warn: 2024-12-31 22:21:20.9620995 +08:00 星期二 L System.Logging.ScheduleService[0] #1
      [Furion.Pure.dll] void Furion.Schedule.ScheduleLogger.Log(LogLevel logLevel, string message, object[] args, Exception ex)
      Schedule hosted service preload completed, and a total of <2> schedulers are appended.
warn: 2024-12-31 22:23:13.9544135 +08:00 星期二 L System.Logging.ScheduleService[0] #1
      [Furion.Pure.dll] void Furion.Schedule.ScheduleLogger.Log(LogLevel logLevel, string message, object[] args, Exception ex)
      Schedule hosted service preload completed, and a total of <2> schedulers are appended.
warn: 2024-12-31 22:33:59.2638749 +08:00 星期二 L System.Logging.ScheduleService[0] #1
      [Furion.Pure.dll] void Furion.Schedule.ScheduleLogger.Log(LogLevel logLevel, string message, object[] args, Exception ex)
      Schedule hosted service preload completed, and a total of <0> schedulers are appended.
warn: 2024-12-31 22:33:59.2782328 +08:00 星期二 L System.Logging.ScheduleService[0] #1
      [Furion.Pure.dll] void Furion.Schedule.ScheduleLogger.Log(LogLevel logLevel, string message, object[] args, Exception ex)
      Schedule hosted service will sleep until it wakes up.
warn: 2024-12-31 22:43:34.5237040 +08:00 星期二 L System.Logging.ScheduleService[0] #1
      [Furion.Pure.dll] void Furion.Schedule.ScheduleLogger.Log(LogLevel logLevel, string message, object[] args, Exception ex)
      Schedule hosted service preload completed, and a total of <2> schedulers are appended.
warn: 2024-12-31 22:56:40.6527612 +08:00 星期二 L System.Logging.ScheduleService[0] #1
      [Furion.Pure.dll] void Furion.Schedule.ScheduleLogger.Log(LogLevel logLevel, string message, object[] args, Exception ex)
      Schedule hosted service preload completed, and a total of <2> schedulers are appended.
warn: 2024-12-31 22:56:51.2691048 +08:00 星期二 L Microsoft.AspNetCore.Diagnostics.ExceptionHandlerMiddleware[2] #10 '00-9a6979db05c0b69f9b86f15dc6c15e8c-b3f23339a23fcae1-00'
      [Microsoft.AspNetCore.Diagnostics.dll] async Task Microsoft.AspNetCore.Diagnostics.ExceptionHandlerMiddlewareImpl.HandleException(HttpContext context, ExceptionDispatchInfo edi)
      The response has already started, the error handler will not be executed.
warn: 2024-12-31 22:58:20.4780063 +08:00 星期二 L Microsoft.AspNetCore.Diagnostics.ExceptionHandlerMiddleware[2] #3 '00-a6b638efd978e0d70987306b7d1e758b-76c1739a94038b3b-00'
      [Microsoft.AspNetCore.Diagnostics.dll] async Task Microsoft.AspNetCore.Diagnostics.ExceptionHandlerMiddlewareImpl.HandleException(HttpContext context, ExceptionDispatchInfo edi)
      The response has already started, the error handler will not be executed.
warn: 2024-12-31 23:00:38.1695235 +08:00 星期二 L Microsoft.AspNetCore.Diagnostics.ExceptionHandlerMiddleware[2] #21 '00-4187173cca4986e4a3d1a8fd9f6a3b75-0c6f906a4c90f758-00'
      [Microsoft.AspNetCore.Diagnostics.dll] async Task Microsoft.AspNetCore.Diagnostics.ExceptionHandlerMiddlewareImpl.HandleException(HttpContext context, ExceptionDispatchInfo edi)
      The response has already started, the error handler will not be executed.
warn: 2024-12-31 23:01:52.2302692 +08:00 星期二 L Microsoft.AspNetCore.Diagnostics.ExceptionHandlerMiddleware[2] #22 '00-d58aae46946b4453403b4931ab711103-f2c02b7d0eaaa5e1-00'
      [Microsoft.AspNetCore.Diagnostics.dll] async Task Microsoft.AspNetCore.Diagnostics.ExceptionHandlerMiddlewareImpl.HandleException(HttpContext context, ExceptionDispatchInfo edi)
      The response has already started, the error handler will not be executed.
warn: 2024-12-31 23:07:44.6835722 +08:00 星期二 L Microsoft.AspNetCore.Diagnostics.ExceptionHandlerMiddleware[2] #38 '00-db97d332741be6dd8f55636d50e83f94-34afc59b4c776e85-00'
      [Microsoft.AspNetCore.Diagnostics.dll] async Task Microsoft.AspNetCore.Diagnostics.ExceptionHandlerMiddlewareImpl.HandleException(HttpContext context, ExceptionDispatchInfo edi)
      The response has already started, the error handler will not be executed.
warn: 2024-12-31 23:08:21.3530069 +08:00 星期二 L Microsoft.AspNetCore.Diagnostics.ExceptionHandlerMiddleware[2] #38 '00-87b193f2a29873d421330dc5641c3fa5-5761b2e2be8f6f43-00'
      [Microsoft.AspNetCore.Diagnostics.dll] async Task Microsoft.AspNetCore.Diagnostics.ExceptionHandlerMiddlewareImpl.HandleException(HttpContext context, ExceptionDispatchInfo edi)
      The response has already started, the error handler will not be executed.
warn: 2024-12-31 23:08:37.5117896 +08:00 星期二 L Microsoft.AspNetCore.Diagnostics.ExceptionHandlerMiddleware[2] #38 '00-4b0aed58cb7a8634f8d899b8c87412dd-e48d5f72f357c828-00'
      [Microsoft.AspNetCore.Diagnostics.dll] async Task Microsoft.AspNetCore.Diagnostics.ExceptionHandlerMiddlewareImpl.HandleException(HttpContext context, ExceptionDispatchInfo edi)
      The response has already started, the error handler will not be executed.
warn: 2024-12-31 23:09:33.6682603 +08:00 星期二 L Microsoft.AspNetCore.Diagnostics.ExceptionHandlerMiddleware[2] #41 '00-42cf1dcaa92d4e210c62af1a71d399b7-8aff988f49751b32-00'
      [Microsoft.AspNetCore.Diagnostics.dll] async Task Microsoft.AspNetCore.Diagnostics.ExceptionHandlerMiddlewareImpl.HandleException(HttpContext context, ExceptionDispatchInfo edi)
      The response has already started, the error handler will not be executed.
warn: 2024-12-31 23:10:11.3796663 +08:00 星期二 L Microsoft.AspNetCore.Diagnostics.ExceptionHandlerMiddleware[2] #37 '00-9cbbf03af825e5cc48b3a920ee596dad-02376e58cb576b2b-00'
      [Microsoft.AspNetCore.Diagnostics.dll] async Task Microsoft.AspNetCore.Diagnostics.ExceptionHandlerMiddlewareImpl.HandleException(HttpContext context, ExceptionDispatchInfo edi)
      The response has already started, the error handler will not be executed.
warn: 2024-12-31 23:14:46.7690381 +08:00 星期二 L Microsoft.AspNetCore.Diagnostics.ExceptionHandlerMiddleware[2] #40 '00-58e9e2b5f916135e3885927165747ff3-7c285fcb152731b4-00'
      [Microsoft.AspNetCore.Diagnostics.dll] async Task Microsoft.AspNetCore.Diagnostics.ExceptionHandlerMiddlewareImpl.HandleException(HttpContext context, ExceptionDispatchInfo edi)
      The response has already started, the error handler will not be executed.
warn: 2024-12-31 23:18:37.8274535 +08:00 星期二 L Microsoft.AspNetCore.Diagnostics.ExceptionHandlerMiddleware[2] #4 '00-3ba56f8b85828cb3ca860316870a0ed9-ea4330efada0cfb5-00'
      [Microsoft.AspNetCore.Diagnostics.dll] async Task Microsoft.AspNetCore.Diagnostics.ExceptionHandlerMiddlewareImpl.HandleException(HttpContext context, ExceptionDispatchInfo edi)
      The response has already started, the error handler will not be executed.
warn: 2024-12-31 23:24:29.0772038 +08:00 星期二 L Microsoft.AspNetCore.Diagnostics.ExceptionHandlerMiddleware[2] #26 '00-469bd9686154705be9af73425f24d3ab-af5de483aa787f63-00'
      [Microsoft.AspNetCore.Diagnostics.dll] async Task Microsoft.AspNetCore.Diagnostics.ExceptionHandlerMiddlewareImpl.HandleException(HttpContext context, ExceptionDispatchInfo edi)
      The response has already started, the error handler will not be executed.
warn: 2024-12-31 23:25:13.4367914 +08:00 星期二 L Microsoft.AspNetCore.Diagnostics.ExceptionHandlerMiddleware[2] #3 '00-2939ce7c5b5f6d0ce4e993a3083274ae-cf5f233f010da51e-00'
      [Microsoft.AspNetCore.Diagnostics.dll] async Task Microsoft.AspNetCore.Diagnostics.ExceptionHandlerMiddlewareImpl.HandleException(HttpContext context, ExceptionDispatchInfo edi)
      The response has already started, the error handler will not be executed.
warn: 2024-12-31 23:30:01.6675954 +08:00 星期二 L Microsoft.AspNetCore.Diagnostics.ExceptionHandlerMiddleware[2] #36 '00-ffa1615d0137779cc4197a436d12aac0-1db18c8ee5292399-00'
      [Microsoft.AspNetCore.Diagnostics.dll] async Task Microsoft.AspNetCore.Diagnostics.ExceptionHandlerMiddlewareImpl.HandleException(HttpContext context, ExceptionDispatchInfo edi)
      The response has already started, the error handler will not be executed.
warn: 2024-12-31 23:33:36.1425201 +08:00 星期二 L System.Logging.ScheduleService[0] #1
      [Furion.Pure.dll] void Furion.Schedule.ScheduleLogger.Log(LogLevel logLevel, string message, object[] args, Exception ex)
      Schedule hosted service preload completed, and a total of <2> schedulers are appended.
warn: 2024-12-31 23:33:44.5303721 +08:00 星期二 L Microsoft.AspNetCore.Diagnostics.ExceptionHandlerMiddleware[2] #24 '00-8df517953eba14b86c0eda1e7c5c9307-43ed987b82924314-00'
      [Microsoft.AspNetCore.Diagnostics.dll] async Task Microsoft.AspNetCore.Diagnostics.ExceptionHandlerMiddlewareImpl.HandleException(HttpContext context, ExceptionDispatchInfo edi)
      The response has already started, the error handler will not be executed.
warn: 2024-12-31 23:36:00.6003041 +08:00 星期二 L Microsoft.AspNetCore.Diagnostics.ExceptionHandlerMiddleware[2] #13 '00-d50a28cca219706fac9a1b267d33bdd2-87672fa7656c0841-00'
      [Microsoft.AspNetCore.Diagnostics.dll] async Task Microsoft.AspNetCore.Diagnostics.ExceptionHandlerMiddlewareImpl.HandleException(HttpContext context, ExceptionDispatchInfo edi)
      The response has already started, the error handler will not be executed.
warn: 2024-12-31 23:38:55.2779283 +08:00 星期二 L Microsoft.AspNetCore.Diagnostics.ExceptionHandlerMiddleware[2] #24 '00-24d11656a0d9727ae417d665955e137d-a5c184e1722dca3c-00'
      [Microsoft.AspNetCore.Diagnostics.dll] async Task Microsoft.AspNetCore.Diagnostics.ExceptionHandlerMiddlewareImpl.HandleException(HttpContext context, ExceptionDispatchInfo edi)
      The response has already started, the error handler will not be executed.
warn: 2024-12-31 23:49:30.4157254 +08:00 星期二 L Microsoft.AspNetCore.Diagnostics.ExceptionHandlerMiddleware[2] #9 '00-8c73ffd03c5f744d065d5c99dcdcd447-718b9ab48debdeed-00'
      [Microsoft.AspNetCore.Diagnostics.dll] async Task Microsoft.AspNetCore.Diagnostics.ExceptionHandlerMiddlewareImpl.HandleException(HttpContext context, ExceptionDispatchInfo edi)
      The response has already started, the error handler will not be executed.
warn: 2024-12-31 23:51:35.6710702 +08:00 星期二 L Microsoft.AspNetCore.Diagnostics.ExceptionHandlerMiddleware[2] #3 '00-39ce514fbe7eaa21e8c248ea39b7cc85-d283cd5df30f1159-00'
      [Microsoft.AspNetCore.Diagnostics.dll] async Task Microsoft.AspNetCore.Diagnostics.ExceptionHandlerMiddlewareImpl.HandleException(HttpContext context, ExceptionDispatchInfo edi)
      The response has already started, the error handler will not be executed.
warn: 2024-12-31 23:55:51.9307831 +08:00 星期二 L Microsoft.AspNetCore.Diagnostics.ExceptionHandlerMiddleware[2] #24 '00-44938318d999a0a2d8dd9386d48b66e9-d738321bafcecba0-00'
      [Microsoft.AspNetCore.Diagnostics.dll] async Task Microsoft.AspNetCore.Diagnostics.ExceptionHandlerMiddlewareImpl.HandleException(HttpContext context, ExceptionDispatchInfo edi)
      The response has already started, the error handler will not be executed.
warn: 2024-12-31 23:57:25.0768566 +08:00 星期二 L Microsoft.AspNetCore.Diagnostics.ExceptionHandlerMiddleware[2] #4 '00-aa5022e3f9c936ffc91b5679e2df38c4-8b105f99f896f401-00'
      [Microsoft.AspNetCore.Diagnostics.dll] async Task Microsoft.AspNetCore.Diagnostics.ExceptionHandlerMiddlewareImpl.HandleException(HttpContext context, ExceptionDispatchInfo edi)
      The response has already started, the error handler will not be executed.
warn: 2024-12-31 23:58:48.4227883 +08:00 星期二 L Microsoft.AspNetCore.Diagnostics.ExceptionHandlerMiddleware[2] #4 '00-141c13d69bf506465e76999e96aca21c-3ebd391a3647d685-00'
      [Microsoft.AspNetCore.Diagnostics.dll] async Task Microsoft.AspNetCore.Diagnostics.ExceptionHandlerMiddlewareImpl.HandleException(HttpContext context, ExceptionDispatchInfo edi)
      The response has already started, the error handler will not be executed.
