info: 2024-05-24 20:53:29.8839463 +08:00 星期五 L System.Logging.TaskQueueService[0] #1
      [Furion.Pure.dll] async Task Furion.TaskQueue.TaskQueueHostedService.ExecuteAsync(CancellationToken stoppingToken)
      TaskQueue hosted service is running.
info: 2024-05-24 20:53:29.9176376 +08:00 星期五 L System.Logging.ScheduleService[0] #1
      [Furion.Pure.dll] void Furion.Schedule.ScheduleLogger.LogInformation(string message, params object[] args)
      Schedule hosted service is running.
info: 2024-05-24 20:53:29.9200381 +08:00 星期五 L System.Logging.ScheduleService[0] #1
      [Furion.Pure.dll] void Furion.Schedule.ScheduleLogger.LogInformation(string message, params object[] args)
      Schedule hosted service is preloading...
info: 2024-05-24 20:53:30.7461806 +08:00 星期五 L System.Logging.ScheduleService[0] #1
      [Furion.Pure.dll] void Furion.Schedule.ScheduleLogger.LogInformation(string message, params object[] args)
      The <trigger_log> trigger for scheduler of <job_log> successfully appended and updated to the schedule.
info: 2024-05-24 20:53:30.7474973 +08:00 星期五 L System.Logging.ScheduleService[0] #1
      [Furion.Pure.dll] void Furion.Schedule.ScheduleLogger.LogInformation(string message, params object[] args)
      The scheduler of <job_log> successfully appended and updated to the schedule.
info: 2024-05-24 20:53:30.7546904 +08:00 星期五 L System.Logging.ScheduleService[0] #1
      [Furion.Pure.dll] void Furion.Schedule.ScheduleLogger.LogInformation(string message, params object[] args)
      The <trigger_onlineUser> trigger for scheduler of <job_onlineUser> successfully appended and updated to the schedule.
info: 2024-05-24 20:53:30.7558595 +08:00 星期五 L System.Logging.ScheduleService[0] #1
      [Furion.Pure.dll] void Furion.Schedule.ScheduleLogger.LogInformation(string message, params object[] args)
      The scheduler of <job_onlineUser> successfully appended and updated to the schedule.
info: 2024-05-24 20:53:30.7605768 +08:00 星期五 L System.Logging.ScheduleService[0] #1
      [Furion.Pure.dll] void Furion.Schedule.ScheduleLogger.LogInformation(string message, params object[] args)
      The <trigger_ossAsync> trigger for scheduler of <job_ossAsync> successfully appended and updated to the schedule.
info: 2024-05-24 20:53:30.7617199 +08:00 星期五 L System.Logging.ScheduleService[0] #1
      [Furion.Pure.dll] void Furion.Schedule.ScheduleLogger.LogInformation(string message, params object[] args)
      The scheduler of <job_ossAsync> successfully appended and updated to the schedule.
info: 2024-05-24 20:53:30.7636262 +08:00 星期五 L System.Logging.ScheduleService[0] #1
      [Furion.Pure.dll] void Furion.Schedule.ScheduleLogger.LogInformation(string message, params object[] args)
      The <trigger_realtime> trigger for scheduler of <job_realtime> successfully appended and updated to the schedule.
info: 2024-05-24 20:53:30.7647464 +08:00 星期五 L System.Logging.ScheduleService[0] #1
      [Furion.Pure.dll] void Furion.Schedule.ScheduleLogger.LogInformation(string message, params object[] args)
      The scheduler of <job_realtime> successfully appended and updated to the schedule.
