fail: 2025-01-24 16:44:16.8400798 +08:00 星期五 L System.Logging.LoggingMonitor[0] #20 '00-eb6d0685e01a1808849268083b353505-cc0cc78c6e99011e-00'
      [Microsoft.Extensions.Logging.Abstractions.dll] void Microsoft.Extensions.Logging.LoggerExtensions.LogError(ILogger logger, Exception exception, string message, params object[] args)
      ┏━━━━━━━━━━━  Logging Monitor ━━━━━━━━━━━
      ┣ Admin.NET.Core.JuAI.Service.UserLoginService.LoginRegister
      ┣ 
      ┣ 控制器名称：                    UserLoginService
      ┣ 操作名称：                      LoginRegister
      ┣ 显示名称：                      app登录
      ┣ 路由信息：                      [area]: ; [controller]: userLogin; [action]: loginRegister
      ┣ 请求方式：                      POST
      ┣ 请求地址：                      http://192.168.31.39:5005/app/api/userLogin/loginRegister/false
      ┣ 来源地址：                      http://localhost:56821/
      ┣ 请求端源：                      client
      ┣ 浏览器标识：                    Mozilla/5.0 (Windows NT 10.0; Win64; x64) AppleWebKit/537.36 (KHTML, like Gecko) Chrome/131.0.0.0 Safari/537.36
      ┣ 客户端区域语言：                zh-CN,zh;q=0.9
      ┣ 客户端 IP 地址：                192.168.31.39
      ┣ 服务端 IP 地址：                192.168.31.39
      ┣ 客户端连接 ID：                 00-eb6d0685e01a1808849268083b353505-cc0cc78c6e99011e-00
      ┣ 服务线程 ID：                   #20
      ┣ 执行耗时：                      3475ms
      ┣ ━━━━━━━━━━━━━━━  Cookies ━━━━━━━━━━━━━━━
      ┣ 请求端：                        
      ┣ 响应端：                        
      ┣ ━━━━━━━━━━━━━━━  系统信息 ━━━━━━━━━━━━━━━
      ┣ 系统名称：                      Microsoft Windows 10.0.19045
      ┣ 系统架构：                      X64
      ┣ 基础框架：                      Furion.Pure v1.0.0.0
      ┣ .NET 架构：                     .NET 8.0.6
      ┣ ━━━━━━━━━━━━━━━  启动信息 ━━━━━━━━━━━━━━━
      ┣ 运行环境：                      Production
      ┣ 启动程序集：                    Admin.NET.Web.Entry
      ┣ 进程名称：                      Admin.NET.Web.Entry
      ┣ 托管程序：                      Kestrel
      ┣ ━━━━━━━━━━━━━━━  请求头信息 ━━━━━━━━━━━━━━━
      ┣ 
      ┣ Accept：                        */*
      ┣ Connection：                    keep-alive
      ┣ Host：                          192.168.31.39:5005
      ┣ User-Agent：                    Mozilla/5.0 (Windows NT 10.0; Win64; x64) AppleWebKit/537.36 (KHTML, like Gecko) Chrome/131.0.0.0 Safari/537.36
      ┣ Accept-Encoding：               gzip, deflate
      ┣ Accept-Language：               zh-CN,zh;q=0.9
      ┣ Authorization：                 Bearer
      ┣ Content-Type：                  application/json
      ┣ Origin：                        http://localhost:56821
      ┣ Referer：                       http://localhost:56821/
      ┣ Content-Length：                264
      ┣ version：                       1.0.0
      ┣ ━━━━━━━━━━━━━━━  参数列表 ━━━━━━━━━━━━━━━
      ┣ Content-Type：                  application/json
      ┣ 
      ┣ input (AppLoginInput)：         {"account":"18600766045","password":"0405ea0d6c6afe9f30fd7c1def22cc998dae0955204f30e70b26e347ea777f57e0cd8470fc83ddd28db1b5365d4da82f053e6400eed8e15b2be62318550dd5c50d1754036da4c71d5377daab29b4d7300ee86f96640cde5cc75c0f48f9960aa74917b4f4afcd91","code":null,"u":null}
      ┣ isRefresh (Nullable`1)：        false
      ┣ ━━━━━━━━━━━━━━━  返回信息 ━━━━━━━━━━━━━━━
      ┣ HTTP响应状态码：                200
      ┣ 原始类型：                      System.Threading.Tasks.Task<Admin.NET.Core.JuAI.Service.AppLoginOutput>
      ┣ 最终类型：                      
      ┣ 最终返回值：                    null
      ┣ ━━━━━━━━━━━━━━━  异常信息 ━━━━━━━━━━━━━━━
      ┣ 类型：                          System.AggregateException
      ┣ 消息：                          One or more errors occurred. (A task was canceled.)
      ┣ 错误堆栈：                      at System.Threading.Tasks.Task.ThrowIfExceptional(Boolean includeTaskCanceledExceptions)
         at System.Threading.Tasks.Task`1.GetResultCore(Boolean waitCompletionNotification)
         at NewLife.Caching.RedisClient.Execute[TResult](String cmd, Object[] args)
         at NewLife.Caching.FullRedis.<>c__DisplayClass54_2.<Search>b__2(RedisClient r)
         at NewLife.Caching.FullRedis.Execute[TResult](Func`2 func, IRedisNode node)
         at NewLife.Caching.FullRedis.<>c__DisplayClass54_0.<<Search>g__Scan|1>d.MoveNext()
         at System.Linq.Enumerable.SelectEnumerableIterator`2.ToList()
         at Admin.NET.Core.Service.SysCacheService.GetKeysByPrefixKey(String prefixKey) in D:\work\chenyanyi\server\Admin.NET.Core\Service\Cache\SysCacheService.cs:line 126
         at Admin.NET.Core.SqlSugarCache.GetAllKey[V]() in D:\work\chenyanyi\server\Admin.NET.Core\Cache\SqlSugarCache.cs:line 44
         at SqlSugar.CacheSchemeMain.RemoveCache(ICacheService cacheService, String tableName)
         at SqlSugar.UpdateableProvider`1.<RemoveDataCache>b__144_0()
         at SqlSugar.UpdateableProvider`1.After(String sql)
         at SqlSugar.UpdateableProvider`1.ExecuteCommandAsync()
         at SqlSugar.SimpleClient`1.UpdateAsync(Expression`1 columns, Expression`1 whereExpression)
         at Admin.NET.Core.JuAI.Service.UserLoginService.LoginRegister(AppLoginInput input, Nullable`1 isRefresh) in D:\work\chenyanyi\server\Admin.NET.Core.JuAi\Service\User\UserLoginService.cs:line 164
         at lambda_method52(Closure, Object)
         at Microsoft.AspNetCore.Mvc.Infrastructure.ActionMethodExecutor.AwaitableObjectResultExecutor.Execute(ActionContext actionContext, IActionResultTypeMapper mapper, ObjectMethodExecutor executor, Object controller, Object[] arguments)
         at Microsoft.AspNetCore.Mvc.Infrastructure.ControllerActionInvoker.<InvokeActionMethodAsync>g__Awaited|12_0(ControllerActionInvoker invoker, ValueTask`1 actionResultValueTask)
         at Microsoft.AspNetCore.Mvc.Infrastructure.ControllerActionInvoker.<InvokeNextActionFilterAsync>g__Awaited|10_0(ControllerActionInvoker invoker, Task lastTask, State next, Scope scope, Object state, Boolean isCompleted)
      ┗━━━━━━━━━━━  Logging Monitor ━━━━━━━━━━━      
      ++++++++++++++++++++++++++++++++++++++++++++++++++++++++
      System.AggregateException: One or more errors occurred. (A task was canceled.)
       ---> System.Threading.Tasks.TaskCanceledException: A task was canceled.
         at System.Threading.Tasks.Task.GetExceptions(Boolean includeTaskCanceledExceptions)
         at System.Threading.Tasks.Task.ThrowIfExceptional(Boolean includeTaskCanceledExceptions)
         at System.Threading.Tasks.Task`1.GetResultCore(Boolean waitCompletionNotification)
         at NewLife.Caching.RedisClient.Execute[TResult](String cmd, Object[] args)
         at NewLife.Caching.FullRedis.<>c__DisplayClass54_2.<Search>b__2(RedisClient r)
         at NewLife.Caching.FullRedis.Execute[TResult](Func`2 func, IRedisNode node)
         at NewLife.Caching.FullRedis.<>c__DisplayClass54_0.<<Search>g__Scan|1>d.MoveNext()
         at System.Linq.Enumerable.SelectEnumerableIterator`2.ToList()
         at Admin.NET.Core.Service.SysCacheService.GetKeysByPrefixKey(String prefixKey) in D:\work\chenyanyi\server\Admin.NET.Core\Service\Cache\SysCacheService.cs:line 126
         at Admin.NET.Core.SqlSugarCache.GetAllKey[V]() in D:\work\chenyanyi\server\Admin.NET.Core\Cache\SqlSugarCache.cs:line 44
         at SqlSugar.CacheSchemeMain.RemoveCache(ICacheService cacheService, String tableName)
         at SqlSugar.UpdateableProvider`1.<RemoveDataCache>b__144_0()
         at SqlSugar.UpdateableProvider`1.After(String sql)
         at SqlSugar.UpdateableProvider`1.ExecuteCommandAsync()
         at System.Threading.ExecutionContext.RunInternal(ExecutionContext executionContext, ContextCallback callback, Object state)
         at System.Runtime.CompilerServices.AsyncTaskMethodBuilder`1.AsyncStateMachineBox`1.MoveNext(Thread threadPoolThread)
         at System.Threading.Tasks.AwaitTaskContinuation.RunOrScheduleAction(IAsyncStateMachineBox box, Boolean allowInlining)
         at System.Threading.Tasks.Task.RunContinuations(Object continuationObject)
         at System.Threading.Tasks.Task`1.TrySetResult(TResult result)
         at System.Runtime.CompilerServices.AsyncTaskMethodBuilder`1.SetExistingTaskResult(Task`1 task, TResult result)
         at System.Runtime.CompilerServices.AsyncTaskMethodBuilder`1.SetResult(TResult result)
         at SqlSugar.MySqlProvider.ExecuteCommandAsync(String sql, SugarParameter[] parameters)
         at System.Threading.ExecutionContext.RunInternal(ExecutionContext executionContext, ContextCallback callback, Object state)
         at System.Runtime.CompilerServices.AsyncTaskMethodBuilder`1.AsyncStateMachineBox`1.MoveNext(Thread threadPoolThread)
         at System.Threading.Tasks.AwaitTaskContinuation.RunOrScheduleAction(IAsyncStateMachineBox box, Boolean allowInlining)
         at System.Threading.Tasks.Task.RunContinuations(Object continuationObject)
         at System.Threading.Tasks.Task`1.TrySetResult(TResult result)
         at System.Runtime.CompilerServices.AsyncTaskMethodBuilder`1.SetExistingTaskResult(Task`1 task, TResult result)
         at MySqlConnector.MySqlCommand.ExecuteNonQueryAsync(IOBehavior ioBehavior, CancellationToken cancellationToken) in /_/src/MySqlConnector/MySqlCommand.cs:line 304
         at System.Runtime.CompilerServices.AsyncTaskMethodBuilder`1.AsyncStateMachineBox`1.ExecutionContextCallback(Object s)
         at System.Threading.ExecutionContext.RunInternal(ExecutionContext executionContext, ContextCallback callback, Object state)
         at System.Runtime.CompilerServices.AsyncTaskMethodBuilder`1.AsyncStateMachineBox`1.MoveNext(Thread threadPoolThread)
         at System.Runtime.CompilerServices.AsyncTaskMethodBuilder`1.AsyncStateMachineBox`1.MoveNext()
         at System.Threading.Tasks.AwaitTaskContinuation.RunOrScheduleAction(IAsyncStateMachineBox box, Boolean allowInlining)
         at System.Threading.Tasks.Task.RunContinuations(Object continuationObject)
         at System.Threading.Tasks.Task`1.TrySetResult(TResult result)
         at System.Runtime.CompilerServices.AsyncTaskMethodBuilder`1.SetExistingTaskResult(Task`1 task, TResult result)
         at MySqlConnector.Core.CommandExecutor.ExecuteReaderAsync(IReadOnlyList`1 commands, ICommandPayloadCreator payloadCreator, CommandBehavior behavior, Activity activity, IOBehavior ioBehavior, CancellationToken cancellationToken) in /_/src/MySqlConnector/Core/CommandExecutor.cs:line 77
         at System.Runtime.CompilerServices.AsyncTaskMethodBuilder`1.AsyncStateMachineBox`1.ExecutionContextCallback(Object s)
         at System.Threading.ExecutionContext.RunInternal(ExecutionContext executionContext, ContextCallback callback, Object state)
         at System.Runtime.CompilerServices.AsyncTaskMethodBuilder`1.AsyncStateMachineBox`1.MoveNext(Thread threadPoolThread)
         at System.Runtime.CompilerServices.AsyncTaskMethodBuilder`1.AsyncStateMachineBox`1.MoveNext()
         at System.Threading.Tasks.AwaitTaskContinuation.RunOrScheduleAction(IAsyncStateMachineBox box, Boolean allowInlining)
         at System.Threading.Tasks.Task.RunContinuations(Object continuationObject)
         at System.Threading.Tasks.Task`1.TrySetResult(TResult result)
         at System.Runtime.CompilerServices.AsyncTaskMethodBuilder`1.SetExistingTaskResult(Task`1 task, TResult result)
         at MySqlConnector.MySqlDataReader.CreateAsync(CommandListPosition commandListPosition, ICommandPayloadCreator payloadCreator, IDictionary`2 cachedProcedures, IMySqlCommand command, CommandBehavior behavior, Activity activity, IOBehavior ioBehavior, CancellationToken cancellationToken) in /_/src/MySqlConnector/MySqlDataReader.cs:line 493
         at System.Runtime.CompilerServices.AsyncTaskMethodBuilder`1.AsyncStateMachineBox`1.ExecutionContextCallback(Object s)
         at System.Threading.ExecutionContext.RunInternal(ExecutionContext executionContext, ContextCallback callback, Object state)
         at System.Runtime.CompilerServices.AsyncTaskMethodBuilder`1.AsyncStateMachineBox`1.MoveNext(Thread threadPoolThread)
         at System.Runtime.CompilerServices.AsyncTaskMethodBuilder`1.AsyncStateMachineBox`1.MoveNext()
         at System.Threading.Tasks.AwaitTaskContinuation.RunOrScheduleAction(IAsyncStateMachineBox box, Boolean allowInlining)
         at System.Threading.Tasks.Task.RunContinuations(Object continuationObject)
         at System.Threading.Tasks.Task`1.TrySetResult(TResult result)
         at System.Runtime.CompilerServices.AsyncTaskMethodBuilder`1.SetExistingTaskResult(Task`1 task, TResult result)
         at MySqlConnector.Core.ResultSet.ReadResultSetHeaderAsync(IOBehavior ioBehavior) in /_/src/MySqlConnector/Core/ResultSet.cs:line 175
         at System.Runtime.CompilerServices.AsyncTaskMethodBuilder`1.AsyncStateMachineBox`1.ExecutionContextCallback(Object s)
         at System.Threading.ExecutionContext.RunInternal(ExecutionContext executionContext, ContextCallback callback, Object state)
         at System.Runtime.CompilerServices.AsyncTaskMethodBuilder`1.AsyncStateMachineBox`1.MoveNext(Thread threadPoolThread)
         at System.Runtime.CompilerServices.AsyncTaskMethodBuilder`1.AsyncStateMachineBox`1.MoveNext()
         at System.Threading.Tasks.AwaitTaskContinuation.RunOrScheduleAction(IAsyncStateMachineBox box, Boolean allowInlining)
         at System.Threading.Tasks.Task.RunContinuations(Object continuationObject)
         at System.Threading.Tasks.Task`1.TrySetResult(TResult result)
         at System.Runtime.CompilerServices.AsyncTaskMethodBuilder`1.SetExistingTaskResult(Task`1 task, TResult result)
         at System.Runtime.CompilerServices.AsyncValueTaskMethodBuilder`1.SetResult(TResult result)
         at MySqlConnector.Core.ServerSession.ReceiveReplyAsyncAwaited(ValueTask`1 task) in /_/src/MySqlConnector/Core/ServerSession.cs:line 964
         at System.Runtime.CompilerServices.AsyncTaskMethodBuilder`1.AsyncStateMachineBox`1.ExecutionContextCallback(Object s)
         at System.Threading.ExecutionContext.RunInternal(ExecutionContext executionContext, ContextCallback callback, Object state)
         at System.Runtime.CompilerServices.AsyncTaskMethodBuilder`1.AsyncStateMachineBox`1.MoveNext(Thread threadPoolThread)
         at System.Runtime.CompilerServices.AsyncTaskMethodBuilder`1.AsyncStateMachineBox`1.MoveNext()
         at System.Threading.Tasks.AwaitTaskContinuation.RunOrScheduleAction(IAsyncStateMachineBox box, Boolean allowInlining)
         at System.Threading.Tasks.Task.RunContinuations(Object continuationObject)
         at System.Threading.Tasks.Task`1.TrySetResult(TResult result)
         at System.Runtime.CompilerServices.AsyncTaskMethodBuilder`1.SetExistingTaskResult(Task`1 task, TResult result)
         at MySqlConnector.Protocol.Serialization.ProtocolUtility.<DoReadPayloadAsync>g__AddContinuation|5_0(ValueTask`1 readPacketTask, BufferedByteReader bufferedByteReader, IByteHandler byteHandler, Func`1 getNextSequenceNumber, ArraySegmentHolder`1 previousPayloads, ProtocolErrorBehavior protocolErrorBehavior, IOBehavior ioBehavior) in /_/src/MySqlConnector/Protocol/Serialization/ProtocolUtility.cs:line 498
         at System.Runtime.CompilerServices.AsyncTaskMethodBuilder`1.AsyncStateMachineBox`1.ExecutionContextCallback(Object s)
         at System.Threading.ExecutionContext.RunInternal(ExecutionContext executionContext, ContextCallback callback, Object state)
         at System.Runtime.CompilerServices.AsyncTaskMethodBuilder`1.AsyncStateMachineBox`1.MoveNext(Thread threadPoolThread)
         at System.Runtime.CompilerServices.AsyncTaskMethodBuilder`1.AsyncStateMachineBox`1.MoveNext()
         at System.Threading.Tasks.AwaitTaskContinuation.RunOrScheduleAction(IAsyncStateMachineBox box, Boolean allowInlining)
         at System.Threading.Tasks.Task.RunContinuations(Object continuationObject)
         at System.Threading.Tasks.Task`1.TrySetResult(TResult result)
         at System.Runtime.CompilerServices.AsyncTaskMethodBuilder`1.SetExistingTaskResult(Task`1 task, TResult result)
         at System.Runtime.CompilerServices.AsyncValueTaskMethodBuilder`1.SetResult(TResult result)
         at MySqlConnector.Protocol.Serialization.ProtocolUtility.<ReadPacketAsync>g__AddContinuation|1_0(ValueTask`1 headerBytes, BufferedByteReader bufferedByteReader, IByteHandler byteHandler, Func`1 getNextSequenceNumber, ProtocolErrorBehavior protocolErrorBehavior, IOBehavior ioBehavior) in /_/src/MySqlConnector/Protocol/Serialization/ProtocolUtility.cs:line 423
         at System.Runtime.CompilerServices.AsyncTaskMethodBuilder`1.AsyncStateMachineBox`1.ExecutionContextCallback(Object s)
         at System.Threading.ExecutionContext.RunInternal(ExecutionContext executionContext, ContextCallback callback, Object state)
         at System.Runtime.CompilerServices.AsyncTaskMethodBuilder`1.AsyncStateMachineBox`1.MoveNext(Thread threadPoolThread)
         at System.Runtime.CompilerServices.AsyncTaskMethodBuilder`1.AsyncStateMachineBox`1.MoveNext()
         at System.Threading.Tasks.AwaitTaskContinuation.RunOrScheduleAction(IAsyncStateMachineBox box, Boolean allowInlining)
         at System.Threading.Tasks.Task.RunContinuations(Object continuationObject)
         at System.Threading.Tasks.Task`1.TrySetResult(TResult result)
         at System.Runtime.CompilerServices.AsyncTaskMethodBuilder`1.SetExistingTaskResult(Task`1 task, TResult result)
         at MySqlConnector.Protocol.Serialization.BufferedByteReader.ReadBytesAsync(IByteHandler byteHandler, ArraySegment`1 buffer, Int32 totalBytesToRead, IOBehavior ioBehavior) in /_/src/MySqlConnector/Protocol/Serialization/BufferedByteReader.cs:line 53
         at System.Runtime.CompilerServices.AsyncTaskMethodBuilder`1.AsyncStateMachineBox`1.ExecutionContextCallback(Object s)
         at System.Threading.ExecutionContext.RunInternal(ExecutionContext executionContext, ContextCallback callback, Object state)
         at System.Runtime.CompilerServices.AsyncTaskMethodBuilder`1.AsyncStateMachineBox`1.MoveNext(Thread threadPoolThread)
         at System.Runtime.CompilerServices.AsyncTaskMethodBuilder`1.AsyncStateMachineBox`1.MoveNext()
         at System.Threading.Tasks.AwaitTaskContinuation.RunOrScheduleAction(IAsyncStateMachineBox box, Boolean allowInlining)
         at System.Threading.Tasks.Task.RunContinuations(Object continuationObject)
         at System.Threading.Tasks.Task`1.TrySetResult(TResult result)
         at System.Runtime.CompilerServices.AsyncTaskMethodBuilder`1.SetExistingTaskResult(Task`1 task, TResult result)
         at MySqlConnector.Protocol.Serialization.SocketByteHandler.DoReadBytesAsync(Memory`1 buffer) in /_/src/MySqlConnector/Protocol/Serialization/SocketByteHandler.cs:line 109
         at System.Runtime.CompilerServices.AsyncTaskMethodBuilder`1.AsyncStateMachineBox`1.ExecutionContextCallback(Object s)
         at System.Threading.ExecutionContext.RunInternal(ExecutionContext executionContext, ContextCallback callback, Object state)
         at System.Runtime.CompilerServices.AsyncTaskMethodBuilder`1.AsyncStateMachineBox`1.MoveNext(Thread threadPoolThread)
         at System.Runtime.CompilerServices.AsyncTaskMethodBuilder`1.AsyncStateMachineBox`1.MoveNext()
         at System.Net.Sockets.SocketAsyncEventArgs.<>c.<.cctor>b__173_0(UInt32 errorCode, UInt32 numBytes, NativeOverlapped* nativeOverlapped)
         at System.Threading.ThreadPoolTypedWorkItemQueue`2.System.Threading.IThreadPoolWorkItem.Execute()
         at System.Threading.ThreadPoolWorkQueue.Dispatch()
         at System.Threading.PortableThreadPool.WorkerThread.WorkerThreadStart()
      --- End of stack trace from previous location ---
      
         --- End of inner exception stack trace ---
         at System.Threading.Tasks.Task.ThrowIfExceptional(Boolean includeTaskCanceledExceptions)
         at System.Threading.Tasks.Task`1.GetResultCore(Boolean waitCompletionNotification)
         at NewLife.Caching.RedisClient.Execute[TResult](String cmd, Object[] args)
         at NewLife.Caching.FullRedis.<>c__DisplayClass54_2.<Search>b__2(RedisClient r)
         at NewLife.Caching.FullRedis.Execute[TResult](Func`2 func, IRedisNode node)
         at NewLife.Caching.FullRedis.<>c__DisplayClass54_0.<<Search>g__Scan|1>d.MoveNext()
         at System.Linq.Enumerable.SelectEnumerableIterator`2.ToList()
         at Admin.NET.Core.Service.SysCacheService.GetKeysByPrefixKey(String prefixKey) in D:\work\chenyanyi\server\Admin.NET.Core\Service\Cache\SysCacheService.cs:line 126
         at Admin.NET.Core.SqlSugarCache.GetAllKey[V]() in D:\work\chenyanyi\server\Admin.NET.Core\Cache\SqlSugarCache.cs:line 44
         at SqlSugar.CacheSchemeMain.RemoveCache(ICacheService cacheService, String tableName)
         at SqlSugar.UpdateableProvider`1.<RemoveDataCache>b__144_0()
         at SqlSugar.UpdateableProvider`1.After(String sql)
         at SqlSugar.UpdateableProvider`1.ExecuteCommandAsync()
         at SqlSugar.SimpleClient`1.UpdateAsync(Expression`1 columns, Expression`1 whereExpression)
         at Admin.NET.Core.JuAI.Service.UserLoginService.LoginRegister(AppLoginInput input, Nullable`1 isRefresh) in D:\work\chenyanyi\server\Admin.NET.Core.JuAi\Service\User\UserLoginService.cs:line 164
         at lambda_method52(Closure, Object)
         at Microsoft.AspNetCore.Mvc.Infrastructure.ActionMethodExecutor.AwaitableObjectResultExecutor.Execute(ActionContext actionContext, IActionResultTypeMapper mapper, ObjectMethodExecutor executor, Object controller, Object[] arguments)
         at Microsoft.AspNetCore.Mvc.Infrastructure.ControllerActionInvoker.<InvokeActionMethodAsync>g__Awaited|12_0(ControllerActionInvoker invoker, ValueTask`1 actionResultValueTask)
         at Microsoft.AspNetCore.Mvc.Infrastructure.ControllerActionInvoker.<InvokeNextActionFilterAsync>g__Awaited|10_0(ControllerActionInvoker invoker, Task lastTask, State next, Scope scope, Object state, Boolean isCompleted)
      ++++++++++++++++++++++++++++++++++++++++++++++++++++++++
fail: 2025-01-24 17:50:46.1991161 +08:00 星期五 L System.Logging.LoggingMonitor[0] #32 '00-cb16d1cd1c33e1a9bd6038c2019918e2-60e38ca9743af812-00'
      [Furion.Pure.dll] async Task LoggingMonitorAttribute.MonitorAsync(MethodInfo actionMethod, IDictionary<string, object> parameterValues, FilterContext context, dynamic next)
      ┏━━━━━━━━━━━  Logging Monitor ━━━━━━━━━━━
      ┣ Admin.NET.Core.JuAI.Service.UserLoginService.LoginRegister
      ┣ 
      ┣ 控制器名称：                    UserLoginService
      ┣ 操作名称：                      LoginRegister
      ┣ 显示名称：                      app登录
      ┣ 路由信息：                      [area]: ; [controller]: userLogin; [action]: loginRegister
      ┣ 请求方式：                      POST
      ┣ 请求地址：                      http://192.168.31.39:5005/app/api/userLogin/loginRegister/false
      ┣ 来源地址：                      
      ┣ 请求端源：                      client
      ┣ 浏览器标识：                    Dart/3.6 (dart:io)
      ┣ 客户端区域语言：                
      ┣ 客户端 IP 地址：                192.168.31.39
      ┣ 服务端 IP 地址：                192.168.31.39
      ┣ 客户端连接 ID：                 00-cb16d1cd1c33e1a9bd6038c2019918e2-60e38ca9743af812-00
      ┣ 服务线程 ID：                   #32
      ┣ 执行耗时：                      3803ms
      ┣ ━━━━━━━━━━━━━━━  Cookies ━━━━━━━━━━━━━━━
      ┣ 请求端：                        
      ┣ 响应端：                        
      ┣ ━━━━━━━━━━━━━━━  系统信息 ━━━━━━━━━━━━━━━
      ┣ 系统名称：                      Microsoft Windows 10.0.19045
      ┣ 系统架构：                      X64
      ┣ 基础框架：                      Furion.Pure v1.0.0.0
      ┣ .NET 架构：                     .NET 8.0.6
      ┣ ━━━━━━━━━━━━━━━  启动信息 ━━━━━━━━━━━━━━━
      ┣ 运行环境：                      Production
      ┣ 启动程序集：                    Admin.NET.Web.Entry
      ┣ 进程名称：                      Admin.NET.Web.Entry
      ┣ 托管程序：                      Kestrel
      ┣ ━━━━━━━━━━━━━━━  请求头信息 ━━━━━━━━━━━━━━━
      ┣ 
      ┣ Host：                          192.168.31.39:5005
      ┣ User-Agent：                    Dart/3.6 (dart:io)
      ┣ Accept-Encoding：               gzip
      ┣ Authorization：                 Bearer eyJhbGciOiJIUzI1NiIsInR5cCI6IkpXVCJ9.eyJVc2VySWQiOjE0MjEzNDI2MzI3ODc3LCJUZW5hbnRJZCI6MTMwMDAwMDAwMDAwMSwiQWNjb3VudCI6bnVsbCwiUmVhbE5hbWUiOiLmgKrlhb3mnaXkuoYiLCJBY2NvdW50VHlwZSI6OTk5LCJPcmdJZCI6MCwiT3JnTmFtZSI6bnVsbCwiT3JnVHlwZSI6bnVsbCwiaWF0IjoxNzM3NjM1OTc4LCJuYmYiOjE3Mzc2MzU5NzgsImV4cCI6MTczODI0MDc3OCwiaXNzIjoiZ3V4aW4ubGluayIsImF1ZCI6Imd1eGluLmxpbmsifQ.SgL-vXxRlJM8NCawaNkgBR9k9fEQRPYl0ICIMnKTNnk
      ┣ Content-Type：                  application/json
      ┣ Content-Length：                264
      ┣ version：                       1.0.0
      ┣ ━━━━━━━━━━━━━━━  参数列表 ━━━━━━━━━━━━━━━
      ┣ Content-Type：                  application/json
      ┣ 
      ┣ input (AppLoginInput)：         {"account":"18600766045","password":"04eb5eaccdddbd7d367fb9432a1d062ada746a2fce640c745ae9f09c1708400f27e23319d8dc925c1dfd2077ccbbdf1e77ab1aca1b1f387e907639842c1953918ff0d044ed2ddecfe51ebb9d726183cd2185836564b3912efa15e07e43ee45ded29b6abd1c2c88","code":null,"u":null}
      ┣ isRefresh (Nullable`1)：        false
      ┣ ━━━━━━━━━━━━━━━  返回信息 ━━━━━━━━━━━━━━━
      ┣ HTTP响应状态码：                200
      ┣ 原始类型：                      System.Threading.Tasks.Task<Admin.NET.Core.JuAI.Service.AppLoginOutput>
      ┣ 最终类型：                      
      ┣ 最终返回值：                    null
      ┣ ━━━━━━━━━━━━━━━  异常信息 ━━━━━━━━━━━━━━━
      ┣ 类型：                          System.AggregateException
      ┣ 消息：                          One or more errors occurred. (A task was canceled.)
      ┣ 错误堆栈：                      at System.Threading.Tasks.Task.ThrowIfExceptional(Boolean includeTaskCanceledExceptions)
         at NewLife.Caching.RedisClient.Execute[TResult](String cmd, Object[] args)
         at NewLife.Caching.FullRedis.Execute[TResult](Func`2 func, IRedisNode node)
         at NewLife.Caching.FullRedis.<>c__DisplayClass54_0.<<Search>g__Scan|1>d.MoveNext()
         at System.Linq.Enumerable.SelectEnumerableIterator`2.ToList()
         at Admin.NET.Core.Service.SysCacheService.GetKeysByPrefixKey(String prefixKey) in D:\work\chenyanyi\server\Admin.NET.Core\Service\Cache\SysCacheService.cs:line 126
         at Admin.NET.Core.SqlSugarCache.GetAllKey[V]() in D:\work\chenyanyi\server\Admin.NET.Core\Cache\SqlSugarCache.cs:line 44
         at SqlSugar.CacheSchemeMain.RemoveCache(ICacheService cacheService, String tableName)
         at SqlSugar.UpdateableProvider`1.<RemoveDataCache>b__144_0()
         at SqlSugar.UpdateableProvider`1.After(String sql)
         at SqlSugar.UpdateableProvider`1.ExecuteCommandAsync()
         at SqlSugar.SimpleClient`1.UpdateAsync(Expression`1 columns, Expression`1 whereExpression)
         at Admin.NET.Core.JuAI.Service.UserLoginService.LoginRegister(AppLoginInput input, Nullable`1 isRefresh) in D:\work\chenyanyi\server\Admin.NET.Core.JuAi\Service\User\UserLoginService.cs:line 164
         at lambda_method52(Closure, Object)
         at Microsoft.AspNetCore.Mvc.Infrastructure.ActionMethodExecutor.AwaitableObjectResultExecutor.Execute(ActionContext actionContext, IActionResultTypeMapper mapper, ObjectMethodExecutor executor, Object controller, Object[] arguments)
         at Microsoft.AspNetCore.Mvc.Infrastructure.ControllerActionInvoker.<InvokeActionMethodAsync>g__Awaited|12_0(ControllerActionInvoker invoker, ValueTask`1 actionResultValueTask)
         at Microsoft.AspNetCore.Mvc.Infrastructure.ControllerActionInvoker.<InvokeNextActionFilterAsync>g__Awaited|10_0(ControllerActionInvoker invoker, Task lastTask, State next, Scope scope, Object state, Boolean isCompleted)
      ┗━━━━━━━━━━━  Logging Monitor ━━━━━━━━━━━      
      ++++++++++++++++++++++++++++++++++++++++++++++++++++++++
      System.AggregateException: One or more errors occurred. (A task was canceled.)
       ---> System.Threading.Tasks.TaskCanceledException: A task was canceled.
         at System.Threading.Tasks.Task.GetExceptions(Boolean includeTaskCanceledExceptions)
         at System.Threading.Tasks.Task.ThrowIfExceptional(Boolean includeTaskCanceledExceptions)
         at NewLife.Caching.RedisClient.Execute[TResult](String cmd, Object[] args)
         at NewLife.Caching.FullRedis.Execute[TResult](Func`2 func, IRedisNode node)
         at NewLife.Caching.FullRedis.<>c__DisplayClass54_0.<<Search>g__Scan|1>d.MoveNext()
         at System.Linq.Enumerable.SelectEnumerableIterator`2.ToList()
         at Admin.NET.Core.Service.SysCacheService.GetKeysByPrefixKey(String prefixKey) in D:\work\chenyanyi\server\Admin.NET.Core\Service\Cache\SysCacheService.cs:line 126
         at Admin.NET.Core.SqlSugarCache.GetAllKey[V]() in D:\work\chenyanyi\server\Admin.NET.Core\Cache\SqlSugarCache.cs:line 44
         at SqlSugar.CacheSchemeMain.RemoveCache(ICacheService cacheService, String tableName)
         at SqlSugar.UpdateableProvider`1.<RemoveDataCache>b__144_0()
         at SqlSugar.UpdateableProvider`1.After(String sql)
         at SqlSugar.UpdateableProvider`1.ExecuteCommandAsync()
         at System.Threading.ExecutionContext.RunInternal(ExecutionContext executionContext, ContextCallback callback, Object state)
         at System.Runtime.CompilerServices.AsyncTaskMethodBuilder`1.AsyncStateMachineBox`1.MoveNext(Thread threadPoolThread)
         at System.Threading.Tasks.AwaitTaskContinuation.RunOrScheduleAction(IAsyncStateMachineBox box, Boolean allowInlining)
         at System.Threading.Tasks.Task.RunContinuations(Object continuationObject)
         at System.Threading.Tasks.Task`1.TrySetResult(TResult result)
         at System.Runtime.CompilerServices.AsyncTaskMethodBuilder`1.SetExistingTaskResult(Task`1 task, TResult result)
         at System.Runtime.CompilerServices.AsyncTaskMethodBuilder`1.SetResult(TResult result)
         at SqlSugar.MySqlProvider.ExecuteCommandAsync(String sql, SugarParameter[] parameters)
         at System.Threading.ExecutionContext.RunInternal(ExecutionContext executionContext, ContextCallback callback, Object state)
         at System.Runtime.CompilerServices.AsyncTaskMethodBuilder`1.AsyncStateMachineBox`1.MoveNext(Thread threadPoolThread)
         at System.Threading.Tasks.AwaitTaskContinuation.RunOrScheduleAction(IAsyncStateMachineBox box, Boolean allowInlining)
         at System.Threading.Tasks.Task.RunContinuations(Object continuationObject)
         at System.Threading.Tasks.Task`1.TrySetResult(TResult result)
         at System.Runtime.CompilerServices.AsyncTaskMethodBuilder`1.SetExistingTaskResult(Task`1 task, TResult result)
         at MySqlConnector.MySqlCommand.ExecuteNonQueryAsync(IOBehavior ioBehavior, CancellationToken cancellationToken) in /_/src/MySqlConnector/MySqlCommand.cs:line 304
         at System.Runtime.CompilerServices.AsyncTaskMethodBuilder`1.AsyncStateMachineBox`1.ExecutionContextCallback(Object s)
         at System.Threading.ExecutionContext.RunInternal(ExecutionContext executionContext, ContextCallback callback, Object state)
         at System.Runtime.CompilerServices.AsyncTaskMethodBuilder`1.AsyncStateMachineBox`1.MoveNext(Thread threadPoolThread)
         at System.Runtime.CompilerServices.AsyncTaskMethodBuilder`1.AsyncStateMachineBox`1.MoveNext()
         at System.Threading.Tasks.AwaitTaskContinuation.RunOrScheduleAction(IAsyncStateMachineBox box, Boolean allowInlining)
         at System.Threading.Tasks.Task.RunContinuations(Object continuationObject)
         at System.Runtime.CompilerServices.AsyncTaskMethodBuilder`1.SetExistingTaskResult(Task`1 task, TResult result)
         at MySqlConnector.Core.CommandExecutor.ExecuteReaderAsync(IReadOnlyList`1 commands, ICommandPayloadCreator payloadCreator, CommandBehavior behavior, Activity activity, IOBehavior ioBehavior, CancellationToken cancellationToken) in /_/src/MySqlConnector/Core/CommandExecutor.cs:line 77
         at System.Runtime.CompilerServices.AsyncTaskMethodBuilder`1.AsyncStateMachineBox`1.ExecutionContextCallback(Object s)
         at System.Threading.ExecutionContext.RunInternal(ExecutionContext executionContext, ContextCallback callback, Object state)
         at System.Runtime.CompilerServices.AsyncTaskMethodBuilder`1.AsyncStateMachineBox`1.MoveNext(Thread threadPoolThread)
         at System.Runtime.CompilerServices.AsyncTaskMethodBuilder`1.AsyncStateMachineBox`1.MoveNext()
         at System.Threading.Tasks.AwaitTaskContinuation.RunOrScheduleAction(IAsyncStateMachineBox box, Boolean allowInlining)
         at System.Threading.Tasks.Task.RunContinuations(Object continuationObject)
         at System.Runtime.CompilerServices.AsyncTaskMethodBuilder`1.SetExistingTaskResult(Task`1 task, TResult result)
         at MySqlConnector.MySqlDataReader.CreateAsync(CommandListPosition commandListPosition, ICommandPayloadCreator payloadCreator, IDictionary`2 cachedProcedures, IMySqlCommand command, CommandBehavior behavior, Activity activity, IOBehavior ioBehavior, CancellationToken cancellationToken) in /_/src/MySqlConnector/MySqlDataReader.cs:line 493
         at System.Runtime.CompilerServices.AsyncTaskMethodBuilder`1.AsyncStateMachineBox`1.ExecutionContextCallback(Object s)
         at System.Threading.ExecutionContext.RunInternal(ExecutionContext executionContext, ContextCallback callback, Object state)
         at System.Runtime.CompilerServices.AsyncTaskMethodBuilder`1.AsyncStateMachineBox`1.MoveNext(Thread threadPoolThread)
         at System.Runtime.CompilerServices.AsyncTaskMethodBuilder`1.AsyncStateMachineBox`1.MoveNext()
         at System.Threading.Tasks.AwaitTaskContinuation.RunOrScheduleAction(IAsyncStateMachineBox box, Boolean allowInlining)
         at System.Threading.Tasks.Task.RunContinuations(Object continuationObject)
         at System.Runtime.CompilerServices.AsyncTaskMethodBuilder`1.SetExistingTaskResult(Task`1 task, TResult result)
         at MySqlConnector.Core.ResultSet.ReadResultSetHeaderAsync(IOBehavior ioBehavior) in /_/src/MySqlConnector/Core/ResultSet.cs:line 175
         at System.Runtime.CompilerServices.AsyncTaskMethodBuilder`1.AsyncStateMachineBox`1.ExecutionContextCallback(Object s)
         at System.Threading.ExecutionContext.RunInternal(ExecutionContext executionContext, ContextCallback callback, Object state)
         at System.Runtime.CompilerServices.AsyncTaskMethodBuilder`1.AsyncStateMachineBox`1.MoveNext(Thread threadPoolThread)
         at System.Runtime.CompilerServices.AsyncTaskMethodBuilder`1.AsyncStateMachineBox`1.MoveNext()
         at System.Threading.Tasks.AwaitTaskContinuation.RunOrScheduleAction(IAsyncStateMachineBox box, Boolean allowInlining)
         at System.Threading.Tasks.Task.RunContinuations(Object continuationObject)
         at MySqlConnector.Core.ServerSession.ReceiveReplyAsyncAwaited(ValueTask`1 task) in /_/src/MySqlConnector/Core/ServerSession.cs:line 964
         at System.Threading.ExecutionContext.RunInternal(ExecutionContext executionContext, ContextCallback callback, Object state)
         at System.Runtime.CompilerServices.AsyncTaskMethodBuilder`1.AsyncStateMachineBox`1.MoveNext(Thread threadPoolThread)
         at System.Threading.Tasks.AwaitTaskContinuation.RunOrScheduleAction(IAsyncStateMachineBox box, Boolean allowInlining)
         at System.Threading.Tasks.Task.RunContinuations(Object continuationObject)
         at System.Runtime.CompilerServices.AsyncTaskMethodBuilder`1.SetExistingTaskResult(Task`1 task, TResult result)
         at MySqlConnector.Protocol.Serialization.ProtocolUtility.<DoReadPayloadAsync>g__AddContinuation|5_0(ValueTask`1 readPacketTask, BufferedByteReader bufferedByteReader, IByteHandler byteHandler, Func`1 getNextSequenceNumber, ArraySegmentHolder`1 previousPayloads, ProtocolErrorBehavior protocolErrorBehavior, IOBehavior ioBehavior) in /_/src/MySqlConnector/Protocol/Serialization/ProtocolUtility.cs:line 498
         at System.Threading.ExecutionContext.RunInternal(ExecutionContext executionContext, ContextCallback callback, Object state)
         at System.Runtime.CompilerServices.AsyncTaskMethodBuilder`1.AsyncStateMachineBox`1.MoveNext(Thread threadPoolThread)
         at System.Threading.Tasks.AwaitTaskContinuation.RunOrScheduleAction(IAsyncStateMachineBox box, Boolean allowInlining)
         at System.Threading.Tasks.Task.RunContinuations(Object continuationObject)
         at MySqlConnector.Protocol.Serialization.ProtocolUtility.<ReadPacketAsync>g__AddContinuation|1_0(ValueTask`1 headerBytes, BufferedByteReader bufferedByteReader, IByteHandler byteHandler, Func`1 getNextSequenceNumber, ProtocolErrorBehavior protocolErrorBehavior, IOBehavior ioBehavior) in /_/src/MySqlConnector/Protocol/Serialization/ProtocolUtility.cs:line 423
         at System.Threading.ExecutionContext.RunInternal(ExecutionContext executionContext, ContextCallback callback, Object state)
         at System.Runtime.CompilerServices.AsyncTaskMethodBuilder`1.AsyncStateMachineBox`1.MoveNext(Thread threadPoolThread)
         at System.Threading.Tasks.AwaitTaskContinuation.RunOrScheduleAction(IAsyncStateMachineBox box, Boolean allowInlining)
         at System.Threading.Tasks.Task.RunContinuations(Object continuationObject)
         at System.Runtime.CompilerServices.AsyncTaskMethodBuilder`1.SetExistingTaskResult(Task`1 task, TResult result)
         at MySqlConnector.Protocol.Serialization.BufferedByteReader.ReadBytesAsync(IByteHandler byteHandler, ArraySegment`1 buffer, Int32 totalBytesToRead, IOBehavior ioBehavior) in /_/src/MySqlConnector/Protocol/Serialization/BufferedByteReader.cs:line 53
         at System.Threading.ExecutionContext.RunInternal(ExecutionContext executionContext, ContextCallback callback, Object state)
         at System.Threading.Tasks.AwaitTaskContinuation.RunOrScheduleAction(IAsyncStateMachineBox box, Boolean allowInlining)
         at System.Threading.Tasks.Task.RunContinuations(Object continuationObject)
         at MySqlConnector.Protocol.Serialization.SocketByteHandler.DoReadBytesAsync(Memory`1 buffer) in /_/src/MySqlConnector/Protocol/Serialization/SocketByteHandler.cs:line 109
         at System.Threading.ExecutionContext.RunInternal(ExecutionContext executionContext, ContextCallback callback, Object state)
         at System.Runtime.CompilerServices.AsyncTaskMethodBuilder`1.AsyncStateMachineBox`1.MoveNext(Thread threadPoolThread)
         at System.Net.Sockets.SocketAsyncEventArgs.<>c.<.cctor>b__173_0(UInt32 errorCode, UInt32 numBytes, NativeOverlapped* nativeOverlapped)
         at System.Threading.ThreadPoolTypedWorkItemQueue`2.System.Threading.IThreadPoolWorkItem.Execute()
         at System.Threading.ThreadPoolWorkQueue.Dispatch()
         at System.Threading.PortableThreadPool.WorkerThread.WorkerThreadStart()
      --- End of stack trace from previous location ---
      
         --- End of inner exception stack trace ---
         at System.Threading.Tasks.Task.ThrowIfExceptional(Boolean includeTaskCanceledExceptions)
         at NewLife.Caching.RedisClient.Execute[TResult](String cmd, Object[] args)
         at NewLife.Caching.FullRedis.Execute[TResult](Func`2 func, IRedisNode node)
         at NewLife.Caching.FullRedis.<>c__DisplayClass54_0.<<Search>g__Scan|1>d.MoveNext()
         at System.Linq.Enumerable.SelectEnumerableIterator`2.ToList()
         at Admin.NET.Core.Service.SysCacheService.GetKeysByPrefixKey(String prefixKey) in D:\work\chenyanyi\server\Admin.NET.Core\Service\Cache\SysCacheService.cs:line 126
         at Admin.NET.Core.SqlSugarCache.GetAllKey[V]() in D:\work\chenyanyi\server\Admin.NET.Core\Cache\SqlSugarCache.cs:line 44
         at SqlSugar.CacheSchemeMain.RemoveCache(ICacheService cacheService, String tableName)
         at SqlSugar.UpdateableProvider`1.<RemoveDataCache>b__144_0()
         at SqlSugar.UpdateableProvider`1.After(String sql)
         at SqlSugar.UpdateableProvider`1.ExecuteCommandAsync()
         at SqlSugar.SimpleClient`1.UpdateAsync(Expression`1 columns, Expression`1 whereExpression)
         at Admin.NET.Core.JuAI.Service.UserLoginService.LoginRegister(AppLoginInput input, Nullable`1 isRefresh) in D:\work\chenyanyi\server\Admin.NET.Core.JuAi\Service\User\UserLoginService.cs:line 164
         at lambda_method52(Closure, Object)
         at Microsoft.AspNetCore.Mvc.Infrastructure.ActionMethodExecutor.AwaitableObjectResultExecutor.Execute(ActionContext actionContext, IActionResultTypeMapper mapper, ObjectMethodExecutor executor, Object controller, Object[] arguments)
         at Microsoft.AspNetCore.Mvc.Infrastructure.ControllerActionInvoker.<InvokeActionMethodAsync>g__Awaited|12_0(ControllerActionInvoker invoker, ValueTask`1 actionResultValueTask)
         at Microsoft.AspNetCore.Mvc.Infrastructure.ControllerActionInvoker.<InvokeNextActionFilterAsync>g__Awaited|10_0(ControllerActionInvoker invoker, Task lastTask, State next, Scope scope, Object state, Boolean isCompleted)
      ++++++++++++++++++++++++++++++++++++++++++++++++++++++++
