info: 2025-04-01 16:28:58.3786422 +08:00 星期二 L System.Logging.TaskQueueService[0] #1
      [Microsoft.Extensions.Logging.Abstractions.dll] void Microsoft.Extensions.Logging.LoggerExtensions.LogInformation(ILogger logger, string message, params object[] args)
      TaskQueue hosted service is running.
info: 2025-04-01 16:28:58.4159980 +08:00 星期二 L System.Logging.ScheduleService[0] #1
      [Furion.Pure.dll] void Furion.Schedule.ScheduleLogger.Log(LogLevel logLevel, string message, object[] args, Exception ex)
      Schedule hosted service is running.
info: 2025-04-01 16:28:58.4183080 +08:00 星期二 L System.Logging.ScheduleService[0] #1
      [Furion.Pure.dll] void Furion.Schedule.ScheduleLogger.Log(LogLevel logLevel, string message, object[] args, Exception ex)
      Schedule hosted service is preloading...
info: 2025-04-01 16:31:25.4983026 +08:00 星期二 L System.Logging.LoggingMonitor[0] #7 '00-dcd8df0e0e22a29db1c268ae2b273c01-e475127ea9ab138f-00'
      [Furion.Pure.dll] async Task LoggingMonitorAttribute.MonitorAsync(MethodInfo actionMethod, IDictionary<string, object> parameterValues, FilterContext context, dynamic next)
      ┏━━━━━━━━━━━  Logging Monitor ━━━━━━━━━━━
      ┣ Admin.NET.Core.JuAI.Service.PromptService.Get
      ┣ 
      ┣ 控制器名称：                     PromptService
      ┣ 操作名称：                       Get
      ┣ 显示名称：                       
      ┣ 路由信息：                       [area]: ; [controller]: prompt; [action]: 
      ┣ 请求方式：                       GET
      ┣ 请求地址：                       http://192.168.31.39:5005/app/api/prompt?pageSize=10&lastCreate&searchKey&category=all
      ┣ 来源地址：                       
      ┣ 请求端源：                       client
      ┣ 浏览器标识：                     Dart/3.6 (dart:io)
      ┣ 客户端区域语言：                 
      ┣ 客户端 IP 地址：                 192.168.31.39
      ┣ 服务端 IP 地址：                 192.168.31.39
      ┣ 客户端连接 ID：                  00-dcd8df0e0e22a29db1c268ae2b273c01-e475127ea9ab138f-00
      ┣ 服务线程 ID：                    #7
      ┣ 执行耗时：                       256ms
      ┣ ━━━━━━━━━━━━━━━  Cookies ━━━━━━━━━━━━━━━
      ┣ 请求端：                         
      ┣ 响应端：                         
      ┣ ━━━━━━━━━━━━━━━  系统信息 ━━━━━━━━━━━━━━━
      ┣ 系统名称：                       Microsoft Windows 10.0.19045
      ┣ 系统架构：                       X64
      ┣ 基础框架：                       Furion.Pure v1.0.0.0
      ┣ .NET 架构：                      .NET 8.0.6
      ┣ ━━━━━━━━━━━━━━━  启动信息 ━━━━━━━━━━━━━━━
      ┣ 运行环境：                       Production
      ┣ 启动程序集：                     Admin.NET.Web.Entry
      ┣ 进程名称：                       Admin.NET.Web.Entry
      ┣ 托管程序：                       Kestrel
      ┣ ━━━━━━━━━━━━━━━  请求头信息 ━━━━━━━━━━━━━━━
      ┣ 
      ┣ Host：                           192.168.31.39:5005
      ┣ User-Agent：                     Dart/3.6 (dart:io)
      ┣ Accept-Encoding：                gzip
      ┣ Authorization：                  Bearer eyJhbGciOiJIUzI1NiIsInR5cCI6IkpXVCJ9.eyJVc2VySWQiOjE0MjEzNDI2MzI3ODc3LCJUZW5hbnRJZCI6MTMwMDAwMDAwMDAwMSwiQWNjb3VudCI6bnVsbCwiUmVhbE5hbWUiOiLmgKrlhb3mnaXkuoYiLCJBY2NvdW50VHlwZSI6OTk5LCJPcmdJZCI6MCwiT3JnTmFtZSI6bnVsbCwiT3JnVHlwZSI6bnVsbCwiaWF0IjoxNzQxNTA1NjcyLCJuYmYiOjE3NDE1MDU2NzIsImV4cCI6MTc0MjExMDQ3MiwiaXNzIjoiZ3V4aW4ubGluayIsImF1ZCI6Imd1eGluLmxpbmsifQ.K9M0cwTbtrkEs3TMhfmbTjQQ6igIfGca1bOi_ZU9tD4
      ┣ version：                        1.0.0
      ┣ ━━━━━━━━━━━━━━━  参数列表 ━━━━━━━━━━━━━━━
      ┣ Content-Type：                   
      ┣ 
      ┣ req (ChatPromptPageReq)：        {"pageSize":10,"lastCreate":null,"searchKey":null,"category":0}
      ┣ ━━━━━━━━━━━━━━━  返回信息 ━━━━━━━━━━━━━━━
      ┣ HTTP响应状态码：                 200
      ┣ 原始类型：                       System.Threading.Tasks.Task<System.Collections.Generic.IList<Admin.NET.Core.JuAI.Service.AICommon.Dto.ChatPromptRes>>
      ┣ 最终类型：                       Admin.NET.Core.AdminResult<System.Object>
      ┣ 最终返回值：                     {"code":200,"type":"success","message":"","result":[{"id":"85","type":"system","title":"担任 SVG 设计师","prompt":"我希望你担任 SVG 设计师。我会要求你创建图像，你会为图像提供 SVG 代码，将代码转换为 base64 数据 url，然后给我一个仅包含引用该数据 url 的降价图像标签的响应。不要将 markdown 放在代码块中。只发送降价，所以没有文本。我的第一个请求是：给我一个红色圆圈的图像。\n","maxContext":0,"promptExtend":"","avatar":"","initMessage":"","tags":null,"model":"","vendor":"","isGroup":null,"createTime":"2023-08-28T15:10:10"},{"id":"78","type":"system","title":"充当美食评论家","prompt":"我想让你扮演美食评论家。我会告诉你一家餐馆，你会提供对食物和服务的评论。您应
      ┗━━━━━━━━━━━  Logging Monitor ━━━━━━━━━━━
info: 2025-04-01 16:33:32.1459404 +08:00 星期二 L System.Logging.LoggingMonitor[0] #28 '00-82366365545c9a141ca51217c663da22-09bbbf4dfeb7d10b-00'
      [Furion.Pure.dll] async Task LoggingMonitorAttribute.MonitorAsync(MethodInfo actionMethod, IDictionary<string, object> parameterValues, FilterContext context, dynamic next)
      ┏━━━━━━━━━━━  Logging Monitor ━━━━━━━━━━━
      ┣ Admin.NET.Core.JuAI.Service.PromptService.Get
      ┣ 
      ┣ 控制器名称：                     PromptService
      ┣ 操作名称：                       Get
      ┣ 显示名称：                       
      ┣ 路由信息：                       [area]: ; [controller]: prompt; [action]: 
      ┣ 请求方式：                       GET
      ┣ 请求地址：                       http://192.168.31.39:5005/app/api/prompt?pageSize=10&lastCreate&searchKey&category=all
      ┣ 来源地址：                       
      ┣ 请求端源：                       client
      ┣ 浏览器标识：                     Dart/3.6 (dart:io)
      ┣ 客户端区域语言：                 
      ┣ 客户端 IP 地址：                 192.168.31.39
      ┣ 服务端 IP 地址：                 192.168.31.39
      ┣ 客户端连接 ID：                  00-82366365545c9a141ca51217c663da22-09bbbf4dfeb7d10b-00
      ┣ 服务线程 ID：                    #28
      ┣ 执行耗时：                       222ms
      ┣ ━━━━━━━━━━━━━━━  Cookies ━━━━━━━━━━━━━━━
      ┣ 请求端：                         
      ┣ 响应端：                         
      ┣ ━━━━━━━━━━━━━━━  系统信息 ━━━━━━━━━━━━━━━
      ┣ 系统名称：                       Microsoft Windows 10.0.19045
      ┣ 系统架构：                       X64
      ┣ 基础框架：                       Furion.Pure v1.0.0.0
      ┣ .NET 架构：                      .NET 8.0.6
      ┣ ━━━━━━━━━━━━━━━  启动信息 ━━━━━━━━━━━━━━━
      ┣ 运行环境：                       Production
      ┣ 启动程序集：                     Admin.NET.Web.Entry
      ┣ 进程名称：                       Admin.NET.Web.Entry
      ┣ 托管程序：                       Kestrel
      ┣ ━━━━━━━━━━━━━━━  请求头信息 ━━━━━━━━━━━━━━━
      ┣ 
      ┣ Host：                           192.168.31.39:5005
      ┣ User-Agent：                     Dart/3.6 (dart:io)
      ┣ Accept-Encoding：                gzip
      ┣ Authorization：                  Bearer eyJhbGciOiJIUzI1NiIsInR5cCI6IkpXVCJ9.eyJVc2VySWQiOjE0MjEzNDI2MzI3ODc3LCJUZW5hbnRJZCI6MTMwMDAwMDAwMDAwMSwiQWNjb3VudCI6bnVsbCwiUmVhbE5hbWUiOiLmgKrlhb3mnaXkuoYiLCJBY2NvdW50VHlwZSI6OTk5LCJPcmdJZCI6MCwiT3JnTmFtZSI6bnVsbCwiT3JnVHlwZSI6bnVsbCwiaWF0IjoxNzQxNTA1NjcyLCJuYmYiOjE3NDE1MDU2NzIsImV4cCI6MTc0MjExMDQ3MiwiaXNzIjoiZ3V4aW4ubGluayIsImF1ZCI6Imd1eGluLmxpbmsifQ.K9M0cwTbtrkEs3TMhfmbTjQQ6igIfGca1bOi_ZU9tD4
      ┣ version：                        1.0.0
      ┣ ━━━━━━━━━━━━━━━  参数列表 ━━━━━━━━━━━━━━━
      ┣ Content-Type：                   
      ┣ 
      ┣ req (ChatPromptPageReq)：        {"pageSize":10,"lastCreate":null,"searchKey":null,"category":0}
      ┣ ━━━━━━━━━━━━━━━  返回信息 ━━━━━━━━━━━━━━━
      ┣ HTTP响应状态码：                 200
      ┣ 原始类型：                       System.Threading.Tasks.Task<System.Collections.Generic.IList<Admin.NET.Core.JuAI.Service.AICommon.Dto.ChatPromptRes>>
      ┣ 最终类型：                       Admin.NET.Core.AdminResult<System.Object>
      ┣ 最终返回值：                     {"code":200,"type":"success","message":"","result":[{"id":"85","type":"system","title":"担任 SVG 设计师","prompt":"我希望你担任 SVG 设计师。我会要求你创建图像，你会为图像提供 SVG 代码，将代码转换为 base64 数据 url，然后给我一个仅包含引用该数据 url 的降价图像标签的响应。不要将 markdown 放在代码块中。只发送降价，所以没有文本。我的第一个请求是：给我一个红色圆圈的图像。\n","maxContext":0,"promptExtend":"","avatar":"","initMessage":"","tags":null,"model":"","vendor":"","isGroup":null,"createTime":"2023-08-28T15:10:10"},{"id":"78","type":"system","title":"充当美食评论家","prompt":"我想让你扮演美食评论家。我会告诉你一家餐馆，你会提供对食物和服务的评论。您应
      ┗━━━━━━━━━━━  Logging Monitor ━━━━━━━━━━━
info: 2025-04-01 16:49:16.3899539 +08:00 星期二 L System.Logging.TaskQueueService[0] #1
      [Microsoft.Extensions.Logging.Abstractions.dll] void Microsoft.Extensions.Logging.LoggerExtensions.LogInformation(ILogger logger, string message, params object[] args)
      TaskQueue hosted service is running.
info: 2025-04-01 16:49:16.4255113 +08:00 星期二 L System.Logging.ScheduleService[0] #1
      [Furion.Pure.dll] void Furion.Schedule.ScheduleLogger.Log(LogLevel logLevel, string message, object[] args, Exception ex)
      Schedule hosted service is running.
info: 2025-04-01 16:49:16.4277327 +08:00 星期二 L System.Logging.ScheduleService[0] #1
      [Furion.Pure.dll] void Furion.Schedule.ScheduleLogger.Log(LogLevel logLevel, string message, object[] args, Exception ex)
      Schedule hosted service is preloading...
info: 2025-04-01 16:55:27.7553542 +08:00 星期二 L System.Logging.LoggingMonitor[0] #12 '00-3fc2c65321e1d80e2b83f94a9e476f8d-07ff1b311d0ff8d4-00'
      [Furion.Pure.dll] async Task LoggingMonitorAttribute.MonitorAsync(MethodInfo actionMethod, IDictionary<string, object> parameterValues, FilterContext context, dynamic next)
      ┏━━━━━━━━━━━  Logging Monitor ━━━━━━━━━━━
      ┣ Admin.NET.Core.JuAI.Service.PromptService.Get
      ┣ 
      ┣ 控制器名称：                     PromptService
      ┣ 操作名称：                       Get
      ┣ 显示名称：                       
      ┣ 路由信息：                       [area]: ; [controller]: prompt; [action]: 
      ┣ 请求方式：                       GET
      ┣ 请求地址：                       http://192.168.31.39:5005/app/api/prompt?pageSize=10&lastCreate&searchKey&category=all
      ┣ 来源地址：                       
      ┣ 请求端源：                       client
      ┣ 浏览器标识：                     Dart/3.6 (dart:io)
      ┣ 客户端区域语言：                 
      ┣ 客户端 IP 地址：                 192.168.31.39
      ┣ 服务端 IP 地址：                 192.168.31.39
      ┣ 客户端连接 ID：                  00-3fc2c65321e1d80e2b83f94a9e476f8d-07ff1b311d0ff8d4-00
      ┣ 服务线程 ID：                    #12
      ┣ 执行耗时：                       407ms
      ┣ ━━━━━━━━━━━━━━━  Cookies ━━━━━━━━━━━━━━━
      ┣ 请求端：                         
      ┣ 响应端：                         
      ┣ ━━━━━━━━━━━━━━━  系统信息 ━━━━━━━━━━━━━━━
      ┣ 系统名称：                       Microsoft Windows 10.0.19045
      ┣ 系统架构：                       X64
      ┣ 基础框架：                       Furion.Pure v1.0.0.0
      ┣ .NET 架构：                      .NET 8.0.6
      ┣ ━━━━━━━━━━━━━━━  启动信息 ━━━━━━━━━━━━━━━
      ┣ 运行环境：                       Production
      ┣ 启动程序集：                     Admin.NET.Web.Entry
      ┣ 进程名称：                       Admin.NET.Web.Entry
      ┣ 托管程序：                       Kestrel
      ┣ ━━━━━━━━━━━━━━━  请求头信息 ━━━━━━━━━━━━━━━
      ┣ 
      ┣ Host：                           192.168.31.39:5005
      ┣ User-Agent：                     Dart/3.6 (dart:io)
      ┣ Accept-Encoding：                gzip
      ┣ Authorization：                  Bearer eyJhbGciOiJIUzI1NiIsInR5cCI6IkpXVCJ9.eyJVc2VySWQiOjE0MjEzNDI2MzI3ODc3LCJUZW5hbnRJZCI6MTMwMDAwMDAwMDAwMSwiQWNjb3VudCI6bnVsbCwiUmVhbE5hbWUiOiLmgKrlhb3mnaXkuoYiLCJBY2NvdW50VHlwZSI6OTk5LCJPcmdJZCI6MCwiT3JnTmFtZSI6bnVsbCwiT3JnVHlwZSI6bnVsbCwiaWF0IjoxNzQxNTA1NjcyLCJuYmYiOjE3NDE1MDU2NzIsImV4cCI6MTc0MjExMDQ3MiwiaXNzIjoiZ3V4aW4ubGluayIsImF1ZCI6Imd1eGluLmxpbmsifQ.K9M0cwTbtrkEs3TMhfmbTjQQ6igIfGca1bOi_ZU9tD4
      ┣ version：                        1.0.0
      ┣ ━━━━━━━━━━━━━━━  参数列表 ━━━━━━━━━━━━━━━
      ┣ Content-Type：                   
      ┣ 
      ┣ req (ChatPromptPageReq)：        {"pageSize":10,"lastCreate":null,"searchKey":null,"category":0}
      ┣ ━━━━━━━━━━━━━━━  返回信息 ━━━━━━━━━━━━━━━
      ┣ HTTP响应状态码：                 200
      ┣ 原始类型：                       System.Threading.Tasks.Task<System.Collections.Generic.IList<Admin.NET.Core.JuAI.Service.AICommon.Dto.ChatPromptRes>>
      ┣ 最终类型：                       Admin.NET.Core.AdminResult<System.Object>
      ┣ 最终返回值：                     {"code":200,"type":"success","message":"","result":[{"id":"85","type":"system","title":"担任 SVG 设计师","prompt":"我希望你担任 SVG 设计师。我会要求你创建图像，你会为图像提供 SVG 代码，将代码转换为 base64 数据 url，然后给我一个仅包含引用该数据 url 的降价图像标签的响应。不要将 markdown 放在代码块中。只发送降价，所以没有文本。我的第一个请求是：给我一个红色圆圈的图像。\n","maxContext":0,"promptExtend":"","avatar":"","initMessage":"","tags":null,"model":"","vendor":"","isGroup":null,"createTime":"2023-08-28T15:10:10"},{"id":"78","type":"system","title":"充当美食评论家","prompt":"我想让你扮演美食评论家。我会告诉你一家餐馆，你会提供对食物和服务的评论。您应
      ┗━━━━━━━━━━━  Logging Monitor ━━━━━━━━━━━
info: 2025-04-01 17:09:27.5213824 +08:00 星期二 L System.Logging.TaskQueueService[0] #1
      [Microsoft.Extensions.Logging.Abstractions.dll] void Microsoft.Extensions.Logging.LoggerExtensions.LogInformation(ILogger logger, string message, params object[] args)
      TaskQueue hosted service is running.
info: 2025-04-01 17:09:27.5632542 +08:00 星期二 L System.Logging.ScheduleService[0] #1
      [Furion.Pure.dll] void Furion.Schedule.ScheduleLogger.Log(LogLevel logLevel, string message, object[] args, Exception ex)
      Schedule hosted service is running.
info: 2025-04-01 17:09:27.5655502 +08:00 星期二 L System.Logging.ScheduleService[0] #1
      [Furion.Pure.dll] void Furion.Schedule.ScheduleLogger.Log(LogLevel logLevel, string message, object[] args, Exception ex)
      Schedule hosted service is preloading...
info: 2025-04-01 17:22:35.2631265 +08:00 星期二 L System.Logging.LoggingMonitor[0] #27 '00-3649748c2b3e087294c450dd961d7e11-682eab33fdacbbbc-00'
      [Furion.Pure.dll] async Task LoggingMonitorAttribute.MonitorAsync(MethodInfo actionMethod, IDictionary<string, object> parameterValues, FilterContext context, dynamic next)
      ┏━━━━━━━━━━━  Logging Monitor ━━━━━━━━━━━
      ┣ Admin.NET.Core.JuAI.Service.PromptService.Get
      ┣ 
      ┣ 控制器名称：                     PromptService
      ┣ 操作名称：                       Get
      ┣ 显示名称：                       
      ┣ 路由信息：                       [area]: ; [controller]: prompt; [action]: 
      ┣ 请求方式：                       GET
      ┣ 请求地址：                       http://192.168.31.39:5005/app/api/prompt?pageSize=10&lastCreate&searchKey&category=all
      ┣ 来源地址：                       
      ┣ 请求端源：                       client
      ┣ 浏览器标识：                     Dart/3.6 (dart:io)
      ┣ 客户端区域语言：                 
      ┣ 客户端 IP 地址：                 192.168.31.39
      ┣ 服务端 IP 地址：                 192.168.31.39
      ┣ 客户端连接 ID：                  00-3649748c2b3e087294c450dd961d7e11-682eab33fdacbbbc-00
      ┣ 服务线程 ID：                    #23
      ┣ 执行耗时：                       487ms
      ┣ ━━━━━━━━━━━━━━━  Cookies ━━━━━━━━━━━━━━━
      ┣ 请求端：                         
      ┣ 响应端：                         
      ┣ ━━━━━━━━━━━━━━━  系统信息 ━━━━━━━━━━━━━━━
      ┣ 系统名称：                       Microsoft Windows 10.0.19045
      ┣ 系统架构：                       X64
      ┣ 基础框架：                       Furion.Pure v1.0.0.0
      ┣ .NET 架构：                      .NET 8.0.6
      ┣ ━━━━━━━━━━━━━━━  启动信息 ━━━━━━━━━━━━━━━
      ┣ 运行环境：                       Production
      ┣ 启动程序集：                     Admin.NET.Web.Entry
      ┣ 进程名称：                       Admin.NET.Web.Entry
      ┣ 托管程序：                       Kestrel
      ┣ ━━━━━━━━━━━━━━━  请求头信息 ━━━━━━━━━━━━━━━
      ┣ 
      ┣ Host：                           192.168.31.39:5005
      ┣ User-Agent：                     Dart/3.6 (dart:io)
      ┣ Accept-Encoding：                gzip
      ┣ Authorization：                  Bearer eyJhbGciOiJIUzI1NiIsInR5cCI6IkpXVCJ9.eyJVc2VySWQiOjE0MjEzNDI2MzI3ODc3LCJUZW5hbnRJZCI6MTMwMDAwMDAwMDAwMSwiQWNjb3VudCI6bnVsbCwiUmVhbE5hbWUiOiLmgKrlhb3mnaXkuoYiLCJBY2NvdW50VHlwZSI6OTk5LCJPcmdJZCI6MCwiT3JnTmFtZSI6bnVsbCwiT3JnVHlwZSI6bnVsbCwiaWF0IjoxNzQxNTA1NjcyLCJuYmYiOjE3NDE1MDU2NzIsImV4cCI6MTc0MjExMDQ3MiwiaXNzIjoiZ3V4aW4ubGluayIsImF1ZCI6Imd1eGluLmxpbmsifQ.K9M0cwTbtrkEs3TMhfmbTjQQ6igIfGca1bOi_ZU9tD4
      ┣ version：                        1.0.0
      ┣ ━━━━━━━━━━━━━━━  参数列表 ━━━━━━━━━━━━━━━
      ┣ Content-Type：                   
      ┣ 
      ┣ req (ChatPromptPageReq)：        {"pageSize":10,"lastCreate":null,"searchKey":null,"category":0}
      ┣ ━━━━━━━━━━━━━━━  返回信息 ━━━━━━━━━━━━━━━
      ┣ HTTP响应状态码：                 200
      ┣ 原始类型：                       System.Threading.Tasks.Task<System.Collections.Generic.IList<Admin.NET.Core.JuAI.Service.AICommon.Dto.ChatPromptRes>>
      ┣ 最终类型：                       Admin.NET.Core.AdminResult<System.Object>
      ┣ 最终返回值：                     {"code":200,"type":"success","message":"","result":[{"id":"85","type":"system","title":"担任 SVG 设计师","prompt":"我希望你担任 SVG 设计师。我会要求你创建图像，你会为图像提供 SVG 代码，将代码转换为 base64 数据 url，然后给我一个仅包含引用该数据 url 的降价图像标签的响应。不要将 markdown 放在代码块中。只发送降价，所以没有文本。我的第一个请求是：给我一个红色圆圈的图像。\n","maxContext":0,"promptExtend":"","avatar":"","initMessage":"","tags":null,"model":"","vendor":"","isGroup":null,"createTime":"2023-08-28T15:10:10"},{"id":"78","type":"system","title":"充当美食评论家","prompt":"我想让你扮演美食评论家。我会告诉你一家餐馆，你会提供对食物和服务的评论。您应
      ┗━━━━━━━━━━━  Logging Monitor ━━━━━━━━━━━
info: 2025-04-01 17:53:29.4466269 +08:00 星期二 L System.Logging.TaskQueueService[0] #1
      [Microsoft.Extensions.Logging.Abstractions.dll] void Microsoft.Extensions.Logging.LoggerExtensions.LogInformation(ILogger logger, string message, params object[] args)
      TaskQueue hosted service is running.
info: 2025-04-01 17:53:29.4811781 +08:00 星期二 L System.Logging.ScheduleService[0] #1
      [Furion.Pure.dll] void Furion.Schedule.ScheduleLogger.Log(LogLevel logLevel, string message, object[] args, Exception ex)
      Schedule hosted service is running.
info: 2025-04-01 17:53:29.4832239 +08:00 星期二 L System.Logging.ScheduleService[0] #1
      [Furion.Pure.dll] void Furion.Schedule.ScheduleLogger.Log(LogLevel logLevel, string message, object[] args, Exception ex)
      Schedule hosted service is preloading...
