warn: 2025-01-01 00:00:00.5746265 +08:00 星期三 L Microsoft.AspNetCore.Diagnostics.ExceptionHandlerMiddleware[2] #23 '00-3af5dc5cf9e091d53f30311f630a362d-5f008b42b129be6d-00'
      [Microsoft.AspNetCore.Diagnostics.dll] async Task Microsoft.AspNetCore.Diagnostics.ExceptionHandlerMiddlewareImpl.HandleException(HttpContext context, ExceptionDispatchInfo edi)
      The response has already started, the error handler will not be executed.
warn: 2025-01-01 00:04:34.2964272 +08:00 星期三 L Microsoft.AspNetCore.Diagnostics.ExceptionHandlerMiddleware[2] #3 '00-ebbc57659466bed7e1b33ece16f75139-d14f63e7e9737bc0-00'
      [Microsoft.AspNetCore.Diagnostics.dll] async Task Microsoft.AspNetCore.Diagnostics.ExceptionHandlerMiddlewareImpl.HandleException(HttpContext context, ExceptionDispatchInfo edi)
      The response has already started, the error handler will not be executed.
warn: 2025-01-01 00:08:01.0528659 +08:00 星期三 L Microsoft.AspNetCore.Diagnostics.ExceptionHandlerMiddleware[2] #3 '00-3c3c6b240f9fff8a1aa8b094f14b0339-4876aa3693c8ff44-00'
      [Microsoft.AspNetCore.Diagnostics.dll] async Task Microsoft.AspNetCore.Diagnostics.ExceptionHandlerMiddlewareImpl.HandleException(HttpContext context, ExceptionDispatchInfo edi)
      The response has already started, the error handler will not be executed.
warn: 2025-01-01 00:09:30.7728737 +08:00 星期三 L Microsoft.AspNetCore.Diagnostics.ExceptionHandlerMiddleware[2] #4 '00-255df2e1f9daaf64421320e11e502aa9-b83229d7f4a69c94-00'
      [Microsoft.AspNetCore.Diagnostics.dll] async Task Microsoft.AspNetCore.Diagnostics.ExceptionHandlerMiddlewareImpl.HandleException(HttpContext context, ExceptionDispatchInfo edi)
      The response has already started, the error handler will not be executed.
warn: 2025-01-01 00:10:44.9776292 +08:00 星期三 L Microsoft.AspNetCore.Diagnostics.ExceptionHandlerMiddleware[2] #13 '00-89b2649648decadba04372cba790fa85-bedeb2438e45684e-00'
      [Microsoft.AspNetCore.Diagnostics.dll] async Task Microsoft.AspNetCore.Diagnostics.ExceptionHandlerMiddlewareImpl.HandleException(HttpContext context, ExceptionDispatchInfo edi)
      The response has already started, the error handler will not be executed.
warn: 2025-01-01 00:12:46.7815332 +08:00 星期三 L Microsoft.AspNetCore.Diagnostics.ExceptionHandlerMiddleware[2] #23 '00-e3f25f748b0392195af628b001721745-a9d72a8d3ae3c467-00'
      [Microsoft.AspNetCore.Diagnostics.dll] async Task Microsoft.AspNetCore.Diagnostics.ExceptionHandlerMiddlewareImpl.HandleException(HttpContext context, ExceptionDispatchInfo edi)
      The response has already started, the error handler will not be executed.
warn: 2025-01-01 13:04:08.7958676 +08:00 星期三 L Microsoft.AspNetCore.Diagnostics.ExceptionHandlerMiddleware[2] #13 '00-90a1431746881b39f89722aab729942e-8fa690dc85c46f95-00'
      [Microsoft.AspNetCore.Diagnostics.dll] async Task Microsoft.AspNetCore.Diagnostics.ExceptionHandlerMiddlewareImpl.HandleException(HttpContext context, ExceptionDispatchInfo edi)
      The response has already started, the error handler will not be executed.
warn: 2025-01-01 13:06:33.8796628 +08:00 星期三 L Microsoft.AspNetCore.Diagnostics.ExceptionHandlerMiddleware[2] #33 '00-8fe390eb967e521d31d268ecac4a3625-6d4fac77deb346f5-00'
      [Microsoft.AspNetCore.Diagnostics.dll] async Task Microsoft.AspNetCore.Diagnostics.ExceptionHandlerMiddlewareImpl.HandleException(HttpContext context, ExceptionDispatchInfo edi)
      The response has already started, the error handler will not be executed.
warn: 2025-01-01 14:39:56.1038538 +08:00 星期三 L Microsoft.AspNetCore.Diagnostics.ExceptionHandlerMiddleware[2] #37 '00-416ff126429eccd3979b94978267fda2-1bfc2615071afd51-00'
      [Microsoft.AspNetCore.Diagnostics.dll] async Task Microsoft.AspNetCore.Diagnostics.ExceptionHandlerMiddlewareImpl.HandleException(HttpContext context, ExceptionDispatchInfo edi)
      The response has already started, the error handler will not be executed.
warn: 2025-01-01 14:41:32.5786159 +08:00 星期三 L Microsoft.AspNetCore.Diagnostics.ExceptionHandlerMiddleware[2] #23 '00-8fb5f8f52d362d63fa51c70bba6d52e4-e0b45bc739db90a4-00'
      [Microsoft.AspNetCore.Diagnostics.dll] async Task Microsoft.AspNetCore.Diagnostics.ExceptionHandlerMiddlewareImpl.HandleException(HttpContext context, ExceptionDispatchInfo edi)
      The response has already started, the error handler will not be executed.
warn: 2025-01-01 14:43:41.9855943 +08:00 星期三 L Microsoft.AspNetCore.Diagnostics.ExceptionHandlerMiddleware[2] #4 '00-b7a74c84855c830544c724f4857ec6c2-2fc020a38bc3cd4e-00'
      [Microsoft.AspNetCore.Diagnostics.dll] async Task Microsoft.AspNetCore.Diagnostics.ExceptionHandlerMiddlewareImpl.HandleException(HttpContext context, ExceptionDispatchInfo edi)
      The response has already started, the error handler will not be executed.
warn: 2025-01-01 14:48:40.2827808 +08:00 星期三 L Microsoft.AspNetCore.Diagnostics.ExceptionHandlerMiddleware[2] #23 '00-38e9b36bda49a6c110abc69b8edb135b-22fbfd482c770280-00'
      [Microsoft.AspNetCore.Diagnostics.dll] async Task Microsoft.AspNetCore.Diagnostics.ExceptionHandlerMiddlewareImpl.HandleException(HttpContext context, ExceptionDispatchInfo edi)
      The response has already started, the error handler will not be executed.
warn: 2025-01-01 14:53:36.0722840 +08:00 星期三 L Microsoft.AspNetCore.Diagnostics.ExceptionHandlerMiddleware[2] #22 '00-6170f155e40255848beca772f0aa348a-70c41ec3e8980ba4-00'
      [Microsoft.AspNetCore.Diagnostics.dll] async Task Microsoft.AspNetCore.Diagnostics.ExceptionHandlerMiddlewareImpl.HandleException(HttpContext context, ExceptionDispatchInfo edi)
      The response has already started, the error handler will not be executed.
warn: 2025-01-01 15:01:24.3118305 +08:00 星期三 L Microsoft.AspNetCore.Diagnostics.ExceptionHandlerMiddleware[2] #4 '00-a59383dc11be12b3336ff9cb188636a7-ef87886cd396eb79-00'
      [Microsoft.AspNetCore.Diagnostics.dll] async Task Microsoft.AspNetCore.Diagnostics.ExceptionHandlerMiddlewareImpl.HandleException(HttpContext context, ExceptionDispatchInfo edi)
      The response has already started, the error handler will not be executed.
warn: 2025-01-01 15:29:07.6546390 +08:00 星期三 L Microsoft.AspNetCore.Diagnostics.ExceptionHandlerMiddleware[2] #6 '00-b881a002876597ce24e86bc894bbd2b7-7ca4370c7a31dda2-00'
      [Microsoft.AspNetCore.Diagnostics.dll] async Task Microsoft.AspNetCore.Diagnostics.ExceptionHandlerMiddlewareImpl.HandleException(HttpContext context, ExceptionDispatchInfo edi)
      The response has already started, the error handler will not be executed.
warn: 2025-01-01 15:29:45.4905644 +08:00 星期三 L Microsoft.AspNetCore.Diagnostics.ExceptionHandlerMiddleware[2] #6 '00-96e4bc41208e22f0343b446beda84747-a53ea9d0eba74809-00'
      [Microsoft.AspNetCore.Diagnostics.dll] async Task Microsoft.AspNetCore.Diagnostics.ExceptionHandlerMiddlewareImpl.HandleException(HttpContext context, ExceptionDispatchInfo edi)
      The response has already started, the error handler will not be executed.
warn: 2025-01-01 15:30:09.8774626 +08:00 星期三 L Microsoft.AspNetCore.Diagnostics.ExceptionHandlerMiddleware[2] #6 '00-0af198ef6994dbadc65cf1d88ca9a84c-26afa6d44f13bb90-00'
      [Microsoft.AspNetCore.Diagnostics.dll] async Task Microsoft.AspNetCore.Diagnostics.ExceptionHandlerMiddlewareImpl.HandleException(HttpContext context, ExceptionDispatchInfo edi)
      The response has already started, the error handler will not be executed.
warn: 2025-01-01 15:31:16.1206252 +08:00 星期三 L Microsoft.AspNetCore.Diagnostics.ExceptionHandlerMiddleware[2] #22 '00-cf08b4ab0e8553dd2dbe374d374e1db6-3df0e02e778fbba0-00'
      [Microsoft.AspNetCore.Diagnostics.dll] async Task Microsoft.AspNetCore.Diagnostics.ExceptionHandlerMiddlewareImpl.HandleException(HttpContext context, ExceptionDispatchInfo edi)
      The response has already started, the error handler will not be executed.
warn: 2025-01-01 15:32:19.2126688 +08:00 星期三 L Microsoft.AspNetCore.Diagnostics.ExceptionHandlerMiddleware[2] #9 '00-c6362c666444972456415a546cc4353d-50fe3801022859f1-00'
      [Microsoft.AspNetCore.Diagnostics.dll] async Task Microsoft.AspNetCore.Diagnostics.ExceptionHandlerMiddlewareImpl.HandleException(HttpContext context, ExceptionDispatchInfo edi)
      The response has already started, the error handler will not be executed.
warn: 2025-01-01 15:37:03.6159325 +08:00 星期三 L Microsoft.AspNetCore.Diagnostics.ExceptionHandlerMiddleware[2] #13 '00-9bdfed80c69cb59ec9e22e0a19da1c48-cd9cb1f7e4fa87b1-00'
      [Microsoft.AspNetCore.Diagnostics.dll] async Task Microsoft.AspNetCore.Diagnostics.ExceptionHandlerMiddlewareImpl.HandleException(HttpContext context, ExceptionDispatchInfo edi)
      The response has already started, the error handler will not be executed.
warn: 2025-01-01 15:37:44.4025751 +08:00 星期三 L Microsoft.AspNetCore.Diagnostics.ExceptionHandlerMiddleware[2] #24 '00-b18cd5b9fb1b1b14cf70017dda4e2b36-10dcb822aa64b3b3-00'
      [Microsoft.AspNetCore.Diagnostics.dll] async Task Microsoft.AspNetCore.Diagnostics.ExceptionHandlerMiddlewareImpl.HandleException(HttpContext context, ExceptionDispatchInfo edi)
      The response has already started, the error handler will not be executed.
warn: 2025-01-01 15:39:35.2046666 +08:00 星期三 L Microsoft.AspNetCore.Diagnostics.ExceptionHandlerMiddleware[2] #22 '00-1601285d9d07311bb129205171b9c9d1-094656d2046cb581-00'
      [Microsoft.AspNetCore.Diagnostics.dll] async Task Microsoft.AspNetCore.Diagnostics.ExceptionHandlerMiddlewareImpl.HandleException(HttpContext context, ExceptionDispatchInfo edi)
      The response has already started, the error handler will not be executed.
warn: 2025-01-01 15:40:22.5748277 +08:00 星期三 L Microsoft.AspNetCore.Diagnostics.ExceptionHandlerMiddleware[2] #9 '00-2e14e9a469cfb82bad00f1adc7b05f71-5af1f2ce2c958990-00'
      [Microsoft.AspNetCore.Diagnostics.dll] async Task Microsoft.AspNetCore.Diagnostics.ExceptionHandlerMiddlewareImpl.HandleException(HttpContext context, ExceptionDispatchInfo edi)
      The response has already started, the error handler will not be executed.
warn: 2025-01-01 15:41:23.6796533 +08:00 星期三 L Microsoft.AspNetCore.Diagnostics.ExceptionHandlerMiddleware[2] #3 '00-3ee80c47eba2f541309267836269b33e-0556d11dfbb0ecd2-00'
      [System.Private.CoreLib.dll] void System.Runtime.CompilerServices.AsyncMethodBuilderCore.Start<TStateMachine>(ref TStateMachine stateMachine)
      The response has already started, the error handler will not be executed.
warn: 2025-01-01 15:42:14.1211061 +08:00 星期三 L Microsoft.AspNetCore.Diagnostics.ExceptionHandlerMiddleware[2] #22 '00-2780699feefeff361380da1bfed72261-aaf46d376d1d4a08-00'
      [System.Private.CoreLib.dll] void System.Runtime.CompilerServices.AsyncMethodBuilderCore.Start<TStateMachine>(ref TStateMachine stateMachine)
      The response has already started, the error handler will not be executed.
warn: 2025-01-01 15:43:27.9526904 +08:00 星期三 L Microsoft.AspNetCore.Diagnostics.ExceptionHandlerMiddleware[2] #22 '00-51b1a38ac0b6ea2e2e9683d0aee3f014-57ba4b8812031b0b-00'
      [System.Private.CoreLib.dll] void System.Runtime.CompilerServices.AsyncMethodBuilderCore.Start<TStateMachine>(ref TStateMachine stateMachine)
      The response has already started, the error handler will not be executed.
warn: 2025-01-01 15:48:14.3321966 +08:00 星期三 L Microsoft.AspNetCore.Diagnostics.ExceptionHandlerMiddleware[2] #25 '00-40445c46616368849b7f727bbcaea5ce-5be8b0cd9daa4f92-00'
      [System.Private.CoreLib.dll] void System.Runtime.CompilerServices.AsyncMethodBuilderCore.Start<TStateMachine>(ref TStateMachine stateMachine)
      The response has already started, the error handler will not be executed.
warn: 2025-01-01 15:48:30.4958308 +08:00 星期三 L Microsoft.AspNetCore.Diagnostics.ExceptionHandlerMiddleware[2] #22 '00-2d05ae0314de786a4ea5edfefd487b31-ee1901bf21821e26-00'
      [System.Private.CoreLib.dll] void System.Runtime.CompilerServices.AsyncMethodBuilderCore.Start<TStateMachine>(ref TStateMachine stateMachine)
      The response has already started, the error handler will not be executed.
warn: 2025-01-01 16:11:47.6207817 +08:00 星期三 L Microsoft.AspNetCore.Diagnostics.ExceptionHandlerMiddleware[2] #49 '00-829bc5cc4287f44df63e6032b340c07d-6047d9e1e85f4fff-00'
      [System.Private.CoreLib.dll] void System.Runtime.CompilerServices.AsyncMethodBuilderCore.Start<TStateMachine>(ref TStateMachine stateMachine)
      The response has already started, the error handler will not be executed.
warn: 2025-01-01 16:26:03.2672841 +08:00 星期三 L Microsoft.AspNetCore.Diagnostics.ExceptionHandlerMiddleware[2] #23 '00-5997a25b772a07c9a6fed2ce86b581aa-bc0354df134f4b9e-00'
      [System.Private.CoreLib.dll] void System.Runtime.CompilerServices.AsyncMethodBuilderCore.Start<TStateMachine>(ref TStateMachine stateMachine)
      The response has already started, the error handler will not be executed.
warn: 2025-01-01 16:32:54.9131379 +08:00 星期三 L Microsoft.AspNetCore.Diagnostics.ExceptionHandlerMiddleware[2] #35 '00-1723e8a62ca1bdb9224a114485f6efcd-543c61d18e894070-00'
      [System.Private.CoreLib.dll] void System.Runtime.CompilerServices.AsyncMethodBuilderCore.Start<TStateMachine>(ref TStateMachine stateMachine)
      The response has already started, the error handler will not be executed.
warn: 2025-01-01 16:33:47.5460245 +08:00 星期三 L Microsoft.AspNetCore.Diagnostics.ExceptionHandlerMiddleware[2] #38 '00-17770b4f0175f1e202817c2a040533cb-bfaf3f63f8625679-00'
      [System.Private.CoreLib.dll] void System.Runtime.CompilerServices.AsyncMethodBuilderCore.Start<TStateMachine>(ref TStateMachine stateMachine)
      The response has already started, the error handler will not be executed.
warn: 2025-01-01 16:36:13.5702441 +08:00 星期三 L Microsoft.AspNetCore.Diagnostics.ExceptionHandlerMiddleware[2] #35 '00-a3718f56b2f5a44d965ffa72f3380c6d-1b63e2b1aefdb059-00'
      [System.Private.CoreLib.dll] void System.Runtime.CompilerServices.AsyncMethodBuilderCore.Start<TStateMachine>(ref TStateMachine stateMachine)
      The response has already started, the error handler will not be executed.
warn: 2025-01-01 16:36:50.8807526 +08:00 星期三 L Microsoft.AspNetCore.Diagnostics.ExceptionHandlerMiddleware[2] #39 '00-c8dd657e56ee9d5a09cfc4aeab5bb666-563a3cc84c7bd0ae-00'
      [System.Private.CoreLib.dll] void System.Runtime.CompilerServices.AsyncMethodBuilderCore.Start<TStateMachine>(ref TStateMachine stateMachine)
      The response has already started, the error handler will not be executed.
warn: 2025-01-01 16:38:31.8392913 +08:00 星期三 L Microsoft.AspNetCore.Diagnostics.ExceptionHandlerMiddleware[2] #23 '00-1c6de6f3e3331dba41d589c2b90b7c61-80914c0f226b982a-00'
      [System.Private.CoreLib.dll] void System.Runtime.CompilerServices.AsyncMethodBuilderCore.Start<TStateMachine>(ref TStateMachine stateMachine)
      The response has already started, the error handler will not be executed.
warn: 2025-01-01 16:41:16.6647216 +08:00 星期三 L Microsoft.AspNetCore.Diagnostics.ExceptionHandlerMiddleware[2] #35 '00-36cfe6477aa5633bed5ecea79a3727f6-9663eebc2db9c741-00'
      [System.Private.CoreLib.dll] void System.Runtime.CompilerServices.AsyncMethodBuilderCore.Start<TStateMachine>(ref TStateMachine stateMachine)
      The response has already started, the error handler will not be executed.
warn: 2025-01-01 16:41:25.1758121 +08:00 星期三 L Microsoft.AspNetCore.Diagnostics.ExceptionHandlerMiddleware[2] #45 '00-7f28240aaa32a095efced738c0a956a0-adc564cb194ae81b-00'
      [System.Private.CoreLib.dll] void System.Runtime.CompilerServices.AsyncMethodBuilderCore.Start<TStateMachine>(ref TStateMachine stateMachine)
      The response has already started, the error handler will not be executed.
warn: 2025-01-01 16:41:32.4374452 +08:00 星期三 L Microsoft.AspNetCore.Diagnostics.ExceptionHandlerMiddleware[2] #35 '00-482ceb039ea2f8eb313657fa9de50e89-6b4de114c546be56-00'
      [System.Private.CoreLib.dll] void System.Runtime.CompilerServices.AsyncMethodBuilderCore.Start<TStateMachine>(ref TStateMachine stateMachine)
      The response has already started, the error handler will not be executed.
warn: 2025-01-01 16:42:29.8946729 +08:00 星期三 L Microsoft.AspNetCore.Diagnostics.ExceptionHandlerMiddleware[2] #39 '00-3b390d6fba997087c89dc5d92887163b-23621abcc951df8d-00'
      [System.Private.CoreLib.dll] void System.Runtime.CompilerServices.AsyncMethodBuilderCore.Start<TStateMachine>(ref TStateMachine stateMachine)
      The response has already started, the error handler will not be executed.
warn: 2025-01-01 16:42:57.1924814 +08:00 星期三 L Microsoft.AspNetCore.Diagnostics.ExceptionHandlerMiddleware[2] #23 '00-9907aa364e471209ad43c47f1d289b51-aa46b67f4b4d4857-00'
      [System.Private.CoreLib.dll] void System.Runtime.CompilerServices.AsyncMethodBuilderCore.Start<TStateMachine>(ref TStateMachine stateMachine)
      The response has already started, the error handler will not be executed.
warn: 2025-01-01 18:45:29.9657823 +08:00 星期三 L Microsoft.AspNetCore.Diagnostics.ExceptionHandlerMiddleware[2] #65 '00-69332f4e4069407d9198753c92a68aa7-97439dee897915f9-00'
      [System.Private.CoreLib.dll] void System.Runtime.CompilerServices.AsyncMethodBuilderCore.Start<TStateMachine>(ref TStateMachine stateMachine)
      The response has already started, the error handler will not be executed.
warn: 2025-01-01 19:43:58.1183087 +08:00 星期三 L Microsoft.AspNetCore.Diagnostics.ExceptionHandlerMiddleware[2] #57 '00-58eacdf9dc62f68802c034f461a1e261-4ec392ee33a8e192-00'
      [System.Private.CoreLib.dll] void System.Runtime.CompilerServices.AsyncMethodBuilderCore.Start<TStateMachine>(ref TStateMachine stateMachine)
      The response has already started, the error handler will not be executed.
warn: 2025-01-01 19:47:19.7160955 +08:00 星期三 L Microsoft.AspNetCore.Diagnostics.ExceptionHandlerMiddleware[2] #58 '00-87033565124c954835307e6873403168-d6533b56965dae33-00'
      [System.Private.CoreLib.dll] void System.Runtime.CompilerServices.AsyncMethodBuilderCore.Start<TStateMachine>(ref TStateMachine stateMachine)
      The response has already started, the error handler will not be executed.
warn: 2025-01-01 19:55:29.2383882 +08:00 星期三 L Microsoft.AspNetCore.Diagnostics.ExceptionHandlerMiddleware[2] #61 '00-21e257a90a273ea3ae252a3e847254b2-842f21579469e390-00'
      [System.Private.CoreLib.dll] void System.Runtime.CompilerServices.AsyncMethodBuilderCore.Start<TStateMachine>(ref TStateMachine stateMachine)
      The response has already started, the error handler will not be executed.
warn: 2025-01-01 20:02:24.3612300 +08:00 星期三 L Microsoft.AspNetCore.Diagnostics.ExceptionHandlerMiddleware[2] #61 '00-d8806b76ac013e422f7a4ecdcb9963f5-7fae16730f9f5557-00'
      [System.Private.CoreLib.dll] void System.Runtime.CompilerServices.AsyncMethodBuilderCore.Start<TStateMachine>(ref TStateMachine stateMachine)
      The response has already started, the error handler will not be executed.
warn: 2025-01-01 20:06:03.6531842 +08:00 星期三 L Microsoft.AspNetCore.Diagnostics.ExceptionHandlerMiddleware[2] #59 '00-47acc51637a221fcf50147712aceb3ed-fa84168c45981bf1-00'
      [System.Private.CoreLib.dll] void System.Runtime.CompilerServices.AsyncMethodBuilderCore.Start<TStateMachine>(ref TStateMachine stateMachine)
      The response has already started, the error handler will not be executed.
warn: 2025-01-01 20:13:10.9390958 +08:00 星期三 L Microsoft.AspNetCore.Diagnostics.ExceptionHandlerMiddleware[2] #59 '00-1cf10a27757440404da877441222fbcc-5a1c9dc9ea7cd6ca-00'
      [System.Private.CoreLib.dll] void System.Runtime.CompilerServices.AsyncMethodBuilderCore.Start<TStateMachine>(ref TStateMachine stateMachine)
      The response has already started, the error handler will not be executed.
warn: 2025-01-01 20:15:43.6796165 +08:00 星期三 L Microsoft.AspNetCore.Diagnostics.ExceptionHandlerMiddleware[2] #56 '00-2880d4d93a51f87961001d6a6ddae282-fe0c0986af6ef5c0-00'
      [System.Private.CoreLib.dll] void System.Runtime.CompilerServices.AsyncMethodBuilderCore.Start<TStateMachine>(ref TStateMachine stateMachine)
      The response has already started, the error handler will not be executed.
warn: 2025-01-01 20:17:08.3145234 +08:00 星期三 L Microsoft.AspNetCore.Diagnostics.ExceptionHandlerMiddleware[2] #60 '00-528ce8a5a38b2fade75868c33385ff00-64e42eebf1db00d6-00'
      [System.Private.CoreLib.dll] void System.Runtime.CompilerServices.AsyncMethodBuilderCore.Start<TStateMachine>(ref TStateMachine stateMachine)
      The response has already started, the error handler will not be executed.
warn: 2025-01-01 20:21:42.8214314 +08:00 星期三 L Microsoft.AspNetCore.Diagnostics.ExceptionHandlerMiddleware[2] #57 '00-c5f1ee642534079583a12bc1acb8c189-969fafebafe1f1b6-00'
      [System.Private.CoreLib.dll] void System.Runtime.CompilerServices.AsyncMethodBuilderCore.Start<TStateMachine>(ref TStateMachine stateMachine)
      The response has already started, the error handler will not be executed.
warn: 2025-01-01 20:38:18.1655281 +08:00 星期三 L System.Logging.ScheduleService[0] #1
      [Furion.Pure.dll] void Furion.Schedule.ScheduleLogger.Log(LogLevel logLevel, string message, object[] args, Exception ex)
      Schedule hosted service preload completed, and a total of <2> schedulers are appended.
warn: 2025-01-01 20:43:14.3583733 +08:00 星期三 L System.Logging.ScheduleService[0] #1
      [Furion.Pure.dll] void Furion.Schedule.ScheduleLogger.Log(LogLevel logLevel, string message, object[] args, Exception ex)
      Schedule hosted service preload completed, and a total of <2> schedulers are appended.
warn: 2025-01-01 21:24:28.1735355 +08:00 星期三 L System.Logging.ScheduleService[0] #1
      [Furion.Pure.dll] void Furion.Schedule.ScheduleLogger.Log(LogLevel logLevel, string message, object[] args, Exception ex)
      Schedule hosted service preload completed, and a total of <2> schedulers are appended.
