info: 2025-09-17 17:17:54.1696899 +08:00 星期三 L System.Logging.TaskQueueService[0] #1
      [Furion.Pure.dll] async Task Furion.TaskQueue.TaskQueueHostedService.ExecuteAsync(CancellationToken stoppingToken)
      TaskQueue hosted service is running.
info: 2025-09-17 17:17:54.2203805 +08:00 星期三 L System.Logging.ScheduleService[0] #1
      [Furion.Pure.dll] void Furion.Schedule.ScheduleLogger.LogInformation(string message, params object[] args)
      Schedule hosted service is running.
info: 2025-09-17 17:17:54.2247392 +08:00 星期三 L System.Logging.ScheduleService[0] #1
      [Furion.Pure.dll] void Furion.Schedule.ScheduleLogger.LogInformation(string message, params object[] args)
      Schedule hosted service is preloading...
info: 2025-09-17 17:17:54.8817197 +08:00 星期三 L Dji.Application.Core.MqttService[0] #20
      [Dji.Application.dll] async Task Dji.Application.Core.MqttService.StartAsync()
      MQTT 已连接到 172.18.100.38:1883,Resutlt:MQTTnet.MqttClientConnectResult
info: 2025-09-17 17:18:48.6782799 +08:00 星期三 L System.Logging.TaskQueueService[0] #1
      [Furion.Pure.dll] async Task Furion.TaskQueue.TaskQueueHostedService.ExecuteAsync(CancellationToken stoppingToken)
      TaskQueue hosted service is running.
info: 2025-09-17 17:18:48.7069078 +08:00 星期三 L System.Logging.ScheduleService[0] #1
      [Furion.Pure.dll] void Furion.Schedule.ScheduleLogger.LogInformation(string message, params object[] args)
      Schedule hosted service is running.
info: 2025-09-17 17:18:48.7105587 +08:00 星期三 L System.Logging.ScheduleService[0] #1
      [Furion.Pure.dll] void Furion.Schedule.ScheduleLogger.LogInformation(string message, params object[] args)
      Schedule hosted service is preloading...
info: 2025-09-17 17:19:10.0222964 +08:00 星期三 L System.Logging.TaskQueueService[0] #1
      [Furion.Pure.dll] async Task Furion.TaskQueue.TaskQueueHostedService.ExecuteAsync(CancellationToken stoppingToken)
      TaskQueue hosted service is running.
info: 2025-09-17 17:19:10.0507067 +08:00 星期三 L System.Logging.ScheduleService[0] #1
      [Furion.Pure.dll] void Furion.Schedule.ScheduleLogger.LogInformation(string message, params object[] args)
      Schedule hosted service is running.
info: 2025-09-17 17:19:10.0543142 +08:00 星期三 L System.Logging.ScheduleService[0] #1
      [Furion.Pure.dll] void Furion.Schedule.ScheduleLogger.LogInformation(string message, params object[] args)
      Schedule hosted service is preloading...
info: 2025-09-17 17:20:28.2748523 +08:00 星期三 L System.Logging.TaskQueueService[0] #1
      [Furion.Pure.dll] async Task Furion.TaskQueue.TaskQueueHostedService.ExecuteAsync(CancellationToken stoppingToken)
      TaskQueue hosted service is running.
info: 2025-09-17 17:20:28.3152956 +08:00 星期三 L System.Logging.ScheduleService[0] #1
      [Furion.Pure.dll] void Furion.Schedule.ScheduleLogger.LogInformation(string message, params object[] args)
      Schedule hosted service is running.
info: 2025-09-17 17:20:28.3211005 +08:00 星期三 L System.Logging.ScheduleService[0] #1
      [Furion.Pure.dll] void Furion.Schedule.ScheduleLogger.LogInformation(string message, params object[] args)
      Schedule hosted service is preloading...
info: 2025-09-17 17:25:09.9845907 +08:00 星期三 L System.Logging.TaskQueueService[0] #1
      [Furion.Pure.dll] async Task Furion.TaskQueue.TaskQueueHostedService.ExecuteAsync(CancellationToken stoppingToken)
      TaskQueue hosted service is running.
info: 2025-09-17 17:25:10.0127877 +08:00 星期三 L System.Logging.ScheduleService[0] #1
      [Furion.Pure.dll] void Furion.Schedule.ScheduleLogger.LogInformation(string message, params object[] args)
      Schedule hosted service is running.
info: 2025-09-17 17:25:10.0164293 +08:00 星期三 L System.Logging.ScheduleService[0] #1
      [Furion.Pure.dll] void Furion.Schedule.ScheduleLogger.LogInformation(string message, params object[] args)
      Schedule hosted service is preloading...
info: 2025-09-17 17:27:18.3026040 +08:00 星期三 L System.Logging.TaskQueueService[0] #1
      [Furion.Pure.dll] async Task Furion.TaskQueue.TaskQueueHostedService.ExecuteAsync(CancellationToken stoppingToken)
      TaskQueue hosted service is running.
info: 2025-09-17 17:27:18.3325414 +08:00 星期三 L System.Logging.ScheduleService[0] #1
      [Furion.Pure.dll] void Furion.Schedule.ScheduleLogger.LogInformation(string message, params object[] args)
      Schedule hosted service is running.
info: 2025-09-17 17:27:18.3365386 +08:00 星期三 L System.Logging.ScheduleService[0] #1
      [Furion.Pure.dll] void Furion.Schedule.ScheduleLogger.LogInformation(string message, params object[] args)
      Schedule hosted service is preloading...
info: 2025-09-17 17:30:07.1831304 +08:00 星期三 L System.Logging.TaskQueueService[0] #1
      [Furion.Pure.dll] async Task Furion.TaskQueue.TaskQueueHostedService.ExecuteAsync(CancellationToken stoppingToken)
      TaskQueue hosted service is running.
info: 2025-09-17 17:30:07.2399381 +08:00 星期三 L System.Logging.ScheduleService[0] #1
      [Furion.Pure.dll] void Furion.Schedule.ScheduleLogger.LogInformation(string message, params object[] args)
      Schedule hosted service is running.
info: 2025-09-17 17:30:07.2476453 +08:00 星期三 L System.Logging.ScheduleService[0] #1
      [Furion.Pure.dll] void Furion.Schedule.ScheduleLogger.LogInformation(string message, params object[] args)
      Schedule hosted service is preloading...
info: 2025-09-17 17:31:36.7854377 +08:00 星期三 L Dji.Application.Core.MqttService[0] #23
      [Dji.Application.dll] async Task Dji.Application.Core.MqttService.StartAsync()
      MQTT 已连接到 172.18.100.38:1883,Resutlt:MQTTnet.MqttClientConnectResult
info: 2025-09-17 17:36:19.1216288 +08:00 星期三 L System.Logging.TaskQueueService[0] #1
      [Furion.Pure.dll] async Task Furion.TaskQueue.TaskQueueHostedService.ExecuteAsync(CancellationToken stoppingToken)
      TaskQueue hosted service is running.
info: 2025-09-17 17:36:19.1571467 +08:00 星期三 L System.Logging.ScheduleService[0] #1
      [Furion.Pure.dll] void Furion.Schedule.ScheduleLogger.LogInformation(string message, params object[] args)
      Schedule hosted service is running.
info: 2025-09-17 17:36:19.1615383 +08:00 星期三 L System.Logging.ScheduleService[0] #1
      [Furion.Pure.dll] void Furion.Schedule.ScheduleLogger.LogInformation(string message, params object[] args)
      Schedule hosted service is preloading...
info: 2025-09-17 17:36:21.9127672 +08:00 星期三 L Dji.Application.Core.MqttService[0] #10
      [Dji.Application.dll] async Task Dji.Application.Core.MqttService.StartAsync()
      MQTT 已连接到 172.18.100.38:1883,Resutlt:MQTTnet.MqttClientConnectResult
info: 2025-09-17 17:45:44.1188500 +08:00 星期三 L System.Logging.TaskQueueService[0] #1
      [Furion.Pure.dll] async Task Furion.TaskQueue.TaskQueueHostedService.ExecuteAsync(CancellationToken stoppingToken)
      TaskQueue hosted service is running.
info: 2025-09-17 17:45:44.1499069 +08:00 星期三 L System.Logging.ScheduleService[0] #1
      [Furion.Pure.dll] void Furion.Schedule.ScheduleLogger.LogInformation(string message, params object[] args)
      Schedule hosted service is running.
info: 2025-09-17 17:45:44.1562189 +08:00 星期三 L System.Logging.ScheduleService[0] #1
      [Furion.Pure.dll] void Furion.Schedule.ScheduleLogger.LogInformation(string message, params object[] args)
      Schedule hosted service is preloading...
info: 2025-09-17 17:45:46.6996502 +08:00 星期三 L Dji.Application.Core.MqttService[0] #10
      [Dji.Application.dll] async Task Dji.Application.Core.MqttService.StartAsync()
      MQTT 已连接到 172.18.100.38:1883,Resutlt:MQTTnet.MqttClientConnectResult
info: 2025-09-17 17:50:32.8580311 +08:00 星期三 L System.Logging.TaskQueueService[0] #1
      [Furion.Pure.dll] async Task Furion.TaskQueue.TaskQueueHostedService.ExecuteAsync(CancellationToken stoppingToken)
      TaskQueue hosted service is running.
info: 2025-09-17 17:50:32.8886611 +08:00 星期三 L System.Logging.ScheduleService[0] #1
      [Furion.Pure.dll] void Furion.Schedule.ScheduleLogger.LogInformation(string message, params object[] args)
      Schedule hosted service is running.
info: 2025-09-17 17:50:32.8920374 +08:00 星期三 L System.Logging.ScheduleService[0] #1
      [Furion.Pure.dll] void Furion.Schedule.ScheduleLogger.LogInformation(string message, params object[] args)
      Schedule hosted service is preloading...
info: 2025-09-17 17:50:36.5084021 +08:00 星期三 L Dji.Application.Core.MqttService[0] #10
      [Dji.Application.dll] async Task Dji.Application.Core.MqttService.StartAsync()
      MQTT 已连接到 172.18.100.38:1883,Resutlt:MQTTnet.MqttClientConnectResult
info: 2025-09-17 17:56:59.3360547 +08:00 星期三 L System.Logging.TaskQueueService[0] #1
      [Furion.Pure.dll] async Task Furion.TaskQueue.TaskQueueHostedService.ExecuteAsync(CancellationToken stoppingToken)
      TaskQueue hosted service is running.
info: 2025-09-17 17:56:59.3640007 +08:00 星期三 L System.Logging.ScheduleService[0] #1
      [Furion.Pure.dll] void Furion.Schedule.ScheduleLogger.LogInformation(string message, params object[] args)
      Schedule hosted service is running.
info: 2025-09-17 17:56:59.3676136 +08:00 星期三 L System.Logging.ScheduleService[0] #1
      [Furion.Pure.dll] void Furion.Schedule.ScheduleLogger.LogInformation(string message, params object[] args)
      Schedule hosted service is preloading...
info: 2025-09-17 17:56:59.9017764 +08:00 星期三 L Dji.Application.Core.MqttService[0] #9
      [Dji.Application.dll] async Task Dji.Application.Core.MqttService.StartAsync()
      MQTT 已连接到 172.18.100.38:1883,Resutlt:MQTTnet.MqttClientConnectResult
info: 2025-09-17 18:01:12.8367151 +08:00 星期三 L System.Logging.TaskQueueService[0] #1
      [Furion.Pure.dll] async Task Furion.TaskQueue.TaskQueueHostedService.ExecuteAsync(CancellationToken stoppingToken)
      TaskQueue hosted service is running.
info: 2025-09-17 18:01:12.8775433 +08:00 星期三 L System.Logging.ScheduleService[0] #1
      [Furion.Pure.dll] void Furion.Schedule.ScheduleLogger.LogInformation(string message, params object[] args)
      Schedule hosted service is running.
info: 2025-09-17 18:01:12.8810250 +08:00 星期三 L System.Logging.ScheduleService[0] #1
      [Furion.Pure.dll] void Furion.Schedule.ScheduleLogger.LogInformation(string message, params object[] args)
      Schedule hosted service is preloading...
info: 2025-09-17 18:01:13.6810985 +08:00 星期三 L Dji.Application.Core.MqttService[0] #5
      [Dji.Application.dll] async Task Dji.Application.Core.MqttService.StartAsync()
      MQTT 已连接到 172.18.100.38:1883,Resutlt:MQTTnet.MqttClientConnectResult
info: 2025-09-17 18:05:09.4518004 +08:00 星期三 L System.Logging.TaskQueueService[0] #1
      [Furion.Pure.dll] async Task Furion.TaskQueue.TaskQueueHostedService.ExecuteAsync(CancellationToken stoppingToken)
      TaskQueue hosted service is running.
info: 2025-09-17 18:05:09.4838441 +08:00 星期三 L System.Logging.ScheduleService[0] #1
      [Furion.Pure.dll] void Furion.Schedule.ScheduleLogger.LogInformation(string message, params object[] args)
      Schedule hosted service is running.
info: 2025-09-17 18:05:09.4898298 +08:00 星期三 L System.Logging.ScheduleService[0] #1
      [Furion.Pure.dll] void Furion.Schedule.ScheduleLogger.LogInformation(string message, params object[] args)
      Schedule hosted service is preloading...
info: 2025-09-17 18:05:10.0756541 +08:00 星期三 L Dji.Application.Core.MqttService[0] #10
      [Dji.Application.dll] async Task Dji.Application.Core.MqttService.StartAsync()
      MQTT 已连接到 172.18.100.38:1883,Resutlt:MQTTnet.MqttClientConnectResult
info: 2025-09-17 18:15:59.5091576 +08:00 星期三 L System.Logging.TaskQueueService[0] #1
      [Furion.Pure.dll] async Task Furion.TaskQueue.TaskQueueHostedService.ExecuteAsync(CancellationToken stoppingToken)
      TaskQueue hosted service is running.
info: 2025-09-17 18:15:59.5467007 +08:00 星期三 L System.Logging.ScheduleService[0] #1
      [Furion.Pure.dll] void Furion.Schedule.ScheduleLogger.LogInformation(string message, params object[] args)
      Schedule hosted service is running.
info: 2025-09-17 18:15:59.5523439 +08:00 星期三 L System.Logging.ScheduleService[0] #1
      [Furion.Pure.dll] void Furion.Schedule.ScheduleLogger.LogInformation(string message, params object[] args)
      Schedule hosted service is preloading...
info: 2025-09-17 18:16:00.0893143 +08:00 星期三 L Dji.Application.Core.MqttService[0] #20
      [Dji.Application.dll] async Task Dji.Application.Core.MqttService.StartAsync()
      MQTT 已连接到 172.18.100.38:1883,Resutlt:MQTTnet.MqttClientConnectResult
