info: 2025-09-19 17:20:07.0135939 +08:00 星期五 L System.Logging.TaskQueueService[0] #1
      [Furion.Pure.dll] async Task Furion.TaskQueue.TaskQueueHostedService.ExecuteAsync(CancellationToken stoppingToken)
      TaskQueue hosted service is running.
info: 2025-09-19 17:20:07.0540758 +08:00 星期五 L System.Logging.ScheduleService[0] #1
      [Furion.Pure.dll] void Furion.Schedule.ScheduleLogger.LogInformation(string message, params object[] args)
      Schedule hosted service is running.
info: 2025-09-19 17:20:07.0610714 +08:00 星期五 L System.Logging.ScheduleService[0] #1
      [Furion.Pure.dll] void Furion.Schedule.ScheduleLogger.LogInformation(string message, params object[] args)
      Schedule hosted service is preloading...
info: 2025-09-19 17:20:08.0230919 +08:00 星期五 L Dji.Application.Core.MqttService[0] #20
      [Dji.Application.dll] async Task Dji.Application.Core.MqttService.StartAsync()
      MQTT 已连接到 172.18.100.38:1883,Resutlt:MQTTnet.MqttClientConnectResult
info: 2025-09-19 17:20:54.8672822 +08:00 星期五 L System.Logging.TaskQueueService[0] #1
      [Furion.Pure.dll] async Task Furion.TaskQueue.TaskQueueHostedService.ExecuteAsync(CancellationToken stoppingToken)
      TaskQueue hosted service is running.
info: 2025-09-19 17:20:54.9073051 +08:00 星期五 L System.Logging.ScheduleService[0] #1
      [Furion.Pure.dll] void Furion.Schedule.ScheduleLogger.LogInformation(string message, params object[] args)
      Schedule hosted service is running.
info: 2025-09-19 17:20:54.9126118 +08:00 星期五 L System.Logging.ScheduleService[0] #1
      [Furion.Pure.dll] void Furion.Schedule.ScheduleLogger.LogInformation(string message, params object[] args)
      Schedule hosted service is preloading...
info: 2025-09-19 17:20:55.4457759 +08:00 星期五 L Dji.Application.Core.MqttService[0] #10
      [Dji.Application.dll] async Task Dji.Application.Core.MqttService.StartAsync()
      MQTT 已连接到 172.18.100.38:1883,Resutlt:MQTTnet.MqttClientConnectResult
info: 2025-09-19 17:21:51.4042117 +08:00 星期五 L System.Logging.TaskQueueService[0] #1
      [Furion.Pure.dll] async Task Furion.TaskQueue.TaskQueueHostedService.ExecuteAsync(CancellationToken stoppingToken)
      TaskQueue hosted service is running.
info: 2025-09-19 17:21:51.4402003 +08:00 星期五 L System.Logging.ScheduleService[0] #1
      [Furion.Pure.dll] void Furion.Schedule.ScheduleLogger.LogInformation(string message, params object[] args)
      Schedule hosted service is running.
info: 2025-09-19 17:21:51.4442074 +08:00 星期五 L System.Logging.ScheduleService[0] #1
      [Furion.Pure.dll] void Furion.Schedule.ScheduleLogger.LogInformation(string message, params object[] args)
      Schedule hosted service is preloading...
info: 2025-09-19 17:21:51.9608064 +08:00 星期五 L Dji.Application.Core.MqttService[0] #11
      [Dji.Application.dll] async Task Dji.Application.Core.MqttService.StartAsync()
      MQTT 已连接到 172.18.100.38:1883,Resutlt:MQTTnet.MqttClientConnectResult
info: 2025-09-19 17:23:11.4790313 +08:00 星期五 L System.Logging.TaskQueueService[0] #1
      [Furion.Pure.dll] async Task Furion.TaskQueue.TaskQueueHostedService.ExecuteAsync(CancellationToken stoppingToken)
      TaskQueue hosted service is running.
info: 2025-09-19 17:23:11.5187933 +08:00 星期五 L System.Logging.ScheduleService[0] #1
      [Furion.Pure.dll] void Furion.Schedule.ScheduleLogger.LogInformation(string message, params object[] args)
      Schedule hosted service is running.
info: 2025-09-19 17:23:11.5237200 +08:00 星期五 L System.Logging.ScheduleService[0] #1
      [Furion.Pure.dll] void Furion.Schedule.ScheduleLogger.LogInformation(string message, params object[] args)
      Schedule hosted service is preloading...
info: 2025-09-19 17:23:12.0674056 +08:00 星期五 L Dji.Application.Core.MqttService[0] #10
      [Dji.Application.dll] async Task Dji.Application.Core.MqttService.StartAsync()
      MQTT 已连接到 172.18.100.38:1883,Resutlt:MQTTnet.MqttClientConnectResult
info: 2025-09-19 17:23:49.0195545 +08:00 星期五 L System.Logging.TaskQueueService[0] #1
      [Furion.Pure.dll] async Task Furion.TaskQueue.TaskQueueHostedService.ExecuteAsync(CancellationToken stoppingToken)
      TaskQueue hosted service is running.
info: 2025-09-19 17:23:49.0577071 +08:00 星期五 L System.Logging.ScheduleService[0] #1
      [Furion.Pure.dll] void Furion.Schedule.ScheduleLogger.LogInformation(string message, params object[] args)
      Schedule hosted service is running.
info: 2025-09-19 17:23:49.0639834 +08:00 星期五 L System.Logging.ScheduleService[0] #1
      [Furion.Pure.dll] void Furion.Schedule.ScheduleLogger.LogInformation(string message, params object[] args)
      Schedule hosted service is preloading...
info: 2025-09-19 17:23:49.5797390 +08:00 星期五 L Dji.Application.Core.MqttService[0] #20
      [Dji.Application.dll] async Task Dji.Application.Core.MqttService.StartAsync()
      MQTT 已连接到 172.18.100.38:1883,Resutlt:MQTTnet.MqttClientConnectResult
info: 2025-09-19 17:27:30.4926322 +08:00 星期五 L System.Logging.TaskQueueService[0] #1
      [Furion.Pure.dll] async Task Furion.TaskQueue.TaskQueueHostedService.ExecuteAsync(CancellationToken stoppingToken)
      TaskQueue hosted service is running.
info: 2025-09-19 17:27:30.5285474 +08:00 星期五 L System.Logging.ScheduleService[0] #1
      [Furion.Pure.dll] void Furion.Schedule.ScheduleLogger.LogInformation(string message, params object[] args)
      Schedule hosted service is running.
info: 2025-09-19 17:27:30.5323815 +08:00 星期五 L System.Logging.ScheduleService[0] #1
      [Furion.Pure.dll] void Furion.Schedule.ScheduleLogger.LogInformation(string message, params object[] args)
      Schedule hosted service is preloading...
info: 2025-09-19 17:27:31.0259413 +08:00 星期五 L Dji.Application.Core.MqttService[0] #10
      [Dji.Application.dll] async Task Dji.Application.Core.MqttService.StartAsync()
      MQTT 已连接到 172.18.100.38:1883,Resutlt:MQTTnet.MqttClientConnectResult
info: 2025-09-19 17:31:47.4885125 +08:00 星期五 L System.Logging.TaskQueueService[0] #1
      [Furion.Pure.dll] async Task Furion.TaskQueue.TaskQueueHostedService.ExecuteAsync(CancellationToken stoppingToken)
      TaskQueue hosted service is running.
info: 2025-09-19 17:31:47.5329611 +08:00 星期五 L System.Logging.ScheduleService[0] #1
      [Furion.Pure.dll] void Furion.Schedule.ScheduleLogger.LogInformation(string message, params object[] args)
      Schedule hosted service is running.
info: 2025-09-19 17:31:47.5388941 +08:00 星期五 L System.Logging.ScheduleService[0] #1
      [Furion.Pure.dll] void Furion.Schedule.ScheduleLogger.LogInformation(string message, params object[] args)
      Schedule hosted service is preloading...
info: 2025-09-19 17:31:48.1138564 +08:00 星期五 L Dji.Application.Core.MqttService[0] #7
      [Dji.Application.dll] async Task Dji.Application.Core.MqttService.StartAsync()
      MQTT 已连接到 172.18.100.38:1883,Resutlt:MQTTnet.MqttClientConnectResult
info: 2025-09-19 17:32:42.6635597 +08:00 星期五 L System.Logging.TaskQueueService[0] #1
      [Furion.Pure.dll] async Task Furion.TaskQueue.TaskQueueHostedService.ExecuteAsync(CancellationToken stoppingToken)
      TaskQueue hosted service is running.
info: 2025-09-19 17:32:42.6947114 +08:00 星期五 L System.Logging.ScheduleService[0] #1
      [Furion.Pure.dll] void Furion.Schedule.ScheduleLogger.LogInformation(string message, params object[] args)
      Schedule hosted service is running.
info: 2025-09-19 17:32:42.7004922 +08:00 星期五 L System.Logging.ScheduleService[0] #1
      [Furion.Pure.dll] void Furion.Schedule.ScheduleLogger.LogInformation(string message, params object[] args)
      Schedule hosted service is preloading...
info: 2025-09-19 17:32:43.1937819 +08:00 星期五 L Dji.Application.Core.MqttService[0] #20
      [Dji.Application.dll] async Task Dji.Application.Core.MqttService.StartAsync()
      MQTT 已连接到 172.18.100.38:1883,Resutlt:MQTTnet.MqttClientConnectResult
info: 2025-09-19 17:45:18.6253663 +08:00 星期五 L System.Logging.TaskQueueService[0] #1
      [Furion.Pure.dll] async Task Furion.TaskQueue.TaskQueueHostedService.ExecuteAsync(CancellationToken stoppingToken)
      TaskQueue hosted service is running.
info: 2025-09-19 17:45:18.6588862 +08:00 星期五 L System.Logging.ScheduleService[0] #1
      [Furion.Pure.dll] void Furion.Schedule.ScheduleLogger.LogInformation(string message, params object[] args)
      Schedule hosted service is running.
info: 2025-09-19 17:45:18.6647723 +08:00 星期五 L System.Logging.ScheduleService[0] #1
      [Furion.Pure.dll] void Furion.Schedule.ScheduleLogger.LogInformation(string message, params object[] args)
      Schedule hosted service is preloading...
info: 2025-09-19 17:45:19.2037267 +08:00 星期五 L Dji.Application.Core.MqttService[0] #10
      [Dji.Application.dll] async Task Dji.Application.Core.MqttService.StartAsync()
      MQTT 已连接到 172.18.100.38:1883,Resutlt:MQTTnet.MqttClientConnectResult
info: 2025-09-19 17:46:36.4042110 +08:00 星期五 L System.Logging.TaskQueueService[0] #1
      [Furion.Pure.dll] async Task Furion.TaskQueue.TaskQueueHostedService.ExecuteAsync(CancellationToken stoppingToken)
      TaskQueue hosted service is running.
info: 2025-09-19 17:46:36.4369206 +08:00 星期五 L System.Logging.ScheduleService[0] #1
      [Furion.Pure.dll] void Furion.Schedule.ScheduleLogger.LogInformation(string message, params object[] args)
      Schedule hosted service is running.
info: 2025-09-19 17:46:36.4410828 +08:00 星期五 L System.Logging.ScheduleService[0] #1
      [Furion.Pure.dll] void Furion.Schedule.ScheduleLogger.LogInformation(string message, params object[] args)
      Schedule hosted service is preloading...
info: 2025-09-19 17:46:36.9573610 +08:00 星期五 L Dji.Application.Core.MqttService[0] #7
      [Dji.Application.dll] async Task Dji.Application.Core.MqttService.StartAsync()
      MQTT 已连接到 172.18.100.38:1883,Resutlt:MQTTnet.MqttClientConnectResult
info: 2025-09-19 17:47:35.8740426 +08:00 星期五 L System.Logging.TaskQueueService[0] #1
      [Furion.Pure.dll] async Task Furion.TaskQueue.TaskQueueHostedService.ExecuteAsync(CancellationToken stoppingToken)
      TaskQueue hosted service is running.
info: 2025-09-19 17:47:35.9083911 +08:00 星期五 L System.Logging.ScheduleService[0] #1
      [Furion.Pure.dll] void Furion.Schedule.ScheduleLogger.LogInformation(string message, params object[] args)
      Schedule hosted service is running.
info: 2025-09-19 17:47:35.9124897 +08:00 星期五 L System.Logging.ScheduleService[0] #1
      [Furion.Pure.dll] void Furion.Schedule.ScheduleLogger.LogInformation(string message, params object[] args)
      Schedule hosted service is preloading...
info: 2025-09-19 17:47:36.4832626 +08:00 星期五 L Dji.Application.Core.MqttService[0] #20
      [Dji.Application.dll] async Task Dji.Application.Core.MqttService.StartAsync()
      MQTT 已连接到 172.18.100.38:1883,Resutlt:MQTTnet.MqttClientConnectResult
info: 2025-09-19 17:49:20.0325003 +08:00 星期五 L System.Logging.TaskQueueService[0] #1
      [Furion.Pure.dll] async Task Furion.TaskQueue.TaskQueueHostedService.ExecuteAsync(CancellationToken stoppingToken)
      TaskQueue hosted service is running.
info: 2025-09-19 17:49:20.0633287 +08:00 星期五 L System.Logging.ScheduleService[0] #1
      [Furion.Pure.dll] void Furion.Schedule.ScheduleLogger.LogInformation(string message, params object[] args)
      Schedule hosted service is running.
info: 2025-09-19 17:49:20.0676660 +08:00 星期五 L System.Logging.ScheduleService[0] #1
      [Furion.Pure.dll] void Furion.Schedule.ScheduleLogger.LogInformation(string message, params object[] args)
      Schedule hosted service is preloading...
info: 2025-09-19 17:49:20.5459746 +08:00 星期五 L Dji.Application.Core.MqttService[0] #10
      [Dji.Application.dll] async Task Dji.Application.Core.MqttService.StartAsync()
      MQTT 已连接到 172.18.100.38:1883,Resutlt:MQTTnet.MqttClientConnectResult
info: 2025-09-19 17:56:05.1614042 +08:00 星期五 L System.Logging.TaskQueueService[0] #1
      [Furion.Pure.dll] async Task Furion.TaskQueue.TaskQueueHostedService.ExecuteAsync(CancellationToken stoppingToken)
      TaskQueue hosted service is running.
info: 2025-09-19 17:56:05.1966852 +08:00 星期五 L System.Logging.ScheduleService[0] #1
      [Furion.Pure.dll] void Furion.Schedule.ScheduleLogger.LogInformation(string message, params object[] args)
      Schedule hosted service is running.
info: 2025-09-19 17:56:05.2011624 +08:00 星期五 L System.Logging.ScheduleService[0] #1
      [Furion.Pure.dll] void Furion.Schedule.ScheduleLogger.LogInformation(string message, params object[] args)
      Schedule hosted service is preloading...
info: 2025-09-19 17:56:08.2877641 +08:00 星期五 L Dji.Application.Core.MqttService[0] #23
      [Dji.Application.dll] async Task Dji.Application.Core.MqttService.StartAsync()
      MQTT 已连接到 172.18.100.38:1883,Resutlt:MQTTnet.MqttClientConnectResult
info: 2025-09-19 21:52:11.2170639 +08:00 星期五 L System.Logging.TaskQueueService[0] #1
      [Furion.Pure.dll] async Task Furion.TaskQueue.TaskQueueHostedService.ExecuteAsync(CancellationToken stoppingToken)
      TaskQueue hosted service is running.
info: 2025-09-19 21:52:11.2818093 +08:00 星期五 L System.Logging.ScheduleService[0] #1
      [Furion.Pure.dll] void Furion.Schedule.ScheduleLogger.LogInformation(string message, params object[] args)
      Schedule hosted service is running.
info: 2025-09-19 21:52:11.2873996 +08:00 星期五 L System.Logging.ScheduleService[0] #1
      [Furion.Pure.dll] void Furion.Schedule.ScheduleLogger.LogInformation(string message, params object[] args)
      Schedule hosted service is preloading...
info: 2025-09-19 22:06:42.2446047 +08:00 星期五 L System.Logging.TaskQueueService[0] #1
      [Furion.Pure.dll] async Task Furion.TaskQueue.TaskQueueHostedService.ExecuteAsync(CancellationToken stoppingToken)
      TaskQueue hosted service is running.
info: 2025-09-19 22:06:42.3002445 +08:00 星期五 L System.Logging.ScheduleService[0] #1
      [Furion.Pure.dll] void Furion.Schedule.ScheduleLogger.LogInformation(string message, params object[] args)
      Schedule hosted service is running.
info: 2025-09-19 22:06:42.3048031 +08:00 星期五 L System.Logging.ScheduleService[0] #1
      [Furion.Pure.dll] void Furion.Schedule.ScheduleLogger.LogInformation(string message, params object[] args)
      Schedule hosted service is preloading...
info: 2025-09-19 22:11:14.1969421 +08:00 星期五 L System.Logging.TaskQueueService[0] #1
      [Furion.Pure.dll] async Task Furion.TaskQueue.TaskQueueHostedService.ExecuteAsync(CancellationToken stoppingToken)
      TaskQueue hosted service is running.
info: 2025-09-19 22:11:14.2369181 +08:00 星期五 L System.Logging.ScheduleService[0] #1
      [Furion.Pure.dll] void Furion.Schedule.ScheduleLogger.LogInformation(string message, params object[] args)
      Schedule hosted service is running.
info: 2025-09-19 22:11:14.2420901 +08:00 星期五 L System.Logging.ScheduleService[0] #1
      [Furion.Pure.dll] void Furion.Schedule.ScheduleLogger.LogInformation(string message, params object[] args)
      Schedule hosted service is preloading...
info: 2025-09-19 22:11:35.7313425 +08:00 星期五 L Dji.Application.Core.MqttService[0] #13
      [Dji.Application.dll] async Task Dji.Application.Core.MqttService.StartAsync()
      MQTT 启动失败      
      ++++++++++++++++++++++++++++++++++++++++++++++++++++++++
      MQTTnet.Exceptions.MqttCommunicationTimedOutException: The operation has timed out.
         at MQTTnet.Implementations.CrossPlatformSocket.ConnectAsync(EndPoint endPoint, CancellationToken cancellationToken)
         at MQTTnet.Implementations.MqttTcpChannel.ConnectAsync(CancellationToken cancellationToken)
         at MQTTnet.Adapter.MqttChannelAdapter.<>c__DisplayClass30_0.<<ConnectAsync>b__1>d.MoveNext()
      --- End of stack trace from previous location ---
         at MQTTnet.Adapter.MqttChannelAdapter.ConnectAsync(CancellationToken cancellationToken)
         at MQTTnet.MqttClient.ConnectInternal(IMqttChannelAdapter channelAdapter, CancellationToken cancellationToken)
         at MQTTnet.MqttClient.ConnectAsync(MqttClientOptions options, CancellationToken cancellationToken)
         at MQTTnet.MqttClient.ConnectAsync(MqttClientOptions options, CancellationToken cancellationToken)
         at Dji.Application.Core.MqttService.StartAsync() in D:\work\dji\Dji.Server\Dji.Application\Core\MqttService.cs:line 71
      ++++++++++++++++++++++++++++++++++++++++++++++++++++++++
info: 2025-09-19 22:30:32.1072254 +08:00 星期五 L System.Logging.TaskQueueService[0] #1
      [Furion.Pure.dll] async Task Furion.TaskQueue.TaskQueueHostedService.ExecuteAsync(CancellationToken stoppingToken)
      TaskQueue hosted service is running.
info: 2025-09-19 22:30:32.1663162 +08:00 星期五 L System.Logging.ScheduleService[0] #1
      [Furion.Pure.dll] void Furion.Schedule.ScheduleLogger.LogInformation(string message, params object[] args)
      Schedule hosted service is running.
info: 2025-09-19 22:30:32.1761530 +08:00 星期五 L System.Logging.ScheduleService[0] #1
      [Furion.Pure.dll] void Furion.Schedule.ScheduleLogger.LogInformation(string message, params object[] args)
      Schedule hosted service is preloading...
info: 2025-09-19 22:42:54.4766266 +08:00 星期五 L System.Logging.TaskQueueService[0] #1
      [Furion.Pure.dll] async Task Furion.TaskQueue.TaskQueueHostedService.ExecuteAsync(CancellationToken stoppingToken)
      TaskQueue hosted service is running.
info: 2025-09-19 22:42:54.5314942 +08:00 星期五 L System.Logging.ScheduleService[0] #1
      [Furion.Pure.dll] void Furion.Schedule.ScheduleLogger.LogInformation(string message, params object[] args)
      Schedule hosted service is running.
info: 2025-09-19 22:42:54.5364191 +08:00 星期五 L System.Logging.ScheduleService[0] #1
      [Furion.Pure.dll] void Furion.Schedule.ScheduleLogger.LogInformation(string message, params object[] args)
      Schedule hosted service is preloading...
