info: 2025-09-06 13:25:48.6050029 +08:00 星期六 L System.Logging.TaskQueueService[0] #1
      [Microsoft.Extensions.Logging.Abstractions.dll] void Microsoft.Extensions.Logging.LoggerExtensions.LogInformation(ILogger logger, string message, params object[] args)
      TaskQueue hosted service is running.
info: 2025-09-06 13:25:48.6302378 +08:00 星期六 L System.Logging.ScheduleService[0] #1
      [Furion.Pure.dll] void Furion.Schedule.ScheduleLogger.Log(LogLevel logLevel, string message, object[] args, Exception ex)
      Schedule hosted service is running.
info: 2025-09-06 13:25:48.6328381 +08:00 星期六 L System.Logging.ScheduleService[0] #1
      [Furion.Pure.dll] void Furion.Schedule.ScheduleLogger.Log(LogLevel logLevel, string message, object[] args, Exception ex)
      Schedule hosted service is preloading...
info: 2025-09-06 13:30:41.8813712 +08:00 星期六 L System.Logging.TaskQueueService[0] #1
      [Microsoft.Extensions.Logging.Abstractions.dll] void Microsoft.Extensions.Logging.LoggerExtensions.LogInformation(ILogger logger, string message, params object[] args)
      TaskQueue hosted service is running.
info: 2025-09-06 13:30:41.8989034 +08:00 星期六 L System.Logging.ScheduleService[0] #1
      [Furion.Pure.dll] void Furion.Schedule.ScheduleLogger.Log(LogLevel logLevel, string message, object[] args, Exception ex)
      Schedule hosted service is running.
info: 2025-09-06 13:30:41.9012954 +08:00 星期六 L System.Logging.ScheduleService[0] #1
      [Furion.Pure.dll] void Furion.Schedule.ScheduleLogger.Log(LogLevel logLevel, string message, object[] args, Exception ex)
      Schedule hosted service is preloading...
info: 2025-09-06 13:31:59.2539264 +08:00 星期六 L System.Logging.TaskQueueService[0] #1
      [Microsoft.Extensions.Logging.Abstractions.dll] void Microsoft.Extensions.Logging.LoggerExtensions.LogInformation(ILogger logger, string message, params object[] args)
      TaskQueue hosted service is running.
info: 2025-09-06 13:31:59.2709933 +08:00 星期六 L System.Logging.ScheduleService[0] #1
      [Furion.Pure.dll] void Furion.Schedule.ScheduleLogger.Log(LogLevel logLevel, string message, object[] args, Exception ex)
      Schedule hosted service is running.
info: 2025-09-06 13:31:59.2730652 +08:00 星期六 L System.Logging.ScheduleService[0] #1
      [Furion.Pure.dll] void Furion.Schedule.ScheduleLogger.Log(LogLevel logLevel, string message, object[] args, Exception ex)
      Schedule hosted service is preloading...
info: 2025-09-06 13:33:25.5743750 +08:00 星期六 L System.Logging.TaskQueueService[0] #1
      [Microsoft.Extensions.Logging.Abstractions.dll] void Microsoft.Extensions.Logging.LoggerExtensions.LogInformation(ILogger logger, string message, params object[] args)
      TaskQueue hosted service is running.
info: 2025-09-06 13:33:25.5907041 +08:00 星期六 L System.Logging.ScheduleService[0] #1
      [Furion.Pure.dll] void Furion.Schedule.ScheduleLogger.Log(LogLevel logLevel, string message, object[] args, Exception ex)
      Schedule hosted service is running.
info: 2025-09-06 13:33:25.5925887 +08:00 星期六 L System.Logging.ScheduleService[0] #1
      [Furion.Pure.dll] void Furion.Schedule.ScheduleLogger.Log(LogLevel logLevel, string message, object[] args, Exception ex)
      Schedule hosted service is preloading...
info: 2025-09-06 13:34:11.9491289 +08:00 星期六 L System.Logging.TaskQueueService[0] #1
      [Microsoft.Extensions.Logging.Abstractions.dll] void Microsoft.Extensions.Logging.LoggerExtensions.LogInformation(ILogger logger, string message, params object[] args)
      TaskQueue hosted service is running.
info: 2025-09-06 13:34:11.9679032 +08:00 星期六 L System.Logging.ScheduleService[0] #1
      [Furion.Pure.dll] void Furion.Schedule.ScheduleLogger.Log(LogLevel logLevel, string message, object[] args, Exception ex)
      Schedule hosted service is running.
info: 2025-09-06 13:34:11.9701660 +08:00 星期六 L System.Logging.ScheduleService[0] #1
      [Furion.Pure.dll] void Furion.Schedule.ScheduleLogger.Log(LogLevel logLevel, string message, object[] args, Exception ex)
      Schedule hosted service is preloading...
