fail: 2025-09-06 13:25:48.7589516 +08:00 星期六 L System.Logging.ScheduleService[0] #1
      [Microsoft.Extensions.Logging.Abstractions.dll] void Microsoft.Extensions.Logging.LoggerExtensions.LogError(ILogger logger, Exception exception, string message, params object[] args)
      Schedule hosted service preload failed, and a total of <0> schedulers are appended.      
      ++++++++++++++++++++++++++++++++++++++++++++++++++++++++
      Microsoft.Data.Sqlite.SqliteException (0x80004005): SQLite Error 1: 'no such table: sys_job_detail'.
         at Microsoft.Data.Sqlite.SqliteException.ThrowExceptionForRC(Int32 rc, sqlite3 db)
         at Microsoft.Data.Sqlite.SqliteCommand.PrepareAndEnumerateStatements()+MoveNext()
         at Microsoft.Data.Sqlite.SqliteCommand.GetStatements()+MoveNext()
         at Microsoft.Data.Sqlite.SqliteDataReader.NextResult()
         at Microsoft.Data.Sqlite.SqliteCommand.ExecuteReader(CommandBehavior behavior)
         at Microsoft.Data.Sqlite.SqliteCommand.ExecuteDbDataReader(CommandBehavior behavior)
         at SqlSugar.AdoProvider.GetDataReader(String sql, SugarParameter[] parameters)
         at SqlSugar.QueryableProvider`1.GetData[TResult](KeyValuePair`2 sqlObj)
         at SqlSugar.QueryableProvider`1._ToList[TResult]()
         at SqlSugar.QueryableProvider`1.ToList()
         at SqlSugar.QueryableProvider`1.Any()
         at SqlSugar.SimpleClient`1.IsAny(Expression`1 whereExpression)
         at Admin.NET.Core.Service.DbJobPersistence.Preload() in D:\work\dji\Dji.Server\Dji.Core\Service\Job\DbJobPersistence.cs:line 38
         at Furion.Schedule.SchedulerFactory.Preload() in D:\work\dji\Dji.Server\Plugins\Furion.Pure\Schedule\Factories\SchedulerFactory.Internal.cs:line 153
      ++++++++++++++++++++++++++++++++++++++++++++++++++++++++
fail: 2025-09-06 13:30:42.0037169 +08:00 星期六 L System.Logging.ScheduleService[0] #1
      [Microsoft.Extensions.Logging.Abstractions.dll] void Microsoft.Extensions.Logging.LoggerExtensions.LogError(ILogger logger, Exception exception, string message, params object[] args)
      Schedule hosted service preload failed, and a total of <0> schedulers are appended.      
      ++++++++++++++++++++++++++++++++++++++++++++++++++++++++
      Microsoft.Data.Sqlite.SqliteException (0x80004005): SQLite Error 1: 'no such table: sys_job_detail'.
         at Microsoft.Data.Sqlite.SqliteException.ThrowExceptionForRC(Int32 rc, sqlite3 db)
         at Microsoft.Data.Sqlite.SqliteCommand.PrepareAndEnumerateStatements()+MoveNext()
         at Microsoft.Data.Sqlite.SqliteCommand.GetStatements()+MoveNext()
         at Microsoft.Data.Sqlite.SqliteDataReader.NextResult()
         at Microsoft.Data.Sqlite.SqliteCommand.ExecuteReader(CommandBehavior behavior)
         at Microsoft.Data.Sqlite.SqliteCommand.ExecuteDbDataReader(CommandBehavior behavior)
         at SqlSugar.AdoProvider.GetDataReader(String sql, SugarParameter[] parameters)
         at SqlSugar.QueryableProvider`1.GetData[TResult](KeyValuePair`2 sqlObj)
         at SqlSugar.QueryableProvider`1._ToList[TResult]()
         at SqlSugar.QueryableProvider`1.ToList()
         at SqlSugar.QueryableProvider`1.Any()
         at SqlSugar.SimpleClient`1.IsAny(Expression`1 whereExpression)
         at Admin.NET.Core.Service.DbJobPersistence.Preload() in D:\work\dji\Dji.Server\Dji.Core\Service\Job\DbJobPersistence.cs:line 38
         at Furion.Schedule.SchedulerFactory.Preload() in D:\work\dji\Dji.Server\Plugins\Furion.Pure\Schedule\Factories\SchedulerFactory.Internal.cs:line 153
      ++++++++++++++++++++++++++++++++++++++++++++++++++++++++
fail: 2025-09-06 13:31:59.3708567 +08:00 星期六 L System.Logging.ScheduleService[0] #1
      [Microsoft.Extensions.Logging.Abstractions.dll] void Microsoft.Extensions.Logging.LoggerExtensions.LogError(ILogger logger, Exception exception, string message, params object[] args)
      Schedule hosted service preload failed, and a total of <0> schedulers are appended.      
      ++++++++++++++++++++++++++++++++++++++++++++++++++++++++
      Microsoft.Data.Sqlite.SqliteException (0x80004005): SQLite Error 1: 'no such table: sys_job_detail'.
         at Microsoft.Data.Sqlite.SqliteException.ThrowExceptionForRC(Int32 rc, sqlite3 db)
         at Microsoft.Data.Sqlite.SqliteCommand.PrepareAndEnumerateStatements()+MoveNext()
         at Microsoft.Data.Sqlite.SqliteCommand.GetStatements()+MoveNext()
         at Microsoft.Data.Sqlite.SqliteDataReader.NextResult()
         at Microsoft.Data.Sqlite.SqliteCommand.ExecuteReader(CommandBehavior behavior)
         at Microsoft.Data.Sqlite.SqliteCommand.ExecuteDbDataReader(CommandBehavior behavior)
         at SqlSugar.AdoProvider.GetDataReader(String sql, SugarParameter[] parameters)
         at SqlSugar.QueryableProvider`1.GetData[TResult](KeyValuePair`2 sqlObj)
         at SqlSugar.QueryableProvider`1._ToList[TResult]()
         at SqlSugar.QueryableProvider`1.ToList()
         at SqlSugar.QueryableProvider`1.Any()
         at SqlSugar.SimpleClient`1.IsAny(Expression`1 whereExpression)
         at Admin.NET.Core.Service.DbJobPersistence.Preload() in D:\work\dji\Dji.Server\Dji.Core\Service\Job\DbJobPersistence.cs:line 38
         at Furion.Schedule.SchedulerFactory.Preload() in D:\work\dji\Dji.Server\Plugins\Furion.Pure\Schedule\Factories\SchedulerFactory.Internal.cs:line 153
      ++++++++++++++++++++++++++++++++++++++++++++++++++++++++
fail: 2025-09-06 13:33:25.6892350 +08:00 星期六 L System.Logging.ScheduleService[0] #1
      [Microsoft.Extensions.Logging.Abstractions.dll] void Microsoft.Extensions.Logging.LoggerExtensions.LogError(ILogger logger, Exception exception, string message, params object[] args)
      Schedule hosted service preload failed, and a total of <0> schedulers are appended.      
      ++++++++++++++++++++++++++++++++++++++++++++++++++++++++
      Microsoft.Data.Sqlite.SqliteException (0x80004005): SQLite Error 1: 'no such table: sys_job_detail'.
         at Microsoft.Data.Sqlite.SqliteException.ThrowExceptionForRC(Int32 rc, sqlite3 db)
         at Microsoft.Data.Sqlite.SqliteCommand.PrepareAndEnumerateStatements()+MoveNext()
         at Microsoft.Data.Sqlite.SqliteCommand.GetStatements()+MoveNext()
         at Microsoft.Data.Sqlite.SqliteDataReader.NextResult()
         at Microsoft.Data.Sqlite.SqliteCommand.ExecuteReader(CommandBehavior behavior)
         at Microsoft.Data.Sqlite.SqliteCommand.ExecuteDbDataReader(CommandBehavior behavior)
         at SqlSugar.AdoProvider.GetDataReader(String sql, SugarParameter[] parameters)
         at SqlSugar.QueryableProvider`1.GetData[TResult](KeyValuePair`2 sqlObj)
         at SqlSugar.QueryableProvider`1._ToList[TResult]()
         at SqlSugar.QueryableProvider`1.ToList()
         at SqlSugar.QueryableProvider`1.Any()
         at SqlSugar.SimpleClient`1.IsAny(Expression`1 whereExpression)
         at Admin.NET.Core.Service.DbJobPersistence.Preload() in D:\work\dji\Dji.Server\Dji.Core\Service\Job\DbJobPersistence.cs:line 38
         at Furion.Schedule.SchedulerFactory.Preload() in D:\work\dji\Dji.Server\Plugins\Furion.Pure\Schedule\Factories\SchedulerFactory.Internal.cs:line 153
      ++++++++++++++++++++++++++++++++++++++++++++++++++++++++
fail: 2025-09-06 13:34:12.0750919 +08:00 星期六 L System.Logging.ScheduleService[0] #1
      [Microsoft.Extensions.Logging.Abstractions.dll] void Microsoft.Extensions.Logging.LoggerExtensions.LogError(ILogger logger, Exception exception, string message, params object[] args)
      Schedule hosted service preload failed, and a total of <0> schedulers are appended.      
      ++++++++++++++++++++++++++++++++++++++++++++++++++++++++
      Microsoft.Data.Sqlite.SqliteException (0x80004005): SQLite Error 1: 'no such table: sys_job_detail'.
         at Microsoft.Data.Sqlite.SqliteException.ThrowExceptionForRC(Int32 rc, sqlite3 db)
         at Microsoft.Data.Sqlite.SqliteCommand.PrepareAndEnumerateStatements()+MoveNext()
         at Microsoft.Data.Sqlite.SqliteCommand.GetStatements()+MoveNext()
         at Microsoft.Data.Sqlite.SqliteDataReader.NextResult()
         at Microsoft.Data.Sqlite.SqliteCommand.ExecuteReader(CommandBehavior behavior)
         at Microsoft.Data.Sqlite.SqliteCommand.ExecuteDbDataReader(CommandBehavior behavior)
         at SqlSugar.AdoProvider.GetDataReader(String sql, SugarParameter[] parameters)
         at SqlSugar.QueryableProvider`1.GetData[TResult](KeyValuePair`2 sqlObj)
         at SqlSugar.QueryableProvider`1._ToList[TResult]()
         at SqlSugar.QueryableProvider`1.ToList()
         at SqlSugar.QueryableProvider`1.Any()
         at SqlSugar.SimpleClient`1.IsAny(Expression`1 whereExpression)
         at Admin.NET.Core.Service.DbJobPersistence.Preload() in D:\work\dji\Dji.Server\Dji.Core\Service\Job\DbJobPersistence.cs:line 38
         at Furion.Schedule.SchedulerFactory.Preload() in D:\work\dji\Dji.Server\Plugins\Furion.Pure\Schedule\Factories\SchedulerFactory.Internal.cs:line 153
      ++++++++++++++++++++++++++++++++++++++++++++++++++++++++
